warning: [options] bootstrap class path not set in conjunction with -source 1.7
/Users/nima/Developer/NullAwayFixer/Projects/libgdx/gdx/src/com/badlogic/gdx/maps/ImageResolver.java:41: error: [NullAway] (INDEX= 0) (Covered) passing @Nullable parameter 'images.get(name)' where @NonNull is required
			return new TextureRegion(images.get(name));
			                                   ^
    (see http://t.uber.com/nullaway )
/Users/nima/Developer/NullAwayFixer/Projects/libgdx/gdx/src/com/badlogic/gdx/graphics/g2d/TextureRegion.java:31: error: [NullAway] (INDEX= 1) (Covered) initializer method does not guarantee @NonNull field texture (line 25) is initialized along all control-flow paths (remember to check for exceptions or early returns).
	public TextureRegion () {
	       ^
    (see http://t.uber.com/nullaway )
/Users/nima/Developer/NullAwayFixer/Projects/libgdx/gdx/src/com/badlogic/gdx/graphics/g2d/TextureRegion.java:61: error: [NullAway] (INDEX= 2) (Covered) initializer method does not guarantee @NonNull field texture (line 25) is initialized along all control-flow paths (remember to check for exceptions or early returns).
	public TextureRegion (TextureRegion region) {
	       ^
    (see http://t.uber.com/nullaway )
/Users/nima/Developer/NullAwayFixer/Projects/libgdx/gdx/src/com/badlogic/gdx/graphics/g2d/TextureRegion.java:69: error: [NullAway] (INDEX= 3) (Covered) initializer method does not guarantee @NonNull field texture (line 25) is initialized along all control-flow paths (remember to check for exceptions or early returns).
	public TextureRegion (TextureRegion region, int x, int y, int width, int height) {
	       ^
    (see http://t.uber.com/nullaway )
/Users/nima/Developer/NullAwayFixer/Projects/libgdx/gdx/src/com/badlogic/gdx/assets/AssetLoaderParameters.java:27: error: [NullAway] (INDEX= 4) (Covered) @NonNull field loadedCallback not initialized
	public LoadedCallback loadedCallback;
	                      ^
    (see http://t.uber.com/nullaway )
/Users/nima/Developer/NullAwayFixer/Projects/libgdx/gdx/src/com/badlogic/gdx/assets/loaders/TextureLoader.java:37: error: [NullAway] (INDEX= 5) (Covered) @NonNull field TextureLoader$TextureLoaderInfo.filename not initialized
		String filename;
		       ^
    (see http://t.uber.com/nullaway )
/Users/nima/Developer/NullAwayFixer/Projects/libgdx/gdx/src/com/badlogic/gdx/assets/loaders/TextureLoader.java:38: error: [NullAway] (INDEX= 6) (Covered) @NonNull field TextureLoader$TextureLoaderInfo.data not initialized
		TextureData data;
		            ^
    (see http://t.uber.com/nullaway )
/Users/nima/Developer/NullAwayFixer/Projects/libgdx/gdx/src/com/badlogic/gdx/assets/loaders/TextureLoader.java:39: error: [NullAway] (INDEX= 7) (Covered) @NonNull field TextureLoader$TextureLoaderInfo.texture not initialized
		Texture texture;
		        ^
    (see http://t.uber.com/nullaway )
/Users/nima/Developer/NullAwayFixer/Projects/libgdx/gdx/src/com/badlogic/gdx/assets/loaders/TextureLoader.java:54: error: [NullAway] (INDEX= 8) (Covered) assigning @Nullable expression to @NonNull field
			info.texture = null;
			             ^
    (see http://t.uber.com/nullaway )
/Users/nima/Developer/NullAwayFixer/Projects/libgdx/gdx/src/com/badlogic/gdx/assets/loaders/TextureLoader.java:62: error: [NullAway] (INDEX= 9) (Covered) passing @Nullable parameter 'format' where @NonNull is required
			info.data = TextureData.Factory.loadFromFile(file, format, genMipMaps);
			                                                   ^
    (see http://t.uber.com/nullaway )
/Users/nima/Developer/NullAwayFixer/Projects/libgdx/gdx/src/com/badlogic/gdx/assets/loaders/TextureLoader.java:72: error: [NullAway] (INDEX= 10) (Covered) returning @Nullable expression from method with @NonNull return type
		if (info == null) return null;
		                  ^
    (see http://t.uber.com/nullaway )
/Users/nima/Developer/NullAwayFixer/Projects/libgdx/gdx/src/com/badlogic/gdx/assets/loaders/TextureLoader.java:88: error: [NullAway] (INDEX= 11) (Covered) returning @Nullable expression from method with @NonNull return type
		return null;
		^
    (see http://t.uber.com/nullaway )
/Users/nima/Developer/NullAwayFixer/Projects/libgdx/gdx/src/com/badlogic/gdx/assets/loaders/TextureLoader.java:93: error: [NullAway] (INDEX= 12) (Covered) assigning @Nullable expression to @NonNull field
		public Format format = null;
		              ^
    (see http://t.uber.com/nullaway )
/Users/nima/Developer/NullAwayFixer/Projects/libgdx/gdx/src/com/badlogic/gdx/assets/loaders/TextureLoader.java:97: error: [NullAway] (INDEX= 13) (Covered) assigning @Nullable expression to @NonNull field
		public Texture texture = null;
		               ^
    (see http://t.uber.com/nullaway )
/Users/nima/Developer/NullAwayFixer/Projects/libgdx/gdx/src/com/badlogic/gdx/assets/loaders/TextureLoader.java:99: error: [NullAway] (INDEX= 14) (Covered) assigning @Nullable expression to @NonNull field
		public TextureData textureData = null;
		                   ^
    (see http://t.uber.com/nullaway )
/Users/nima/Developer/NullAwayFixer/Projects/libgdx/gdx/src/com/badlogic/gdx/graphics/Texture.java:145: error: [NullAway] (INDEX= 15) (Covered) initializer method does not guarantee @NonNull field data (line 107) is initialized along all control-flow paths (remember to check for exceptions or early returns).
	protected Texture (int glTarget, int glHandle, TextureData data) {
	          ^
    (see http://t.uber.com/nullaway )
/Users/nima/Developer/NullAwayFixer/Projects/libgdx/gdx/src/com/badlogic/gdx/graphics/Texture.java:49: error: [NullAway] (INDEX= 16) (Covered) @NonNull static field assetManager not initialized
	private static AssetManager assetManager;
	                            ^
    (see http://t.uber.com/nullaway )
/Users/nima/Developer/NullAwayFixer/Projects/libgdx/gdx/src/com/badlogic/gdx/graphics/Texture.java:114: error: [NullAway] (INDEX= 17) (Covered) passing @Nullable parameter 'null' where @NonNull is required
		this(file, null, false);
		           ^
    (see http://t.uber.com/nullaway )
/Users/nima/Developer/NullAwayFixer/Projects/libgdx/gdx/src/com/badlogic/gdx/graphics/Texture.java:118: error: [NullAway] (INDEX= 18) (Covered) passing @Nullable parameter 'null' where @NonNull is required
		this(file, null, useMipMaps);
		           ^
    (see http://t.uber.com/nullaway )
/Users/nima/Developer/NullAwayFixer/Projects/libgdx/gdx/src/com/badlogic/gdx/graphics/Texture.java:126: error: [NullAway] (INDEX= 19) (Covered) passing @Nullable parameter 'null' where @NonNull is required
		this(new PixmapTextureData(pixmap, null, false, false));
		                                   ^
    (see http://t.uber.com/nullaway )
/Users/nima/Developer/NullAwayFixer/Projects/libgdx/gdx/src/com/badlogic/gdx/graphics/Texture.java:130: error: [NullAway] (INDEX= 20) (Covered) passing @Nullable parameter 'null' where @NonNull is required
		this(new PixmapTextureData(pixmap, null, useMipMaps, false));
		                                   ^
    (see http://t.uber.com/nullaway )
/Users/nima/Developer/NullAwayFixer/Projects/libgdx/gdx/src/com/badlogic/gdx/graphics/Texture.java:138: error: [NullAway] (INDEX= 21) (Covered) passing @Nullable parameter 'null' where @NonNull is required
		this(new PixmapTextureData(new Pixmap(width, height, format), null, false, true));
		                                                              ^
    (see http://t.uber.com/nullaway )
/Users/nima/Developer/NullAwayFixer/Projects/libgdx/gdx/src/com/badlogic/gdx/graphics/Texture.java:314: error: [NullAway] (INDEX= 22) dereferenced expression managedTextures.get(app) is @Nullable
			builder.append(managedTextures.get(app).size);
			                                       ^
    (see http://t.uber.com/nullaway )
/Users/nima/Developer/NullAwayFixer/Projects/libgdx/gdx/src/com/badlogic/gdx/graphics/Texture.java:323: error: [NullAway] (INDEX= 23) dereferenced expression managedTextures.get(Gdx.app) is @Nullable
		return managedTextures.get(Gdx.app).size;
		                                   ^
    (see http://t.uber.com/nullaway )
/Users/nima/Developer/NullAwayFixer/Projects/libgdx/gdx/src/com/badlogic/gdx/graphics/TextureData.java:90: error: [NullAway] (INDEX= 24) (Covered) passing @Nullable parameter 'null' where @NonNull is required
			return loadFromFile(file, null, useMipMaps);
			                          ^
    (see http://t.uber.com/nullaway )
/Users/nima/Developer/NullAwayFixer/Projects/libgdx/gdx/src/com/badlogic/gdx/graphics/TextureData.java:94: error: [NullAway] (INDEX= 25) (Covered) returning @Nullable expression from method with @NonNull return type
			if (file == null) return null;
			                  ^
    (see http://t.uber.com/nullaway )
/Users/nima/Developer/NullAwayFixer/Projects/libgdx/gdx/src/com/badlogic/gdx/assets/AssetManager.java:101: error: [NullAway] (INDEX= 26) (Covered) initializer method does not guarantee @NonNull field listener (line 79) is initialized along all control-flow paths (remember to check for exceptions or early returns).
	public AssetManager (FileHandleResolver resolver, boolean defaultLoaders) {
	       ^
    (see http://t.uber.com/nullaway )
/Users/nima/Developer/NullAwayFixer/Projects/libgdx/gdx/src/com/badlogic/gdx/assets/AssetManager.java:164: error: [NullAway] (INDEX= 27) dereferenced expression asset.value is @Nullable
				out.add(asset.value.getObject(type));
				                   ^
    (see http://t.uber.com/nullaway )
/Users/nima/Developer/NullAwayFixer/Projects/libgdx/gdx/src/com/badlogic/gdx/assets/AssetManager.java:240: error: [NullAway] (INDEX= 28) dereferenced expression assets.get(type) is @Nullable
		RefCountedContainer assetRef = assets.get(type).get(fileName);
		                                               ^
    (see http://t.uber.com/nullaway )
/Users/nima/Developer/NullAwayFixer/Projects/libgdx/gdx/src/com/badlogic/gdx/assets/AssetManager.java:243: error: [NullAway] (INDEX= 29) dereferenced expression assetRef is @Nullable
		assetRef.decRefCount();
		        ^
    (see http://t.uber.com/nullaway )
/Users/nima/Developer/NullAwayFixer/Projects/libgdx/gdx/src/com/badlogic/gdx/assets/AssetManager.java:252: error: [NullAway] (INDEX= 30) dereferenced expression assets.get(type) is @Nullable
			assets.get(type).remove(fileName);
			                ^
    (see http://t.uber.com/nullaway )
/Users/nima/Developer/NullAwayFixer/Projects/libgdx/gdx/src/com/badlogic/gdx/assets/AssetManager.java:272: error: [NullAway] (INDEX= 31) dereferenced expression assetsByType.get(fileName) is @Nullable
			T otherAsset = (T)assetsByType.get(fileName).getObject(Object.class);
			                                            ^
    (see http://t.uber.com/nullaway )
/Users/nima/Developer/NullAwayFixer/Projects/libgdx/gdx/src/com/badlogic/gdx/assets/AssetManager.java:283: error: [NullAway] (INDEX= 32) dereferenced expression assetsByType is @Nullable
			for (String fileName : assetsByType.keys()) {
			                                   ^
    (see http://t.uber.com/nullaway )
/Users/nima/Developer/NullAwayFixer/Projects/libgdx/gdx/src/com/badlogic/gdx/assets/AssetManager.java:284: error: [NullAway] (INDEX= 33) dereferenced expression assetsByType.get(fileName) is @Nullable
				T otherAsset = (T)assetsByType.get(fileName).getObject(Object.class);
				                                            ^
    (see http://t.uber.com/nullaway )
/Users/nima/Developer/NullAwayFixer/Projects/libgdx/gdx/src/com/badlogic/gdx/assets/AssetManager.java:288: error: [NullAway] (INDEX= 34) (Covered) returning @Nullable expression from method with @NonNull return type
		return null;
		^
    (see http://t.uber.com/nullaway )
/Users/nima/Developer/NullAwayFixer/Projects/libgdx/gdx/src/com/badlogic/gdx/assets/AssetManager.java:318: error: [NullAway] (INDEX= 35) (Covered) passing @Nullable parameter 'null' where @NonNull is required
		return getLoader(type, null);
		                       ^
    (see http://t.uber.com/nullaway )
/Users/nima/Developer/NullAwayFixer/Projects/libgdx/gdx/src/com/badlogic/gdx/assets/AssetManager.java:328: error: [NullAway] (INDEX= 36) (Covered) returning @Nullable expression from method with @NonNull return type
		if (loaders == null || loaders.size < 1) return null;
		                                         ^
    (see http://t.uber.com/nullaway )
/Users/nima/Developer/NullAwayFixer/Projects/libgdx/gdx/src/com/badlogic/gdx/assets/AssetManager.java:329: error: [NullAway] (INDEX= 37) (Covered) returning @Nullable expression from method with @NonNull return type
		if (fileName == null) return loaders.get("");
		                      ^
    (see http://t.uber.com/nullaway )
/Users/nima/Developer/NullAwayFixer/Projects/libgdx/gdx/src/com/badlogic/gdx/assets/AssetManager.java:338: error: [NullAway] (INDEX= 38) (Covered) returning @Nullable expression from method with @NonNull return type
		return result;
		^
    (see http://t.uber.com/nullaway )
/Users/nima/Developer/NullAwayFixer/Projects/libgdx/gdx/src/com/badlogic/gdx/assets/AssetManager.java:345: error: [NullAway] (INDEX= 39) (Covered) passing @Nullable parameter 'null' where @NonNull is required
		load(fileName, type, null);
		                     ^
    (see http://t.uber.com/nullaway )
/Users/nima/Developer/NullAwayFixer/Projects/libgdx/gdx/src/com/badlogic/gdx/assets/AssetManager.java:500: error: [NullAway] (INDEX= 40) dereferenced expression assets.get(type) is @Nullable
			RefCountedContainer assetRef = assets.get(type).get(dependendAssetDesc.fileName);
			                                               ^
    (see http://t.uber.com/nullaway )
/Users/nima/Developer/NullAwayFixer/Projects/libgdx/gdx/src/com/badlogic/gdx/assets/AssetManager.java:500: error: [NullAway] (INDEX= 41) (Covered) passing @Nullable parameter 'type' where @NonNull is required
			RefCountedContainer assetRef = assets.get(type).get(dependendAssetDesc.fileName);
			                                          ^
    (see http://t.uber.com/nullaway )
/Users/nima/Developer/NullAwayFixer/Projects/libgdx/gdx/src/com/badlogic/gdx/assets/AssetManager.java:501: error: [NullAway] (INDEX= 42) dereferenced expression assetRef is @Nullable
			assetRef.incRefCount();
			        ^
    (see http://t.uber.com/nullaway )
/Users/nima/Developer/NullAwayFixer/Projects/libgdx/gdx/src/com/badlogic/gdx/assets/AssetManager.java:519: error: [NullAway] (INDEX= 43) dereferenced expression assets.get(type) is @Nullable
			RefCountedContainer assetRef = assets.get(type).get(assetDesc.fileName);
			                                               ^
    (see http://t.uber.com/nullaway )
/Users/nima/Developer/NullAwayFixer/Projects/libgdx/gdx/src/com/badlogic/gdx/assets/AssetManager.java:519: error: [NullAway] (INDEX= 44) (Covered) passing @Nullable parameter 'type' where @NonNull is required
			RefCountedContainer assetRef = assets.get(type).get(assetDesc.fileName);
			                                          ^
    (see http://t.uber.com/nullaway )
/Users/nima/Developer/NullAwayFixer/Projects/libgdx/gdx/src/com/badlogic/gdx/assets/AssetManager.java:520: error: [NullAway] (INDEX= 45) dereferenced expression assetRef is @Nullable
			assetRef.incRefCount();
			        ^
    (see http://t.uber.com/nullaway )
/Users/nima/Developer/NullAwayFixer/Projects/libgdx/gdx/src/com/badlogic/gdx/assets/AssetManager.java:604: error: [NullAway] (INDEX= 46) dereferenced expression assets.get(type) is @Nullable
			RefCountedContainer assetRef = assets.get(type).get(dependency);
			                                               ^
    (see http://t.uber.com/nullaway )
/Users/nima/Developer/NullAwayFixer/Projects/libgdx/gdx/src/com/badlogic/gdx/assets/AssetManager.java:604: error: [NullAway] (INDEX= 47) (Covered) passing @Nullable parameter 'type' where @NonNull is required
			RefCountedContainer assetRef = assets.get(type).get(dependency);
			                                          ^
    (see http://t.uber.com/nullaway )
/Users/nima/Developer/NullAwayFixer/Projects/libgdx/gdx/src/com/badlogic/gdx/assets/AssetManager.java:605: error: [NullAway] (INDEX= 48) dereferenced expression assetRef is @Nullable
			assetRef.incRefCount();
			        ^
    (see http://t.uber.com/nullaway )
/Users/nima/Developer/NullAwayFixer/Projects/libgdx/gdx/src/com/badlogic/gdx/assets/AssetManager.java:641: error: [NullAway] (INDEX= 49) (Covered) passing @Nullable parameter 'null' where @NonNull is required
		setLoader(type, null, loader);
		                ^
    (see http://t.uber.com/nullaway )
/Users/nima/Developer/NullAwayFixer/Projects/libgdx/gdx/src/com/badlogic/gdx/assets/AssetManager.java:745: error: [NullAway] (INDEX= 50) dereferenced expression assets.get(type).get(fileName) is @Nullable
		return assets.get(type).get(fileName).getRefCount();
		                                     ^
    (see http://t.uber.com/nullaway )
/Users/nima/Developer/NullAwayFixer/Projects/libgdx/gdx/src/com/badlogic/gdx/assets/AssetManager.java:745: error: [NullAway] (INDEX= 51) dereferenced expression assets.get(type) is @Nullable
		return assets.get(type).get(fileName).getRefCount();
		                       ^
    (see http://t.uber.com/nullaway )
/Users/nima/Developer/NullAwayFixer/Projects/libgdx/gdx/src/com/badlogic/gdx/assets/AssetManager.java:753: error: [NullAway] (INDEX= 52) dereferenced expression assets.get(type).get(fileName) is @Nullable
		assets.get(type).get(fileName).setRefCount(refCount);
		                              ^
    (see http://t.uber.com/nullaway )
/Users/nima/Developer/NullAwayFixer/Projects/libgdx/gdx/src/com/badlogic/gdx/assets/AssetManager.java:753: error: [NullAway] (INDEX= 53) dereferenced expression assets.get(type) is @Nullable
		assets.get(type).get(fileName).setRefCount(refCount);
		                ^
    (see http://t.uber.com/nullaway )
/Users/nima/Developer/NullAwayFixer/Projects/libgdx/gdx/src/com/badlogic/gdx/assets/AssetManager.java:765: error: [NullAway] (INDEX= 54) dereferenced expression assets.get(type) is @Nullable
			RefCountedContainer assetRef = assets.get(type).get(fileName);
			                                               ^
    (see http://t.uber.com/nullaway )
/Users/nima/Developer/NullAwayFixer/Projects/libgdx/gdx/src/com/badlogic/gdx/assets/AssetManager.java:765: error: [NullAway] (INDEX= 55) (Covered) passing @Nullable parameter 'type' where @NonNull is required
			RefCountedContainer assetRef = assets.get(type).get(fileName);
			                                          ^
    (see http://t.uber.com/nullaway )
/Users/nima/Developer/NullAwayFixer/Projects/libgdx/gdx/src/com/badlogic/gdx/assets/AssetManager.java:768: error: [NullAway] (INDEX= 56) (Covered) passing @Nullable parameter 'type' where @NonNull is required
			sb.append(ClassReflection.getSimpleName(type));
			                                        ^
    (see http://t.uber.com/nullaway )
/Users/nima/Developer/NullAwayFixer/Projects/libgdx/gdx/src/com/badlogic/gdx/assets/AssetManager.java:771: error: [NullAway] (INDEX= 57) dereferenced expression assetRef is @Nullable
			sb.append(assetRef.getRefCount());
			                  ^
    (see http://t.uber.com/nullaway )
/Users/nima/Developer/NullAwayFixer/Projects/libgdx/gdx/src/com/badlogic/gdx/assets/AssetManager.java:792: error: [NullAway] (INDEX= 58) (Covered) returning @Nullable expression from method with @NonNull return type
		return assetDependencies.get(fileName);
		^
    (see http://t.uber.com/nullaway )
/Users/nima/Developer/NullAwayFixer/Projects/libgdx/gdx/src/com/badlogic/gdx/assets/AssetManager.java:797: error: [NullAway] (INDEX= 59) (Covered) returning @Nullable expression from method with @NonNull return type
		return assetTypes.get(fileName);
		^
    (see http://t.uber.com/nullaway )
/Users/nima/Developer/NullAwayFixer/Projects/libgdx/gdx/src/com/badlogic/gdx/utils/Array.java:54: error: [NullAway] (INDEX= 60) (Covered) initializer method does not guarantee @NonNull fields iterable (line 38), predicateIterable (line 39) are initialized along all control-flow paths (remember to check for exceptions or early returns).
	public Array (boolean ordered, int capacity) {
	       ^
    (see http://t.uber.com/nullaway )
/Users/nima/Developer/NullAwayFixer/Projects/libgdx/gdx/src/com/badlogic/gdx/utils/Array.java:63: error: [NullAway] (INDEX= 61) (Covered) initializer method does not guarantee @NonNull fields iterable (line 38), predicateIterable (line 39) are initialized along all control-flow paths (remember to check for exceptions or early returns).
	public Array (boolean ordered, int capacity, Class arrayType) {
	       ^
    (see http://t.uber.com/nullaway )
/Users/nima/Developer/NullAwayFixer/Projects/libgdx/gdx/src/com/badlogic/gdx/utils/Array.java:678: error: [NullAway] (INDEX= 62) (Covered) initializer method does not guarantee @NonNull fields iterator1 (line 670), iterator2 (line 670) are initialized along all control-flow paths (remember to check for exceptions or early returns).
		public ArrayIterable (Array<T> array, boolean allowRemove) {
		       ^
    (see http://t.uber.com/nullaway )
/Users/nima/Developer/NullAwayFixer/Projects/libgdx/gdx/src/com/badlogic/gdx/files/FileHandle.java:60: error: [NullAway] (INDEX= 63) (Covered) initializer method does not guarantee @NonNull fields file (line 57), type (line 58) are initialized along all control-flow paths (remember to check for exceptions or early returns).
	protected FileHandle () {
	          ^
    (see http://t.uber.com/nullaway )
/Users/nima/Developer/NullAwayFixer/Projects/libgdx/gdx/src/com/badlogic/gdx/files/FileHandle.java:197: error: [NullAway] (INDEX= 64) (Covered) passing @Nullable parameter 'null' where @NonNull is required
		return readString(null);
		                  ^
    (see http://t.uber.com/nullaway )
/Users/nima/Developer/NullAwayFixer/Projects/libgdx/gdx/src/com/badlogic/gdx/files/FileHandle.java:220: error: [NullAway] (INDEX= 65) (Covered) passing @Nullable parameter 'reader' where @NonNull is required
			StreamUtils.closeQuietly(reader);
			                         ^
    (see http://t.uber.com/nullaway )
/Users/nima/Developer/NullAwayFixer/Projects/libgdx/gdx/src/com/badlogic/gdx/files/FileHandle.java:285: error: [NullAway] (INDEX= 66) (Covered) passing @Nullable parameter 'raf' where @NonNull is required
			StreamUtils.closeQuietly(raf);
			                         ^
    (see http://t.uber.com/nullaway )
/Users/nima/Developer/NullAwayFixer/Projects/libgdx/gdx/src/com/badlogic/gdx/files/FileHandle.java:329: error: [NullAway] (INDEX= 67) (Covered) passing @Nullable parameter 'output' where @NonNull is required
			StreamUtils.closeQuietly(output);
			                         ^
    (see http://t.uber.com/nullaway )
/Users/nima/Developer/NullAwayFixer/Projects/libgdx/gdx/src/com/badlogic/gdx/files/FileHandle.java:339: error: [NullAway] (INDEX= 68) (Covered) passing @Nullable parameter 'null' where @NonNull is required
		return writer(append, null);
		                      ^
    (see http://t.uber.com/nullaway )
/Users/nima/Developer/NullAwayFixer/Projects/libgdx/gdx/src/com/badlogic/gdx/files/FileHandle.java:369: error: [NullAway] (INDEX= 69) (Covered) passing @Nullable parameter 'null' where @NonNull is required
		writeString(string, append, null);
		                            ^
    (see http://t.uber.com/nullaway )
/Users/nima/Developer/NullAwayFixer/Projects/libgdx/gdx/src/com/badlogic/gdx/files/FileHandle.java:385: error: [NullAway] (INDEX= 70) (Covered) passing @Nullable parameter 'writer' where @NonNull is required
			StreamUtils.closeQuietly(writer);
			                         ^
    (see http://t.uber.com/nullaway )
/Users/nima/Developer/NullAwayFixer/Projects/libgdx/gdx/src/com/badlogic/gdx/utils/Predicate.java:39: error: [NullAway] (INDEX= 71) (Covered) initializer method does not guarantee @NonNull fields iterator (line 29), predicate (line 30) are initialized along all control-flow paths (remember to check for exceptions or early returns).
		public PredicateIterator (final Iterator<T> iterator, final Predicate<T> predicate) {
		       ^
    (see http://t.uber.com/nullaway )
/Users/nima/Developer/NullAwayFixer/Projects/libgdx/gdx/src/com/badlogic/gdx/utils/Predicate.java:33: error: [NullAway] (INDEX= 72) (Covered) assigning @Nullable expression to @NonNull field
		public T next = null;
		         ^
    (see http://t.uber.com/nullaway )
/Users/nima/Developer/NullAwayFixer/Projects/libgdx/gdx/src/com/badlogic/gdx/utils/Predicate.java:51: error: [NullAway] (INDEX= 73) (Covered) assigning @Nullable expression to @NonNull field
			next = null;
			     ^
    (see http://t.uber.com/nullaway )
/Users/nima/Developer/NullAwayFixer/Projects/libgdx/gdx/src/com/badlogic/gdx/utils/Predicate.java:72: error: [NullAway] (INDEX= 74) (Covered) returning @Nullable expression from method with @NonNull return type
			if (next == null && !hasNext()) return null;
			                                ^
    (see http://t.uber.com/nullaway )
/Users/nima/Developer/NullAwayFixer/Projects/libgdx/gdx/src/com/badlogic/gdx/utils/Predicate.java:74: error: [NullAway] (INDEX= 75) (Covered) assigning @Nullable expression to @NonNull field
			next = null;
			     ^
    (see http://t.uber.com/nullaway )
/Users/nima/Developer/NullAwayFixer/Projects/libgdx/gdx/src/com/badlogic/gdx/utils/Predicate.java:91: error: [NullAway] (INDEX= 76) (Covered) initializer method does not guarantee @NonNull fields iterable (line 87), predicate (line 88) are initialized along all control-flow paths (remember to check for exceptions or early returns).
		public PredicateIterable (Iterable<T> iterable, Predicate<T> predicate) {
		       ^
    (see http://t.uber.com/nullaway )
/Users/nima/Developer/NullAwayFixer/Projects/libgdx/gdx/src/com/badlogic/gdx/utils/Predicate.java:89: error: [NullAway] (INDEX= 77) (Covered) assigning @Nullable expression to @NonNull field
		public PredicateIterator<T> iterator = null;
		                            ^
    (see http://t.uber.com/nullaway )
/Users/nima/Developer/NullAwayFixer/Projects/libgdx/gdx/src/com/badlogic/gdx/Input.java:540: error: [NullAway] (INDEX= 78) (Covered) @NonNull static field Input$Keys.keyNames not initialized
		private static ObjectIntMap<String> keyNames;
		                                    ^
    (see http://t.uber.com/nullaway )
/Users/nima/Developer/NullAwayFixer/Projects/libgdx/gdx/src/com/badlogic/gdx/Input.java:536: error: [NullAway] (INDEX= 79) (Covered) returning @Nullable expression from method with @NonNull return type
				return null;
				^
    (see http://t.uber.com/nullaway )
/Users/nima/Developer/NullAwayFixer/Projects/libgdx/gdx/src/com/badlogic/gdx/Net.java:202: error: [NullAway] (INDEX= 80) (Covered) initializer method does not guarantee @NonNull fields httpMethod (line 189), url (line 190), content (line 194), contentStream (line 195) are initialized along all control-flow paths (remember to check for exceptions or early returns).
		public HttpRequest () {
		       ^
    (see http://t.uber.com/nullaway )
/Users/nima/Developer/NullAwayFixer/Projects/libgdx/gdx/src/com/badlogic/gdx/Net.java:319: error: [NullAway] (INDEX= 81) (Covered) assigning @Nullable expression to @NonNull field
			httpMethod = null;
			           ^
    (see http://t.uber.com/nullaway )
/Users/nima/Developer/NullAwayFixer/Projects/libgdx/gdx/src/com/badlogic/gdx/Net.java:320: error: [NullAway] (INDEX= 82) (Covered) assigning @Nullable expression to @NonNull field
			url = null;
			    ^
    (see http://t.uber.com/nullaway )
/Users/nima/Developer/NullAwayFixer/Projects/libgdx/gdx/src/com/badlogic/gdx/Net.java:324: error: [NullAway] (INDEX= 83) (Covered) assigning @Nullable expression to @NonNull field
			content = null;
			        ^
    (see http://t.uber.com/nullaway )
/Users/nima/Developer/NullAwayFixer/Projects/libgdx/gdx/src/com/badlogic/gdx/Net.java:325: error: [NullAway] (INDEX= 84) (Covered) assigning @Nullable expression to @NonNull field
			contentStream = null;
			              ^
    (see http://t.uber.com/nullaway )
/Users/nima/Developer/NullAwayFixer/Projects/libgdx/gdx/src/com/badlogic/gdx/utils/ObjectSet.java:80: error: [NullAway] (INDEX= 85) (Covered) initializer method does not guarantee @NonNull fields iterator1 (line 64), iterator2 (line 64) are initialized along all control-flow paths (remember to check for exceptions or early returns).
	public ObjectSet (int initialCapacity, float loadFactor) {
	       ^
    (see http://t.uber.com/nullaway )
/Users/nima/Developer/NullAwayFixer/Projects/libgdx/gdx/src/com/badlogic/gdx/utils/ObjectMap.java:85: error: [NullAway] (INDEX= 86) (Covered) initializer method does not guarantee @NonNull fields entries1 (line 67), entries2 (line 67), values1 (line 68), values2 (line 68), keys1 (line 69), keys2 (line 69) are initialized along all control-flow paths (remember to check for exceptions or early returns).
	public ObjectMap (int initialCapacity, float loadFactor) {
	       ^
    (see http://t.uber.com/nullaway )
/Users/nima/Developer/NullAwayFixer/Projects/libgdx/gdx/src/com/badlogic/gdx/utils/ObjectMap.java:184: error: [NullAway] (INDEX= 87) (Covered) returning @Nullable expression from method with @NonNull return type
		return i < 0 ? defaultValue : valueTable[i];
		^
    (see http://t.uber.com/nullaway )
/Users/nima/Developer/NullAwayFixer/Projects/libgdx/gdx/src/com/badlogic/gdx/utils/ObjectMap.java:477: error: [NullAway] (INDEX= 88) (Covered) @NonNull field ObjectMap$Entry.key not initialized
		public K key;
		         ^
    (see http://t.uber.com/nullaway )
/Users/nima/Developer/NullAwayFixer/Projects/libgdx/gdx/src/com/badlogic/gdx/utils/ObjectMap.java:598: error: [NullAway] (INDEX= 89) (Covered) passing @Nullable parameter 'next()' where @NonNull is required
				array.add(next());
				              ^
    (see http://t.uber.com/nullaway )
/Users/nima/Developer/NullAwayFixer/Projects/libgdx/gdx/src/com/badlogic/gdx/assets/AssetDescriptor.java:40: error: [NullAway] (INDEX= 90) (Covered) initializer method does not guarantee @NonNull field file (line 29) is initialized along all control-flow paths (remember to check for exceptions or early returns).
	public AssetDescriptor (String fileName, Class<T> assetType, AssetLoaderParameters<T> params) {
	       ^
    (see http://t.uber.com/nullaway )
/Users/nima/Developer/NullAwayFixer/Projects/libgdx/gdx/src/com/badlogic/gdx/assets/AssetDescriptor.java:32: error: [NullAway] (INDEX= 91) (Covered) passing @Nullable parameter 'null' where @NonNull is required
		this(fileName, assetType, null);
		                          ^
    (see http://t.uber.com/nullaway )
/Users/nima/Developer/NullAwayFixer/Projects/libgdx/gdx/src/com/badlogic/gdx/assets/AssetDescriptor.java:37: error: [NullAway] (INDEX= 92) (Covered) passing @Nullable parameter 'null' where @NonNull is required
		this(file, assetType, null);
		                      ^
    (see http://t.uber.com/nullaway )
/Users/nima/Developer/NullAwayFixer/Projects/libgdx/gdx/src/com/badlogic/gdx/assets/AssetLoadingTask.java:51: error: [NullAway] (INDEX= 93) (Covered) initializer method does not guarantee @NonNull fields dependencies (line 44), depsFuture (line 45), loadFuture (line 46), asset (line 47) are initialized along all control-flow paths (remember to check for exceptions or early returns).
	public AssetLoadingTask (AssetManager manager, AssetDescriptor assetDesc, AssetLoader loader, AsyncExecutor threadPool) {
	       ^
    (see http://t.uber.com/nullaway )
/Users/nima/Developer/NullAwayFixer/Projects/libgdx/gdx/src/com/badlogic/gdx/utils/async/AsyncResult.java:44: error: [NullAway] (INDEX= 94) (Covered) returning @Nullable expression from method with @NonNull return type
			return null;
			^
    (see http://t.uber.com/nullaway )
/Users/nima/Developer/NullAwayFixer/Projects/libgdx/gdx/src/com/badlogic/gdx/graphics/g2d/Gdx2DPixmap.java:215: error: [NullAway] (INDEX= 95) (Covered) returning @Nullable expression from method with @NonNull return type
			return null;
			^
    (see http://t.uber.com/nullaway )
/Users/nima/Developer/NullAwayFixer/Projects/libgdx/gdx/src/com/badlogic/gdx/graphics/g2d/Gdx2DPixmap.java:223: error: [NullAway] (INDEX= 96) (Covered) returning @Nullable expression from method with @NonNull return type
			return null;
			^
    (see http://t.uber.com/nullaway )
/Users/nima/Developer/NullAwayFixer/Projects/libgdx/gdx/src/com/badlogic/gdx/graphics/g2d/TextureAtlas.java:67: error: [NullAway] (INDEX= 97) (Covered) initializer method does not guarantee @NonNull field texture (line 58) is initialized along all control-flow paths (remember to check for exceptions or early returns).
			public Page (FileHandle handle, float width, float height, boolean useMipMaps, Format format, TextureFilter minFilter,
			       ^
    (see http://t.uber.com/nullaway )
/Users/nima/Developer/NullAwayFixer/Projects/libgdx/gdx/src/com/badlogic/gdx/graphics/g2d/TextureAtlas.java:82: error: [NullAway] (INDEX= 98) (Covered) @NonNull field TextureAtlas$TextureAtlasData$Region.page not initialized
			public Page page;
			            ^
    (see http://t.uber.com/nullaway )
/Users/nima/Developer/NullAwayFixer/Projects/libgdx/gdx/src/com/badlogic/gdx/graphics/g2d/TextureAtlas.java:84: error: [NullAway] (INDEX= 99) (Covered) @NonNull field TextureAtlas$TextureAtlasData$Region.name not initialized
			public String name;
			              ^
    (see http://t.uber.com/nullaway )
/Users/nima/Developer/NullAwayFixer/Projects/libgdx/gdx/src/com/badlogic/gdx/graphics/g2d/TextureAtlas.java:96: error: [NullAway] (INDEX= 100) (Covered) @NonNull field TextureAtlas$TextureAtlasData$Region.splits not initialized
			public int[] splits;
			             ^
    (see http://t.uber.com/nullaway )
/Users/nima/Developer/NullAwayFixer/Projects/libgdx/gdx/src/com/badlogic/gdx/graphics/g2d/TextureAtlas.java:97: error: [NullAway] (INDEX= 101) (Covered) @NonNull field TextureAtlas$TextureAtlasData$Region.pads not initialized
			public int[] pads;
			             ^
    (see http://t.uber.com/nullaway )
/Users/nima/Developer/NullAwayFixer/Projects/libgdx/gdx/src/com/badlogic/gdx/graphics/g2d/TextureAtlas.java:268: error: [NullAway] (INDEX= 102) (Covered) passing @Nullable parameter 'pageToTexture.get(region.page)' where @NonNull is required
			AtlasRegion atlasRegion = new AtlasRegion(pageToTexture.get(region.page), region.left, region.top,
			                                                           ^
    (see http://t.uber.com/nullaway )
/Users/nima/Developer/NullAwayFixer/Projects/libgdx/gdx/src/com/badlogic/gdx/graphics/g2d/TextureAtlas.java:316: error: [NullAway] (INDEX= 103) (Covered) returning @Nullable expression from method with @NonNull return type
		return null;
		^
    (see http://t.uber.com/nullaway )
/Users/nima/Developer/NullAwayFixer/Projects/libgdx/gdx/src/com/badlogic/gdx/graphics/g2d/TextureAtlas.java:329: error: [NullAway] (INDEX= 104) (Covered) returning @Nullable expression from method with @NonNull return type
		return null;
		^
    (see http://t.uber.com/nullaway )
/Users/nima/Developer/NullAwayFixer/Projects/libgdx/gdx/src/com/badlogic/gdx/graphics/g2d/TextureAtlas.java:360: error: [NullAway] (INDEX= 105) (Covered) returning @Nullable expression from method with @NonNull return type
		return null;
		^
    (see http://t.uber.com/nullaway )
/Users/nima/Developer/NullAwayFixer/Projects/libgdx/gdx/src/com/badlogic/gdx/graphics/g2d/TextureAtlas.java:374: error: [NullAway] (INDEX= 106) (Covered) returning @Nullable expression from method with @NonNull return type
		return null;
		^
    (see http://t.uber.com/nullaway )
/Users/nima/Developer/NullAwayFixer/Projects/libgdx/gdx/src/com/badlogic/gdx/graphics/g2d/TextureAtlas.java:418: error: [NullAway] (INDEX= 107) (Covered) returning @Nullable expression from method with @NonNull return type
		return null;
		^
    (see http://t.uber.com/nullaway )
/Users/nima/Developer/NullAwayFixer/Projects/libgdx/gdx/src/com/badlogic/gdx/graphics/g2d/TextureAtlas.java:514: error: [NullAway] (INDEX= 108) (Covered) initializer method does not guarantee @NonNull fields name (line 479), splits (line 509), pads (line 512) are initialized along all control-flow paths (remember to check for exceptions or early returns).
		public AtlasRegion (Texture texture, int x, int y, int width, int height) {
		       ^
    (see http://t.uber.com/nullaway )
/Users/nima/Developer/NullAwayFixer/Projects/libgdx/gdx/src/com/badlogic/gdx/graphics/g2d/TextureAtlas.java:538: error: [NullAway] (INDEX= 109) (Covered) initializer method does not guarantee @NonNull fields name (line 479), splits (line 509), pads (line 512) are initialized along all control-flow paths (remember to check for exceptions or early returns).
		public AtlasRegion (TextureRegion region) {
		       ^
    (see http://t.uber.com/nullaway )
/Users/nima/Developer/NullAwayFixer/Projects/libgdx/gdx/src/com/badlogic/gdx/graphics/VertexAttributes.java:58: error: [NullAway] (INDEX= 110) (Covered) initializer method does not guarantee @NonNull field iterable (line 55) is initialized along all control-flow paths (remember to check for exceptions or early returns).
	public VertexAttributes (VertexAttribute... attributes) {
	       ^
    (see http://t.uber.com/nullaway )
/Users/nima/Developer/NullAwayFixer/Projects/libgdx/gdx/src/com/badlogic/gdx/graphics/VertexAttributes.java:89: error: [NullAway] (INDEX= 111) (Covered) returning @Nullable expression from method with @NonNull return type
		return null;
		^
    (see http://t.uber.com/nullaway )
/Users/nima/Developer/NullAwayFixer/Projects/libgdx/gdx/src/com/badlogic/gdx/graphics/VertexAttributes.java:239: error: [NullAway] (INDEX= 112) (Covered) initializer method does not guarantee @NonNull fields iterator1 (line 237), iterator2 (line 237) are initialized along all control-flow paths (remember to check for exceptions or early returns).
		public ReadonlyIterable (T[] array) {
		       ^
    (see http://t.uber.com/nullaway )
/Users/nima/Developer/NullAwayFixer/Projects/libgdx/gdx/src/com/badlogic/gdx/graphics/Mesh.java:85: error: [NullAway] (INDEX= 113) (Covered) initializer method does not guarantee @NonNull field instances (line 82) is initialized along all control-flow paths (remember to check for exceptions or early returns).
	protected Mesh (VertexData vertices, IndexData indices, boolean isVertexArray) {
	          ^
    (see http://t.uber.com/nullaway )
/Users/nima/Developer/NullAwayFixer/Projects/libgdx/gdx/src/com/badlogic/gdx/graphics/Mesh.java:100: error: [NullAway] (INDEX= 114) (Covered) initializer method does not guarantee @NonNull field instances (line 82) is initialized along all control-flow paths (remember to check for exceptions or early returns).
	public Mesh (boolean isStatic, int maxVertices, int maxIndices, VertexAttribute... attributes) {
	       ^
    (see http://t.uber.com/nullaway )
/Users/nima/Developer/NullAwayFixer/Projects/libgdx/gdx/src/com/badlogic/gdx/graphics/Mesh.java:115: error: [NullAway] (INDEX= 115) (Covered) initializer method does not guarantee @NonNull field instances (line 82) is initialized along all control-flow paths (remember to check for exceptions or early returns).
	public Mesh (boolean isStatic, int maxVertices, int maxIndices, VertexAttributes attributes) {
	       ^
    (see http://t.uber.com/nullaway )
/Users/nima/Developer/NullAwayFixer/Projects/libgdx/gdx/src/com/badlogic/gdx/graphics/Mesh.java:133: error: [NullAway] (INDEX= 116) (Covered) initializer method does not guarantee @NonNull field instances (line 82) is initialized along all control-flow paths (remember to check for exceptions or early returns).
	public Mesh (boolean staticVertices, boolean staticIndices, int maxVertices, int maxIndices, VertexAttributes attributes) {
	       ^
    (see http://t.uber.com/nullaway )
/Users/nima/Developer/NullAwayFixer/Projects/libgdx/gdx/src/com/badlogic/gdx/graphics/Mesh.java:168: error: [NullAway] (INDEX= 117) (Covered) initializer method does not guarantee @NonNull field instances (line 82) is initialized along all control-flow paths (remember to check for exceptions or early returns).
	public Mesh (VertexDataType type, boolean isStatic, int maxVertices, int maxIndices, VertexAttributes attributes) {
	       ^
    (see http://t.uber.com/nullaway )
/Users/nima/Developer/NullAwayFixer/Projects/libgdx/gdx/src/com/badlogic/gdx/graphics/Mesh.java:211: error: [NullAway] (INDEX= 118) (Covered) assigning @Nullable expression to @NonNull field
			instances = null;
			          ^
    (see http://t.uber.com/nullaway )
/Users/nima/Developer/NullAwayFixer/Projects/libgdx/gdx/src/com/badlogic/gdx/graphics/Mesh.java:502: error: [NullAway] (INDEX= 119) (Covered) passing @Nullable parameter 'null' where @NonNull is required
		bind(shader, null);
		             ^
    (see http://t.uber.com/nullaway )
/Users/nima/Developer/NullAwayFixer/Projects/libgdx/gdx/src/com/badlogic/gdx/graphics/Mesh.java:521: error: [NullAway] (INDEX= 120) (Covered) passing @Nullable parameter 'null' where @NonNull is required
		unbind(shader, null);
		               ^
    (see http://t.uber.com/nullaway )
/Users/nima/Developer/NullAwayFixer/Projects/libgdx/gdx/src/com/badlogic/gdx/graphics/Mesh.java:672: error: [NullAway] (INDEX= 121) (Covered) returning @Nullable expression from method with @NonNull return type
		return null;
		^
    (see http://t.uber.com/nullaway )
/Users/nima/Developer/NullAwayFixer/Projects/libgdx/gdx/src/com/badlogic/gdx/graphics/Mesh.java:756: error: [NullAway] (INDEX= 122) (Covered) passing @Nullable parameter 'null' where @NonNull is required
		return extendBoundingBox(out, offset, count, null);
		                                             ^
    (see http://t.uber.com/nullaway )
/Users/nima/Developer/NullAwayFixer/Projects/libgdx/gdx/src/com/badlogic/gdx/graphics/Mesh.java:918: error: [NullAway] (INDEX= 123) (Covered) passing @Nullable parameter 'null' where @NonNull is required
		return calculateRadius(centerX, centerY, centerZ, offset, count, null);
		                                                                 ^
    (see http://t.uber.com/nullaway )
/Users/nima/Developer/NullAwayFixer/Projects/libgdx/gdx/src/com/badlogic/gdx/graphics/Mesh.java:927: error: [NullAway] (INDEX= 124) (Covered) passing @Nullable parameter 'null' where @NonNull is required
		return calculateRadius(center.x, center.y, center.z, offset, count, null);
		                                                                    ^
    (see http://t.uber.com/nullaway )
/Users/nima/Developer/NullAwayFixer/Projects/libgdx/gdx/src/com/badlogic/gdx/graphics/Mesh.java:936: error: [NullAway] (INDEX= 125) (Covered) passing @Nullable parameter 'null' where @NonNull is required
		return calculateRadius(centerX, centerY, centerZ, 0, getNumIndices(), null);
		                                                                      ^
    (see http://t.uber.com/nullaway )
/Users/nima/Developer/NullAwayFixer/Projects/libgdx/gdx/src/com/badlogic/gdx/graphics/Mesh.java:943: error: [NullAway] (INDEX= 126) (Covered) passing @Nullable parameter 'null' where @NonNull is required
		return calculateRadius(center.x, center.y, center.z, 0, getNumIndices(), null);
		                                                                         ^
    (see http://t.uber.com/nullaway )
/Users/nima/Developer/NullAwayFixer/Projects/libgdx/gdx/src/com/badlogic/gdx/graphics/Mesh.java:979: error: [NullAway] (INDEX= 127) dereferenced expression meshes.get(app) is @Nullable
			builder.append(meshes.get(app).size);
			                              ^
    (see http://t.uber.com/nullaway )
/Users/nima/Developer/NullAwayFixer/Projects/libgdx/gdx/src/com/badlogic/gdx/graphics/Mesh.java:1243: error: [NullAway] (INDEX= 128) (Covered) passing @Nullable parameter 'null' where @NonNull is required
		return copy(isStatic, false, null);
		                             ^
    (see http://t.uber.com/nullaway )
/Users/nima/Developer/NullAwayFixer/Projects/libgdx/gdx/src/com/badlogic/gdx/graphics/g2d/SpriteBatch.java:46: error: [NullAway] (INDEX= 129) (Covered) assigning @Nullable expression to @NonNull field
	Texture lastTexture = null;
	        ^
    (see http://t.uber.com/nullaway )
/Users/nima/Developer/NullAwayFixer/Projects/libgdx/gdx/src/com/badlogic/gdx/graphics/g2d/SpriteBatch.java:62: error: [NullAway] (INDEX= 130) (Covered) assigning @Nullable expression to @NonNull field
	private ShaderProgram customShader = null;
	                      ^
    (see http://t.uber.com/nullaway )
/Users/nima/Developer/NullAwayFixer/Projects/libgdx/gdx/src/com/badlogic/gdx/graphics/g2d/SpriteBatch.java:80: error: [NullAway] (INDEX= 131) (Covered) passing @Nullable parameter 'null' where @NonNull is required
		this(1000, null);
		           ^
    (see http://t.uber.com/nullaway )
/Users/nima/Developer/NullAwayFixer/Projects/libgdx/gdx/src/com/badlogic/gdx/graphics/g2d/SpriteBatch.java:86: error: [NullAway] (INDEX= 132) (Covered) passing @Nullable parameter 'null' where @NonNull is required
		this(size, null);
		           ^
    (see http://t.uber.com/nullaway )
/Users/nima/Developer/NullAwayFixer/Projects/libgdx/gdx/src/com/badlogic/gdx/graphics/g2d/SpriteBatch.java:186: error: [NullAway] (INDEX= 133) (Covered) assigning @Nullable expression to @NonNull field
		lastTexture = null;
		            ^
    (see http://t.uber.com/nullaway )
/Users/nima/Developer/NullAwayFixer/Projects/libgdx/gdx/src/com/badlogic/gdx/graphics/g2d/Sprite.java:50: error: [NullAway] (INDEX= 134) (Covered) initializer method does not guarantee @NonNull field bounds (line 47) is initialized along all control-flow paths (remember to check for exceptions or early returns).
	public Sprite () {
	       ^
    (see http://t.uber.com/nullaway )
/Users/nima/Developer/NullAwayFixer/Projects/libgdx/gdx/src/com/badlogic/gdx/graphics/g2d/Sprite.java:70: error: [NullAway] (INDEX= 135) (Covered) initializer method does not guarantee @NonNull field bounds (line 47) is initialized along all control-flow paths (remember to check for exceptions or early returns).
	public Sprite (Texture texture, int srcX, int srcY, int srcWidth, int srcHeight) {
	       ^
    (see http://t.uber.com/nullaway )
/Users/nima/Developer/NullAwayFixer/Projects/libgdx/gdx/src/com/badlogic/gdx/graphics/g2d/Sprite.java:82: error: [NullAway] (INDEX= 136) (Covered) initializer method does not guarantee @NonNull field bounds (line 47) is initialized along all control-flow paths (remember to check for exceptions or early returns).
	public Sprite (TextureRegion region) {
	       ^
    (see http://t.uber.com/nullaway )
/Users/nima/Developer/NullAwayFixer/Projects/libgdx/gdx/src/com/badlogic/gdx/graphics/g2d/Sprite.java:93: error: [NullAway] (INDEX= 137) (Covered) initializer method does not guarantee @NonNull field bounds (line 47) is initialized along all control-flow paths (remember to check for exceptions or early returns).
	public Sprite (TextureRegion region, int srcX, int srcY, int srcWidth, int srcHeight) {
	       ^
    (see http://t.uber.com/nullaway )
/Users/nima/Developer/NullAwayFixer/Projects/libgdx/gdx/src/com/badlogic/gdx/graphics/g2d/Sprite.java:101: error: [NullAway] (INDEX= 138) (Covered) initializer method does not guarantee @NonNull field bounds (line 47) is initialized along all control-flow paths (remember to check for exceptions or early returns).
	public Sprite (Sprite sprite) {
	       ^
    (see http://t.uber.com/nullaway )
/Users/nima/Developer/NullAwayFixer/Projects/libgdx/gdx/src/com/badlogic/gdx/graphics/g2d/NinePatch.java:73: error: [NullAway] (INDEX= 139) (Covered) initializer method does not guarantee @NonNull field texture (line 47) is initialized along all control-flow paths (remember to check for exceptions or early returns).
	public NinePatch (TextureRegion region, int left, int right, int top, int bottom) {
	       ^
    (see http://t.uber.com/nullaway )
/Users/nima/Developer/NullAwayFixer/Projects/libgdx/gdx/src/com/badlogic/gdx/graphics/g2d/NinePatch.java:135: error: [NullAway] (INDEX= 140) (Covered) initializer method does not guarantee @NonNull field texture (line 47) is initialized along all control-flow paths (remember to check for exceptions or early returns).
	public NinePatch (TextureRegion region) {
	       ^
    (see http://t.uber.com/nullaway )
/Users/nima/Developer/NullAwayFixer/Projects/libgdx/gdx/src/com/badlogic/gdx/graphics/g2d/NinePatch.java:147: error: [NullAway] (INDEX= 141) (Covered) initializer method does not guarantee @NonNull field texture (line 47) is initialized along all control-flow paths (remember to check for exceptions or early returns).
	public NinePatch (TextureRegion... patches) {
	       ^
    (see http://t.uber.com/nullaway )
/Users/nima/Developer/NullAwayFixer/Projects/libgdx/gdx/src/com/badlogic/gdx/graphics/glutils/ShaderProgram.java:154: error: [NullAway] (INDEX= 142) (Covered) initializer method does not guarantee @NonNull fields uniformNames (line 111), attributeNames (line 123) are initialized along all control-flow paths (remember to check for exceptions or early returns).
	public ShaderProgram (String vertexShader, String fragmentShader) {
	       ^
    (see http://t.uber.com/nullaway )
/Users/nima/Developer/NullAwayFixer/Projects/libgdx/gdx/src/com/badlogic/gdx/graphics/glutils/ShaderProgram.java:708: error: [NullAway] (INDEX= 143) dereferenced expression shaders.get(Gdx.app) is @Nullable
		if (shaders.get(Gdx.app) != null) shaders.get(Gdx.app).removeValue(this, true);
		                                                      ^
    (see http://t.uber.com/nullaway )
/Users/nima/Developer/NullAwayFixer/Projects/libgdx/gdx/src/com/badlogic/gdx/graphics/glutils/ShaderProgram.java:782: error: [NullAway] (INDEX= 144) dereferenced expression shaders.get(app) is @Nullable
			builder.append(shaders.get(app).size);
			                               ^
    (see http://t.uber.com/nullaway )
/Users/nima/Developer/NullAwayFixer/Projects/libgdx/gdx/src/com/badlogic/gdx/graphics/glutils/ShaderProgram.java:791: error: [NullAway] (INDEX= 145) dereferenced expression shaders.get(Gdx.app) is @Nullable
		return shaders.get(Gdx.app).size;
		                           ^
    (see http://t.uber.com/nullaway )
/Users/nima/Developer/NullAwayFixer/Projects/libgdx/gdx/src/com/badlogic/gdx/utils/ObjectIntMap.java:83: error: [NullAway] (INDEX= 146) (Covered) initializer method does not guarantee @NonNull fields entries1 (line 65), entries2 (line 65), values1 (line 66), values2 (line 66), keys1 (line 67), keys2 (line 67) are initialized along all control-flow paths (remember to check for exceptions or early returns).
	public ObjectIntMap (int initialCapacity, float loadFactor) {
	       ^
    (see http://t.uber.com/nullaway )
/Users/nima/Developer/NullAwayFixer/Projects/libgdx/gdx/src/com/badlogic/gdx/utils/ObjectIntMap.java:453: error: [NullAway] (INDEX= 147) (Covered) @NonNull field ObjectIntMap$Entry.key not initialized
		public K key;
		         ^
    (see http://t.uber.com/nullaway )
/Users/nima/Developer/NullAwayFixer/Projects/libgdx/gdx/src/com/badlogic/gdx/maps/MapLayers.java:43: error: [NullAway] (INDEX= 148) (Covered) returning @Nullable expression from method with @NonNull return type
		return null;
		^
    (see http://t.uber.com/nullaway )
/Users/nima/Developer/NullAwayFixer/Projects/libgdx/gdx/src/com/badlogic/gdx/maps/MapLayer.java:31: error: [NullAway] (INDEX= 149) (Covered) @NonNull field parent not initialized
	private MapLayer parent;
	                 ^
    (see http://t.uber.com/nullaway )
/Users/nima/Developer/NullAwayFixer/Projects/libgdx/gdx/src/com/badlogic/gdx/maps/MapProperties.java:45: error: [NullAway] (INDEX= 150) (Covered) returning @Nullable expression from method with @NonNull return type
		return properties.get(key);
		^
    (see http://t.uber.com/nullaway )
/Users/nima/Developer/NullAwayFixer/Projects/libgdx/gdx/src/com/badlogic/gdx/maps/MapObjects.java:49: error: [NullAway] (INDEX= 151) (Covered) returning @Nullable expression from method with @NonNull return type
		return null;
		^
    (see http://t.uber.com/nullaway )
/Users/nima/Developer/NullAwayFixer/Projects/libgdx/gdx/src/com/badlogic/gdx/utils/XmlReader.java:39: error: [NullAway] (INDEX= 152) (Covered) @NonNull field root not initialized
	private Element root, current;
	                ^
    (see http://t.uber.com/nullaway )
/Users/nima/Developer/NullAwayFixer/Projects/libgdx/gdx/src/com/badlogic/gdx/utils/XmlReader.java:39: error: [NullAway] (INDEX= 153) (Covered) @NonNull field current not initialized
	private Element root, current;
	                      ^
    (see http://t.uber.com/nullaway )
/Users/nima/Developer/NullAwayFixer/Projects/libgdx/gdx/src/com/badlogic/gdx/utils/XmlReader.java:260: error: [NullAway] (INDEX= 154) (Covered) passing @Nullable parameter 'attributeName' where @NonNull is required
								attribute(attributeName, new String(data, s, p - s));
								          ^
    (see http://t.uber.com/nullaway )
/Users/nima/Developer/NullAwayFixer/Projects/libgdx/gdx/src/com/badlogic/gdx/utils/XmlReader.java:337: error: [NullAway] (INDEX= 155) (Covered) assigning @Nullable expression to @NonNull field
		this.root = null;
		          ^
    (see http://t.uber.com/nullaway )
/Users/nima/Developer/NullAwayFixer/Projects/libgdx/gdx/src/com/badlogic/gdx/utils/XmlReader.java:448: error: [NullAway] (INDEX= 156) (Covered) assigning @Nullable expression to @NonNull field
		current = elements.size > 0 ? elements.peek() : null;
		        ^
    (see http://t.uber.com/nullaway )
/Users/nima/Developer/NullAwayFixer/Projects/libgdx/gdx/src/com/badlogic/gdx/utils/XmlReader.java:458: error: [NullAway] (INDEX= 157) (Covered) initializer method does not guarantee @NonNull fields attributes (line 453), children (line 454), text (line 455) are initialized along all control-flow paths (remember to check for exceptions or early returns).
		public Element (String name, Element parent) {
		       ^
    (see http://t.uber.com/nullaway )
/Users/nima/Developer/NullAwayFixer/Projects/libgdx/gdx/src/com/badlogic/gdx/utils/XmlReader.java:550: error: [NullAway] (INDEX= 158) (Covered) passing @Nullable parameter 'entry.value' where @NonNull is required
					buffer.append(entry.value);
					                   ^
    (see http://t.uber.com/nullaway )
/Users/nima/Developer/NullAwayFixer/Projects/libgdx/gdx/src/com/badlogic/gdx/utils/XmlReader.java:647: error: [NullAway] (INDEX= 159) (Covered) passing @Nullable parameter 'null' where @NonNull is required
			String value = getAttribute(name, null);
			                                  ^
    (see http://t.uber.com/nullaway )
/Users/nima/Developer/NullAwayFixer/Projects/libgdx/gdx/src/com/badlogic/gdx/utils/XmlReader.java:658: error: [NullAway] (INDEX= 160) (Covered) passing @Nullable parameter 'null' where @NonNull is required
			String value = getAttribute(name, null);
			                                  ^
    (see http://t.uber.com/nullaway )
/Users/nima/Developer/NullAwayFixer/Projects/libgdx/gdx/src/com/badlogic/gdx/utils/XmlReader.java:669: error: [NullAway] (INDEX= 161) (Covered) passing @Nullable parameter 'null' where @NonNull is required
			String value = getAttribute(name, null);
			                                  ^
    (see http://t.uber.com/nullaway )
/Users/nima/Developer/NullAwayFixer/Projects/libgdx/gdx/src/com/badlogic/gdx/utils/XmlReader.java:677: error: [NullAway] (INDEX= 162) (Covered) passing @Nullable parameter 'null' where @NonNull is required
			String value = get(name, null);
			                         ^
    (see http://t.uber.com/nullaway )
/Users/nima/Developer/NullAwayFixer/Projects/libgdx/gdx/src/com/badlogic/gdx/utils/XmlReader.java:699: error: [NullAway] (INDEX= 163) (Covered) passing @Nullable parameter 'null' where @NonNull is required
			String value = get(name, null);
			                         ^
    (see http://t.uber.com/nullaway )
/Users/nima/Developer/NullAwayFixer/Projects/libgdx/gdx/src/com/badlogic/gdx/utils/XmlReader.java:707: error: [NullAway] (INDEX= 164) (Covered) passing @Nullable parameter 'null' where @NonNull is required
			String value = get(name, null);
			                         ^
    (see http://t.uber.com/nullaway )
/Users/nima/Developer/NullAwayFixer/Projects/libgdx/gdx/src/com/badlogic/gdx/utils/XmlReader.java:715: error: [NullAway] (INDEX= 165) (Covered) passing @Nullable parameter 'null' where @NonNull is required
			String value = get(name, null);
			                         ^
    (see http://t.uber.com/nullaway )
/Users/nima/Developer/NullAwayFixer/Projects/libgdx/gdx/src/com/badlogic/gdx/utils/XmlReader.java:723: error: [NullAway] (INDEX= 166) (Covered) passing @Nullable parameter 'null' where @NonNull is required
			String value = get(name, null);
			                         ^
    (see http://t.uber.com/nullaway )
/Users/nima/Developer/NullAwayFixer/Projects/libgdx/gdx/src/com/badlogic/gdx/utils/XmlReader.java:731: error: [NullAway] (INDEX= 167) (Covered) passing @Nullable parameter 'null' where @NonNull is required
			String value = get(name, null);
			                         ^
    (see http://t.uber.com/nullaway )
/Users/nima/Developer/NullAwayFixer/Projects/libgdx/gdx/src/com/badlogic/gdx/utils/XmlReader.java:739: error: [NullAway] (INDEX= 168) (Covered) passing @Nullable parameter 'null' where @NonNull is required
			String value = get(name, null);
			                         ^
    (see http://t.uber.com/nullaway )
/Users/nima/Developer/NullAwayFixer/Projects/libgdx/gdx/src/com/badlogic/gdx/maps/tiled/AtlasTmxMapLoader.java:97: error: [NullAway] (INDEX= 169) (Covered) initializer method does not guarantee @NonNull field atlasResolver (line 95) is initialized along all control-flow paths (remember to check for exceptions or early returns).
	public AtlasTmxMapLoader () {
	       ^
    (see http://t.uber.com/nullaway )
/Users/nima/Developer/NullAwayFixer/Projects/libgdx/gdx/src/com/badlogic/gdx/maps/tiled/AtlasTmxMapLoader.java:101: error: [NullAway] (INDEX= 170) (Covered) initializer method does not guarantee @NonNull field atlasResolver (line 95) is initialized along all control-flow paths (remember to check for exceptions or early returns).
	public AtlasTmxMapLoader (FileHandleResolver resolver) {
	       ^
    (see http://t.uber.com/nullaway )
/Users/nima/Developer/NullAwayFixer/Projects/libgdx/gdx/src/com/badlogic/gdx/maps/tiled/TiledMapTileLayer.java:71: error: [NullAway] (INDEX= 171) (Covered) returning @Nullable expression from method with @NonNull return type
		if (x < 0 || x >= width) return null;
		                         ^
    (see http://t.uber.com/nullaway )
/Users/nima/Developer/NullAwayFixer/Projects/libgdx/gdx/src/com/badlogic/gdx/maps/tiled/TiledMapTileLayer.java:72: error: [NullAway] (INDEX= 172) (Covered) returning @Nullable expression from method with @NonNull return type
		if (y < 0 || y >= height) return null;
		                          ^
    (see http://t.uber.com/nullaway )
/Users/nima/Developer/NullAwayFixer/Projects/libgdx/gdx/src/com/badlogic/gdx/maps/tiled/TiledMapTileLayer.java:90: error: [NullAway] (INDEX= 173) (Covered) @NonNull field TiledMapTileLayer$Cell.tile not initialized
		private TiledMapTile tile;
		                     ^
    (see http://t.uber.com/nullaway )
/Users/nima/Developer/NullAwayFixer/Projects/libgdx/gdx/src/com/badlogic/gdx/maps/tiled/BaseTmxMapLoader.java:68: error: [NullAway] (INDEX= 174) (Covered) initializer method does not guarantee @NonNull fields root (line 57), map (line 66) are initialized along all control-flow paths (remember to check for exceptions or early returns).
	public BaseTmxMapLoader (FileHandleResolver resolver) {
	       ^
    (see http://t.uber.com/nullaway )
/Users/nima/Developer/NullAwayFixer/Projects/libgdx/gdx/src/com/badlogic/gdx/maps/tiled/BaseTmxMapLoader.java:107: error: [NullAway] (INDEX= 175) (Covered) passing @Nullable parameter 'null' where @NonNull is required
		String mapOrientation = root.getAttribute("orientation", null);
		                                                         ^
    (see http://t.uber.com/nullaway )
/Users/nima/Developer/NullAwayFixer/Projects/libgdx/gdx/src/com/badlogic/gdx/maps/tiled/BaseTmxMapLoader.java:113: error: [NullAway] (INDEX= 176) (Covered) passing @Nullable parameter 'null' where @NonNull is required
		String staggerAxis = root.getAttribute("staggeraxis", null);
		                                                      ^
    (see http://t.uber.com/nullaway )
/Users/nima/Developer/NullAwayFixer/Projects/libgdx/gdx/src/com/badlogic/gdx/maps/tiled/BaseTmxMapLoader.java:114: error: [NullAway] (INDEX= 177) (Covered) passing @Nullable parameter 'null' where @NonNull is required
		String staggerIndex = root.getAttribute("staggerindex", null);
		                                                        ^
    (see http://t.uber.com/nullaway )
/Users/nima/Developer/NullAwayFixer/Projects/libgdx/gdx/src/com/badlogic/gdx/maps/tiled/BaseTmxMapLoader.java:115: error: [NullAway] (INDEX= 178) (Covered) passing @Nullable parameter 'null' where @NonNull is required
		String mapBackgroundColor = root.getAttribute("backgroundcolor", null);
		                                                                 ^
    (see http://t.uber.com/nullaway )
/Users/nima/Developer/NullAwayFixer/Projects/libgdx/gdx/src/com/badlogic/gdx/maps/tiled/BaseTmxMapLoader.java:283: error: [NullAway] (INDEX= 179) (Covered) passing @Nullable parameter 'texture' where @NonNull is required
			TiledMapImageLayer layer = new TiledMapImageLayer(texture, x, y);
			                                                  ^
    (see http://t.uber.com/nullaway )
/Users/nima/Developer/NullAwayFixer/Projects/libgdx/gdx/src/com/badlogic/gdx/maps/tiled/BaseTmxMapLoader.java:297: error: [NullAway] (INDEX= 180) (Covered) passing @Nullable parameter 'null' where @NonNull is required
		String name = element.getAttribute("name", null);
		                                           ^
    (see http://t.uber.com/nullaway )
/Users/nima/Developer/NullAwayFixer/Projects/libgdx/gdx/src/com/badlogic/gdx/maps/tiled/BaseTmxMapLoader.java:361: error: [NullAway] (INDEX= 181) (Covered) passing @Nullable parameter 'null' where @NonNull is required
				if ((gid = element.getAttribute("gid", null)) != null) {
				                                       ^
    (see http://t.uber.com/nullaway )
/Users/nima/Developer/NullAwayFixer/Projects/libgdx/gdx/src/com/badlogic/gdx/maps/tiled/BaseTmxMapLoader.java:382: error: [NullAway] (INDEX= 182) (Covered) passing @Nullable parameter 'null' where @NonNull is required
			object.setName(element.getAttribute("name", null));
			                                            ^
    (see http://t.uber.com/nullaway )
/Users/nima/Developer/NullAwayFixer/Projects/libgdx/gdx/src/com/badlogic/gdx/maps/tiled/BaseTmxMapLoader.java:383: error: [NullAway] (INDEX= 183) (Covered) passing @Nullable parameter 'null' where @NonNull is required
			String rotation = element.getAttribute("rotation", null);
			                                                   ^
    (see http://t.uber.com/nullaway )
/Users/nima/Developer/NullAwayFixer/Projects/libgdx/gdx/src/com/badlogic/gdx/maps/tiled/BaseTmxMapLoader.java:387: error: [NullAway] (INDEX= 184) (Covered) passing @Nullable parameter 'null' where @NonNull is required
			String type = element.getAttribute("type", null);
			                                           ^
    (see http://t.uber.com/nullaway )
/Users/nima/Developer/NullAwayFixer/Projects/libgdx/gdx/src/com/badlogic/gdx/maps/tiled/BaseTmxMapLoader.java:417: error: [NullAway] (INDEX= 185) (Covered) passing @Nullable parameter 'null' where @NonNull is required
				String name = property.getAttribute("name", null);
				                                            ^
    (see http://t.uber.com/nullaway )
/Users/nima/Developer/NullAwayFixer/Projects/libgdx/gdx/src/com/badlogic/gdx/maps/tiled/BaseTmxMapLoader.java:418: error: [NullAway] (INDEX= 186) (Covered) passing @Nullable parameter 'null' where @NonNull is required
				String value = property.getAttribute("value", null);
				                                              ^
    (see http://t.uber.com/nullaway )
/Users/nima/Developer/NullAwayFixer/Projects/libgdx/gdx/src/com/badlogic/gdx/maps/tiled/BaseTmxMapLoader.java:419: error: [NullAway] (INDEX= 187) (Covered) passing @Nullable parameter 'null' where @NonNull is required
				String type = property.getAttribute("type", null);
				                                            ^
    (see http://t.uber.com/nullaway )
/Users/nima/Developer/NullAwayFixer/Projects/libgdx/gdx/src/com/badlogic/gdx/maps/tiled/BaseTmxMapLoader.java:472: error: [NullAway] (INDEX= 188) (Covered) passing @Nullable parameter 'null' where @NonNull is required
		String encoding = data.getAttribute("encoding", null);
		                                                ^
    (see http://t.uber.com/nullaway )
/Users/nima/Developer/NullAwayFixer/Projects/libgdx/gdx/src/com/badlogic/gdx/maps/tiled/BaseTmxMapLoader.java:472: error: [NullAway] (INDEX= 189) dereferenced expression data is @Nullable
		String encoding = data.getAttribute("encoding", null);
		                      ^
    (see http://t.uber.com/nullaway )
/Users/nima/Developer/NullAwayFixer/Projects/libgdx/gdx/src/com/badlogic/gdx/maps/tiled/BaseTmxMapLoader.java:486: error: [NullAway] (INDEX= 190) (Covered) passing @Nullable parameter 'null' where @NonNull is required
						String compression = data.getAttribute("compression", null);
						                                                      ^
    (see http://t.uber.com/nullaway )
/Users/nima/Developer/NullAwayFixer/Projects/libgdx/gdx/src/com/badlogic/gdx/maps/tiled/BaseTmxMapLoader.java:515: error: [NullAway] (INDEX= 191) (Covered) passing @Nullable parameter 'is' where @NonNull is required
						StreamUtils.closeQuietly(is);
						                         ^
    (see http://t.uber.com/nullaway )
/Users/nima/Developer/NullAwayFixer/Projects/libgdx/gdx/src/com/badlogic/gdx/maps/tiled/BaseTmxMapLoader.java:552: error: [NullAway] (INDEX= 192) (Covered) passing @Nullable parameter 'null' where @NonNull is required
			String source = element.getAttribute("source", null);
			                                               ^
    (see http://t.uber.com/nullaway )
/Users/nima/Developer/NullAwayFixer/Projects/libgdx/gdx/src/com/badlogic/gdx/maps/tiled/BaseTmxMapLoader.java:576: error: [NullAway] (INDEX= 193) (Covered) passing @Nullable parameter 'null' where @NonNull is required
			String name = element.get("name", null);
			                                  ^
    (see http://t.uber.com/nullaway )
/Users/nima/Developer/NullAwayFixer/Projects/libgdx/gdx/src/com/badlogic/gdx/maps/tiled/BaseTmxMapLoader.java:604: error: [NullAway] (INDEX= 194) (Covered) passing @Nullable parameter 'image' where @NonNull is required
				margin, source, offsetX, offsetY, imageSource, imageWidth, imageHeight, image);
				                                                                        ^
    (see http://t.uber.com/nullaway )
/Users/nima/Developer/NullAwayFixer/Projects/libgdx/gdx/src/com/badlogic/gdx/maps/tiled/BaseTmxMapLoader.java:636: error: [NullAway] (INDEX= 195) (Covered) passing @Nullable parameter 'null' where @NonNull is required
		String terrain = tileElement.getAttribute("terrain", null);
		                                                     ^
    (see http://t.uber.com/nullaway )
/Users/nima/Developer/NullAwayFixer/Projects/libgdx/gdx/src/com/badlogic/gdx/maps/tiled/BaseTmxMapLoader.java:640: error: [NullAway] (INDEX= 196) (Covered) passing @Nullable parameter 'null' where @NonNull is required
		String probability = tileElement.getAttribute("probability", null);
		                                                             ^
    (see http://t.uber.com/nullaway )
/Users/nima/Developer/NullAwayFixer/Projects/libgdx/gdx/src/com/badlogic/gdx/maps/tiled/BaseTmxMapLoader.java:674: error: [NullAway] (INDEX= 197) (Covered) returning @Nullable expression from method with @NonNull return type
		return null;
		^
    (see http://t.uber.com/nullaway )
/Users/nima/Developer/NullAwayFixer/Projects/libgdx/gdx/src/com/badlogic/gdx/maps/tiled/TiledMap.java:38: error: [NullAway] (INDEX= 198) (Covered) initializer method does not guarantee @NonNull field ownedResources (line 30) is initialized along all control-flow paths (remember to check for exceptions or early returns).
	public TiledMap () {
	       ^
    (see http://t.uber.com/nullaway )
/Users/nima/Developer/NullAwayFixer/Projects/libgdx/gdx/src/com/badlogic/gdx/maps/tiled/TiledMapTileSet.java:48: error: [NullAway] (INDEX= 199) (Covered) initializer method does not guarantee @NonNull field name (line 26) is initialized along all control-flow paths (remember to check for exceptions or early returns).
	public TiledMapTileSet () {
	       ^
    (see http://t.uber.com/nullaway )
/Users/nima/Developer/NullAwayFixer/Projects/libgdx/gdx/src/com/badlogic/gdx/utils/IntMap.java:87: error: [NullAway] (INDEX= 200) (Covered) initializer method does not guarantee @NonNull fields zeroValue (line 47), entries1 (line 68), entries2 (line 68), values1 (line 69), values2 (line 69), keys1 (line 70), keys2 (line 70) are initialized along all control-flow paths (remember to check for exceptions or early returns).
	public IntMap (int initialCapacity, float loadFactor) {
	       ^
    (see http://t.uber.com/nullaway )
/Users/nima/Developer/NullAwayFixer/Projects/libgdx/gdx/src/com/badlogic/gdx/utils/IntMap.java:143: error: [NullAway] (INDEX= 201) (Covered) assigning @Nullable expression to @NonNull field
			zeroValue = value;
			          ^
    (see http://t.uber.com/nullaway )
/Users/nima/Developer/NullAwayFixer/Projects/libgdx/gdx/src/com/badlogic/gdx/utils/IntMap.java:187: error: [NullAway] (INDEX= 202) (Covered) returning @Nullable expression from method with @NonNull return type
		if (key == 0) return hasZeroValue ? zeroValue : null;
		              ^
    (see http://t.uber.com/nullaway )
/Users/nima/Developer/NullAwayFixer/Projects/libgdx/gdx/src/com/badlogic/gdx/utils/IntMap.java:189: error: [NullAway] (INDEX= 203) (Covered) returning @Nullable expression from method with @NonNull return type
		return i >= 0 ? valueTable[i] : null;
		^
    (see http://t.uber.com/nullaway )
/Users/nima/Developer/NullAwayFixer/Projects/libgdx/gdx/src/com/badlogic/gdx/utils/IntMap.java:193: error: [NullAway] (INDEX= 204) (Covered) returning @Nullable expression from method with @NonNull return type
		if (key == 0) return hasZeroValue ? zeroValue : defaultValue;
		              ^
    (see http://t.uber.com/nullaway )
/Users/nima/Developer/NullAwayFixer/Projects/libgdx/gdx/src/com/badlogic/gdx/utils/IntMap.java:195: error: [NullAway] (INDEX= 205) (Covered) returning @Nullable expression from method with @NonNull return type
		return i >= 0 ? valueTable[i] : defaultValue;
		^
    (see http://t.uber.com/nullaway )
/Users/nima/Developer/NullAwayFixer/Projects/libgdx/gdx/src/com/badlogic/gdx/utils/IntMap.java:204: error: [NullAway] (INDEX= 206) (Covered) assigning @Nullable expression to @NonNull field
			zeroValue = null;
			          ^
    (see http://t.uber.com/nullaway )
/Users/nima/Developer/NullAwayFixer/Projects/libgdx/gdx/src/com/badlogic/gdx/utils/IntMap.java:258: error: [NullAway] (INDEX= 207) (Covered) assigning @Nullable expression to @NonNull field
		zeroValue = null;
		          ^
    (see http://t.uber.com/nullaway )
/Users/nima/Developer/NullAwayFixer/Projects/libgdx/gdx/src/com/badlogic/gdx/utils/IntMap.java:267: error: [NullAway] (INDEX= 208) (Covered) assigning @Nullable expression to @NonNull field
		zeroValue = null;
		          ^
    (see http://t.uber.com/nullaway )
/Users/nima/Developer/NullAwayFixer/Projects/libgdx/gdx/src/com/badlogic/gdx/utils/IntMap.java:651: error: [NullAway] (INDEX= 209) (Covered) passing @Nullable parameter 'next()' where @NonNull is required
				array.add(next());
				              ^
    (see http://t.uber.com/nullaway )
/Users/nima/Developer/NullAwayFixer/Projects/libgdx/gdx/src/com/badlogic/gdx/maps/tiled/TiledMapTileSets.java:47: error: [NullAway] (INDEX= 210) (Covered) returning @Nullable expression from method with @NonNull return type
		return null;
		^
    (see http://t.uber.com/nullaway )
/Users/nima/Developer/NullAwayFixer/Projects/libgdx/gdx/src/com/badlogic/gdx/maps/tiled/TiledMapTileSets.java:83: error: [NullAway] (INDEX= 211) (Covered) returning @Nullable expression from method with @NonNull return type
		return null;
		^
    (see http://t.uber.com/nullaway )
/Users/nima/Developer/NullAwayFixer/Projects/libgdx/gdx/src/com/badlogic/gdx/maps/tiled/tiles/AnimatedTiledMapTile.java:160: error: [NullAway] (INDEX= 212) (Covered) initializer method does not guarantee @NonNull fields properties (line 37), objects (line 39) are initialized along all control-flow paths (remember to check for exceptions or early returns).
	public AnimatedTiledMapTile (float interval, Array<StaticTiledMapTile> frameTiles) {
	       ^
    (see http://t.uber.com/nullaway )
/Users/nima/Developer/NullAwayFixer/Projects/libgdx/gdx/src/com/badlogic/gdx/maps/tiled/tiles/AnimatedTiledMapTile.java:176: error: [NullAway] (INDEX= 213) (Covered) initializer method does not guarantee @NonNull fields properties (line 37), objects (line 39) are initialized along all control-flow paths (remember to check for exceptions or early returns).
	public AnimatedTiledMapTile (IntArray intervals, Array<StaticTiledMapTile> frameTiles) {
	       ^
    (see http://t.uber.com/nullaway )
/Users/nima/Developer/NullAwayFixer/Projects/libgdx/gdx/src/com/badlogic/gdx/maps/tiled/tiles/StaticTiledMapTile.java:110: error: [NullAway] (INDEX= 214) (Covered) initializer method does not guarantee @NonNull fields properties (line 31), objects (line 33) are initialized along all control-flow paths (remember to check for exceptions or early returns).
	public StaticTiledMapTile (TextureRegion textureRegion) {
	       ^
    (see http://t.uber.com/nullaway )
/Users/nima/Developer/NullAwayFixer/Projects/libgdx/gdx/src/com/badlogic/gdx/maps/tiled/tiles/StaticTiledMapTile.java:117: error: [NullAway] (INDEX= 215) (Covered) initializer method does not guarantee @NonNull field properties (line 31) is initialized along all control-flow paths (remember to check for exceptions or early returns).
	public StaticTiledMapTile (StaticTiledMapTile copy) {
	       ^
    (see http://t.uber.com/nullaway )
/Users/nima/Developer/NullAwayFixer/Projects/libgdx/gdx/src/com/badlogic/gdx/graphics/g2d/SpriteCache.java:113: error: [NullAway] (INDEX= 216) (Covered) initializer method does not guarantee @NonNull field currentCache (line 81) is initialized along all control-flow paths (remember to check for exceptions or early returns).
	public SpriteCache (int size, ShaderProgram shader, boolean useIndices) {
	       ^
    (see http://t.uber.com/nullaway )
/Users/nima/Developer/NullAwayFixer/Projects/libgdx/gdx/src/com/badlogic/gdx/graphics/g2d/SpriteCache.java:88: error: [NullAway] (INDEX= 217) (Covered) assigning @Nullable expression to @NonNull field
	private ShaderProgram customShader = null;
	                      ^
    (see http://t.uber.com/nullaway )
/Users/nima/Developer/NullAwayFixer/Projects/libgdx/gdx/src/com/badlogic/gdx/graphics/g2d/SpriteCache.java:233: error: [NullAway] (INDEX= 218) (Covered) assigning @Nullable expression to @NonNull field
		currentCache = null;
		             ^
    (see http://t.uber.com/nullaway )
/Users/nima/Developer/NullAwayFixer/Projects/libgdx/gdx/src/com/badlogic/gdx/graphics/g2d/SpriteCache.java:971: error: [NullAway] (INDEX= 219) (Covered) initializer method does not guarantee @NonNull fields textures (line 968), counts (line 969) are initialized along all control-flow paths (remember to check for exceptions or early returns).
		public Cache (int id, int offset) {
		       ^
    (see http://t.uber.com/nullaway )
/Users/nima/Developer/NullAwayFixer/Projects/libgdx/gdx/src/com/badlogic/gdx/maps/tiled/TideMapLoader.java:53: error: [NullAway] (INDEX= 220) (Covered) initializer method does not guarantee @NonNull field root (line 51) is initialized along all control-flow paths (remember to check for exceptions or early returns).
	public TideMapLoader () {
	       ^
    (see http://t.uber.com/nullaway )
/Users/nima/Developer/NullAwayFixer/Projects/libgdx/gdx/src/com/badlogic/gdx/maps/tiled/TideMapLoader.java:57: error: [NullAway] (INDEX= 221) (Covered) initializer method does not guarantee @NonNull field root (line 51) is initialized along all control-flow paths (remember to check for exceptions or early returns).
	public TideMapLoader (FileHandleResolver resolver) {
	       ^
    (see http://t.uber.com/nullaway )
/Users/nima/Developer/NullAwayFixer/Projects/libgdx/gdx/src/com/badlogic/gdx/maps/tiled/TideMapLoader.java:114: error: [NullAway] (INDEX= 222) dereferenced expression tilesheets is @Nullable
		for (Element tilesheet : tilesheets.getChildrenByName("TileSheet")) {
		                                   ^
    (see http://t.uber.com/nullaway )
/Users/nima/Developer/NullAwayFixer/Projects/libgdx/gdx/src/com/badlogic/gdx/maps/tiled/TideMapLoader.java:118: error: [NullAway] (INDEX= 223) dereferenced expression layers is @Nullable
		for (Element layer : layers.getChildrenByName("Layer")) {
		                           ^
    (see http://t.uber.com/nullaway )
/Users/nima/Developer/NullAwayFixer/Projects/libgdx/gdx/src/com/badlogic/gdx/maps/tiled/TideMapLoader.java:131: error: [NullAway] (INDEX= 224) dereferenced expression tilesheets is @Nullable
		for (Element tileset : tilesheets.getChildrenByName("TileSheet")) {
		                                 ^
    (see http://t.uber.com/nullaway )
/Users/nima/Developer/NullAwayFixer/Projects/libgdx/gdx/src/com/badlogic/gdx/maps/tiled/TideMapLoader.java:133: error: [NullAway] (INDEX= 225) dereferenced expression imageSource is @Nullable
			FileHandle image = getRelativeFileHandle(tideFile, imageSource.getText());
			                                                              ^
    (see http://t.uber.com/nullaway )
/Users/nima/Developer/NullAwayFixer/Projects/libgdx/gdx/src/com/badlogic/gdx/maps/tiled/TideMapLoader.java:142: error: [NullAway] (INDEX= 226) dereferenced expression element.getChildByName("Description") is @Nullable
			String description = element.getChildByName("Description").getText();
			                                                          ^
    (see http://t.uber.com/nullaway )
/Users/nima/Developer/NullAwayFixer/Projects/libgdx/gdx/src/com/badlogic/gdx/maps/tiled/TideMapLoader.java:143: error: [NullAway] (INDEX= 227) dereferenced expression element.getChildByName("ImageSource") is @Nullable
			String imageSource = element.getChildByName("ImageSource").getText();
			                                                          ^
    (see http://t.uber.com/nullaway )
/Users/nima/Developer/NullAwayFixer/Projects/libgdx/gdx/src/com/badlogic/gdx/maps/tiled/TideMapLoader.java:146: error: [NullAway] (INDEX= 228) dereferenced expression alignment is @Nullable
			String sheetSize = alignment.getAttribute("SheetSize");
			                            ^
    (see http://t.uber.com/nullaway )
/Users/nima/Developer/NullAwayFixer/Projects/libgdx/gdx/src/com/badlogic/gdx/maps/tiled/TideMapLoader.java:207: error: [NullAway] (INDEX= 229) dereferenced expression dimensions is @Nullable
			String layerSize = dimensions.getAttribute("LayerSize");
			                             ^
    (see http://t.uber.com/nullaway )
/Users/nima/Developer/NullAwayFixer/Projects/libgdx/gdx/src/com/badlogic/gdx/maps/tiled/TideMapLoader.java:222: error: [NullAway] (INDEX= 230) dereferenced expression tileArray is @Nullable
			Array<Element> rows = tileArray.getChildrenByName("Row");
			                               ^
    (see http://t.uber.com/nullaway )
/Users/nima/Developer/NullAwayFixer/Projects/libgdx/gdx/src/com/badlogic/gdx/maps/tiled/TideMapLoader.java:241: error: [NullAway] (INDEX= 231) dereferenced expression currentTileSet is @Nullable
						cell.setTile(currentTileSet.getTile(firstgid + currentChild.getIntAttribute("Index")));
						                           ^
    (see http://t.uber.com/nullaway )
/Users/nima/Developer/NullAwayFixer/Projects/libgdx/gdx/src/com/badlogic/gdx/maps/tiled/TideMapLoader.java:248: error: [NullAway] (INDEX= 232) dereferenced expression frames is @Nullable
						for (int frameChild = 0, frameChildCount = frames.getChildCount(); frameChild < frameChildCount; frameChild++) {
						                                                 ^
    (see http://t.uber.com/nullaway )
/Users/nima/Developer/NullAwayFixer/Projects/libgdx/gdx/src/com/badlogic/gdx/maps/tiled/TideMapLoader.java:255: error: [NullAway] (INDEX= 233) dereferenced expression currentTileSet is @Nullable
								frameTiles.add((StaticTiledMapTile)currentTileSet.getTile(firstgid + frame.getIntAttribute("Index")));
								                                                 ^
    (see http://t.uber.com/nullaway )
/Users/nima/Developer/NullAwayFixer/Projects/libgdx/gdx/src/com/badlogic/gdx/maps/tiled/TideMapLoader.java:277: error: [NullAway] (INDEX= 234) (Covered) passing @Nullable parameter 'null' where @NonNull is required
				String key = property.getAttribute("Key", null);
				                                          ^
    (see http://t.uber.com/nullaway )
/Users/nima/Developer/NullAwayFixer/Projects/libgdx/gdx/src/com/badlogic/gdx/maps/tiled/TideMapLoader.java:278: error: [NullAway] (INDEX= 235) (Covered) passing @Nullable parameter 'null' where @NonNull is required
				String type = property.getAttribute("Type", null);
				                                            ^
    (see http://t.uber.com/nullaway )
/Users/nima/Developer/NullAwayFixer/Projects/libgdx/gdx/src/com/badlogic/gdx/maps/objects/TextureMapObject.java:32: error: [NullAway] (INDEX= 236) (Covered) assigning @Nullable expression to @NonNull field
	private TextureRegion textureRegion = null;
	                      ^
    (see http://t.uber.com/nullaway )
/Users/nima/Developer/NullAwayFixer/Projects/libgdx/gdx/src/com/badlogic/gdx/maps/objects/TextureMapObject.java:116: error: [NullAway] (INDEX= 237) (Covered) passing @Nullable parameter 'null' where @NonNull is required
		this(null);
		     ^
    (see http://t.uber.com/nullaway )
/Users/nima/Developer/NullAwayFixer/Projects/libgdx/gdx/src/com/badlogic/gdx/maps/tiled/TmxMapLoader.java:113: error: [NullAway] (INDEX= 238) (Covered) passing @Nullable parameter 'null' where @NonNull is required
			String source = tileset.getAttribute("source", null);
			                                               ^
    (see http://t.uber.com/nullaway )
/Users/nima/Developer/NullAwayFixer/Projects/libgdx/gdx/src/com/badlogic/gdx/maps/tiled/TmxMapLoader.java:119: error: [NullAway] (INDEX= 239) dereferenced expression tileset.getChildByName("image") is @Nullable
					String imageSource = tileset.getChildByName("image").getAttribute("source");
					                                                    ^
    (see http://t.uber.com/nullaway )
/Users/nima/Developer/NullAwayFixer/Projects/libgdx/gdx/src/com/badlogic/gdx/maps/tiled/TmxMapLoader.java:124: error: [NullAway] (INDEX= 240) dereferenced expression tile.getChildByName("image") is @Nullable
						String imageSource = tile.getChildByName("image").getAttribute("source");
						                                                 ^
    (see http://t.uber.com/nullaway )
/Users/nima/Developer/NullAwayFixer/Projects/libgdx/gdx/src/com/badlogic/gdx/maps/tiled/TmxMapLoader.java:132: error: [NullAway] (INDEX= 241) dereferenced expression tileset.getChildByName("image") is @Nullable
					String imageSource = tileset.getChildByName("image").getAttribute("source");
					                                                    ^
    (see http://t.uber.com/nullaway )
/Users/nima/Developer/NullAwayFixer/Projects/libgdx/gdx/src/com/badlogic/gdx/maps/tiled/TmxMapLoader.java:137: error: [NullAway] (INDEX= 242) dereferenced expression tile.getChildByName("image") is @Nullable
						String imageSource = tile.getChildByName("image").getAttribute("source");
						                                                 ^
    (see http://t.uber.com/nullaway )
/Users/nima/Developer/NullAwayFixer/Projects/libgdx/gdx/src/com/badlogic/gdx/maps/tiled/TmxMapLoader.java:148: error: [NullAway] (INDEX= 243) (Covered) passing @Nullable parameter 'null' where @NonNull is required
			String source = image.getAttribute("source", null);
			                                             ^
    (see http://t.uber.com/nullaway )
/Users/nima/Developer/NullAwayFixer/Projects/libgdx/gdx/src/com/badlogic/gdx/maps/tiled/TmxMapLoader.java:148: error: [NullAway] (INDEX= 244) dereferenced expression image is @Nullable
			String source = image.getAttribute("source", null);
			                     ^
    (see http://t.uber.com/nullaway )
/Users/nima/Developer/NullAwayFixer/Projects/libgdx/gdx/src/com/badlogic/gdx/math/Polygon.java:31: error: [NullAway] (INDEX= 245) (Covered) initializer method does not guarantee @NonNull fields worldVertices (line 22), bounds (line 28) are initialized along all control-flow paths (remember to check for exceptions or early returns).
	public Polygon () {
	       ^
    (see http://t.uber.com/nullaway )
/Users/nima/Developer/NullAwayFixer/Projects/libgdx/gdx/src/com/badlogic/gdx/math/Polygon.java:41: error: [NullAway] (INDEX= 246) (Covered) initializer method does not guarantee @NonNull fields worldVertices (line 22), bounds (line 28) are initialized along all control-flow paths (remember to check for exceptions or early returns).
	public Polygon (float[] vertices) {
	       ^
    (see http://t.uber.com/nullaway )
/Users/nima/Developer/NullAwayFixer/Projects/libgdx/gdx/src/com/badlogic/gdx/math/Polyline.java:32: error: [NullAway] (INDEX= 247) (Covered) initializer method does not guarantee @NonNull field worldVertices (line 21) is initialized along all control-flow paths (remember to check for exceptions or early returns).
	public Polyline () {
	       ^
    (see http://t.uber.com/nullaway )
/Users/nima/Developer/NullAwayFixer/Projects/libgdx/gdx/src/com/badlogic/gdx/math/Polyline.java:36: error: [NullAway] (INDEX= 248) (Covered) initializer method does not guarantee @NonNull field worldVertices (line 21) is initialized along all control-flow paths (remember to check for exceptions or early returns).
	public Polyline (float[] vertices) {
	       ^
    (see http://t.uber.com/nullaway )
/Users/nima/Developer/NullAwayFixer/Projects/libgdx/gdx/src/com/badlogic/gdx/scenes/scene2d/Group.java:269: error: [NullAway] (INDEX= 249) (Covered) passing @Nullable parameter 'getStage()' where @NonNull is required
		actor.setStage(getStage());
		                       ^
    (see http://t.uber.com/nullaway )
/Users/nima/Developer/NullAwayFixer/Projects/libgdx/gdx/src/com/badlogic/gdx/scenes/scene2d/Group.java:286: error: [NullAway] (INDEX= 250) (Covered) passing @Nullable parameter 'getStage()' where @NonNull is required
		actor.setStage(getStage());
		                       ^
    (see http://t.uber.com/nullaway )
/Users/nima/Developer/NullAwayFixer/Projects/libgdx/gdx/src/com/badlogic/gdx/scenes/scene2d/Group.java:300: error: [NullAway] (INDEX= 251) (Covered) passing @Nullable parameter 'getStage()' where @NonNull is required
		actor.setStage(getStage());
		                       ^
    (see http://t.uber.com/nullaway )
/Users/nima/Developer/NullAwayFixer/Projects/libgdx/gdx/src/com/badlogic/gdx/scenes/scene2d/Group.java:318: error: [NullAway] (INDEX= 252) (Covered) passing @Nullable parameter 'getStage()' where @NonNull is required
		actor.setStage(getStage());
		                       ^
    (see http://t.uber.com/nullaway )
/Users/nima/Developer/NullAwayFixer/Projects/libgdx/gdx/src/com/badlogic/gdx/scenes/scene2d/Group.java:347: error: [NullAway] (INDEX= 253) (Covered) passing @Nullable parameter 'null' where @NonNull is required
		actor.setStage(null);
		               ^
    (see http://t.uber.com/nullaway )
/Users/nima/Developer/NullAwayFixer/Projects/libgdx/gdx/src/com/badlogic/gdx/scenes/scene2d/Group.java:357: error: [NullAway] (INDEX= 254) (Covered) passing @Nullable parameter 'null' where @NonNull is required
			child.setStage(null);
			               ^
    (see http://t.uber.com/nullaway )
/Users/nima/Developer/NullAwayFixer/Projects/libgdx/gdx/src/com/badlogic/gdx/graphics/glutils/ShapeRenderer.java:114: error: [NullAway] (INDEX= 255) (Covered) initializer method does not guarantee @NonNull field shapeType (line 102) is initialized along all control-flow paths (remember to check for exceptions or early returns).
	public ShapeRenderer (int maxVertices, ShaderProgram defaultShader) {
	       ^
    (see http://t.uber.com/nullaway )
/Users/nima/Developer/NullAwayFixer/Projects/libgdx/gdx/src/com/badlogic/gdx/graphics/glutils/ShapeRenderer.java:111: error: [NullAway] (INDEX= 256) (Covered) passing @Nullable parameter 'null' where @NonNull is required
		this(maxVertices, null);
		                  ^
    (see http://t.uber.com/nullaway )
/Users/nima/Developer/NullAwayFixer/Projects/libgdx/gdx/src/com/badlogic/gdx/graphics/glutils/ShapeRenderer.java:235: error: [NullAway] (INDEX= 257) (Covered) passing @Nullable parameter 'null' where @NonNull is required
		check(ShapeType.Point, null, 1);
		                       ^
    (see http://t.uber.com/nullaway )
/Users/nima/Developer/NullAwayFixer/Projects/libgdx/gdx/src/com/badlogic/gdx/graphics/glutils/ShapeRenderer.java:272: error: [NullAway] (INDEX= 258) (Covered) passing @Nullable parameter 'null' where @NonNull is required
		check(ShapeType.Line, null, 2);
		                      ^
    (see http://t.uber.com/nullaway )
/Users/nima/Developer/NullAwayFixer/Projects/libgdx/gdx/src/com/badlogic/gdx/graphics/glutils/ShapeRenderer.java:281: error: [NullAway] (INDEX= 259) (Covered) passing @Nullable parameter 'null' where @NonNull is required
		check(ShapeType.Line, null, segments * 2 + 2);
		                      ^
    (see http://t.uber.com/nullaway )
/Users/nima/Developer/NullAwayFixer/Projects/libgdx/gdx/src/com/badlogic/gdx/graphics/glutils/ShapeRenderer.java:1107: error: [NullAway] (INDEX= 260) (Covered) passing @Nullable parameter 'null' where @NonNull is required
		check(ShapeType.Line, null, count);
		                      ^
    (see http://t.uber.com/nullaway )
/Users/nima/Developer/NullAwayFixer/Projects/libgdx/gdx/src/com/badlogic/gdx/graphics/glutils/ShapeRenderer.java:1144: error: [NullAway] (INDEX= 261) (Covered) passing @Nullable parameter 'null' where @NonNull is required
		check(ShapeType.Line, null, count);
		                      ^
    (see http://t.uber.com/nullaway )
/Users/nima/Developer/NullAwayFixer/Projects/libgdx/gdx/src/com/badlogic/gdx/graphics/glutils/ShapeRenderer.java:1198: error: [NullAway] (INDEX= 262) (Covered) assigning @Nullable expression to @NonNull field
		shapeType = null;
		          ^
    (see http://t.uber.com/nullaway )
/Users/nima/Developer/NullAwayFixer/Projects/libgdx/gdx/src/com/badlogic/gdx/scenes/scene2d/Actor.java:103: error: [NullAway] (INDEX= 263) (Covered) passing @Nullable parameter 'null' where @NonNull is required
						action.setActor(null);
						                ^
    (see http://t.uber.com/nullaway )
/Users/nima/Developer/NullAwayFixer/Projects/libgdx/gdx/src/com/badlogic/gdx/scenes/scene2d/Actor.java:127: error: [NullAway] (INDEX= 264) (Covered) passing @Nullable parameter 'getStage()' where @NonNull is required
		if (event.getStage() == null) event.setStage(getStage());
		                                                     ^
    (see http://t.uber.com/nullaway )
/Users/nima/Developer/NullAwayFixer/Projects/libgdx/gdx/src/com/badlogic/gdx/scenes/scene2d/Actor.java:183: error: [NullAway] (INDEX= 265) (Covered) passing @Nullable parameter 'stage' where @NonNull is required
		if (event.getStage() == null) event.setStage(stage);
		                                             ^
    (see http://t.uber.com/nullaway )
/Users/nima/Developer/NullAwayFixer/Projects/libgdx/gdx/src/com/badlogic/gdx/scenes/scene2d/Actor.java:268: error: [NullAway] (INDEX= 266) (Covered) passing @Nullable parameter 'null' where @NonNull is required
		if (action != null && actions.removeValue(action, true)) action.setActor(null);
		                                                                         ^
    (see http://t.uber.com/nullaway )
/Users/nima/Developer/NullAwayFixer/Projects/libgdx/gdx/src/com/badlogic/gdx/scenes/scene2d/Actor.java:283: error: [NullAway] (INDEX= 267) (Covered) passing @Nullable parameter 'null' where @NonNull is required
			actions.get(i).setActor(null);
			                        ^
    (see http://t.uber.com/nullaway )
/Users/nima/Developer/NullAwayFixer/Projects/libgdx/gdx/src/com/badlogic/gdx/utils/SnapshotArray.java:47: error: [NullAway] (INDEX= 268) (Covered) initializer method does not guarantee @NonNull fields snapshot (line 44), recycled (line 44) are initialized along all control-flow paths (remember to check for exceptions or early returns).
	public SnapshotArray () {
	       ^
    (see http://t.uber.com/nullaway )
/Users/nima/Developer/NullAwayFixer/Projects/libgdx/gdx/src/com/badlogic/gdx/utils/SnapshotArray.java:51: error: [NullAway] (INDEX= 269) (Covered) initializer method does not guarantee @NonNull fields snapshot (line 44), recycled (line 44) are initialized along all control-flow paths (remember to check for exceptions or early returns).
	public SnapshotArray (Array array) {
	       ^
    (see http://t.uber.com/nullaway )
/Users/nima/Developer/NullAwayFixer/Projects/libgdx/gdx/src/com/badlogic/gdx/utils/SnapshotArray.java:55: error: [NullAway] (INDEX= 270) (Covered) initializer method does not guarantee @NonNull fields snapshot (line 44), recycled (line 44) are initialized along all control-flow paths (remember to check for exceptions or early returns).
	public SnapshotArray (boolean ordered, int capacity, Class arrayType) {
	       ^
    (see http://t.uber.com/nullaway )
/Users/nima/Developer/NullAwayFixer/Projects/libgdx/gdx/src/com/badlogic/gdx/utils/SnapshotArray.java:59: error: [NullAway] (INDEX= 271) (Covered) initializer method does not guarantee @NonNull fields snapshot (line 44), recycled (line 44) are initialized along all control-flow paths (remember to check for exceptions or early returns).
	public SnapshotArray (boolean ordered, int capacity) {
	       ^
    (see http://t.uber.com/nullaway )
/Users/nima/Developer/NullAwayFixer/Projects/libgdx/gdx/src/com/badlogic/gdx/utils/SnapshotArray.java:63: error: [NullAway] (INDEX= 272) (Covered) initializer method does not guarantee @NonNull fields snapshot (line 44), recycled (line 44) are initialized along all control-flow paths (remember to check for exceptions or early returns).
	public SnapshotArray (boolean ordered, T[] array, int startIndex, int count) {
	       ^
    (see http://t.uber.com/nullaway )
/Users/nima/Developer/NullAwayFixer/Projects/libgdx/gdx/src/com/badlogic/gdx/utils/SnapshotArray.java:67: error: [NullAway] (INDEX= 273) (Covered) initializer method does not guarantee @NonNull fields snapshot (line 44), recycled (line 44) are initialized along all control-flow paths (remember to check for exceptions or early returns).
	public SnapshotArray (Class arrayType) {
	       ^
    (see http://t.uber.com/nullaway )
/Users/nima/Developer/NullAwayFixer/Projects/libgdx/gdx/src/com/badlogic/gdx/utils/SnapshotArray.java:71: error: [NullAway] (INDEX= 274) (Covered) initializer method does not guarantee @NonNull fields snapshot (line 44), recycled (line 44) are initialized along all control-flow paths (remember to check for exceptions or early returns).
	public SnapshotArray (int capacity) {
	       ^
    (see http://t.uber.com/nullaway )
/Users/nima/Developer/NullAwayFixer/Projects/libgdx/gdx/src/com/badlogic/gdx/utils/SnapshotArray.java:75: error: [NullAway] (INDEX= 275) (Covered) initializer method does not guarantee @NonNull fields snapshot (line 44), recycled (line 44) are initialized along all control-flow paths (remember to check for exceptions or early returns).
	public SnapshotArray (T[] array) {
	       ^
    (see http://t.uber.com/nullaway )
/Users/nima/Developer/NullAwayFixer/Projects/libgdx/gdx/src/com/badlogic/gdx/utils/SnapshotArray.java:97: error: [NullAway] (INDEX= 276) (Covered) assigning @Nullable expression to @NonNull field
		snapshot = null;
		         ^
    (see http://t.uber.com/nullaway )
/Users/nima/Developer/NullAwayFixer/Projects/libgdx/gdx/src/com/badlogic/gdx/utils/SnapshotArray.java:106: error: [NullAway] (INDEX= 277) (Covered) assigning @Nullable expression to @NonNull field
			recycled = null;
			         ^
    (see http://t.uber.com/nullaway )
/Users/nima/Developer/NullAwayFixer/Projects/libgdx/gdx/src/com/badlogic/gdx/utils/SnapshotArray.java:131: error: [NullAway] (INDEX= 278) (Covered) parameter value is @NonNull, but parameter in superclass method com.badlogic.gdx.utils.Array.removeValue(T,boolean) is @Nullable
	public boolean removeValue (T value, boolean identity) {
	                              ^
    (see http://t.uber.com/nullaway )
/Users/nima/Developer/NullAwayFixer/Projects/libgdx/gdx/src/com/badlogic/gdx/scenes/scene2d/InputEvent.java:26: error: [NullAway] (INDEX= 279) (Covered) @NonNull field type not initialized
	private Type type;
	             ^
    (see http://t.uber.com/nullaway )
/Users/nima/Developer/NullAwayFixer/Projects/libgdx/gdx/src/com/badlogic/gdx/scenes/scene2d/ui/Label.java:73: error: [NullAway] (INDEX= 280) (Covered) initializer method does not guarantee @NonNull fields style (line 38), cache (line 43) are initialized along all control-flow paths (remember to check for exceptions or early returns).
	public Label (@Null CharSequence text, LabelStyle style) {
	       ^
    (see http://t.uber.com/nullaway )
/Users/nima/Developer/NullAwayFixer/Projects/libgdx/gdx/src/com/badlogic/gdx/scenes/scene2d/ui/Label.java:378: error: [NullAway] (INDEX= 281) (Covered) initializer method does not guarantee @NonNull field font (line 374) is initialized along all control-flow paths (remember to check for exceptions or early returns).
		public LabelStyle () {
		       ^
    (see http://t.uber.com/nullaway )
/Users/nima/Developer/NullAwayFixer/Projects/libgdx/gdx/src/com/badlogic/gdx/scenes/scene2d/ui/Value.java:121: error: [NullAway] (INDEX= 282) dereferenced expression actor is @Nullable
				return actor.getWidth() * percent;
				            ^
    (see http://t.uber.com/nullaway )
/Users/nima/Developer/NullAwayFixer/Projects/libgdx/gdx/src/com/badlogic/gdx/scenes/scene2d/ui/Value.java:130: error: [NullAway] (INDEX= 283) dereferenced expression actor is @Nullable
				return actor.getHeight() * percent;
				            ^
    (see http://t.uber.com/nullaway )
/Users/nima/Developer/NullAwayFixer/Projects/libgdx/gdx/src/com/badlogic/gdx/scenes/scene2d/ui/Table.java:92: error: [NullAway] (INDEX= 284) (Covered) initializer method does not guarantee @NonNull fields rowDefaults (line 66), columnMinWidth (line 69), rowMinHeight (line 69), columnPrefWidth (line 70), rowPrefHeight (line 70), columnWidth (line 73), rowHeight (line 73), expandWidth (line 74), expandHeight (line 74), debugRects (line 80) are initialized along all control-flow paths (remember to check for exceptions or early returns).
	public Table (@Null Skin skin) {
	       ^
    (see http://t.uber.com/nullaway )
/Users/nima/Developer/NullAwayFixer/Projects/libgdx/gdx/src/com/badlogic/gdx/scenes/scene2d/ui/Table.java:58: error: [NullAway] (INDEX= 285) (Covered) @NonNull static field columnWeightedWidth not initialized
	static private float[] columnWeightedWidth, rowWeightedHeight;
	                       ^
    (see http://t.uber.com/nullaway )
/Users/nima/Developer/NullAwayFixer/Projects/libgdx/gdx/src/com/badlogic/gdx/scenes/scene2d/ui/Table.java:58: error: [NullAway] (INDEX= 286) (Covered) @NonNull static field rowWeightedHeight not initialized
	static private float[] columnWeightedWidth, rowWeightedHeight;
	                                            ^
    (see http://t.uber.com/nullaway )
/Users/nima/Developer/NullAwayFixer/Projects/libgdx/gdx/src/com/badlogic/gdx/scenes/scene2d/ui/Table.java:344: error: [NullAway] (INDEX= 287) (Covered) assigning @Nullable expression to @NonNull field
		rowDefaults = null;
		            ^
    (see http://t.uber.com/nullaway )
/Users/nima/Developer/NullAwayFixer/Projects/libgdx/gdx/src/com/badlogic/gdx/scenes/scene2d/ui/Table.java:407: error: [NullAway] (INDEX= 288) (Covered) passing @Nullable parameter 'null' where @NonNull is required
					columnDefaults.add(null);
					                   ^
    (see http://t.uber.com/nullaway )
/Users/nima/Developer/NullAwayFixer/Projects/libgdx/gdx/src/com/badlogic/gdx/scenes/scene2d/ui/Table.java:1272: error: [NullAway] (INDEX= 289) (Covered) @NonNull field Table$DebugRect.color not initialized
		Color color;
		      ^
    (see http://t.uber.com/nullaway )
/Users/nima/Developer/NullAwayFixer/Projects/libgdx/gdx/src/com/badlogic/gdx/scenes/scene2d/utils/FocusListener.java:53: error: [NullAway] (INDEX= 290) (Covered) @NonNull field FocusListener$FocusEvent.type not initialized
		private Type type;
		             ^
    (see http://t.uber.com/nullaway )
/Users/nima/Developer/NullAwayFixer/Projects/libgdx/gdx/src/com/badlogic/gdx/scenes/scene2d/utils/FocusListener.java:54: error: [NullAway] (INDEX= 291) (Covered) @NonNull field FocusListener$FocusEvent.relatedActor not initialized
		private Actor relatedActor;
		              ^
    (see http://t.uber.com/nullaway )
/Users/nima/Developer/NullAwayFixer/Projects/libgdx/gdx/src/com/badlogic/gdx/scenes/scene2d/utils/FocusListener.java:58: error: [NullAway] (INDEX= 292) (Covered) assigning @Nullable expression to @NonNull field
			relatedActor = null;
			             ^
    (see http://t.uber.com/nullaway )
/Users/nima/Developer/NullAwayFixer/Projects/libgdx/gdx/src/com/badlogic/gdx/scenes/scene2d/utils/FocusListener.java:85: error: [NullAway] (INDEX= 293) (Covered) assigning @Nullable expression to @NonNull field
			this.relatedActor = relatedActor;
			                  ^
    (see http://t.uber.com/nullaway )
/Users/nima/Developer/NullAwayFixer/Projects/libgdx/gdx/src/com/badlogic/gdx/scenes/scene2d/Stage.java:108: error: [NullAway] (INDEX= 294) (Covered) initializer method does not guarantee @NonNull field debugShapes (line 85) is initialized along all control-flow paths (remember to check for exceptions or early returns).
	public Stage (Viewport viewport, Batch batch) {
	       ^
    (see http://t.uber.com/nullaway )
/Users/nima/Developer/NullAwayFixer/Projects/libgdx/gdx/src/com/badlogic/gdx/scenes/scene2d/Stage.java:859: error: [NullAway] (INDEX= 295) (Covered) @NonNull field Stage$TouchFocus.listener not initialized
		EventListener listener;
		              ^
    (see http://t.uber.com/nullaway )
/Users/nima/Developer/NullAwayFixer/Projects/libgdx/gdx/src/com/badlogic/gdx/scenes/scene2d/Stage.java:860: error: [NullAway] (INDEX= 296) (Covered) @NonNull field Stage$TouchFocus.listenerActor not initialized
		Actor listenerActor, target;
		      ^
    (see http://t.uber.com/nullaway )
/Users/nima/Developer/NullAwayFixer/Projects/libgdx/gdx/src/com/badlogic/gdx/scenes/scene2d/Stage.java:860: error: [NullAway] (INDEX= 297) (Covered) @NonNull field Stage$TouchFocus.target not initialized
		Actor listenerActor, target;
		                     ^
    (see http://t.uber.com/nullaway )
/Users/nima/Developer/NullAwayFixer/Projects/libgdx/gdx/src/com/badlogic/gdx/scenes/scene2d/Stage.java:864: error: [NullAway] (INDEX= 298) (Covered) assigning @Nullable expression to @NonNull field
			listenerActor = null;
			              ^
    (see http://t.uber.com/nullaway )
/Users/nima/Developer/NullAwayFixer/Projects/libgdx/gdx/src/com/badlogic/gdx/scenes/scene2d/Stage.java:865: error: [NullAway] (INDEX= 299) (Covered) assigning @Nullable expression to @NonNull field
			listener = null;
			         ^
    (see http://t.uber.com/nullaway )
/Users/nima/Developer/NullAwayFixer/Projects/libgdx/gdx/src/com/badlogic/gdx/scenes/scene2d/Stage.java:866: error: [NullAway] (INDEX= 300) (Covered) assigning @Nullable expression to @NonNull field
			target = null;
			       ^
    (see http://t.uber.com/nullaway )
/Users/nima/Developer/NullAwayFixer/Projects/libgdx/gdx/src/com/badlogic/gdx/scenes/scene2d/Event.java:38: error: [NullAway] (INDEX= 301) (Covered) @NonNull field stage not initialized
	private Stage stage;
	              ^
    (see http://t.uber.com/nullaway )
/Users/nima/Developer/NullAwayFixer/Projects/libgdx/gdx/src/com/badlogic/gdx/scenes/scene2d/Event.java:39: error: [NullAway] (INDEX= 302) (Covered) @NonNull field targetActor not initialized
	private Actor targetActor;
	              ^
    (see http://t.uber.com/nullaway )
/Users/nima/Developer/NullAwayFixer/Projects/libgdx/gdx/src/com/badlogic/gdx/scenes/scene2d/Event.java:40: error: [NullAway] (INDEX= 303) (Covered) @NonNull field listenerActor not initialized
	private Actor listenerActor;
	              ^
    (see http://t.uber.com/nullaway )
/Users/nima/Developer/NullAwayFixer/Projects/libgdx/gdx/src/com/badlogic/gdx/scenes/scene2d/Event.java:70: error: [NullAway] (INDEX= 304) (Covered) assigning @Nullable expression to @NonNull field
		stage = null;
		      ^
    (see http://t.uber.com/nullaway )
/Users/nima/Developer/NullAwayFixer/Projects/libgdx/gdx/src/com/badlogic/gdx/scenes/scene2d/Event.java:71: error: [NullAway] (INDEX= 305) (Covered) assigning @Nullable expression to @NonNull field
		targetActor = null;
		            ^
    (see http://t.uber.com/nullaway )
/Users/nima/Developer/NullAwayFixer/Projects/libgdx/gdx/src/com/badlogic/gdx/scenes/scene2d/Event.java:72: error: [NullAway] (INDEX= 306) (Covered) assigning @Nullable expression to @NonNull field
		listenerActor = null;
		              ^
    (see http://t.uber.com/nullaway )
/Users/nima/Developer/NullAwayFixer/Projects/libgdx/gdx/src/com/badlogic/gdx/utils/viewport/Viewport.java:35: error: [NullAway] (INDEX= 307) (Covered) @NonNull field camera not initialized
	private Camera camera;
	               ^
    (see http://t.uber.com/nullaway )
/Users/nima/Developer/NullAwayFixer/Projects/libgdx/gdx/src/com/badlogic/gdx/scenes/scene2d/Action.java:29: error: [NullAway] (INDEX= 308) (Covered) @NonNull field actor not initialized
	protected Actor actor;
	                ^
    (see http://t.uber.com/nullaway )
/Users/nima/Developer/NullAwayFixer/Projects/libgdx/gdx/src/com/badlogic/gdx/scenes/scene2d/Action.java:32: error: [NullAway] (INDEX= 309) (Covered) @NonNull field target not initialized
	protected Actor target;
	                ^
    (see http://t.uber.com/nullaway )
/Users/nima/Developer/NullAwayFixer/Projects/libgdx/gdx/src/com/badlogic/gdx/scenes/scene2d/Action.java:90: error: [NullAway] (INDEX= 310) (Covered) assigning @Nullable expression to @NonNull field
		actor = null;
		      ^
    (see http://t.uber.com/nullaway )
/Users/nima/Developer/NullAwayFixer/Projects/libgdx/gdx/src/com/badlogic/gdx/scenes/scene2d/Action.java:91: error: [NullAway] (INDEX= 311) (Covered) assigning @Nullable expression to @NonNull field
		target = null;
		       ^
    (see http://t.uber.com/nullaway )
/Users/nima/Developer/NullAwayFixer/Projects/libgdx/gdx/src/com/badlogic/gdx/scenes/scene2d/ui/Cell.java:44: error: [NullAway] (INDEX= 312) (Covered) initializer method does not guarantee @NonNull fields minWidth (line 23), minHeight (line 23), prefWidth (line 24), prefHeight (line 24), maxWidth (line 25), maxHeight (line 25), spaceTop (line 26), spaceLeft (line 26), spaceBottom (line 26), spaceRight (line 26), padTop (line 27), padLeft (line 27), padBottom (line 27), padRight (line 27), fillX (line 28), fillY (line 28), align (line 29), expandX (line 30), expandY (line 30), colspan (line 31), uniformX (line 32), uniformY (line 32), table (line 38) are initialized along all control-flow paths (remember to check for exceptions or early returns).
	public Cell () {
	       ^
    (see http://t.uber.com/nullaway )
/Users/nima/Developer/NullAwayFixer/Projects/libgdx/gdx/src/com/badlogic/gdx/scenes/scene2d/ui/Cell.java:20: error: [NullAway] (INDEX= 313) (Covered) @NonNull static field files not initialized
	static private Files files;
	                     ^
    (see http://t.uber.com/nullaway )
/Users/nima/Developer/NullAwayFixer/Projects/libgdx/gdx/src/com/badlogic/gdx/scenes/scene2d/ui/Cell.java:21: error: [NullAway] (INDEX= 314) (Covered) @NonNull static field defaults not initialized
	static private Cell defaults;
	                    ^
    (see http://t.uber.com/nullaway )
/Users/nima/Developer/NullAwayFixer/Projects/libgdx/gdx/src/com/badlogic/gdx/scenes/scene2d/ui/Cell.java:901: error: [NullAway] (INDEX= 315) (Covered) assigning @Nullable expression to @NonNull field
		minWidth = null;
		         ^
    (see http://t.uber.com/nullaway )
/Users/nima/Developer/NullAwayFixer/Projects/libgdx/gdx/src/com/badlogic/gdx/scenes/scene2d/ui/Cell.java:902: error: [NullAway] (INDEX= 316) (Covered) assigning @Nullable expression to @NonNull field
		minHeight = null;
		          ^
    (see http://t.uber.com/nullaway )
/Users/nima/Developer/NullAwayFixer/Projects/libgdx/gdx/src/com/badlogic/gdx/scenes/scene2d/ui/Cell.java:903: error: [NullAway] (INDEX= 317) (Covered) assigning @Nullable expression to @NonNull field
		prefWidth = null;
		          ^
    (see http://t.uber.com/nullaway )
/Users/nima/Developer/NullAwayFixer/Projects/libgdx/gdx/src/com/badlogic/gdx/scenes/scene2d/ui/Cell.java:904: error: [NullAway] (INDEX= 318) (Covered) assigning @Nullable expression to @NonNull field
		prefHeight = null;
		           ^
    (see http://t.uber.com/nullaway )
/Users/nima/Developer/NullAwayFixer/Projects/libgdx/gdx/src/com/badlogic/gdx/scenes/scene2d/ui/Cell.java:905: error: [NullAway] (INDEX= 319) (Covered) assigning @Nullable expression to @NonNull field
		maxWidth = null;
		         ^
    (see http://t.uber.com/nullaway )
/Users/nima/Developer/NullAwayFixer/Projects/libgdx/gdx/src/com/badlogic/gdx/scenes/scene2d/ui/Cell.java:906: error: [NullAway] (INDEX= 320) (Covered) assigning @Nullable expression to @NonNull field
		maxHeight = null;
		          ^
    (see http://t.uber.com/nullaway )
/Users/nima/Developer/NullAwayFixer/Projects/libgdx/gdx/src/com/badlogic/gdx/scenes/scene2d/ui/Cell.java:907: error: [NullAway] (INDEX= 321) (Covered) assigning @Nullable expression to @NonNull field
		spaceTop = null;
		         ^
    (see http://t.uber.com/nullaway )
/Users/nima/Developer/NullAwayFixer/Projects/libgdx/gdx/src/com/badlogic/gdx/scenes/scene2d/ui/Cell.java:908: error: [NullAway] (INDEX= 322) (Covered) assigning @Nullable expression to @NonNull field
		spaceLeft = null;
		          ^
    (see http://t.uber.com/nullaway )
/Users/nima/Developer/NullAwayFixer/Projects/libgdx/gdx/src/com/badlogic/gdx/scenes/scene2d/ui/Cell.java:909: error: [NullAway] (INDEX= 323) (Covered) assigning @Nullable expression to @NonNull field
		spaceBottom = null;
		            ^
    (see http://t.uber.com/nullaway )
/Users/nima/Developer/NullAwayFixer/Projects/libgdx/gdx/src/com/badlogic/gdx/scenes/scene2d/ui/Cell.java:910: error: [NullAway] (INDEX= 324) (Covered) assigning @Nullable expression to @NonNull field
		spaceRight = null;
		           ^
    (see http://t.uber.com/nullaway )
/Users/nima/Developer/NullAwayFixer/Projects/libgdx/gdx/src/com/badlogic/gdx/scenes/scene2d/ui/Cell.java:911: error: [NullAway] (INDEX= 325) (Covered) assigning @Nullable expression to @NonNull field
		padTop = null;
		       ^
    (see http://t.uber.com/nullaway )
/Users/nima/Developer/NullAwayFixer/Projects/libgdx/gdx/src/com/badlogic/gdx/scenes/scene2d/ui/Cell.java:912: error: [NullAway] (INDEX= 326) (Covered) assigning @Nullable expression to @NonNull field
		padLeft = null;
		        ^
    (see http://t.uber.com/nullaway )
/Users/nima/Developer/NullAwayFixer/Projects/libgdx/gdx/src/com/badlogic/gdx/scenes/scene2d/ui/Cell.java:913: error: [NullAway] (INDEX= 327) (Covered) assigning @Nullable expression to @NonNull field
		padBottom = null;
		          ^
    (see http://t.uber.com/nullaway )
/Users/nima/Developer/NullAwayFixer/Projects/libgdx/gdx/src/com/badlogic/gdx/scenes/scene2d/ui/Cell.java:914: error: [NullAway] (INDEX= 328) (Covered) assigning @Nullable expression to @NonNull field
		padRight = null;
		         ^
    (see http://t.uber.com/nullaway )
/Users/nima/Developer/NullAwayFixer/Projects/libgdx/gdx/src/com/badlogic/gdx/scenes/scene2d/ui/Cell.java:915: error: [NullAway] (INDEX= 329) (Covered) assigning @Nullable expression to @NonNull field
		fillX = null;
		      ^
    (see http://t.uber.com/nullaway )
/Users/nima/Developer/NullAwayFixer/Projects/libgdx/gdx/src/com/badlogic/gdx/scenes/scene2d/ui/Cell.java:916: error: [NullAway] (INDEX= 330) (Covered) assigning @Nullable expression to @NonNull field
		fillY = null;
		      ^
    (see http://t.uber.com/nullaway )
/Users/nima/Developer/NullAwayFixer/Projects/libgdx/gdx/src/com/badlogic/gdx/scenes/scene2d/ui/Cell.java:917: error: [NullAway] (INDEX= 331) (Covered) assigning @Nullable expression to @NonNull field
		align = null;
		      ^
    (see http://t.uber.com/nullaway )
/Users/nima/Developer/NullAwayFixer/Projects/libgdx/gdx/src/com/badlogic/gdx/scenes/scene2d/ui/Cell.java:918: error: [NullAway] (INDEX= 332) (Covered) assigning @Nullable expression to @NonNull field
		expandX = null;
		        ^
    (see http://t.uber.com/nullaway )
/Users/nima/Developer/NullAwayFixer/Projects/libgdx/gdx/src/com/badlogic/gdx/scenes/scene2d/ui/Cell.java:919: error: [NullAway] (INDEX= 333) (Covered) assigning @Nullable expression to @NonNull field
		expandY = null;
		        ^
    (see http://t.uber.com/nullaway )
/Users/nima/Developer/NullAwayFixer/Projects/libgdx/gdx/src/com/badlogic/gdx/scenes/scene2d/ui/Cell.java:920: error: [NullAway] (INDEX= 334) (Covered) assigning @Nullable expression to @NonNull field
		colspan = null;
		        ^
    (see http://t.uber.com/nullaway )
/Users/nima/Developer/NullAwayFixer/Projects/libgdx/gdx/src/com/badlogic/gdx/scenes/scene2d/ui/Cell.java:921: error: [NullAway] (INDEX= 335) (Covered) assigning @Nullable expression to @NonNull field
		uniformX = null;
		         ^
    (see http://t.uber.com/nullaway )
/Users/nima/Developer/NullAwayFixer/Projects/libgdx/gdx/src/com/badlogic/gdx/scenes/scene2d/ui/Cell.java:922: error: [NullAway] (INDEX= 336) (Covered) assigning @Nullable expression to @NonNull field
		uniformY = null;
		         ^
    (see http://t.uber.com/nullaway )
/Users/nima/Developer/NullAwayFixer/Projects/libgdx/gdx/src/com/badlogic/gdx/scenes/scene2d/ui/Cell.java:928: error: [NullAway] (INDEX= 337) (Covered) assigning @Nullable expression to @NonNull field
		table = null;
		      ^
    (see http://t.uber.com/nullaway )
/Users/nima/Developer/NullAwayFixer/Projects/libgdx/gdx/src/com/badlogic/gdx/scenes/scene2d/ui/Cell.java:1015: error: [NullAway] (INDEX= 338) (Covered) assigning @Nullable expression to @NonNull field
			defaults.uniformX = null;
			                  ^
    (see http://t.uber.com/nullaway )
/Users/nima/Developer/NullAwayFixer/Projects/libgdx/gdx/src/com/badlogic/gdx/scenes/scene2d/ui/Cell.java:1016: error: [NullAway] (INDEX= 339) (Covered) assigning @Nullable expression to @NonNull field
			defaults.uniformY = null;
			                  ^
    (see http://t.uber.com/nullaway )
/Users/nima/Developer/NullAwayFixer/Projects/libgdx/gdx/src/com/badlogic/gdx/graphics/g2d/GlyphLayout.java:162: error: [NullAway] (INDEX= 340) (Covered) passing @Nullable parameter 'lastGlyph' where @NonNull is required
					fontData.getGlyphs(run, str, runStart, runEnd, lastGlyph);
					                                               ^
    (see http://t.uber.com/nullaway )
/Users/nima/Developer/NullAwayFixer/Projects/libgdx/gdx/src/com/badlogic/gdx/graphics/g2d/GlyphLayout.java:323: error: [NullAway] (INDEX= 341) (Covered) passing @Nullable parameter 'null' where @NonNull is required
		fontData.getGlyphs(truncateRun, truncate, 0, truncate.length(), null);
		                                                                ^
    (see http://t.uber.com/nullaway )
/Users/nima/Developer/NullAwayFixer/Projects/libgdx/gdx/src/com/badlogic/gdx/graphics/g2d/GlyphLayout.java:410: error: [NullAway] (INDEX= 342) (Covered) returning @Nullable expression from method with @NonNull return type
		return second;
		^
    (see http://t.uber.com/nullaway )
/Users/nima/Developer/NullAwayFixer/Projects/libgdx/gdx/src/com/badlogic/gdx/graphics/g2d/BitmapFont.java:116: error: [NullAway] (INDEX= 343) (Covered) passing @Nullable parameter '(TextureRegion)null' where @NonNull is required
		this(new BitmapFontData(fontFile, flip), (TextureRegion)null, true);
		                                         ^
    (see http://t.uber.com/nullaway )
/Users/nima/Developer/NullAwayFixer/Projects/libgdx/gdx/src/com/badlogic/gdx/graphics/g2d/BitmapFont.java:144: error: [NullAway] (INDEX= 344) (Covered) passing @Nullable parameter 'region != null ? Array.with(region) : null' where @NonNull is required
		this(data, region != null ? Array.with(region) : null, integer);
		                          ^
    (see http://t.uber.com/nullaway )
/Users/nima/Developer/NullAwayFixer/Projects/libgdx/gdx/src/com/badlogic/gdx/graphics/g2d/BitmapFont.java:338: error: [NullAway] (INDEX= 345) (Covered) assigning @Nullable expression to @NonNull field
			g.kerning = null;
			          ^
    (see http://t.uber.com/nullaway )
/Users/nima/Developer/NullAwayFixer/Projects/libgdx/gdx/src/com/badlogic/gdx/graphics/g2d/BitmapFont.java:400: error: [NullAway] (INDEX= 346) (Covered) @NonNull field BitmapFont$Glyph.kerning not initialized
		public byte[][] kerning;
		                ^
    (see http://t.uber.com/nullaway )
/Users/nima/Developer/NullAwayFixer/Projects/libgdx/gdx/src/com/badlogic/gdx/graphics/g2d/BitmapFont.java:479: error: [NullAway] (INDEX= 347) (Covered) initializer method does not guarantee @NonNull fields name (line 436), imagePaths (line 438), fontFile (line 439), missingGlyph (line 464), breakChars (line 472) are initialized along all control-flow paths (remember to check for exceptions or early returns).
		public BitmapFontData () {
		       ^
    (see http://t.uber.com/nullaway )
/Users/nima/Developer/NullAwayFixer/Projects/libgdx/gdx/src/com/badlogic/gdx/graphics/g2d/BitmapFont.java:482: error: [NullAway] (INDEX= 348) (Covered) initializer method does not guarantee @NonNull fields name (line 436), imagePaths (line 438), missingGlyph (line 464), breakChars (line 472) are initialized along all control-flow paths (remember to check for exceptions or early returns).
		public BitmapFontData (FileHandle fontFile, boolean flip) {
		       ^
    (see http://t.uber.com/nullaway )
/Users/nima/Developer/NullAwayFixer/Projects/libgdx/gdx/src/com/badlogic/gdx/graphics/g2d/BitmapFont.java:822: error: [NullAway] (INDEX= 349) (Covered) returning @Nullable expression from method with @NonNull return type
			return null;
			^
    (see http://t.uber.com/nullaway )
/Users/nima/Developer/NullAwayFixer/Projects/libgdx/gdx/src/com/badlogic/gdx/utils/IntSet.java:79: error: [NullAway] (INDEX= 350) (Covered) initializer method does not guarantee @NonNull fields iterator1 (line 63), iterator2 (line 63) are initialized along all control-flow paths (remember to check for exceptions or early returns).
	public IntSet (int initialCapacity, float loadFactor) {
	       ^
    (see http://t.uber.com/nullaway )
/Users/nima/Developer/NullAwayFixer/Projects/libgdx/gdx/src/com/badlogic/gdx/utils/JsonWriter.java:35: error: [NullAway] (INDEX= 351) (Covered) initializer method does not guarantee @NonNull field current (line 30) is initialized along all control-flow paths (remember to check for exceptions or early returns).
	public JsonWriter (Writer writer) {
	       ^
    (see http://t.uber.com/nullaway )
/Users/nima/Developer/NullAwayFixer/Projects/libgdx/gdx/src/com/badlogic/gdx/utils/JsonWriter.java:132: error: [NullAway] (INDEX= 352) (Covered) assigning @Nullable expression to @NonNull field
		current = stack.size == 0 ? null : stack.peek();
		        ^
    (see http://t.uber.com/nullaway )
/Users/nima/Developer/NullAwayFixer/Projects/libgdx/gdx/src/com/badlogic/gdx/utils/JsonValue.java:54: error: [NullAway] (INDEX= 353) (Covered) initializer method does not guarantee @NonNull fields stringValue (line 43), name (line 47), child (line 49), parent (line 49), next (line 51), prev (line 51) are initialized along all control-flow paths (remember to check for exceptions or early returns).
	public JsonValue (ValueType type) {
	       ^
    (see http://t.uber.com/nullaway )
/Users/nima/Developer/NullAwayFixer/Projects/libgdx/gdx/src/com/badlogic/gdx/utils/JsonValue.java:59: error: [NullAway] (INDEX= 354) (Covered) initializer method does not guarantee @NonNull fields stringValue (line 43), name (line 47), child (line 49), parent (line 49), next (line 51), prev (line 51), type (line 40) are initialized along all control-flow paths (remember to check for exceptions or early returns).
	public JsonValue (String value) {
	       ^
    (see http://t.uber.com/nullaway )
/Users/nima/Developer/NullAwayFixer/Projects/libgdx/gdx/src/com/badlogic/gdx/utils/JsonValue.java:63: error: [NullAway] (INDEX= 355) (Covered) initializer method does not guarantee @NonNull fields stringValue (line 43), name (line 47), child (line 49), parent (line 49), next (line 51), prev (line 51), type (line 40) are initialized along all control-flow paths (remember to check for exceptions or early returns).
	public JsonValue (double value) {
	       ^
    (see http://t.uber.com/nullaway )
/Users/nima/Developer/NullAwayFixer/Projects/libgdx/gdx/src/com/badlogic/gdx/utils/JsonValue.java:67: error: [NullAway] (INDEX= 356) (Covered) initializer method does not guarantee @NonNull fields stringValue (line 43), name (line 47), child (line 49), parent (line 49), next (line 51), prev (line 51), type (line 40) are initialized along all control-flow paths (remember to check for exceptions or early returns).
	public JsonValue (long value) {
	       ^
    (see http://t.uber.com/nullaway )
/Users/nima/Developer/NullAwayFixer/Projects/libgdx/gdx/src/com/badlogic/gdx/utils/JsonValue.java:71: error: [NullAway] (INDEX= 357) (Covered) initializer method does not guarantee @NonNull fields stringValue (line 43), name (line 47), child (line 49), parent (line 49), next (line 51), prev (line 51), type (line 40) are initialized along all control-flow paths (remember to check for exceptions or early returns).
	public JsonValue (double value, String stringValue) {
	       ^
    (see http://t.uber.com/nullaway )
/Users/nima/Developer/NullAwayFixer/Projects/libgdx/gdx/src/com/badlogic/gdx/utils/JsonValue.java:75: error: [NullAway] (INDEX= 358) (Covered) initializer method does not guarantee @NonNull fields stringValue (line 43), name (line 47), child (line 49), parent (line 49), next (line 51), prev (line 51), type (line 40) are initialized along all control-flow paths (remember to check for exceptions or early returns).
	public JsonValue (long value, String stringValue) {
	       ^
    (see http://t.uber.com/nullaway )
/Users/nima/Developer/NullAwayFixer/Projects/libgdx/gdx/src/com/badlogic/gdx/utils/JsonValue.java:79: error: [NullAway] (INDEX= 359) (Covered) initializer method does not guarantee @NonNull fields stringValue (line 43), name (line 47), child (line 49), parent (line 49), next (line 51), prev (line 51), type (line 40) are initialized along all control-flow paths (remember to check for exceptions or early returns).
	public JsonValue (boolean value) {
	       ^
    (see http://t.uber.com/nullaway )
/Users/nima/Developer/NullAwayFixer/Projects/libgdx/gdx/src/com/badlogic/gdx/utils/JsonValue.java:64: error: [NullAway] (INDEX= 360) (Covered) passing @Nullable parameter 'null' where @NonNull is required
		set(value, null);
		           ^
    (see http://t.uber.com/nullaway )
/Users/nima/Developer/NullAwayFixer/Projects/libgdx/gdx/src/com/badlogic/gdx/utils/JsonValue.java:68: error: [NullAway] (INDEX= 361) (Covered) passing @Nullable parameter 'null' where @NonNull is required
		set(value, null);
		           ^
    (see http://t.uber.com/nullaway )
/Users/nima/Developer/NullAwayFixer/Projects/libgdx/gdx/src/com/badlogic/gdx/utils/JsonValue.java:137: error: [NullAway] (INDEX= 362) (Covered) returning @Nullable expression from method with @NonNull return type
		if (child == null) return null;
		                   ^
    (see http://t.uber.com/nullaway )
/Users/nima/Developer/NullAwayFixer/Projects/libgdx/gdx/src/com/badlogic/gdx/utils/JsonValue.java:140: error: [NullAway] (INDEX= 363) (Covered) assigning @Nullable expression to @NonNull field
			if (this.child != null) this.child.prev = null;
			                                        ^
    (see http://t.uber.com/nullaway )
/Users/nima/Developer/NullAwayFixer/Projects/libgdx/gdx/src/com/badlogic/gdx/utils/JsonValue.java:153: error: [NullAway] (INDEX= 364) (Covered) returning @Nullable expression from method with @NonNull return type
		if (child == null) return null;
		                   ^
    (see http://t.uber.com/nullaway )
/Users/nima/Developer/NullAwayFixer/Projects/libgdx/gdx/src/com/badlogic/gdx/utils/JsonValue.java:156: error: [NullAway] (INDEX= 365) (Covered) assigning @Nullable expression to @NonNull field
			if (this.child != null) this.child.prev = null;
			                                        ^
    (see http://t.uber.com/nullaway )
/Users/nima/Developer/NullAwayFixer/Projects/libgdx/gdx/src/com/badlogic/gdx/utils/JsonValue.java:195: error: [NullAway] (INDEX= 366) (Covered) returning @Nullable expression from method with @NonNull return type
			return null;
			^
    (see http://t.uber.com/nullaway )
/Users/nima/Developer/NullAwayFixer/Projects/libgdx/gdx/src/com/badlogic/gdx/utils/JsonValue.java:601: error: [NullAway] (INDEX= 367) (Covered) returning @Nullable expression from method with @NonNull return type
		return child == null ? null : child.child;
		^
    (see http://t.uber.com/nullaway )
/Users/nima/Developer/NullAwayFixer/Projects/libgdx/gdx/src/com/badlogic/gdx/utils/JsonValue.java:1217: error: [NullAway] (INDEX= 368) (Covered) @NonNull field JsonValue$JsonIterator.current not initialized
		JsonValue current;
		          ^
    (see http://t.uber.com/nullaway )
/Users/nima/Developer/NullAwayFixer/Projects/libgdx/gdx/src/com/badlogic/gdx/utils/JsonValue.java:1233: error: [NullAway] (INDEX= 369) (Covered) assigning @Nullable expression to @NonNull field
				if (child != null) child.prev = null;
				                              ^
    (see http://t.uber.com/nullaway )
/Users/nima/Developer/NullAwayFixer/Projects/libgdx/gdx/src/com/badlogic/gdx/utils/JsonValue.java:1251: error: [NullAway] (INDEX= 370) (Covered) @NonNull field JsonValue$PrettyPrintSettings.outputType not initialized
		public OutputType outputType;
		                  ^
    (see http://t.uber.com/nullaway )
/Users/nima/Developer/NullAwayFixer/Projects/libgdx/gdx/src/com/badlogic/gdx/utils/Json.java:67: error: [NullAway] (INDEX= 371) (Covered) initializer method does not guarantee @NonNull fields writer (line 49), defaultSerializer (line 59) are initialized along all control-flow paths (remember to check for exceptions or early returns).
	public Json () {
	       ^
    (see http://t.uber.com/nullaway )
/Users/nima/Developer/NullAwayFixer/Projects/libgdx/gdx/src/com/badlogic/gdx/utils/Json.java:71: error: [NullAway] (INDEX= 372) (Covered) initializer method does not guarantee @NonNull fields writer (line 49), defaultSerializer (line 59) are initialized along all control-flow paths (remember to check for exceptions or early returns).
	public Json (OutputType outputType) {
	       ^
    (see http://t.uber.com/nullaway )
/Users/nima/Developer/NullAwayFixer/Projects/libgdx/gdx/src/com/badlogic/gdx/utils/Json.java:125: error: [NullAway] (INDEX= 373) (Covered) returning @Nullable expression from method with @NonNull return type
		return tagToClass.get(tag);
		^
    (see http://t.uber.com/nullaway )
/Users/nima/Developer/NullAwayFixer/Projects/libgdx/gdx/src/com/badlogic/gdx/utils/Json.java:130: error: [NullAway] (INDEX= 374) (Covered) returning @Nullable expression from method with @NonNull return type
		return classToTag.get(type);
		^
    (see http://t.uber.com/nullaway )
/Users/nima/Developer/NullAwayFixer/Projects/libgdx/gdx/src/com/badlogic/gdx/utils/Json.java:153: error: [NullAway] (INDEX= 375) (Covered) returning @Nullable expression from method with @NonNull return type
		return classToSerializer.get(type);
		^
    (see http://t.uber.com/nullaway )
/Users/nima/Developer/NullAwayFixer/Projects/libgdx/gdx/src/com/badlogic/gdx/utils/Json.java:221: error: [NullAway] (INDEX= 376) (Covered) passing @Nullable parameter 'object == null ? null : object.getClass()' where @NonNull is required
		return toJson(object, object == null ? null : object.getClass(), (Class)null);
		                                     ^
    (see http://t.uber.com/nullaway )
/Users/nima/Developer/NullAwayFixer/Projects/libgdx/gdx/src/com/badlogic/gdx/utils/Json.java:221: error: [NullAway] (INDEX= 377) (Covered) passing @Nullable parameter '(Class)null' where @NonNull is required
		return toJson(object, object == null ? null : object.getClass(), (Class)null);
		                                                                 ^
    (see http://t.uber.com/nullaway )
/Users/nima/Developer/NullAwayFixer/Projects/libgdx/gdx/src/com/badlogic/gdx/utils/Json.java:225: error: [NullAway] (INDEX= 378) (Covered) passing @Nullable parameter '(Class)null' where @NonNull is required
		return toJson(object, knownType, (Class)null);
		                                 ^
    (see http://t.uber.com/nullaway )
/Users/nima/Developer/NullAwayFixer/Projects/libgdx/gdx/src/com/badlogic/gdx/utils/Json.java:237: error: [NullAway] (INDEX= 379) (Covered) passing @Nullable parameter 'object == null ? null : object.getClass()' where @NonNull is required
		toJson(object, object == null ? null : object.getClass(), null, file);
		                              ^
    (see http://t.uber.com/nullaway )
/Users/nima/Developer/NullAwayFixer/Projects/libgdx/gdx/src/com/badlogic/gdx/utils/Json.java:237: error: [NullAway] (INDEX= 380) (Covered) passing @Nullable parameter 'null' where @NonNull is required
		toJson(object, object == null ? null : object.getClass(), null, file);
		                                                          ^
    (see http://t.uber.com/nullaway )
/Users/nima/Developer/NullAwayFixer/Projects/libgdx/gdx/src/com/badlogic/gdx/utils/Json.java:242: error: [NullAway] (INDEX= 381) (Covered) passing @Nullable parameter 'null' where @NonNull is required
		toJson(object, knownType, null, file);
		                          ^
    (see http://t.uber.com/nullaway )
/Users/nima/Developer/NullAwayFixer/Projects/libgdx/gdx/src/com/badlogic/gdx/utils/Json.java:255: error: [NullAway] (INDEX= 382) (Covered) passing @Nullable parameter 'writer' where @NonNull is required
			StreamUtils.closeQuietly(writer);
			                         ^
    (see http://t.uber.com/nullaway )
/Users/nima/Developer/NullAwayFixer/Projects/libgdx/gdx/src/com/badlogic/gdx/utils/Json.java:260: error: [NullAway] (INDEX= 383) (Covered) passing @Nullable parameter 'object == null ? null : object.getClass()' where @NonNull is required
		toJson(object, object == null ? null : object.getClass(), null, writer);
		                              ^
    (see http://t.uber.com/nullaway )
/Users/nima/Developer/NullAwayFixer/Projects/libgdx/gdx/src/com/badlogic/gdx/utils/Json.java:260: error: [NullAway] (INDEX= 384) (Covered) passing @Nullable parameter 'null' where @NonNull is required
		toJson(object, object == null ? null : object.getClass(), null, writer);
		                                                          ^
    (see http://t.uber.com/nullaway )
/Users/nima/Developer/NullAwayFixer/Projects/libgdx/gdx/src/com/badlogic/gdx/utils/Json.java:265: error: [NullAway] (INDEX= 385) (Covered) passing @Nullable parameter 'null' where @NonNull is required
		toJson(object, knownType, null, writer);
		                          ^
    (see http://t.uber.com/nullaway )
/Users/nima/Developer/NullAwayFixer/Projects/libgdx/gdx/src/com/badlogic/gdx/utils/Json.java:276: error: [NullAway] (INDEX= 386) (Covered) assigning @Nullable expression to @NonNull field
			this.writer = null;
			            ^
    (see http://t.uber.com/nullaway )
/Users/nima/Developer/NullAwayFixer/Projects/libgdx/gdx/src/com/badlogic/gdx/utils/Json.java:303: error: [NullAway] (INDEX= 387) dereferenced expression metadata is @Nullable
			if (ignoreDeprecated && metadata.deprecated) continue;
			                                ^
    (see http://t.uber.com/nullaway )
/Users/nima/Developer/NullAwayFixer/Projects/libgdx/gdx/src/com/badlogic/gdx/utils/Json.java:304: error: [NullAway] (INDEX= 388) dereferenced expression metadata is @Nullable
			Field field = metadata.field;
			                      ^
    (see http://t.uber.com/nullaway )
/Users/nima/Developer/NullAwayFixer/Projects/libgdx/gdx/src/com/badlogic/gdx/utils/Json.java:337: error: [NullAway] (INDEX= 389) (Covered) returning @Nullable expression from method with @NonNull return type
		if (!usePrototypes) return null;
		                    ^
    (see http://t.uber.com/nullaway )
/Users/nima/Developer/NullAwayFixer/Projects/libgdx/gdx/src/com/badlogic/gdx/utils/Json.java:338: error: [NullAway] (INDEX= 390) (Covered) returning @Nullable expression from method with @NonNull return type
		if (classToDefaultValues.containsKey(type)) return classToDefaultValues.get(type);
		                                            ^
    (see http://t.uber.com/nullaway )
/Users/nima/Developer/NullAwayFixer/Projects/libgdx/gdx/src/com/badlogic/gdx/utils/Json.java:344: error: [NullAway] (INDEX= 391) (Covered) returning @Nullable expression from method with @NonNull return type
			return null;
			^
    (see http://t.uber.com/nullaway )
/Users/nima/Developer/NullAwayFixer/Projects/libgdx/gdx/src/com/badlogic/gdx/utils/Json.java:355: error: [NullAway] (INDEX= 392) dereferenced expression metadata is @Nullable
			if (ignoreDeprecated && metadata.deprecated) continue;
			                                ^
    (see http://t.uber.com/nullaway )
/Users/nima/Developer/NullAwayFixer/Projects/libgdx/gdx/src/com/badlogic/gdx/utils/Json.java:356: error: [NullAway] (INDEX= 393) dereferenced expression metadata is @Nullable
			Field field = metadata.field;
			                      ^
    (see http://t.uber.com/nullaway )
/Users/nima/Developer/NullAwayFixer/Projects/libgdx/gdx/src/com/badlogic/gdx/utils/Json.java:375: error: [NullAway] (INDEX= 394) (Covered) passing @Nullable parameter 'null' where @NonNull is required
		writeField(object, name, name, null);
		                               ^
    (see http://t.uber.com/nullaway )
/Users/nima/Developer/NullAwayFixer/Projects/libgdx/gdx/src/com/badlogic/gdx/utils/Json.java:386: error: [NullAway] (INDEX= 395) (Covered) passing @Nullable parameter 'null' where @NonNull is required
		writeField(object, fieldName, jsonName, null);
		                                        ^
    (see http://t.uber.com/nullaway )
/Users/nima/Developer/NullAwayFixer/Projects/libgdx/gdx/src/com/badlogic/gdx/utils/Json.java:423: error: [NullAway] (INDEX= 396) (Covered) passing @Nullable parameter 'null' where @NonNull is required
			writeValue(value, null, null);
			                  ^
    (see http://t.uber.com/nullaway )
/Users/nima/Developer/NullAwayFixer/Projects/libgdx/gdx/src/com/badlogic/gdx/utils/Json.java:423: error: [NullAway] (INDEX= 397) (Covered) passing @Nullable parameter 'null' where @NonNull is required
			writeValue(value, null, null);
			                        ^
    (see http://t.uber.com/nullaway )
/Users/nima/Developer/NullAwayFixer/Projects/libgdx/gdx/src/com/badlogic/gdx/utils/Json.java:425: error: [NullAway] (INDEX= 398) (Covered) passing @Nullable parameter 'null' where @NonNull is required
			writeValue(value, value.getClass(), null);
			                                    ^
    (see http://t.uber.com/nullaway )
/Users/nima/Developer/NullAwayFixer/Projects/libgdx/gdx/src/com/badlogic/gdx/utils/Json.java:439: error: [NullAway] (INDEX= 399) (Covered) passing @Nullable parameter 'null' where @NonNull is required
		writeValue(value, knownType, null);
		                             ^
    (see http://t.uber.com/nullaway )
/Users/nima/Developer/NullAwayFixer/Projects/libgdx/gdx/src/com/badlogic/gdx/utils/Json.java:460: error: [NullAway] (INDEX= 400) (Covered) passing @Nullable parameter 'null' where @NonNull is required
			writeValue(value, null, null);
			                  ^
    (see http://t.uber.com/nullaway )
/Users/nima/Developer/NullAwayFixer/Projects/libgdx/gdx/src/com/badlogic/gdx/utils/Json.java:460: error: [NullAway] (INDEX= 401) (Covered) passing @Nullable parameter 'null' where @NonNull is required
			writeValue(value, null, null);
			                        ^
    (see http://t.uber.com/nullaway )
/Users/nima/Developer/NullAwayFixer/Projects/libgdx/gdx/src/com/badlogic/gdx/utils/Json.java:462: error: [NullAway] (INDEX= 402) (Covered) passing @Nullable parameter 'null' where @NonNull is required
			writeValue(value, value.getClass(), null);
			                                    ^
    (see http://t.uber.com/nullaway )
/Users/nima/Developer/NullAwayFixer/Projects/libgdx/gdx/src/com/badlogic/gdx/utils/Json.java:469: error: [NullAway] (INDEX= 403) (Covered) passing @Nullable parameter 'null' where @NonNull is required
		writeValue(value, knownType, null);
		                             ^
    (see http://t.uber.com/nullaway )
/Users/nima/Developer/NullAwayFixer/Projects/libgdx/gdx/src/com/badlogic/gdx/utils/Json.java:480: error: [NullAway] (INDEX= 404) (Covered) passing @Nullable parameter 'null' where @NonNull is required
				writer.value(null);
				             ^
    (see http://t.uber.com/nullaway )
/Users/nima/Developer/NullAwayFixer/Projects/libgdx/gdx/src/com/badlogic/gdx/utils/Json.java:496: error: [NullAway] (INDEX= 405) (Covered) passing @Nullable parameter 'null' where @NonNull is required
				writeObjectStart(actualType, null);
				                             ^
    (see http://t.uber.com/nullaway )
/Users/nima/Developer/NullAwayFixer/Projects/libgdx/gdx/src/com/badlogic/gdx/utils/Json.java:523: error: [NullAway] (INDEX= 406) (Covered) passing @Nullable parameter 'null' where @NonNull is required
					writeValue(array.get(i), elementType, null);
					                                      ^
    (see http://t.uber.com/nullaway )
/Users/nima/Developer/NullAwayFixer/Projects/libgdx/gdx/src/com/badlogic/gdx/utils/Json.java:534: error: [NullAway] (INDEX= 407) (Covered) passing @Nullable parameter 'null' where @NonNull is required
					writeValue(queue.get(i), elementType, null);
					                                      ^
    (see http://t.uber.com/nullaway )
/Users/nima/Developer/NullAwayFixer/Projects/libgdx/gdx/src/com/badlogic/gdx/utils/Json.java:543: error: [NullAway] (INDEX= 408) (Covered) passing @Nullable parameter 'null' where @NonNull is required
						writeValue(item, elementType, null);
						                              ^
    (see http://t.uber.com/nullaway )
/Users/nima/Developer/NullAwayFixer/Projects/libgdx/gdx/src/com/badlogic/gdx/utils/Json.java:549: error: [NullAway] (INDEX= 409) (Covered) passing @Nullable parameter 'null' where @NonNull is required
						writeValue(item, elementType, null);
						                              ^
    (see http://t.uber.com/nullaway )
/Users/nima/Developer/NullAwayFixer/Projects/libgdx/gdx/src/com/badlogic/gdx/utils/Json.java:559: error: [NullAway] (INDEX= 410) (Covered) passing @Nullable parameter 'null' where @NonNull is required
					writeValue(ArrayReflection.get(value, i), elementType, null);
					                                                       ^
    (see http://t.uber.com/nullaway )
/Users/nima/Developer/NullAwayFixer/Projects/libgdx/gdx/src/com/badlogic/gdx/utils/Json.java:570: error: [NullAway] (INDEX= 411) (Covered) passing @Nullable parameter 'entry.value' where @NonNull is required
					writeValue(entry.value, elementType, null);
					                ^
    (see http://t.uber.com/nullaway )
/Users/nima/Developer/NullAwayFixer/Projects/libgdx/gdx/src/com/badlogic/gdx/utils/Json.java:570: error: [NullAway] (INDEX= 412) (Covered) passing @Nullable parameter 'null' where @NonNull is required
					writeValue(entry.value, elementType, null);
					                                     ^
    (see http://t.uber.com/nullaway )
/Users/nima/Developer/NullAwayFixer/Projects/libgdx/gdx/src/com/badlogic/gdx/utils/Json.java:601: error: [NullAway] (INDEX= 413) (Covered) passing @Nullable parameter 'null' where @NonNull is required
					writeValue(entry, elementType, null);
					                               ^
    (see http://t.uber.com/nullaway )
/Users/nima/Developer/NullAwayFixer/Projects/libgdx/gdx/src/com/badlogic/gdx/utils/Json.java:611: error: [NullAway] (INDEX= 414) (Covered) passing @Nullable parameter 'entry.value' where @NonNull is required
					writeValue(entry.value, elementType, null);
					                ^
    (see http://t.uber.com/nullaway )
/Users/nima/Developer/NullAwayFixer/Projects/libgdx/gdx/src/com/badlogic/gdx/utils/Json.java:611: error: [NullAway] (INDEX= 415) (Covered) passing @Nullable parameter 'null' where @NonNull is required
					writeValue(entry.value, elementType, null);
					                                     ^
    (see http://t.uber.com/nullaway )
/Users/nima/Developer/NullAwayFixer/Projects/libgdx/gdx/src/com/badlogic/gdx/utils/Json.java:621: error: [NullAway] (INDEX= 416) (Covered) passing @Nullable parameter 'entry.value' where @NonNull is required
					writeValue(entry.value, elementType, null);
					                ^
    (see http://t.uber.com/nullaway )
/Users/nima/Developer/NullAwayFixer/Projects/libgdx/gdx/src/com/badlogic/gdx/utils/Json.java:621: error: [NullAway] (INDEX= 417) (Covered) passing @Nullable parameter 'null' where @NonNull is required
					writeValue(entry.value, elementType, null);
					                                     ^
    (see http://t.uber.com/nullaway )
/Users/nima/Developer/NullAwayFixer/Projects/libgdx/gdx/src/com/badlogic/gdx/utils/Json.java:632: error: [NullAway] (INDEX= 418) (Covered) passing @Nullable parameter 'null' where @NonNull is required
					writeValue(iter.next(), Integer.class, null);
					                                       ^
    (see http://t.uber.com/nullaway )
/Users/nima/Developer/NullAwayFixer/Projects/libgdx/gdx/src/com/badlogic/gdx/utils/Json.java:643: error: [NullAway] (INDEX= 419) (Covered) passing @Nullable parameter 'null' where @NonNull is required
					writeValue(map.values[i], elementType, null);
					                                       ^
    (see http://t.uber.com/nullaway )
/Users/nima/Developer/NullAwayFixer/Projects/libgdx/gdx/src/com/badlogic/gdx/utils/Json.java:653: error: [NullAway] (INDEX= 420) (Covered) passing @Nullable parameter 'null' where @NonNull is required
					writeValue(entry.getValue(), elementType, null);
					                                          ^
    (see http://t.uber.com/nullaway )
/Users/nima/Developer/NullAwayFixer/Projects/libgdx/gdx/src/com/badlogic/gdx/utils/Json.java:665: error: [NullAway] (INDEX= 421) (Covered) passing @Nullable parameter 'null' where @NonNull is required
					writeObjectStart(actualType, null);
					                             ^
    (see http://t.uber.com/nullaway )
/Users/nima/Developer/NullAwayFixer/Projects/libgdx/gdx/src/com/badlogic/gdx/utils/Json.java:769: error: [NullAway] (INDEX= 422) (Covered) passing @Nullable parameter 'null' where @NonNull is required
		return readValue(type, null, new JsonReader().parse(reader));
		                       ^
    (see http://t.uber.com/nullaway )
/Users/nima/Developer/NullAwayFixer/Projects/libgdx/gdx/src/com/badlogic/gdx/utils/Json.java:782: error: [NullAway] (INDEX= 423) (Covered) passing @Nullable parameter 'null' where @NonNull is required
		return readValue(type, null, new JsonReader().parse(input));
		                       ^
    (see http://t.uber.com/nullaway )
/Users/nima/Developer/NullAwayFixer/Projects/libgdx/gdx/src/com/badlogic/gdx/utils/Json.java:796: error: [NullAway] (INDEX= 424) (Covered) passing @Nullable parameter 'null' where @NonNull is required
			return readValue(type, null, new JsonReader().parse(file));
			                       ^
    (see http://t.uber.com/nullaway )
/Users/nima/Developer/NullAwayFixer/Projects/libgdx/gdx/src/com/badlogic/gdx/utils/Json.java:816: error: [NullAway] (INDEX= 425) (Covered) passing @Nullable parameter 'null' where @NonNull is required
		return readValue(type, null, new JsonReader().parse(data, offset, length));
		                       ^
    (see http://t.uber.com/nullaway )
/Users/nima/Developer/NullAwayFixer/Projects/libgdx/gdx/src/com/badlogic/gdx/utils/Json.java:829: error: [NullAway] (INDEX= 426) (Covered) passing @Nullable parameter 'null' where @NonNull is required
		return readValue(type, null, new JsonReader().parse(json));
		                       ^
    (see http://t.uber.com/nullaway )
/Users/nima/Developer/NullAwayFixer/Projects/libgdx/gdx/src/com/badlogic/gdx/utils/Json.java:839: error: [NullAway] (INDEX= 427) (Covered) passing @Nullable parameter 'null' where @NonNull is required
		readField(object, name, name, null, jsonData);
		                              ^
    (see http://t.uber.com/nullaway )
/Users/nima/Developer/NullAwayFixer/Projects/libgdx/gdx/src/com/badlogic/gdx/utils/Json.java:847: error: [NullAway] (INDEX= 428) (Covered) passing @Nullable parameter 'null' where @NonNull is required
		readField(object, fieldName, jsonName, null, jsonData);
		                                       ^
    (see http://t.uber.com/nullaway )
/Users/nima/Developer/NullAwayFixer/Projects/libgdx/gdx/src/com/badlogic/gdx/utils/Json.java:930: error: [NullAway] (INDEX= 429) (Covered) passing @Nullable parameter 'null' where @NonNull is required
		return readValue(type, null, jsonMap.get(name));
		                       ^
    (see http://t.uber.com/nullaway )
/Users/nima/Developer/NullAwayFixer/Projects/libgdx/gdx/src/com/badlogic/gdx/utils/Json.java:938: error: [NullAway] (INDEX= 430) (Covered) passing @Nullable parameter 'null' where @NonNull is required
		return readValue(type, null, jsonValue);
		                       ^
    (see http://t.uber.com/nullaway )
/Users/nima/Developer/NullAwayFixer/Projects/libgdx/gdx/src/com/badlogic/gdx/utils/Json.java:967: error: [NullAway] (INDEX= 431) (Covered) passing @Nullable parameter 'null' where @NonNull is required
		return readValue(type, null, jsonData);
		                       ^
    (see http://t.uber.com/nullaway )
/Users/nima/Developer/NullAwayFixer/Projects/libgdx/gdx/src/com/badlogic/gdx/utils/Json.java:974: error: [NullAway] (INDEX= 432) (Covered) returning @Nullable expression from method with @NonNull return type
		if (jsonData == null) return null;
		                      ^
    (see http://t.uber.com/nullaway )
/Users/nima/Developer/NullAwayFixer/Projects/libgdx/gdx/src/com/badlogic/gdx/utils/Json.java:977: error: [NullAway] (INDEX= 433) (Covered) passing @Nullable parameter 'null' where @NonNull is required
			String className = typeName == null ? null : jsonData.getString(typeName, null);
			                                                                          ^
    (see http://t.uber.com/nullaway )
/Users/nima/Developer/NullAwayFixer/Projects/libgdx/gdx/src/com/badlogic/gdx/utils/Json.java:1020: error: [NullAway] (INDEX= 434) (Covered) passing @Nullable parameter 'null' where @NonNull is required
						result.put(child.name, readValue(elementType, null, child));
						                                              ^
    (see http://t.uber.com/nullaway )
/Users/nima/Developer/NullAwayFixer/Projects/libgdx/gdx/src/com/badlogic/gdx/utils/Json.java:1026: error: [NullAway] (INDEX= 435) (Covered) passing @Nullable parameter 'null' where @NonNull is required
						result.put(child.name, readValue(Integer.class, null, child));
						                                                ^
    (see http://t.uber.com/nullaway )
/Users/nima/Developer/NullAwayFixer/Projects/libgdx/gdx/src/com/badlogic/gdx/utils/Json.java:1032: error: [NullAway] (INDEX= 436) (Covered) passing @Nullable parameter 'null' where @NonNull is required
						result.put(child.name, readValue(Float.class, null, child));
						                                              ^
    (see http://t.uber.com/nullaway )
/Users/nima/Developer/NullAwayFixer/Projects/libgdx/gdx/src/com/badlogic/gdx/utils/Json.java:1038: error: [NullAway] (INDEX= 437) (Covered) passing @Nullable parameter 'null' where @NonNull is required
						result.add(readValue(elementType, null, child));
						                                  ^
    (see http://t.uber.com/nullaway )
/Users/nima/Developer/NullAwayFixer/Projects/libgdx/gdx/src/com/badlogic/gdx/utils/Json.java:1044: error: [NullAway] (INDEX= 438) (Covered) passing @Nullable parameter 'null' where @NonNull is required
						result.put(Integer.parseInt(child.name), readValue(elementType, null, child));
						                                                                ^
    (see http://t.uber.com/nullaway )
/Users/nima/Developer/NullAwayFixer/Projects/libgdx/gdx/src/com/badlogic/gdx/utils/Json.java:1050: error: [NullAway] (INDEX= 439) (Covered) passing @Nullable parameter 'null' where @NonNull is required
						result.put(Long.parseLong(child.name), readValue(elementType, null, child));
						                                                              ^
    (see http://t.uber.com/nullaway )
/Users/nima/Developer/NullAwayFixer/Projects/libgdx/gdx/src/com/badlogic/gdx/utils/Json.java:1062: error: [NullAway] (INDEX= 440) (Covered) passing @Nullable parameter 'null' where @NonNull is required
						result.put(child.name, readValue(elementType, null, child));
						                                              ^
    (see http://t.uber.com/nullaway )
/Users/nima/Developer/NullAwayFixer/Projects/libgdx/gdx/src/com/badlogic/gdx/utils/Json.java:1069: error: [NullAway] (INDEX= 441) (Covered) passing @Nullable parameter 'null' where @NonNull is required
						result.put(child.name, readValue(elementType, null, child));
						                                              ^
    (see http://t.uber.com/nullaway )
/Users/nima/Developer/NullAwayFixer/Projects/libgdx/gdx/src/com/badlogic/gdx/utils/Json.java:1097: error: [NullAway] (INDEX= 442) (Covered) passing @Nullable parameter 'null' where @NonNull is required
					result.add(readValue(elementType, null, child));
					                                  ^
    (see http://t.uber.com/nullaway )
/Users/nima/Developer/NullAwayFixer/Projects/libgdx/gdx/src/com/badlogic/gdx/utils/Json.java:1103: error: [NullAway] (INDEX= 443) (Covered) passing @Nullable parameter 'null' where @NonNull is required
					result.addLast(readValue(elementType, null, child));
					                                      ^
    (see http://t.uber.com/nullaway )
/Users/nima/Developer/NullAwayFixer/Projects/libgdx/gdx/src/com/badlogic/gdx/utils/Json.java:1109: error: [NullAway] (INDEX= 444) (Covered) passing @Nullable parameter 'null' where @NonNull is required
					result.add(readValue(elementType, null, child));
					                                  ^
    (see http://t.uber.com/nullaway )
/Users/nima/Developer/NullAwayFixer/Projects/libgdx/gdx/src/com/badlogic/gdx/utils/Json.java:1118: error: [NullAway] (INDEX= 445) (Covered) passing @Nullable parameter 'null' where @NonNull is required
					ArrayReflection.set(result, i++, readValue(elementType, null, child));
					                                                        ^
    (see http://t.uber.com/nullaway )
/Users/nima/Developer/NullAwayFixer/Projects/libgdx/gdx/src/com/badlogic/gdx/utils/Json.java:1171: error: [NullAway] (INDEX= 446) (Covered) returning @Nullable expression from method with @NonNull return type
		return null;
		^
    (see http://t.uber.com/nullaway )
/Users/nima/Developer/NullAwayFixer/Projects/libgdx/gdx/src/com/badlogic/gdx/utils/Json.java:1181: error: [NullAway] (INDEX= 447) dereferenced expression entry.value is @Nullable
			Field fromField = entry.value.field;
			                             ^
    (see http://t.uber.com/nullaway )
/Users/nima/Developer/NullAwayFixer/Projects/libgdx/gdx/src/com/badlogic/gdx/scenes/scene2d/ui/Skin.java:70: error: [NullAway] (INDEX= 448) (Covered) initializer method does not guarantee @NonNull field atlas (line 60) is initialized along all control-flow paths (remember to check for exceptions or early returns).
	public Skin () {
	       ^
    (see http://t.uber.com/nullaway )
/Users/nima/Developer/NullAwayFixer/Projects/libgdx/gdx/src/com/badlogic/gdx/scenes/scene2d/ui/Skin.java:76: error: [NullAway] (INDEX= 449) (Covered) initializer method does not guarantee @NonNull field atlas (line 60) is initialized along all control-flow paths (remember to check for exceptions or early returns).
	public Skin (FileHandle skinFile) {
	       ^
    (see http://t.uber.com/nullaway )
/Users/nima/Developer/NullAwayFixer/Projects/libgdx/gdx/src/com/badlogic/gdx/scenes/scene2d/ui/Skin.java:141: error: [NullAway] (INDEX= 450) dereferenced expression typeResources is @Nullable
		typeResources.remove(name);
		             ^
    (see http://t.uber.com/nullaway )
/Users/nima/Developer/NullAwayFixer/Projects/libgdx/gdx/src/com/badlogic/gdx/scenes/scene2d/ui/Skin.java:498: error: [NullAway] (INDEX= 451) (Covered) passing @Nullable parameter 'null' where @NonNull is required
		json.setTypeName(null);
		                 ^
    (see http://t.uber.com/nullaway )
/Users/nima/Developer/NullAwayFixer/Projects/libgdx/gdx/src/com/badlogic/gdx/scenes/scene2d/ui/Skin.java:575: error: [NullAway] (INDEX= 452) (Covered) passing @Nullable parameter '(String)null' where @NonNull is required
				String hex = json.readValue("hex", String.class, (String)null, jsonData);
				                                                 ^
    (see http://t.uber.com/nullaway )
/Users/nima/Developer/NullAwayFixer/Projects/libgdx/gdx/src/com/badlogic/gdx/scenes/scene2d/ui/Skin.java:600: error: [NullAway] (INDEX= 453) (Covered) passing @Nullable parameter 'entry.value' where @NonNull is required
			json.addClassTag(entry.key, entry.value);
			                                 ^
    (see http://t.uber.com/nullaway )
/Users/nima/Developer/NullAwayFixer/Projects/libgdx/gdx/src/com/badlogic/gdx/scenes/scene2d/ui/Skin.java:631: error: [NullAway] (INDEX= 454) (Covered) @NonNull field Skin$TintedDrawable.name not initialized
		public String name;
		              ^
    (see http://t.uber.com/nullaway )
/Users/nima/Developer/NullAwayFixer/Projects/libgdx/gdx/src/com/badlogic/gdx/scenes/scene2d/ui/Skin.java:632: error: [NullAway] (INDEX= 455) (Covered) @NonNull field Skin$TintedDrawable.color not initialized
		public Color color;
		             ^
    (see http://t.uber.com/nullaway )
/Users/nima/Developer/NullAwayFixer/Projects/libgdx/gdx/src/com/badlogic/gdx/scenes/scene2d/utils/TextureRegionDrawable.java:34: error: [NullAway] (INDEX= 456) (Covered) initializer method does not guarantee @NonNull field region (line 31) is initialized along all control-flow paths (remember to check for exceptions or early returns).
	public TextureRegionDrawable () {
	       ^
    (see http://t.uber.com/nullaway )
/Users/nima/Developer/NullAwayFixer/Projects/libgdx/gdx/src/com/badlogic/gdx/scenes/scene2d/utils/TextureRegionDrawable.java:37: error: [NullAway] (INDEX= 457) (Covered) initializer method does not guarantee @NonNull field region (line 31) is initialized along all control-flow paths (remember to check for exceptions or early returns).
	public TextureRegionDrawable (Texture texture) {
	       ^
    (see http://t.uber.com/nullaway )
/Users/nima/Developer/NullAwayFixer/Projects/libgdx/gdx/src/com/badlogic/gdx/scenes/scene2d/utils/TextureRegionDrawable.java:41: error: [NullAway] (INDEX= 458) (Covered) initializer method does not guarantee @NonNull field region (line 31) is initialized along all control-flow paths (remember to check for exceptions or early returns).
	public TextureRegionDrawable (TextureRegion region) {
	       ^
    (see http://t.uber.com/nullaway )
/Users/nima/Developer/NullAwayFixer/Projects/libgdx/gdx/src/com/badlogic/gdx/scenes/scene2d/utils/TextureRegionDrawable.java:45: error: [NullAway] (INDEX= 459) (Covered) initializer method does not guarantee @NonNull field region (line 31) is initialized along all control-flow paths (remember to check for exceptions or early returns).
	public TextureRegionDrawable (TextureRegionDrawable drawable) {
	       ^
    (see http://t.uber.com/nullaway )
/Users/nima/Developer/NullAwayFixer/Projects/libgdx/gdx/src/com/badlogic/gdx/utils/reflect/Method.java:141: error: [NullAway] (INDEX= 460) (Covered) returning @Nullable expression from method with @NonNull return type
			return null;
			^
    (see http://t.uber.com/nullaway )
/Users/nima/Developer/NullAwayFixer/Projects/libgdx/gdx/src/com/badlogic/gdx/utils/reflect/Method.java:148: error: [NullAway] (INDEX= 461) (Covered) returning @Nullable expression from method with @NonNull return type
		return null;
		^
    (see http://t.uber.com/nullaway )
/Users/nima/Developer/NullAwayFixer/Projects/libgdx/gdx/src/com/badlogic/gdx/utils/reflect/Annotation.java:18: error: [NullAway] (INDEX= 462) (Covered) returning @Nullable expression from method with @NonNull return type
		return null;
		^
    (see http://t.uber.com/nullaway )
/Users/nima/Developer/NullAwayFixer/Projects/libgdx/gdx/src/com/badlogic/gdx/graphics/g2d/BitmapFontCache.java:62: error: [NullAway] (INDEX= 463) (Covered) initializer method does not guarantee @NonNull field pageGlyphIndices (line 53) is initialized along all control-flow paths (remember to check for exceptions or early returns).
	public BitmapFontCache (BitmapFont font, boolean integer) {
	       ^
    (see http://t.uber.com/nullaway )
/Users/nima/Developer/NullAwayFixer/Projects/libgdx/gdx/src/com/badlogic/gdx/graphics/g2d/BitmapFontCache.java:473: error: [NullAway] (INDEX= 464) (Covered) passing @Nullable parameter 'null' where @NonNull is required
		return addText(str, x, y, 0, str.length(), 0, Align.left, false, null);
		                                                                 ^
    (see http://t.uber.com/nullaway )
/Users/nima/Developer/NullAwayFixer/Projects/libgdx/gdx/src/com/badlogic/gdx/graphics/g2d/BitmapFontCache.java:479: error: [NullAway] (INDEX= 465) (Covered) passing @Nullable parameter 'null' where @NonNull is required
		return addText(str, x, y, 0, str.length(), targetWidth, halign, wrap, null);
		                                                                      ^
    (see http://t.uber.com/nullaway )
/Users/nima/Developer/NullAwayFixer/Projects/libgdx/gdx/src/com/badlogic/gdx/graphics/g2d/BitmapFontCache.java:486: error: [NullAway] (INDEX= 466) (Covered) passing @Nullable parameter 'null' where @NonNull is required
		return addText(str, x, y, start, end, targetWidth, halign, wrap, null);
		                                                                 ^
    (see http://t.uber.com/nullaway )
/Users/nima/Developer/NullAwayFixer/Projects/libgdx/gdx/src/com/badlogic/gdx/utils/OrderedMap.java:72: error: [NullAway] (INDEX= 467) (Covered) parameter value is @NonNull, but parameter in superclass method com.badlogic.gdx.utils.ObjectMap.put(K,V) is @Nullable
	public V put (K key, V value) {
	                       ^
    (see http://t.uber.com/nullaway )
/Users/nima/Developer/NullAwayFixer/Projects/libgdx/gdx/src/com/badlogic/gdx/utils/OrderedMap.java:84: error: [NullAway] (INDEX= 468) (Covered) returning @Nullable expression from method with @NonNull return type
		return null;
		^
    (see http://t.uber.com/nullaway )
/Users/nima/Developer/NullAwayFixer/Projects/libgdx/gdx/src/com/badlogic/gdx/utils/OrderedMap.java:92: error: [NullAway] (INDEX= 469) (Covered) passing @Nullable parameter 'map.get((T)key)' where @NonNull is required
			put(key, map.get((T)key));
			                ^
    (see http://t.uber.com/nullaway )
/Users/nima/Developer/NullAwayFixer/Projects/libgdx/gdx/src/com/badlogic/gdx/utils/OrderedMap.java:98: error: [NullAway] (INDEX= 470) (Covered) returning @Nullable expression from method with @NonNull return type
		return super.remove(key);
		^
    (see http://t.uber.com/nullaway )
/Users/nima/Developer/NullAwayFixer/Projects/libgdx/gdx/src/com/badlogic/gdx/utils/OrderedMap.java:102: error: [NullAway] (INDEX= 471) (Covered) returning @Nullable expression from method with @NonNull return type
		return super.remove(keys.removeIndex(index));
		^
    (see http://t.uber.com/nullaway )
/Users/nima/Developer/NullAwayFixer/Projects/libgdx/gdx/src/com/badlogic/gdx/utils/OrderedMap.java:332: error: [NullAway] (INDEX= 472) (Covered) returning @Nullable expression from method with @NonNull return type
			return value;
			^
    (see http://t.uber.com/nullaway )
/Users/nima/Developer/NullAwayFixer/Projects/libgdx/gdx/src/com/badlogic/gdx/utils/OrderedMap.java:347: error: [NullAway] (INDEX= 473) (Covered) passing @Nullable parameter 'map.get(keys[i])' where @NonNull is required
				array.add(map.get(keys[i]));
				                 ^
    (see http://t.uber.com/nullaway )
/Users/nima/Developer/NullAwayFixer/Projects/libgdx/gdx/src/com/badlogic/gdx/utils/reflect/Field.java:120: error: [NullAway] (INDEX= 474) (Covered) returning @Nullable expression from method with @NonNull return type
		return null;
		^
    (see http://t.uber.com/nullaway )
/Users/nima/Developer/NullAwayFixer/Projects/libgdx/gdx/src/com/badlogic/gdx/utils/reflect/Field.java:145: error: [NullAway] (INDEX= 475) (Covered) returning @Nullable expression from method with @NonNull return type
			return null;
			^
    (see http://t.uber.com/nullaway )
/Users/nima/Developer/NullAwayFixer/Projects/libgdx/gdx/src/com/badlogic/gdx/utils/reflect/Field.java:152: error: [NullAway] (INDEX= 476) (Covered) returning @Nullable expression from method with @NonNull return type
		return null;
		^
    (see http://t.uber.com/nullaway )
/Users/nima/Developer/NullAwayFixer/Projects/libgdx/gdx/src/com/badlogic/gdx/utils/DelayedRemovalArray.java:105: error: [NullAway] (INDEX= 477) (Covered) parameter value is @NonNull, but parameter in superclass method com.badlogic.gdx.utils.Array.removeValue(T,boolean) is @Nullable
	public boolean removeValue (T value, boolean identity) {
	                              ^
    (see http://t.uber.com/nullaway )
/Users/nima/Developer/NullAwayFixer/Projects/libgdx/gdx/src/com/badlogic/gdx/scenes/scene2d/ui/Tree.java:67: error: [NullAway] (INDEX= 478) (Covered) initializer method does not guarantee @NonNull fields style (line 49), foundNode (line 55), overNode (line 55), rangeStart (line 56) are initialized along all control-flow paths (remember to check for exceptions or early returns).
	public Tree (TreeStyle style) {
	       ^
    (see http://t.uber.com/nullaway )
/Users/nima/Developer/NullAwayFixer/Projects/libgdx/gdx/src/com/badlogic/gdx/scenes/scene2d/ui/Tree.java:72: error: [NullAway] (INDEX= 479) (Covered) assigning @Nullable expression to @NonNull field
					rangeStart = null;
					           ^
    (see http://t.uber.com/nullaway )
/Users/nima/Developer/NullAwayFixer/Projects/libgdx/gdx/src/com/badlogic/gdx/scenes/scene2d/ui/Tree.java:75: error: [NullAway] (INDEX= 480) (Covered) assigning @Nullable expression to @NonNull field
					rangeStart = first();
					           ^
    (see http://t.uber.com/nullaway )
/Users/nima/Developer/NullAwayFixer/Projects/libgdx/gdx/src/com/badlogic/gdx/scenes/scene2d/ui/Tree.java:128: error: [NullAway] (INDEX= 481) (Covered) parameter fromActor is @NonNull, but parameter in superclass method com.badlogic.gdx.scenes.scene2d.utils.ClickListener.enter(com.badlogic.gdx.scenes.scene2d.InputEvent,float,float,int,com.badlogic.gdx.scenes.scene2d.Actor) is @Nullable
			public void enter (InputEvent event, float x, float y, int pointer, Actor fromActor) {
			                                                                          ^
    (see http://t.uber.com/nullaway )
/Users/nima/Developer/NullAwayFixer/Projects/libgdx/gdx/src/com/badlogic/gdx/scenes/scene2d/ui/Tree.java:154: error: [NullAway] (INDEX= 482) (Covered) assigning @Nullable expression to @NonNull field
			node.parent = null;
			            ^
    (see http://t.uber.com/nullaway )
/Users/nima/Developer/NullAwayFixer/Projects/libgdx/gdx/src/com/badlogic/gdx/scenes/scene2d/ui/Tree.java:367: error: [NullAway] (INDEX= 483) (Covered) assigning @Nullable expression to @NonNull field
		foundNode = null;
		          ^
    (see http://t.uber.com/nullaway )
/Users/nima/Developer/NullAwayFixer/Projects/libgdx/gdx/src/com/badlogic/gdx/scenes/scene2d/ui/Tree.java:451: error: [NullAway] (INDEX= 484) (Covered) assigning @Nullable expression to @NonNull field
		this.overNode = overNode;
		              ^
    (see http://t.uber.com/nullaway )
/Users/nima/Developer/NullAwayFixer/Projects/libgdx/gdx/src/com/badlogic/gdx/scenes/scene2d/ui/Tree.java:586: error: [NullAway] (INDEX= 485) (Covered) initializer method does not guarantee @NonNull fields parent (line 578), icon (line 582), value (line 584) are initialized along all control-flow paths (remember to check for exceptions or early returns).
		public Node (A actor) {
		       ^
    (see http://t.uber.com/nullaway )
/Users/nima/Developer/NullAwayFixer/Projects/libgdx/gdx/src/com/badlogic/gdx/scenes/scene2d/ui/Tree.java:592: error: [NullAway] (INDEX= 486) (Covered) initializer method does not guarantee @NonNull fields parent (line 578), icon (line 582), value (line 584), actor (line 577) are initialized along all control-flow paths (remember to check for exceptions or early returns).
		public Node () {
		       ^
    (see http://t.uber.com/nullaway )
/Users/nima/Developer/NullAwayFixer/Projects/libgdx/gdx/src/com/badlogic/gdx/scenes/scene2d/ui/Tree.java:764: error: [NullAway] (INDEX= 487) (Covered) assigning @Nullable expression to @NonNull field
			this.icon = icon;
			          ^
    (see http://t.uber.com/nullaway )
/Users/nima/Developer/NullAwayFixer/Projects/libgdx/gdx/src/com/badlogic/gdx/scenes/scene2d/ui/Tree.java:773: error: [NullAway] (INDEX= 488) (Covered) assigning @Nullable expression to @NonNull field
			this.value = value;
			           ^
    (see http://t.uber.com/nullaway )
/Users/nima/Developer/NullAwayFixer/Projects/libgdx/gdx/src/com/badlogic/gdx/scenes/scene2d/ui/Tree.java:876: error: [NullAway] (INDEX= 489) (Covered) initializer method does not guarantee @NonNull fields plus (line 872), minus (line 872) are initialized along all control-flow paths (remember to check for exceptions or early returns).
		public TreeStyle () {
		       ^
    (see http://t.uber.com/nullaway )
/Users/nima/Developer/NullAwayFixer/Projects/libgdx/gdx/src/com/badlogic/gdx/utils/OrderedSet.java:47: error: [NullAway] (INDEX= 490) (Covered) initializer method does not guarantee @NonNull fields iterator1 (line 45), iterator2 (line 45) are initialized along all control-flow paths (remember to check for exceptions or early returns).
	public OrderedSet () {
	       ^
    (see http://t.uber.com/nullaway )
/Users/nima/Developer/NullAwayFixer/Projects/libgdx/gdx/src/com/badlogic/gdx/utils/OrderedSet.java:51: error: [NullAway] (INDEX= 491) (Covered) initializer method does not guarantee @NonNull fields iterator1 (line 45), iterator2 (line 45) are initialized along all control-flow paths (remember to check for exceptions or early returns).
	public OrderedSet (int initialCapacity, float loadFactor) {
	       ^
    (see http://t.uber.com/nullaway )
/Users/nima/Developer/NullAwayFixer/Projects/libgdx/gdx/src/com/badlogic/gdx/utils/OrderedSet.java:56: error: [NullAway] (INDEX= 492) (Covered) initializer method does not guarantee @NonNull fields iterator1 (line 45), iterator2 (line 45) are initialized along all control-flow paths (remember to check for exceptions or early returns).
	public OrderedSet (int initialCapacity) {
	       ^
    (see http://t.uber.com/nullaway )
/Users/nima/Developer/NullAwayFixer/Projects/libgdx/gdx/src/com/badlogic/gdx/utils/OrderedSet.java:61: error: [NullAway] (INDEX= 493) (Covered) initializer method does not guarantee @NonNull fields iterator1 (line 45), iterator2 (line 45) are initialized along all control-flow paths (remember to check for exceptions or early returns).
	public OrderedSet (OrderedSet<? extends T> set) {
	       ^
    (see http://t.uber.com/nullaway )
/Users/nima/Developer/NullAwayFixer/Projects/libgdx/gdx/src/com/badlogic/gdx/scenes/scene2d/ui/Touchpad.java:62: error: [NullAway] (INDEX= 494) (Covered) initializer method does not guarantee @NonNull field style (line 41) is initialized along all control-flow paths (remember to check for exceptions or early returns).
	public Touchpad (float deadzoneRadius, TouchpadStyle style) {
	       ^
    (see http://t.uber.com/nullaway )
/Users/nima/Developer/NullAwayFixer/Projects/libgdx/gdx/src/com/badlogic/gdx/scenes/scene2d/ui/Touchpad.java:134: error: [NullAway] (INDEX= 495) (Covered) returning @Nullable expression from method with @NonNull return type
		if (touchable && this.getTouchable() != Touchable.enabled) return null;
		                                                           ^
    (see http://t.uber.com/nullaway )
/Users/nima/Developer/NullAwayFixer/Projects/libgdx/gdx/src/com/badlogic/gdx/scenes/scene2d/ui/Touchpad.java:135: error: [NullAway] (INDEX= 496) (Covered) returning @Nullable expression from method with @NonNull return type
		if (!isVisible()) return null;
		                  ^
    (see http://t.uber.com/nullaway )
/Users/nima/Developer/NullAwayFixer/Projects/libgdx/gdx/src/com/badlogic/gdx/scenes/scene2d/ui/Touchpad.java:136: error: [NullAway] (INDEX= 497) (Covered) returning @Nullable expression from method with @NonNull return type
		return touchBounds.contains(x, y) ? this : null;
		^
    (see http://t.uber.com/nullaway )
/Users/nima/Developer/NullAwayFixer/Projects/libgdx/gdx/src/com/badlogic/gdx/scenes/scene2d/ui/Image.java:82: error: [NullAway] (INDEX= 498) (Covered) initializer method does not guarantee @NonNull field drawable (line 40) is initialized along all control-flow paths (remember to check for exceptions or early returns).
	public Image (@Null Drawable drawable, Scaling scaling, int align) {
	       ^
    (see http://t.uber.com/nullaway )
/Users/nima/Developer/NullAwayFixer/Projects/libgdx/gdx/src/com/badlogic/gdx/scenes/scene2d/ui/Image.java:50: error: [NullAway] (INDEX= 499) (Covered) passing @Nullable parameter 'patch' where @NonNull is required
		this(new NinePatchDrawable(patch), Scaling.stretch, Align.center);
		                           ^
    (see http://t.uber.com/nullaway )
/Users/nima/Developer/NullAwayFixer/Projects/libgdx/gdx/src/com/badlogic/gdx/scenes/scene2d/ui/Image.java:56: error: [NullAway] (INDEX= 500) (Covered) passing @Nullable parameter 'region' where @NonNull is required
		this(new TextureRegionDrawable(region), Scaling.stretch, Align.center);
		                               ^
    (see http://t.uber.com/nullaway )
/Users/nima/Developer/NullAwayFixer/Projects/libgdx/gdx/src/com/badlogic/gdx/scenes/scene2d/ui/Image.java:151: error: [NullAway] (INDEX= 501) (Covered) assigning @Nullable expression to @NonNull field
		this.drawable = drawable;
		              ^
    (see http://t.uber.com/nullaway )
/Users/nima/Developer/NullAwayFixer/Projects/libgdx/gdx/src/com/badlogic/gdx/scenes/scene2d/ui/Window.java:66: error: [NullAway] (INDEX= 502) (Covered) initializer method does not guarantee @NonNull field style (line 45) is initialized along all control-flow paths (remember to check for exceptions or early returns).
	public Window (String title, WindowStyle style) {
	       ^
    (see http://t.uber.com/nullaway )
/Users/nima/Developer/NullAwayFixer/Projects/libgdx/gdx/src/com/badlogic/gdx/scenes/scene2d/ui/Window.java:161: error: [NullAway] (INDEX= 503) dereferenced expression stage is @Nullable
					if (clampPosition && windowX + width + amountX > stage.getWidth()) amountX = stage.getWidth() - windowX - width;
					                                                      ^
    (see http://t.uber.com/nullaway )
/Users/nima/Developer/NullAwayFixer/Projects/libgdx/gdx/src/com/badlogic/gdx/scenes/scene2d/ui/Window.java:167: error: [NullAway] (INDEX= 504) dereferenced expression stage is @Nullable
					if (clampPosition && windowY + height + amountY > stage.getHeight())
					                                                       ^
    (see http://t.uber.com/nullaway )
/Users/nima/Developer/NullAwayFixer/Projects/libgdx/gdx/src/com/badlogic/gdx/scenes/scene2d/ui/Window.java:259: error: [NullAway] (INDEX= 505) dereferenced expression style.stageBackground is @Nullable
		style.stageBackground.draw(batch, x, y, width, height);
		                     ^
    (see http://t.uber.com/nullaway )
/Users/nima/Developer/NullAwayFixer/Projects/libgdx/gdx/src/com/badlogic/gdx/scenes/scene2d/ui/Window.java:284: error: [NullAway] (INDEX= 506) dereferenced expression current is @Nullable
			while (current.getParent() != this)
			              ^
    (see http://t.uber.com/nullaway )
/Users/nima/Developer/NullAwayFixer/Projects/libgdx/gdx/src/com/badlogic/gdx/scenes/scene2d/ui/Window.java:347: error: [NullAway] (INDEX= 507) (Covered) initializer method does not guarantee @NonNull field titleFont (line 343) is initialized along all control-flow paths (remember to check for exceptions or early returns).
		public WindowStyle () {
		       ^
    (see http://t.uber.com/nullaway )
/Users/nima/Developer/NullAwayFixer/Projects/libgdx/gdx/src/com/badlogic/gdx/scenes/scene2d/ui/Window.java:352: error: [NullAway] (INDEX= 508) dereferenced expression this.titleFontColor is @Nullable
			this.titleFontColor.set(titleFontColor);
			                   ^
    (see http://t.uber.com/nullaway )
/Users/nima/Developer/NullAwayFixer/Projects/libgdx/gdx/src/com/badlogic/gdx/scenes/scene2d/ui/ScrollPane.java:96: error: [NullAway] (INDEX= 509) (Covered) initializer method does not guarantee @NonNull field widget (line 50) is initialized along all control-flow paths (remember to check for exceptions or early returns).
	public ScrollPane (@Null Actor widget, ScrollPaneStyle style) {
	       ^
    (see http://t.uber.com/nullaway )
/Users/nima/Developer/NullAwayFixer/Projects/libgdx/gdx/src/com/badlogic/gdx/scenes/scene2d/ui/ScrollPane.java:632: error: [NullAway] (INDEX= 510) (Covered) assigning @Nullable expression to @NonNull field
		this.widget = actor;
		            ^
    (see http://t.uber.com/nullaway )
/Users/nima/Developer/NullAwayFixer/Projects/libgdx/gdx/src/com/badlogic/gdx/scenes/scene2d/ui/ScrollPane.java:691: error: [NullAway] (INDEX= 511) (Covered) assigning @Nullable expression to @NonNull field
		this.widget = null;
		            ^
    (see http://t.uber.com/nullaway )
/Users/nima/Developer/NullAwayFixer/Projects/libgdx/gdx/src/com/badlogic/gdx/scenes/scene2d/ui/ScrollPane.java:697: error: [NullAway] (INDEX= 512) (Covered) assigning @Nullable expression to @NonNull field
		if (actor == widget) this.widget = null;
		                                 ^
    (see http://t.uber.com/nullaway )
/Users/nima/Developer/NullAwayFixer/Projects/libgdx/gdx/src/com/badlogic/gdx/utils/Timer.java:32: error: [NullAway] (INDEX= 513) (Covered) @NonNull static field thread not initialized
	static TimerThread thread;
	                   ^
    (see http://t.uber.com/nullaway )
/Users/nima/Developer/NullAwayFixer/Projects/libgdx/gdx/src/com/badlogic/gdx/utils/Timer.java:121: error: [NullAway] (INDEX= 514) (Covered) assigning @Nullable expression to @NonNull field
				task.timer = null;
				           ^
    (see http://t.uber.com/nullaway )
/Users/nima/Developer/NullAwayFixer/Projects/libgdx/gdx/src/com/badlogic/gdx/utils/Timer.java:142: error: [NullAway] (INDEX= 515) (Covered) assigning @Nullable expression to @NonNull field
					task.timer = null;
					           ^
    (see http://t.uber.com/nullaway )
/Users/nima/Developer/NullAwayFixer/Projects/libgdx/gdx/src/com/badlogic/gdx/utils/Timer.java:199: error: [NullAway] (INDEX= 516) (Covered) initializer method does not guarantee @NonNull field timer (line 197) is initialized along all control-flow paths (remember to check for exceptions or early returns).
		public Task () {
		       ^
    (see http://t.uber.com/nullaway )
/Users/nima/Developer/NullAwayFixer/Projects/libgdx/gdx/src/com/badlogic/gdx/utils/Timer.java:215: error: [NullAway] (INDEX= 517) (Covered) assigning @Nullable expression to @NonNull field
						this.timer = null;
						           ^
    (see http://t.uber.com/nullaway )
/Users/nima/Developer/NullAwayFixer/Projects/libgdx/gdx/src/com/badlogic/gdx/utils/Timer.java:222: error: [NullAway] (INDEX= 518) (Covered) assigning @Nullable expression to @NonNull field
					this.timer = null;
					           ^
    (see http://t.uber.com/nullaway )
/Users/nima/Developer/NullAwayFixer/Projects/libgdx/gdx/src/com/badlogic/gdx/utils/Timer.java:256: error: [NullAway] (INDEX= 519) (Covered) initializer method does not guarantee @NonNull field instance (line 253) is initialized along all control-flow paths (remember to check for exceptions or early returns).
		public TimerThread () {
		       ^
    (see http://t.uber.com/nullaway )
/Users/nima/Developer/NullAwayFixer/Projects/libgdx/gdx/src/com/badlogic/gdx/utils/Timer.java:314: error: [NullAway] (INDEX= 520) (Covered) assigning @Nullable expression to @NonNull field
				if (thread == this) thread = null;
				                           ^
    (see http://t.uber.com/nullaway )
/Users/nima/Developer/NullAwayFixer/Projects/libgdx/gdx/src/com/badlogic/gdx/scenes/scene2d/utils/ActorGestureListener.java:45: error: [NullAway] (INDEX= 521) (Covered) initializer method does not guarantee @NonNull fields event (line 36), actor (line 37), touchDownTarget (line 37) are initialized along all control-flow paths (remember to check for exceptions or early returns).
	public ActorGestureListener (float halfTapSquareSize, float tapCountInterval, float longPressDuration, float maxFlingDelay) {
	       ^
    (see http://t.uber.com/nullaway )
/Users/nima/Developer/NullAwayFixer/Projects/libgdx/gdx/src/com/badlogic/gdx/scenes/scene2d/ui/TextArea.java:56: error: [NullAway] (INDEX= 522) (Covered) initializer method does not guarantee @NonNull fields linesBreak (line 37), lastText (line 40) are initialized along all control-flow paths (remember to check for exceptions or early returns).
	public TextArea (String text, Skin skin) {
	       ^
    (see http://t.uber.com/nullaway )
/Users/nima/Developer/NullAwayFixer/Projects/libgdx/gdx/src/com/badlogic/gdx/scenes/scene2d/ui/TextArea.java:60: error: [NullAway] (INDEX= 523) (Covered) initializer method does not guarantee @NonNull fields linesBreak (line 37), lastText (line 40) are initialized along all control-flow paths (remember to check for exceptions or early returns).
	public TextArea (String text, Skin skin, String styleName) {
	       ^
    (see http://t.uber.com/nullaway )
/Users/nima/Developer/NullAwayFixer/Projects/libgdx/gdx/src/com/badlogic/gdx/scenes/scene2d/ui/TextArea.java:64: error: [NullAway] (INDEX= 524) (Covered) initializer method does not guarantee @NonNull fields linesBreak (line 37), lastText (line 40) are initialized along all control-flow paths (remember to check for exceptions or early returns).
	public TextArea (String text, TextFieldStyle style) {
	       ^
    (see http://t.uber.com/nullaway )
/Users/nima/Developer/NullAwayFixer/Projects/libgdx/gdx/src/com/badlogic/gdx/scenes/scene2d/ui/TextArea.java:211: error: [NullAway] (INDEX= 525) (Covered) assigning @Nullable expression to @NonNull field
		lastText = null; // Cause calculateOffsets to recalculate the line breaks.
		         ^
    (see http://t.uber.com/nullaway )
/Users/nima/Developer/NullAwayFixer/Projects/libgdx/gdx/src/com/badlogic/gdx/scenes/scene2d/ui/TextField.java:136: error: [NullAway] (INDEX= 526) (Covered) initializer method does not guarantee @NonNull fields text (line 80), style (line 87), messageText (line 88), displayText (line 89), inputListener (line 91), passwordBuffer (line 103) are initialized along all control-flow paths (remember to check for exceptions or early returns).
	public TextField (@Null String text, TextFieldStyle style) {
	       ^
    (see http://t.uber.com/nullaway )
/Users/nima/Developer/NullAwayFixer/Projects/libgdx/gdx/src/com/badlogic/gdx/scenes/scene2d/ui/TextField.java:155: error: [NullAway] (INDEX= 527) dereferenced expression style.background is @Nullable
		if (background != null) x -= style.background.getLeftWidth();
		                                             ^
    (see http://t.uber.com/nullaway )
/Users/nima/Developer/NullAwayFixer/Projects/libgdx/gdx/src/com/badlogic/gdx/scenes/scene2d/ui/TextField.java:516: error: [NullAway] (INDEX= 528) dereferenced expression current.getParent() is @Nullable
		Vector2 currentCoords = current.getParent().localToStageCoordinates(tmp2.set(current.getX(), current.getY()));
		                                           ^
    (see http://t.uber.com/nullaway )
/Users/nima/Developer/NullAwayFixer/Projects/libgdx/gdx/src/com/badlogic/gdx/scenes/scene2d/ui/TextField.java:549: error: [NullAway] (INDEX= 529) dereferenced expression actor.getParent() is @Nullable
				Vector2 actorCoords = actor.getParent().localToStageCoordinates(tmp3.set(actor.getX(), actor.getY()));
				                                       ^
    (see http://t.uber.com/nullaway )
/Users/nima/Developer/NullAwayFixer/Projects/libgdx/gdx/src/com/badlogic/gdx/scenes/scene2d/ui/TextField.java:596: error: [NullAway] (INDEX= 530) (Covered) assigning @Nullable expression to @NonNull field
		this.messageText = messageText;
		                 ^
    (see http://t.uber.com/nullaway )
/Users/nima/Developer/NullAwayFixer/Projects/libgdx/gdx/src/com/badlogic/gdx/scenes/scene2d/ui/TextField.java:792: error: [NullAway] (INDEX= 531) (Covered) passing @Nullable parameter 'null' where @NonNull is required
			inputListener.keyDown(null, keycode);
			                      ^
    (see http://t.uber.com/nullaway )
/Users/nima/Developer/NullAwayFixer/Projects/libgdx/gdx/src/com/badlogic/gdx/scenes/scene2d/ui/TextField.java:1096: error: [NullAway] (INDEX= 532) (Covered) initializer method does not guarantee @NonNull fields font (line 1089), fontColor (line 1090) are initialized along all control-flow paths (remember to check for exceptions or early returns).
		public TextFieldStyle () {
		       ^
    (see http://t.uber.com/nullaway )
/Users/nima/Developer/NullAwayFixer/Projects/libgdx/gdx/src/com/badlogic/gdx/scenes/scene2d/ui/TextField.java:1108: error: [NullAway] (INDEX= 533) (Covered) initializer method does not guarantee @NonNull field fontColor (line 1090) is initialized along all control-flow paths (remember to check for exceptions or early returns).
		public TextFieldStyle (TextFieldStyle style) {
		       ^
    (see http://t.uber.com/nullaway )
/Users/nima/Developer/NullAwayFixer/Projects/libgdx/gdx/src/com/badlogic/gdx/scenes/scene2d/ui/List.java:67: error: [NullAway] (INDEX= 534) (Covered) initializer method does not guarantee @NonNull fields style (line 48), cullingArea (line 51) are initialized along all control-flow paths (remember to check for exceptions or early returns).
	public List (ListStyle style) {
	       ^
    (see http://t.uber.com/nullaway )
/Users/nima/Developer/NullAwayFixer/Projects/libgdx/gdx/src/com/badlogic/gdx/scenes/scene2d/ui/List.java:76: error: [NullAway] (INDEX= 535) (Covered) @NonNull field List$1.prefix not initialized
			String prefix;
			       ^
    (see http://t.uber.com/nullaway )
/Users/nima/Developer/NullAwayFixer/Projects/libgdx/gdx/src/com/badlogic/gdx/scenes/scene2d/ui/List.java:155: error: [NullAway] (INDEX= 536) (Covered) parameter toActor is @NonNull, but parameter in superclass method com.badlogic.gdx.scenes.scene2d.InputListener.exit(com.badlogic.gdx.scenes.scene2d.InputEvent,float,float,int,com.badlogic.gdx.scenes.scene2d.Actor) is @Nullable
			public void exit (InputEvent event, float x, float y, int pointer, Actor toActor) {
			                                                                         ^
    (see http://t.uber.com/nullaway )
/Users/nima/Developer/NullAwayFixer/Projects/libgdx/gdx/src/com/badlogic/gdx/scenes/scene2d/ui/List.java:283: error: [NullAway] (INDEX= 537) (Covered) passing @Nullable parameter 'item' where @NonNull is required
			selection.set(item);
			              ^
    (see http://t.uber.com/nullaway )
/Users/nima/Developer/NullAwayFixer/Projects/libgdx/gdx/src/com/badlogic/gdx/scenes/scene2d/ui/List.java:310: error: [NullAway] (INDEX= 538) (Covered) returning @Nullable expression from method with @NonNull return type
		return overIndex == -1 ? null : items.get(overIndex);
		^
    (see http://t.uber.com/nullaway )
/Users/nima/Developer/NullAwayFixer/Projects/libgdx/gdx/src/com/badlogic/gdx/scenes/scene2d/ui/List.java:315: error: [NullAway] (INDEX= 539) (Covered) returning @Nullable expression from method with @NonNull return type
		return pressedIndex == -1 ? null : items.get(pressedIndex);
		^
    (see http://t.uber.com/nullaway )
/Users/nima/Developer/NullAwayFixer/Projects/libgdx/gdx/src/com/badlogic/gdx/scenes/scene2d/ui/List.java:404: error: [NullAway] (INDEX= 540) (Covered) assigning @Nullable expression to @NonNull field
		this.cullingArea = cullingArea;
		                 ^
    (see http://t.uber.com/nullaway )
/Users/nima/Developer/NullAwayFixer/Projects/libgdx/gdx/src/com/badlogic/gdx/scenes/scene2d/ui/List.java:437: error: [NullAway] (INDEX= 541) (Covered) initializer method does not guarantee @NonNull fields font (line 431), selection (line 434) are initialized along all control-flow paths (remember to check for exceptions or early returns).
		public ListStyle () {
		       ^
    (see http://t.uber.com/nullaway )
/Users/nima/Developer/NullAwayFixer/Projects/libgdx/gdx/src/com/badlogic/gdx/scenes/scene2d/utils/ArraySelection.java:15: error: [NullAway] (INDEX= 542) (Covered) initializer method does not guarantee @NonNull field rangeStart (line 13) is initialized along all control-flow paths (remember to check for exceptions or early returns).
	public ArraySelection (Array<T> array) {
	       ^
    (see http://t.uber.com/nullaway )
/Users/nima/Developer/NullAwayFixer/Projects/libgdx/gdx/src/com/badlogic/gdx/scenes/scene2d/utils/ArraySelection.java:58: error: [NullAway] (INDEX= 543) (Covered) assigning @Nullable expression to @NonNull field
		rangeStart = null;
		           ^
    (see http://t.uber.com/nullaway )
/Users/nima/Developer/NullAwayFixer/Projects/libgdx/gdx/src/com/badlogic/gdx/scenes/scene2d/ui/VerticalGroup.java:49: error: [NullAway] (INDEX= 544) (Covered) initializer method does not guarantee @NonNull field columnSizes (line 43) is initialized along all control-flow paths (remember to check for exceptions or early returns).
	public VerticalGroup () {
	       ^
    (see http://t.uber.com/nullaway )
/Users/nima/Developer/NullAwayFixer/Projects/libgdx/gdx/src/com/badlogic/gdx/scenes/scene2d/ui/Button.java:51: error: [NullAway] (INDEX= 545) (Covered) initializer method does not guarantee @NonNull fields style (line 45), buttonGroup (line 47) are initialized along all control-flow paths (remember to check for exceptions or early returns).
	public Button (Skin skin) {
	       ^
    (see http://t.uber.com/nullaway )
/Users/nima/Developer/NullAwayFixer/Projects/libgdx/gdx/src/com/badlogic/gdx/scenes/scene2d/ui/Button.java:58: error: [NullAway] (INDEX= 546) (Covered) initializer method does not guarantee @NonNull fields style (line 45), buttonGroup (line 47) are initialized along all control-flow paths (remember to check for exceptions or early returns).
	public Button (Skin skin, String styleName) {
	       ^
    (see http://t.uber.com/nullaway )
/Users/nima/Developer/NullAwayFixer/Projects/libgdx/gdx/src/com/badlogic/gdx/scenes/scene2d/ui/Button.java:70: error: [NullAway] (INDEX= 547) (Covered) initializer method does not guarantee @NonNull fields style (line 45), buttonGroup (line 47) are initialized along all control-flow paths (remember to check for exceptions or early returns).
	public Button (Actor child, ButtonStyle style) {
	       ^
    (see http://t.uber.com/nullaway )
/Users/nima/Developer/NullAwayFixer/Projects/libgdx/gdx/src/com/badlogic/gdx/scenes/scene2d/ui/Button.java:77: error: [NullAway] (INDEX= 548) (Covered) initializer method does not guarantee @NonNull fields style (line 45), buttonGroup (line 47) are initialized along all control-flow paths (remember to check for exceptions or early returns).
	public Button (ButtonStyle style) {
	       ^
    (see http://t.uber.com/nullaway )
/Users/nima/Developer/NullAwayFixer/Projects/libgdx/gdx/src/com/badlogic/gdx/scenes/scene2d/ui/Button.java:84: error: [NullAway] (INDEX= 549) (Covered) initializer method does not guarantee @NonNull fields style (line 45), buttonGroup (line 47) are initialized along all control-flow paths (remember to check for exceptions or early returns).
	public Button () {
	       ^
    (see http://t.uber.com/nullaway )
/Users/nima/Developer/NullAwayFixer/Projects/libgdx/gdx/src/com/badlogic/gdx/scenes/scene2d/ui/ButtonGroup.java:34: error: [NullAway] (INDEX= 550) (Covered) initializer method does not guarantee @NonNull field lastChecked (line 32) is initialized along all control-flow paths (remember to check for exceptions or early returns).
	public ButtonGroup () {
	       ^
    (see http://t.uber.com/nullaway )
/Users/nima/Developer/NullAwayFixer/Projects/libgdx/gdx/src/com/badlogic/gdx/scenes/scene2d/ui/ButtonGroup.java:38: error: [NullAway] (INDEX= 551) (Covered) initializer method does not guarantee @NonNull field lastChecked (line 32) is initialized along all control-flow paths (remember to check for exceptions or early returns).
	public ButtonGroup (T... buttons) {
	       ^
    (see http://t.uber.com/nullaway )
/Users/nima/Developer/NullAwayFixer/Projects/libgdx/gdx/src/com/badlogic/gdx/scenes/scene2d/ui/ButtonGroup.java:46: error: [NullAway] (INDEX= 552) (Covered) assigning @Nullable expression to @NonNull field
		button.buttonGroup = null;
		                   ^
    (see http://t.uber.com/nullaway )
/Users/nima/Developer/NullAwayFixer/Projects/libgdx/gdx/src/com/badlogic/gdx/scenes/scene2d/ui/ButtonGroup.java:62: error: [NullAway] (INDEX= 553) (Covered) assigning @Nullable expression to @NonNull field
		button.buttonGroup = null;
		                   ^
    (see http://t.uber.com/nullaway )
/Users/nima/Developer/NullAwayFixer/Projects/libgdx/gdx/src/com/badlogic/gdx/scenes/scene2d/ui/TooltipManager.java:64: error: [NullAway] (INDEX= 554) (Covered) @NonNull field showTooltip not initialized
	Tooltip showTooltip;
	        ^
    (see http://t.uber.com/nullaway )
/Users/nima/Developer/NullAwayFixer/Projects/libgdx/gdx/src/com/badlogic/gdx/scenes/scene2d/ui/TooltipManager.java:33: error: [NullAway] (INDEX= 555) (Covered) @NonNull static field instance not initialized
	static private TooltipManager instance;
	                              ^
    (see http://t.uber.com/nullaway )
/Users/nima/Developer/NullAwayFixer/Projects/libgdx/gdx/src/com/badlogic/gdx/scenes/scene2d/ui/TooltipManager.java:34: error: [NullAway] (INDEX= 556) (Covered) @NonNull static field files not initialized
	static private Files files;
	                     ^
    (see http://t.uber.com/nullaway )
/Users/nima/Developer/NullAwayFixer/Projects/libgdx/gdx/src/com/badlogic/gdx/scenes/scene2d/ui/TooltipManager.java:107: error: [NullAway] (INDEX= 557) (Covered) assigning @Nullable expression to @NonNull field
		showTooltip = null;
		            ^
    (see http://t.uber.com/nullaway )
/Users/nima/Developer/NullAwayFixer/Projects/libgdx/gdx/src/com/badlogic/gdx/scenes/scene2d/ui/TooltipManager.java:137: error: [NullAway] (INDEX= 558) (Covered) assigning @Nullable expression to @NonNull field
		showTooltip = null;
		            ^
    (see http://t.uber.com/nullaway )
/Users/nima/Developer/NullAwayFixer/Projects/libgdx/gdx/src/com/badlogic/gdx/scenes/scene2d/ui/Tooltip.java:44: error: [NullAway] (INDEX= 559) (Covered) initializer method does not guarantee @NonNull field targetActor (line 36) is initialized along all control-flow paths (remember to check for exceptions or early returns).
	public Tooltip (@Null T contents, TooltipManager manager) {
	       ^
    (see http://t.uber.com/nullaway )
/Users/nima/Developer/NullAwayFixer/Projects/libgdx/gdx/src/com/badlogic/gdx/scenes/scene2d/ui/Container.java:156: error: [NullAway] (INDEX= 560) (Covered) parameter cullingArea is @NonNull, but parameter in superclass method com.badlogic.gdx.scenes.scene2d.Group.setCullingArea(com.badlogic.gdx.math.Rectangle) is @Nullable
	public void setCullingArea (Rectangle cullingArea) {
	                                      ^
    (see http://t.uber.com/nullaway )
/Users/nima/Developer/NullAwayFixer/Projects/libgdx/gdx/src/com/badlogic/gdx/scenes/scene2d/actions/AddAction.java:25: error: [NullAway] (INDEX= 561) (Covered) @NonNull field action not initialized
	private Action action;
	               ^
    (see http://t.uber.com/nullaway )
/Users/nima/Developer/NullAwayFixer/Projects/libgdx/gdx/src/com/badlogic/gdx/scenes/scene2d/actions/AddAction.java:46: error: [NullAway] (INDEX= 562) (Covered) assigning @Nullable expression to @NonNull field
		action = null;
		       ^
    (see http://t.uber.com/nullaway )
/Users/nima/Developer/NullAwayFixer/Projects/libgdx/gdx/src/com/badlogic/gdx/scenes/scene2d/actions/RemoveAction.java:25: error: [NullAway] (INDEX= 563) (Covered) @NonNull field action not initialized
	private Action action;
	               ^
    (see http://t.uber.com/nullaway )
/Users/nima/Developer/NullAwayFixer/Projects/libgdx/gdx/src/com/badlogic/gdx/scenes/scene2d/actions/RemoveAction.java:42: error: [NullAway] (INDEX= 564) (Covered) assigning @Nullable expression to @NonNull field
		action = null;
		       ^
    (see http://t.uber.com/nullaway )
/Users/nima/Developer/NullAwayFixer/Projects/libgdx/gdx/src/com/badlogic/gdx/scenes/scene2d/actions/ColorAction.java:41: error: [NullAway] (INDEX= 565) dereferenced expression color is @Nullable
			color.set(startR, startG, startB, startA);
			     ^
    (see http://t.uber.com/nullaway )
/Users/nima/Developer/NullAwayFixer/Projects/libgdx/gdx/src/com/badlogic/gdx/scenes/scene2d/actions/ColorAction.java:43: error: [NullAway] (INDEX= 566) dereferenced expression color is @Nullable
			color.set(end);
			     ^
    (see http://t.uber.com/nullaway )
/Users/nima/Developer/NullAwayFixer/Projects/libgdx/gdx/src/com/badlogic/gdx/scenes/scene2d/actions/ColorAction.java:49: error: [NullAway] (INDEX= 567) dereferenced expression color is @Nullable
			color.set(r, g, b, a);
			     ^
    (see http://t.uber.com/nullaway )
/Users/nima/Developer/NullAwayFixer/Projects/libgdx/gdx/src/com/badlogic/gdx/scenes/scene2d/actions/AlphaAction.java:37: error: [NullAway] (INDEX= 568) dereferenced expression color is @Nullable
			color.a = start;
			     ^
    (see http://t.uber.com/nullaway )
/Users/nima/Developer/NullAwayFixer/Projects/libgdx/gdx/src/com/badlogic/gdx/scenes/scene2d/actions/AlphaAction.java:39: error: [NullAway] (INDEX= 569) dereferenced expression color is @Nullable
			color.a = end;
			     ^
    (see http://t.uber.com/nullaway )
/Users/nima/Developer/NullAwayFixer/Projects/libgdx/gdx/src/com/badlogic/gdx/scenes/scene2d/actions/AlphaAction.java:41: error: [NullAway] (INDEX= 570) dereferenced expression color is @Nullable
			color.a = start + (end - start) * percent;
			     ^
    (see http://t.uber.com/nullaway )
/Users/nima/Developer/NullAwayFixer/Projects/libgdx/gdx/src/com/badlogic/gdx/scenes/scene2d/actions/TouchableAction.java:26: error: [NullAway] (INDEX= 571) (Covered) @NonNull field touchable not initialized
	private Touchable touchable;
	                  ^
    (see http://t.uber.com/nullaway )
/Users/nima/Developer/NullAwayFixer/Projects/libgdx/gdx/src/com/badlogic/gdx/scenes/scene2d/actions/DelegateAction.java:27: error: [NullAway] (INDEX= 572) (Covered) @NonNull field action not initialized
	protected Action action;
	                 ^
    (see http://t.uber.com/nullaway )
/Users/nima/Developer/NullAwayFixer/Projects/libgdx/gdx/src/com/badlogic/gdx/scenes/scene2d/actions/DelegateAction.java:56: error: [NullAway] (INDEX= 573) (Covered) assigning @Nullable expression to @NonNull field
		action = null;
		       ^
    (see http://t.uber.com/nullaway )
/Users/nima/Developer/NullAwayFixer/Projects/libgdx/gdx/src/com/badlogic/gdx/scenes/scene2d/actions/RunnableAction.java:26: error: [NullAway] (INDEX= 574) (Covered) @NonNull field runnable not initialized
	private Runnable runnable;
	                 ^
    (see http://t.uber.com/nullaway )
/Users/nima/Developer/NullAwayFixer/Projects/libgdx/gdx/src/com/badlogic/gdx/scenes/scene2d/actions/RunnableAction.java:54: error: [NullAway] (INDEX= 575) (Covered) assigning @Nullable expression to @NonNull field
		runnable = null;
		         ^
    (see http://t.uber.com/nullaway )
/Users/nima/Developer/NullAwayFixer/Projects/libgdx/gdx/src/com/badlogic/gdx/scenes/scene2d/actions/AddListenerAction.java:26: error: [NullAway] (INDEX= 576) (Covered) @NonNull field listener not initialized
	private EventListener listener;
	                      ^
    (see http://t.uber.com/nullaway )
/Users/nima/Developer/NullAwayFixer/Projects/libgdx/gdx/src/com/badlogic/gdx/scenes/scene2d/actions/AddListenerAction.java:55: error: [NullAway] (INDEX= 577) (Covered) assigning @Nullable expression to @NonNull field
		listener = null;
		         ^
    (see http://t.uber.com/nullaway )
/Users/nima/Developer/NullAwayFixer/Projects/libgdx/gdx/src/com/badlogic/gdx/scenes/scene2d/actions/RemoveListenerAction.java:26: error: [NullAway] (INDEX= 578) (Covered) @NonNull field listener not initialized
	private EventListener listener;
	                      ^
    (see http://t.uber.com/nullaway )
/Users/nima/Developer/NullAwayFixer/Projects/libgdx/gdx/src/com/badlogic/gdx/scenes/scene2d/actions/RemoveListenerAction.java:55: error: [NullAway] (INDEX= 579) (Covered) assigning @Nullable expression to @NonNull field
		listener = null;
		         ^
    (see http://t.uber.com/nullaway )
/Users/nima/Developer/NullAwayFixer/Projects/libgdx/gdx/src/com/badlogic/gdx/scenes/scene2d/ui/SplitPane.java:75: error: [NullAway] (INDEX= 580) (Covered) initializer method does not guarantee @NonNull field style (line 47) is initialized along all control-flow paths (remember to check for exceptions or early returns).
	public SplitPane (@Null Actor firstWidget, @Null Actor secondWidget, boolean vertical, SplitPaneStyle style) {
	       ^
    (see http://t.uber.com/nullaway )
/Users/nima/Developer/NullAwayFixer/Projects/libgdx/gdx/src/com/badlogic/gdx/scenes/scene2d/ui/SplitPane.java:412: error: [NullAway] (INDEX= 581) (Covered) initializer method does not guarantee @NonNull field handle (line 410) is initialized along all control-flow paths (remember to check for exceptions or early returns).
		public SplitPaneStyle () {
		       ^
    (see http://t.uber.com/nullaway )
/Users/nima/Developer/NullAwayFixer/Projects/libgdx/gdx/src/com/badlogic/gdx/scenes/scene2d/ui/TextButton.java:43: error: [NullAway] (INDEX= 582) (Covered) initializer method does not guarantee @NonNull field style (line 31) is initialized along all control-flow paths (remember to check for exceptions or early returns).
	public TextButton (@Null String text, TextButtonStyle style) {
	       ^
    (see http://t.uber.com/nullaway )
/Users/nima/Developer/NullAwayFixer/Projects/libgdx/gdx/src/com/badlogic/gdx/scenes/scene2d/ui/TextButton.java:111: error: [NullAway] (INDEX= 583) (Covered) returning @Nullable expression from method with @NonNull return type
		return getCell(label);
		^
    (see http://t.uber.com/nullaway )
/Users/nima/Developer/NullAwayFixer/Projects/libgdx/gdx/src/com/badlogic/gdx/scenes/scene2d/ui/TextButton.java:138: error: [NullAway] (INDEX= 584) (Covered) initializer method does not guarantee @NonNull field font (line 134) is initialized along all control-flow paths (remember to check for exceptions or early returns).
		public TextButtonStyle () {
		       ^
    (see http://t.uber.com/nullaway )
/Users/nima/Developer/NullAwayFixer/Projects/libgdx/gdx/src/com/badlogic/gdx/scenes/scene2d/ui/TextButton.java:141: error: [NullAway] (INDEX= 585) (Covered) initializer method does not guarantee @NonNull field font (line 134) is initialized along all control-flow paths (remember to check for exceptions or early returns).
		public TextButtonStyle (@Null Drawable up, @Null Drawable down, @Null Drawable checked, @Null BitmapFont font) {
		       ^
    (see http://t.uber.com/nullaway )
/Users/nima/Developer/NullAwayFixer/Projects/libgdx/gdx/src/com/badlogic/gdx/scenes/scene2d/ui/TextButton.java:143: error: [NullAway] (INDEX= 586) (Covered) assigning @Nullable expression to @NonNull field
			this.font = font;
			          ^
    (see http://t.uber.com/nullaway )
/Users/nima/Developer/NullAwayFixer/Projects/libgdx/gdx/src/com/badlogic/gdx/scenes/scene2d/ui/ImageTextButton.java:151: error: [NullAway] (INDEX= 587) (Covered) returning @Nullable expression from method with @NonNull return type
		return getCell(image);
		^
    (see http://t.uber.com/nullaway )
/Users/nima/Developer/NullAwayFixer/Projects/libgdx/gdx/src/com/badlogic/gdx/scenes/scene2d/ui/ImageTextButton.java:164: error: [NullAway] (INDEX= 588) (Covered) returning @Nullable expression from method with @NonNull return type
		return getCell(label);
		^
    (see http://t.uber.com/nullaway )
/Users/nima/Developer/NullAwayFixer/Projects/libgdx/gdx/src/com/badlogic/gdx/scenes/scene2d/ui/SelectBox.java:83: error: [NullAway] (INDEX= 589) (Covered) initializer method does not guarantee @NonNull field style (line 59) is initialized along all control-flow paths (remember to check for exceptions or early returns).
	public SelectBox (SelectBoxStyle style) {
	       ^
    (see http://t.uber.com/nullaway )
/Users/nima/Developer/NullAwayFixer/Projects/libgdx/gdx/src/com/badlogic/gdx/scenes/scene2d/ui/SelectBox.java:263: error: [NullAway] (INDEX= 590) dereferenced expression fontColor is @Nullable
			font.setColor(fontColor.r, fontColor.g, fontColor.b, fontColor.a * parentAlpha);
			                       ^
    (see http://t.uber.com/nullaway )
/Users/nima/Developer/NullAwayFixer/Projects/libgdx/gdx/src/com/badlogic/gdx/scenes/scene2d/ui/SelectBox.java:294: error: [NullAway] (INDEX= 591) (Covered) passing @Nullable parameter 'item' where @NonNull is required
			selection.set(item);
			              ^
    (see http://t.uber.com/nullaway )
/Users/nima/Developer/NullAwayFixer/Projects/libgdx/gdx/src/com/badlogic/gdx/scenes/scene2d/ui/SelectBox.java:407: error: [NullAway] (INDEX= 592) (Covered) initializer method does not guarantee @NonNull field previousScrollFocus (line 405) is initialized along all control-flow paths (remember to check for exceptions or early returns).
		public SelectBoxList (final SelectBox<T> selectBox) {
		       ^
    (see http://t.uber.com/nullaway )
/Users/nima/Developer/NullAwayFixer/Projects/libgdx/gdx/src/com/badlogic/gdx/scenes/scene2d/ui/SelectBox.java:429: error: [NullAway] (INDEX= 593) (Covered) passing @Nullable parameter 'selected' where @NonNull is required
					selectBox.selection.choose(selected);
					                           ^
    (see http://t.uber.com/nullaway )
/Users/nima/Developer/NullAwayFixer/Projects/libgdx/gdx/src/com/badlogic/gdx/scenes/scene2d/ui/SelectBox.java:442: error: [NullAway] (INDEX= 594) (Covered) passing @Nullable parameter 'selectBox.getSelected()' where @NonNull is required
					if (toActor == null || !isAscendantOf(toActor)) list.selection.set(selectBox.getSelected());
					                                                                                        ^
    (see http://t.uber.com/nullaway )
/Users/nima/Developer/NullAwayFixer/Projects/libgdx/gdx/src/com/badlogic/gdx/scenes/scene2d/ui/SelectBox.java:450: error: [NullAway] (INDEX= 595) (Covered) passing @Nullable parameter 'selectBox.getSelected()' where @NonNull is required
					list.selection.set(selectBox.getSelected());
					                                        ^
    (see http://t.uber.com/nullaway )
/Users/nima/Developer/NullAwayFixer/Projects/libgdx/gdx/src/com/badlogic/gdx/scenes/scene2d/ui/SelectBox.java:458: error: [NullAway] (INDEX= 596) (Covered) passing @Nullable parameter 'list.getSelected()' where @NonNull is required
						selectBox.selection.choose(list.getSelected());
						                                           ^
    (see http://t.uber.com/nullaway )
/Users/nima/Developer/NullAwayFixer/Projects/libgdx/gdx/src/com/badlogic/gdx/scenes/scene2d/ui/SelectBox.java:513: error: [NullAway] (INDEX= 597) (Covered) assigning @Nullable expression to @NonNull field
			previousScrollFocus = null;
			                    ^
    (see http://t.uber.com/nullaway )
/Users/nima/Developer/NullAwayFixer/Projects/libgdx/gdx/src/com/badlogic/gdx/scenes/scene2d/ui/SelectBox.java:518: error: [NullAway] (INDEX= 598) (Covered) passing @Nullable parameter 'selectBox.getSelected()' where @NonNull is required
			list.selection.set(selectBox.getSelected());
			                                        ^
    (see http://t.uber.com/nullaway )
/Users/nima/Developer/NullAwayFixer/Projects/libgdx/gdx/src/com/badlogic/gdx/scenes/scene2d/ui/SelectBox.java:532: error: [NullAway] (INDEX= 599) (Covered) assigning @Nullable expression to @NonNull field
				if (previousScrollFocus != null && previousScrollFocus.getStage() == null) previousScrollFocus = null;
				                                                                                               ^
    (see http://t.uber.com/nullaway )
/Users/nima/Developer/NullAwayFixer/Projects/libgdx/gdx/src/com/badlogic/gdx/scenes/scene2d/ui/SelectBox.java:574: error: [NullAway] (INDEX= 600) (Covered) initializer method does not guarantee @NonNull fields font (line 566), scrollStyle (line 570), listStyle (line 571) are initialized along all control-flow paths (remember to check for exceptions or early returns).
		public SelectBoxStyle () {
		       ^
    (see http://t.uber.com/nullaway )
/Users/nima/Developer/NullAwayFixer/Projects/libgdx/gdx/src/com/badlogic/gdx/scenes/scene2d/ui/CheckBox.java:42: error: [NullAway] (INDEX= 601) (Covered) initializer method does not guarantee @NonNull field style (line 32) is initialized along all control-flow paths (remember to check for exceptions or early returns).
	public CheckBox (@Null String text, CheckBoxStyle style) {
	       ^
    (see http://t.uber.com/nullaway )
/Users/nima/Developer/NullAwayFixer/Projects/libgdx/gdx/src/com/badlogic/gdx/scenes/scene2d/ui/CheckBox.java:99: error: [NullAway] (INDEX= 602) (Covered) initializer method does not guarantee @NonNull fields checkboxOn (line 96), checkboxOff (line 96) are initialized along all control-flow paths (remember to check for exceptions or early returns).
		public CheckBoxStyle () {
		       ^
    (see http://t.uber.com/nullaway )
/Users/nima/Developer/NullAwayFixer/Projects/libgdx/gdx/src/com/badlogic/gdx/scenes/scene2d/ui/Dialog.java:58: error: [NullAway] (INDEX= 603) (Covered) initializer method does not guarantee @NonNull fields previousKeyboardFocus (line 48), previousScrollFocus (line 48) are initialized along all control-flow paths (remember to check for exceptions or early returns).
	public Dialog (String title, Skin skin) {
	       ^
    (see http://t.uber.com/nullaway )
/Users/nima/Developer/NullAwayFixer/Projects/libgdx/gdx/src/com/badlogic/gdx/scenes/scene2d/ui/Dialog.java:65: error: [NullAway] (INDEX= 604) (Covered) initializer method does not guarantee @NonNull fields previousKeyboardFocus (line 48), previousScrollFocus (line 48) are initialized along all control-flow paths (remember to check for exceptions or early returns).
	public Dialog (String title, Skin skin, String windowStyleName) {
	       ^
    (see http://t.uber.com/nullaway )
/Users/nima/Developer/NullAwayFixer/Projects/libgdx/gdx/src/com/badlogic/gdx/scenes/scene2d/ui/Dialog.java:72: error: [NullAway] (INDEX= 605) (Covered) initializer method does not guarantee @NonNull fields previousKeyboardFocus (line 48), previousScrollFocus (line 48) are initialized along all control-flow paths (remember to check for exceptions or early returns).
	public Dialog (String title, WindowStyle windowStyle) {
	       ^
    (see http://t.uber.com/nullaway )
/Users/nima/Developer/NullAwayFixer/Projects/libgdx/gdx/src/com/badlogic/gdx/scenes/scene2d/ui/Dialog.java:91: error: [NullAway] (INDEX= 606) dereferenced expression actor is @Nullable
				while (actor.getParent() != buttonTable)
				            ^
    (see http://t.uber.com/nullaway )
/Users/nima/Developer/NullAwayFixer/Projects/libgdx/gdx/src/com/badlogic/gdx/scenes/scene2d/ui/Dialog.java:196: error: [NullAway] (INDEX= 607) (Covered) assigning @Nullable expression to @NonNull field
		previousKeyboardFocus = null;
		                      ^
    (see http://t.uber.com/nullaway )
/Users/nima/Developer/NullAwayFixer/Projects/libgdx/gdx/src/com/badlogic/gdx/scenes/scene2d/ui/Dialog.java:200: error: [NullAway] (INDEX= 608) (Covered) assigning @Nullable expression to @NonNull field
		previousScrollFocus = null;
		                    ^
    (see http://t.uber.com/nullaway )
/Users/nima/Developer/NullAwayFixer/Projects/libgdx/gdx/src/com/badlogic/gdx/scenes/scene2d/ui/Dialog.java:230: error: [NullAway] (INDEX= 609) (Covered) assigning @Nullable expression to @NonNull field
			if (previousKeyboardFocus != null && previousKeyboardFocus.getStage() == null) previousKeyboardFocus = null;
			                                                                                                     ^
    (see http://t.uber.com/nullaway )
/Users/nima/Developer/NullAwayFixer/Projects/libgdx/gdx/src/com/badlogic/gdx/scenes/scene2d/ui/Dialog.java:234: error: [NullAway] (INDEX= 610) (Covered) assigning @Nullable expression to @NonNull field
			if (previousScrollFocus != null && previousScrollFocus.getStage() == null) previousScrollFocus = null;
			                                                                                               ^
    (see http://t.uber.com/nullaway )
/Users/nima/Developer/NullAwayFixer/Projects/libgdx/gdx/src/com/badlogic/gdx/scenes/scene2d/ui/HorizontalGroup.java:49: error: [NullAway] (INDEX= 611) (Covered) initializer method does not guarantee @NonNull field rowSizes (line 43) is initialized along all control-flow paths (remember to check for exceptions or early returns).
	public HorizontalGroup () {
	       ^
    (see http://t.uber.com/nullaway )
/Users/nima/Developer/NullAwayFixer/Projects/libgdx/gdx/src/com/badlogic/gdx/scenes/scene2d/ui/TextTooltip.java:65: error: [NullAway] (INDEX= 612) dereferenced expression container.getActor() is @Nullable
		container.getActor().setStyle(style.label);
		                    ^
    (see http://t.uber.com/nullaway )
/Users/nima/Developer/NullAwayFixer/Projects/libgdx/gdx/src/com/badlogic/gdx/scenes/scene2d/ui/TextTooltip.java:78: error: [NullAway] (INDEX= 613) (Covered) initializer method does not guarantee @NonNull field label (line 73) is initialized along all control-flow paths (remember to check for exceptions or early returns).
		public TextTooltipStyle () {
		       ^
    (see http://t.uber.com/nullaway )
/Users/nima/Developer/NullAwayFixer/Projects/libgdx/gdx/src/com/badlogic/gdx/scenes/scene2d/ui/Slider.java:66: error: [NullAway] (INDEX= 614) (Covered) initializer method does not guarantee @NonNull field snapValues (line 46) is initialized along all control-flow paths (remember to check for exceptions or early returns).
	public Slider (float min, float max, float stepSize, boolean vertical, SliderStyle style) {
	       ^
    (see http://t.uber.com/nullaway )
/Users/nima/Developer/NullAwayFixer/Projects/libgdx/gdx/src/com/badlogic/gdx/scenes/scene2d/ui/Slider.java:136: error: [NullAway] (INDEX= 615) (Covered) returning @Nullable expression from method with @NonNull return type
		return style.knobBefore;
		^
    (see http://t.uber.com/nullaway )
/Users/nima/Developer/NullAwayFixer/Projects/libgdx/gdx/src/com/badlogic/gdx/scenes/scene2d/ui/Slider.java:144: error: [NullAway] (INDEX= 616) (Covered) returning @Nullable expression from method with @NonNull return type
		return style.knobAfter;
		^
    (see http://t.uber.com/nullaway )
/Users/nima/Developer/NullAwayFixer/Projects/libgdx/gdx/src/com/badlogic/gdx/scenes/scene2d/ui/Slider.java:159: error: [NullAway] (INDEX= 617) dereferenced expression bg is @Nullable
			float height = getHeight() - bg.getTopHeight() - bg.getBottomHeight();
			                               ^
    (see http://t.uber.com/nullaway )
/Users/nima/Developer/NullAwayFixer/Projects/libgdx/gdx/src/com/badlogic/gdx/scenes/scene2d/ui/Slider.java:166: error: [NullAway] (INDEX= 618) dereferenced expression bg is @Nullable
			float width = getWidth() - bg.getLeftWidth() - bg.getRightWidth();
			                             ^
    (see http://t.uber.com/nullaway )
/Users/nima/Developer/NullAwayFixer/Projects/libgdx/gdx/src/com/badlogic/gdx/scenes/scene2d/ui/Slider.java:201: error: [NullAway] (INDEX= 619) (Covered) assigning @Nullable expression to @NonNull field
		this.snapValues = values;
		                ^
    (see http://t.uber.com/nullaway )
/Users/nima/Developer/NullAwayFixer/Projects/libgdx/gdx/src/com/badlogic/gdx/scenes/scene2d/ui/ProgressBar.java:73: error: [NullAway] (INDEX= 620) (Covered) initializer method does not guarantee @NonNull field style (line 45) is initialized along all control-flow paths (remember to check for exceptions or early returns).
	public ProgressBar (float min, float max, float stepSize, boolean vertical, ProgressBarStyle style) {
	       ^
    (see http://t.uber.com/nullaway )
/Users/nima/Developer/NullAwayFixer/Projects/libgdx/gdx/src/com/badlogic/gdx/scenes/scene2d/ui/ProgressBar.java:277: error: [NullAway] (INDEX= 621) (Covered) returning @Nullable expression from method with @NonNull return type
		return style.knobBefore;
		^
    (see http://t.uber.com/nullaway )
/Users/nima/Developer/NullAwayFixer/Projects/libgdx/gdx/src/com/badlogic/gdx/scenes/scene2d/ui/ProgressBar.java:282: error: [NullAway] (INDEX= 622) (Covered) returning @Nullable expression from method with @NonNull return type
		return style.knobAfter;
		^
    (see http://t.uber.com/nullaway )
/Users/nima/Developer/NullAwayFixer/Projects/libgdx/gdx/src/com/badlogic/gdx/scenes/scene2d/ui/ImageButton.java:43: error: [NullAway] (INDEX= 623) (Covered) initializer method does not guarantee @NonNull field style (line 31) is initialized along all control-flow paths (remember to check for exceptions or early returns).
	public ImageButton (ImageButtonStyle style) {
	       ^
    (see http://t.uber.com/nullaway )
/Users/nima/Developer/NullAwayFixer/Projects/libgdx/gdx/src/com/badlogic/gdx/scenes/scene2d/ui/ImageButton.java:113: error: [NullAway] (INDEX= 624) (Covered) returning @Nullable expression from method with @NonNull return type
		return getCell(image);
		^
    (see http://t.uber.com/nullaway )
/Users/nima/Developer/NullAwayFixer/Projects/libgdx/gdx/src/com/badlogic/gdx/scenes/scene2d/utils/DragAndDrop.java:35: error: [NullAway] (INDEX= 625) (Covered) @NonNull field dragSource not initialized
	Source dragSource;
	       ^
    (see http://t.uber.com/nullaway )
/Users/nima/Developer/NullAwayFixer/Projects/libgdx/gdx/src/com/badlogic/gdx/scenes/scene2d/utils/DragAndDrop.java:36: error: [NullAway] (INDEX= 626) (Covered) @NonNull field payload not initialized
	Payload payload;
	        ^
    (see http://t.uber.com/nullaway )
/Users/nima/Developer/NullAwayFixer/Projects/libgdx/gdx/src/com/badlogic/gdx/scenes/scene2d/utils/DragAndDrop.java:37: error: [NullAway] (INDEX= 627) (Covered) @NonNull field dragActor not initialized
	Actor dragActor;
	      ^
    (see http://t.uber.com/nullaway )
/Users/nima/Developer/NullAwayFixer/Projects/libgdx/gdx/src/com/badlogic/gdx/scenes/scene2d/utils/DragAndDrop.java:39: error: [NullAway] (INDEX= 628) (Covered) @NonNull field target not initialized
	Target target;
	       ^
    (see http://t.uber.com/nullaway )
/Users/nima/Developer/NullAwayFixer/Projects/libgdx/gdx/src/com/badlogic/gdx/scenes/scene2d/utils/DragAndDrop.java:65: error: [NullAway] (INDEX= 629) (Covered) assigning @Nullable expression to @NonNull field
				payload = source.dragStart(event, getTouchDownX(), getTouchDownY(), pointer);
				        ^
    (see http://t.uber.com/nullaway )
/Users/nima/Developer/NullAwayFixer/Projects/libgdx/gdx/src/com/badlogic/gdx/scenes/scene2d/utils/DragAndDrop.java:113: error: [NullAway] (INDEX= 630) (Covered) assigning @Nullable expression to @NonNull field
					target = newTarget;
					       ^
    (see http://t.uber.com/nullaway )
/Users/nima/Developer/NullAwayFixer/Projects/libgdx/gdx/src/com/badlogic/gdx/scenes/scene2d/utils/DragAndDrop.java:125: error: [NullAway] (INDEX= 631) (Covered) assigning @Nullable expression to @NonNull field
					dragActor = actor;
					          ^
    (see http://t.uber.com/nullaway )
/Users/nima/Developer/NullAwayFixer/Projects/libgdx/gdx/src/com/badlogic/gdx/scenes/scene2d/utils/DragAndDrop.java:126: error: [NullAway] (INDEX= 632) dereferenced expression actor is @Nullable
					removeDragActor = actor.getStage() == null; // Only remove later if not already in the stage now.
					                       ^
    (see http://t.uber.com/nullaway )
/Users/nima/Developer/NullAwayFixer/Projects/libgdx/gdx/src/com/badlogic/gdx/scenes/scene2d/utils/DragAndDrop.java:157: error: [NullAway] (INDEX= 633) (Covered) assigning @Nullable expression to @NonNull field
				dragSource = null;
				           ^
    (see http://t.uber.com/nullaway )
/Users/nima/Developer/NullAwayFixer/Projects/libgdx/gdx/src/com/badlogic/gdx/scenes/scene2d/utils/DragAndDrop.java:158: error: [NullAway] (INDEX= 634) (Covered) assigning @Nullable expression to @NonNull field
				payload = null;
				        ^
    (see http://t.uber.com/nullaway )
/Users/nima/Developer/NullAwayFixer/Projects/libgdx/gdx/src/com/badlogic/gdx/scenes/scene2d/utils/DragAndDrop.java:159: error: [NullAway] (INDEX= 635) (Covered) assigning @Nullable expression to @NonNull field
				target = null;
				       ^
    (see http://t.uber.com/nullaway )
/Users/nima/Developer/NullAwayFixer/Projects/libgdx/gdx/src/com/badlogic/gdx/scenes/scene2d/utils/DragAndDrop.java:161: error: [NullAway] (INDEX= 636) (Covered) assigning @Nullable expression to @NonNull field
				dragActor = null;
				          ^
    (see http://t.uber.com/nullaway )
/Users/nima/Developer/NullAwayFixer/Projects/libgdx/gdx/src/com/badlogic/gdx/scenes/scene2d/utils/DragAndDrop.java:172: error: [NullAway] (INDEX= 637) (Covered) passing @Nullable parameter 'dragListener' where @NonNull is required
		source.actor.removeCaptureListener(dragListener);
		                                   ^
    (see http://t.uber.com/nullaway )
/Users/nima/Developer/NullAwayFixer/Projects/libgdx/gdx/src/com/badlogic/gdx/scenes/scene2d/utils/DragAndDrop.java:187: error: [NullAway] (INDEX= 638) (Covered) passing @Nullable parameter 'entry.value' where @NonNull is required
			entry.key.actor.removeCaptureListener(entry.value);
			                                           ^
    (see http://t.uber.com/nullaway )
/Users/nima/Developer/NullAwayFixer/Projects/libgdx/gdx/src/com/badlogic/gdx/scenes/scene2d/utils/NinePatchDrawable.java:37: error: [NullAway] (INDEX= 639) (Covered) initializer method does not guarantee @NonNull field patch (line 34) is initialized along all control-flow paths (remember to check for exceptions or early returns).
	public NinePatchDrawable () {
	       ^
    (see http://t.uber.com/nullaway )
/Users/nima/Developer/NullAwayFixer/Projects/libgdx/gdx/src/com/badlogic/gdx/scenes/scene2d/utils/NinePatchDrawable.java:40: error: [NullAway] (INDEX= 640) (Covered) initializer method does not guarantee @NonNull field patch (line 34) is initialized along all control-flow paths (remember to check for exceptions or early returns).
	public NinePatchDrawable (NinePatch patch) {
	       ^
    (see http://t.uber.com/nullaway )
/Users/nima/Developer/NullAwayFixer/Projects/libgdx/gdx/src/com/badlogic/gdx/scenes/scene2d/utils/SpriteDrawable.java:30: error: [NullAway] (INDEX= 641) (Covered) initializer method does not guarantee @NonNull field sprite (line 27) is initialized along all control-flow paths (remember to check for exceptions or early returns).
	public SpriteDrawable () {
	       ^
    (see http://t.uber.com/nullaway )
/Users/nima/Developer/NullAwayFixer/Projects/libgdx/gdx/src/com/badlogic/gdx/scenes/scene2d/utils/SpriteDrawable.java:33: error: [NullAway] (INDEX= 642) (Covered) initializer method does not guarantee @NonNull field sprite (line 27) is initialized along all control-flow paths (remember to check for exceptions or early returns).
	public SpriteDrawable (Sprite sprite) {
	       ^
    (see http://t.uber.com/nullaway )
/Users/nima/Developer/NullAwayFixer/Projects/libgdx/gdx/src/com/badlogic/gdx/scenes/scene2d/utils/SpriteDrawable.java:37: error: [NullAway] (INDEX= 643) (Covered) initializer method does not guarantee @NonNull field sprite (line 27) is initialized along all control-flow paths (remember to check for exceptions or early returns).
	public SpriteDrawable (SpriteDrawable drawable) {
	       ^
    (see http://t.uber.com/nullaway )
/Users/nima/Developer/NullAwayFixer/Projects/libgdx/gdx/src/com/badlogic/gdx/net/NetJavaImpl.java:278: error: [NullAway] (INDEX= 644) (Covered) returning @Nullable expression from method with @NonNull return type
		return httpResponseListener;
		^
    (see http://t.uber.com/nullaway )
/Users/nima/Developer/NullAwayFixer/Projects/libgdx/gdx/src/com/badlogic/gdx/net/HttpParametersUtils.java:46: error: [NullAway] (INDEX= 645) (Covered) passing @Nullable parameter 'parameters.get(name)' where @NonNull is required
			convertedParameters.append(encode(parameters.get(name), defaultEncoding));
			                                                ^
    (see http://t.uber.com/nullaway )
/Users/nima/Developer/NullAwayFixer/Projects/libgdx/gdx/src/com/badlogic/gdx/net/NetJavaSocketImpl.java:115: error: [NullAway] (INDEX= 646) (Covered) assigning @Nullable expression to @NonNull field
				socket = null;
				       ^
    (see http://t.uber.com/nullaway )
/Users/nima/Developer/NullAwayFixer/Projects/libgdx/gdx/src/com/badlogic/gdx/net/NetJavaServerSocketImpl.java:41: error: [NullAway] (INDEX= 647) (Covered) passing @Nullable parameter 'null' where @NonNull is required
		this(protocol, null, port, hints);
		               ^
    (see http://t.uber.com/nullaway )
/Users/nima/Developer/NullAwayFixer/Projects/libgdx/gdx/src/com/badlogic/gdx/net/NetJavaServerSocketImpl.java:96: error: [NullAway] (INDEX= 648) (Covered) assigning @Nullable expression to @NonNull field
				server = null;
				       ^
    (see http://t.uber.com/nullaway )
/Users/nima/Developer/NullAwayFixer/Projects/libgdx/gdx/src/com/badlogic/gdx/net/HttpRequestBuilder.java:45: error: [NullAway] (INDEX= 649) (Covered) @NonNull field httpRequest not initialized
	private HttpRequest httpRequest;
	                    ^
    (see http://t.uber.com/nullaway )
/Users/nima/Developer/NullAwayFixer/Projects/libgdx/gdx/src/com/badlogic/gdx/net/HttpRequestBuilder.java:148: error: [NullAway] (INDEX= 650) (Covered) assigning @Nullable expression to @NonNull field
		httpRequest = null;
		            ^
    (see http://t.uber.com/nullaway )
/Users/nima/Developer/NullAwayFixer/Projects/libgdx/gdx/src/com/badlogic/gdx/InputEventQueue.java:41: error: [NullAway] (INDEX= 651) (Covered) initializer method does not guarantee @NonNull field processor (line 36) is initialized along all control-flow paths (remember to check for exceptions or early returns).
	public InputEventQueue () {
	       ^
    (see http://t.uber.com/nullaway )
/Users/nima/Developer/NullAwayFixer/Projects/libgdx/gdx/src/com/badlogic/gdx/input/RemoteInput.java:210: error: [NullAway] (INDEX= 652) (Covered) assigning @Nullable expression to @NonNull field
	InputProcessor processor = null;
	               ^
    (see http://t.uber.com/nullaway )
/Users/nima/Developer/NullAwayFixer/Projects/libgdx/gdx/src/com/badlogic/gdx/input/RemoteInput.java:223: error: [NullAway] (INDEX= 653) (Covered) passing @Nullable parameter 'null' where @NonNull is required
		this(port, null);
		           ^
    (see http://t.uber.com/nullaway )
/Users/nima/Developer/NullAwayFixer/Projects/libgdx/gdx/src/com/badlogic/gdx/input/RemoteInput.java:324: error: [NullAway] (INDEX= 654) (Covered) passing @Nullable parameter 'touchEvent' where @NonNull is required
					Gdx.app.postRunnable(new EventTrigger(touchEvent, keyEvent));
					                                      ^
    (see http://t.uber.com/nullaway )
/Users/nima/Developer/NullAwayFixer/Projects/libgdx/gdx/src/com/badlogic/gdx/input/RemoteInput.java:324: error: [NullAway] (INDEX= 655) (Covered) passing @Nullable parameter 'keyEvent' where @NonNull is required
					Gdx.app.postRunnable(new EventTrigger(touchEvent, keyEvent));
					                                                  ^
    (see http://t.uber.com/nullaway )
/Users/nima/Developer/NullAwayFixer/Projects/libgdx/gdx/src/com/badlogic/gdx/input/RemoteSender.java:47: error: [NullAway] (INDEX= 656) (Covered) initializer method does not guarantee @NonNull field out (line 31) is initialized along all control-flow paths (remember to check for exceptions or early returns).
	public RemoteSender (String ip, int port) {
	       ^
    (see http://t.uber.com/nullaway )
/Users/nima/Developer/NullAwayFixer/Projects/libgdx/gdx/src/com/badlogic/gdx/input/RemoteSender.java:82: error: [NullAway] (INDEX= 657) (Covered) assigning @Nullable expression to @NonNull field
			out = null;
			    ^
    (see http://t.uber.com/nullaway )
/Users/nima/Developer/NullAwayFixer/Projects/libgdx/gdx/src/com/badlogic/gdx/utils/Select.java:35: error: [NullAway] (INDEX= 658) (Covered) @NonNull field quickSelect not initialized
	private QuickSelect quickSelect;
	                    ^
    (see http://t.uber.com/nullaway )
/Users/nima/Developer/NullAwayFixer/Projects/libgdx/gdx/src/com/badlogic/gdx/utils/Select.java:34: error: [NullAway] (INDEX= 659) (Covered) @NonNull static field instance not initialized
	private static Select instance;
	                      ^
    (see http://t.uber.com/nullaway )
/Users/nima/Developer/NullAwayFixer/Projects/libgdx/gdx/src/com/badlogic/gdx/utils/QuickSelect.java:26: error: [NullAway] (INDEX= 660) (Covered) @NonNull field array not initialized
	private T[] array;
	            ^
    (see http://t.uber.com/nullaway )
/Users/nima/Developer/NullAwayFixer/Projects/libgdx/gdx/src/com/badlogic/gdx/utils/QuickSelect.java:27: error: [NullAway] (INDEX= 661) (Covered) @NonNull field comp not initialized
	private Comparator<? super T> comp;
	                              ^
    (see http://t.uber.com/nullaway )
/Users/nima/Developer/NullAwayFixer/Projects/libgdx/gdx/src/com/badlogic/gdx/utils/SortedIntList.java:30: error: [NullAway] (INDEX= 662) (Covered) initializer method does not guarantee @NonNull fields iterator (line 24), first (line 27) are initialized along all control-flow paths (remember to check for exceptions or early returns).
	public SortedIntList () {
	       ^
    (see http://t.uber.com/nullaway )
/Users/nima/Developer/NullAwayFixer/Projects/libgdx/gdx/src/com/badlogic/gdx/utils/SortedIntList.java:55: error: [NullAway] (INDEX= 663) (Covered) passing @Nullable parameter 'null' where @NonNull is required
				Node<E> newFirst = nodePool.obtain(null, first, value, index);
				                                   ^
    (see http://t.uber.com/nullaway )
/Users/nima/Developer/NullAwayFixer/Projects/libgdx/gdx/src/com/badlogic/gdx/utils/SortedIntList.java:65: error: [NullAway] (INDEX= 664) (Covered) passing @Nullable parameter 'null' where @NonNull is required
			first = nodePool.obtain(null, null, value, index);
			                        ^
    (see http://t.uber.com/nullaway )
/Users/nima/Developer/NullAwayFixer/Projects/libgdx/gdx/src/com/badlogic/gdx/utils/SortedIntList.java:65: error: [NullAway] (INDEX= 665) (Covered) passing @Nullable parameter 'null' where @NonNull is required
			first = nodePool.obtain(null, null, value, index);
			                              ^
    (see http://t.uber.com/nullaway )
/Users/nima/Developer/NullAwayFixer/Projects/libgdx/gdx/src/com/badlogic/gdx/utils/SortedIntList.java:86: error: [NullAway] (INDEX= 666) (Covered) returning @Nullable expression from method with @NonNull return type
		return match;
		^
    (see http://t.uber.com/nullaway )
/Users/nima/Developer/NullAwayFixer/Projects/libgdx/gdx/src/com/badlogic/gdx/utils/SortedIntList.java:123: error: [NullAway] (INDEX= 667) (Covered) @NonNull field SortedIntList$Iterator.position not initialized
		private Node<E> position;
		                ^
    (see http://t.uber.com/nullaway )
/Users/nima/Developer/NullAwayFixer/Projects/libgdx/gdx/src/com/badlogic/gdx/utils/SortedIntList.java:124: error: [NullAway] (INDEX= 668) (Covered) @NonNull field SortedIntList$Iterator.previousPosition not initialized
		private Node<E> previousPosition;
		                ^
    (see http://t.uber.com/nullaway )
/Users/nima/Developer/NullAwayFixer/Projects/libgdx/gdx/src/com/badlogic/gdx/utils/SortedIntList.java:159: error: [NullAway] (INDEX= 669) (Covered) assigning @Nullable expression to @NonNull field
			previousPosition = null;
			                 ^
    (see http://t.uber.com/nullaway )
/Users/nima/Developer/NullAwayFixer/Projects/libgdx/gdx/src/com/badlogic/gdx/utils/SortedIntList.java:166: error: [NullAway] (INDEX= 670) (Covered) @NonNull field SortedIntList$Node.p not initialized
		protected Node<E> p;
		                  ^
    (see http://t.uber.com/nullaway )
/Users/nima/Developer/NullAwayFixer/Projects/libgdx/gdx/src/com/badlogic/gdx/utils/SortedIntList.java:168: error: [NullAway] (INDEX= 671) (Covered) @NonNull field SortedIntList$Node.n not initialized
		protected Node<E> n;
		                  ^
    (see http://t.uber.com/nullaway )
/Users/nima/Developer/NullAwayFixer/Projects/libgdx/gdx/src/com/badlogic/gdx/utils/SortedIntList.java:170: error: [NullAway] (INDEX= 672) (Covered) @NonNull field SortedIntList$Node.value not initialized
		public E value;
		         ^
    (see http://t.uber.com/nullaway )
/Users/nima/Developer/NullAwayFixer/Projects/libgdx/gdx/src/com/badlogic/gdx/utils/Sort.java:27: error: [NullAway] (INDEX= 673) (Covered) @NonNull field timSort not initialized
	private TimSort timSort;
	                ^
    (see http://t.uber.com/nullaway )
/Users/nima/Developer/NullAwayFixer/Projects/libgdx/gdx/src/com/badlogic/gdx/utils/Sort.java:28: error: [NullAway] (INDEX= 674) (Covered) @NonNull field comparableTimSort not initialized
	private ComparableTimSort comparableTimSort;
	                          ^
    (see http://t.uber.com/nullaway )
/Users/nima/Developer/NullAwayFixer/Projects/libgdx/gdx/src/com/badlogic/gdx/utils/Sort.java:25: error: [NullAway] (INDEX= 675) (Covered) @NonNull static field instance not initialized
	static private Sort instance;
	                    ^
    (see http://t.uber.com/nullaway )
/Users/nima/Developer/NullAwayFixer/Projects/libgdx/gdx/src/com/badlogic/gdx/utils/TimSort.java:90: error: [NullAway] (INDEX= 676) (Covered) initializer method does not guarantee @NonNull fields a (line 54), c (line 57) are initialized along all control-flow paths (remember to check for exceptions or early returns).
	TimSort () {
	^
    (see http://t.uber.com/nullaway )
/Users/nima/Developer/NullAwayFixer/Projects/libgdx/gdx/src/com/badlogic/gdx/utils/TimSort.java:141: error: [NullAway] (INDEX= 677) (Covered) assigning @Nullable expression to @NonNull field
		this.a = null;
		       ^
    (see http://t.uber.com/nullaway )
/Users/nima/Developer/NullAwayFixer/Projects/libgdx/gdx/src/com/badlogic/gdx/utils/TimSort.java:142: error: [NullAway] (INDEX= 678) (Covered) assigning @Nullable expression to @NonNull field
		this.c = null;
		       ^
    (see http://t.uber.com/nullaway )
/Users/nima/Developer/NullAwayFixer/Projects/libgdx/gdx/src/com/badlogic/gdx/utils/ComparableTimSort.java:70: error: [NullAway] (INDEX= 679) (Covered) initializer method does not guarantee @NonNull field a (line 37) is initialized along all control-flow paths (remember to check for exceptions or early returns).
	ComparableTimSort () {
	^
    (see http://t.uber.com/nullaway )
/Users/nima/Developer/NullAwayFixer/Projects/libgdx/gdx/src/com/badlogic/gdx/utils/ComparableTimSort.java:120: error: [NullAway] (INDEX= 680) (Covered) assigning @Nullable expression to @NonNull field
		this.a = null;
		       ^
    (see http://t.uber.com/nullaway )
/Users/nima/Developer/NullAwayFixer/Projects/libgdx/gdx/src/com/badlogic/gdx/utils/I18NBundle.java:77: error: [NullAway] (INDEX= 681) (Covered) @NonNull field parent not initialized
	private I18NBundle parent;
	                   ^
    (see http://t.uber.com/nullaway )
/Users/nima/Developer/NullAwayFixer/Projects/libgdx/gdx/src/com/badlogic/gdx/utils/I18NBundle.java:80: error: [NullAway] (INDEX= 682) (Covered) @NonNull field locale not initialized
	private Locale locale;
	               ^
    (see http://t.uber.com/nullaway )
/Users/nima/Developer/NullAwayFixer/Projects/libgdx/gdx/src/com/badlogic/gdx/utils/I18NBundle.java:83: error: [NullAway] (INDEX= 683) (Covered) @NonNull field properties not initialized
	private ObjectMap<String, String> properties;
	                                  ^
    (see http://t.uber.com/nullaway )
/Users/nima/Developer/NullAwayFixer/Projects/libgdx/gdx/src/com/badlogic/gdx/utils/I18NBundle.java:86: error: [NullAway] (INDEX= 684) (Covered) @NonNull field formatter not initialized
	private TextFormatter formatter;
	                      ^
    (see http://t.uber.com/nullaway )
/Users/nima/Developer/NullAwayFixer/Projects/libgdx/gdx/src/com/badlogic/gdx/utils/I18NBundle.java:171: error: [NullAway] (INDEX= 685) (Covered) passing @Nullable parameter 'baseBundle' where @NonNull is required
			bundle = loadBundleChain(baseFileHandle, encoding, candidateLocales, 0, baseBundle);
			                                                                        ^
    (see http://t.uber.com/nullaway )
/Users/nima/Developer/NullAwayFixer/Projects/libgdx/gdx/src/com/badlogic/gdx/utils/I18NBundle.java:292: error: [NullAway] (INDEX= 686) (Covered) returning @Nullable expression from method with @NonNull return type
		return locale.equals(defaultLocale) ? null : defaultLocale;
		^
    (see http://t.uber.com/nullaway )
/Users/nima/Developer/NullAwayFixer/Projects/libgdx/gdx/src/com/badlogic/gdx/utils/I18NBundle.java:309: error: [NullAway] (INDEX= 687) (Covered) assigning @Nullable expression to @NonNull field
			bundle.parent = parent;
			              ^
    (see http://t.uber.com/nullaway )
/Users/nima/Developer/NullAwayFixer/Projects/libgdx/gdx/src/com/badlogic/gdx/utils/I18NBundle.java:313: error: [NullAway] (INDEX= 688) (Covered) returning @Nullable expression from method with @NonNull return type
		return parent;
		^
    (see http://t.uber.com/nullaway )
/Users/nima/Developer/NullAwayFixer/Projects/libgdx/gdx/src/com/badlogic/gdx/utils/I18NBundle.java:334: error: [NullAway] (INDEX= 689) (Covered) passing @Nullable parameter 'reader' where @NonNull is required
			StreamUtils.closeQuietly(reader);
			                         ^
    (see http://t.uber.com/nullaway )
/Users/nima/Developer/NullAwayFixer/Projects/libgdx/gdx/src/com/badlogic/gdx/utils/I18NBundle.java:340: error: [NullAway] (INDEX= 690) (Covered) returning @Nullable expression from method with @NonNull return type
		return bundle;
		^
    (see http://t.uber.com/nullaway )
/Users/nima/Developer/NullAwayFixer/Projects/libgdx/gdx/src/com/badlogic/gdx/utils/TextFormatter.java:30: error: [NullAway] (INDEX= 691) (Covered) initializer method does not guarantee @NonNull field messageFormat (line 27) is initialized along all control-flow paths (remember to check for exceptions or early returns).
	public TextFormatter (Locale locale, boolean useMessageFormat) {
	       ^
    (see http://t.uber.com/nullaway )
/Users/nima/Developer/NullAwayFixer/Projects/libgdx/gdx/src/com/badlogic/gdx/utils/ObjectFloatMap.java:83: error: [NullAway] (INDEX= 692) (Covered) initializer method does not guarantee @NonNull fields entries1 (line 65), entries2 (line 65), values1 (line 66), values2 (line 66), keys1 (line 67), keys2 (line 67) are initialized along all control-flow paths (remember to check for exceptions or early returns).
	public ObjectFloatMap (int initialCapacity, float loadFactor) {
	       ^
    (see http://t.uber.com/nullaway )
/Users/nima/Developer/NullAwayFixer/Projects/libgdx/gdx/src/com/badlogic/gdx/utils/ObjectFloatMap.java:478: error: [NullAway] (INDEX= 693) (Covered) @NonNull field ObjectFloatMap$Entry.key not initialized
		public K key;
		         ^
    (see http://t.uber.com/nullaway )
/Users/nima/Developer/NullAwayFixer/Projects/libgdx/gdx/src/com/badlogic/gdx/utils/ArrayMap.java:56: error: [NullAway] (INDEX= 694) (Covered) initializer method does not guarantee @NonNull fields entries1 (line 39), entries2 (line 39), values1 (line 40), values2 (line 40), keys1 (line 41), keys2 (line 41) are initialized along all control-flow paths (remember to check for exceptions or early returns).
	public ArrayMap (boolean ordered, int capacity) {
	       ^
    (see http://t.uber.com/nullaway )
/Users/nima/Developer/NullAwayFixer/Projects/libgdx/gdx/src/com/badlogic/gdx/utils/ArrayMap.java:66: error: [NullAway] (INDEX= 695) (Covered) initializer method does not guarantee @NonNull fields entries1 (line 39), entries2 (line 39), values1 (line 40), values2 (line 40), keys1 (line 41), keys2 (line 41) are initialized along all control-flow paths (remember to check for exceptions or early returns).
	public ArrayMap (boolean ordered, int capacity, Class keyArrayType, Class valueArrayType) {
	       ^
    (see http://t.uber.com/nullaway )
/Users/nima/Developer/NullAwayFixer/Projects/libgdx/gdx/src/com/badlogic/gdx/utils/LongMap.java:86: error: [NullAway] (INDEX= 696) (Covered) initializer method does not guarantee @NonNull fields zeroValue (line 47), entries1 (line 68), entries2 (line 68), values1 (line 69), values2 (line 69), keys1 (line 70), keys2 (line 70) are initialized along all control-flow paths (remember to check for exceptions or early returns).
	public LongMap (int initialCapacity, float loadFactor) {
	       ^
    (see http://t.uber.com/nullaway )
/Users/nima/Developer/NullAwayFixer/Projects/libgdx/gdx/src/com/badlogic/gdx/utils/LongMap.java:142: error: [NullAway] (INDEX= 697) (Covered) assigning @Nullable expression to @NonNull field
			zeroValue = value;
			          ^
    (see http://t.uber.com/nullaway )
/Users/nima/Developer/NullAwayFixer/Projects/libgdx/gdx/src/com/badlogic/gdx/utils/LongMap.java:192: error: [NullAway] (INDEX= 698) (Covered) returning @Nullable expression from method with @NonNull return type
		if (key == 0) return hasZeroValue ? zeroValue : defaultValue;
		              ^
    (see http://t.uber.com/nullaway )
/Users/nima/Developer/NullAwayFixer/Projects/libgdx/gdx/src/com/badlogic/gdx/utils/LongMap.java:194: error: [NullAway] (INDEX= 699) (Covered) returning @Nullable expression from method with @NonNull return type
		return i >= 0 ? valueTable[i] : defaultValue;
		^
    (see http://t.uber.com/nullaway )
/Users/nima/Developer/NullAwayFixer/Projects/libgdx/gdx/src/com/badlogic/gdx/utils/LongMap.java:203: error: [NullAway] (INDEX= 700) (Covered) assigning @Nullable expression to @NonNull field
			zeroValue = null;
			          ^
    (see http://t.uber.com/nullaway )
/Users/nima/Developer/NullAwayFixer/Projects/libgdx/gdx/src/com/badlogic/gdx/utils/LongMap.java:257: error: [NullAway] (INDEX= 701) (Covered) assigning @Nullable expression to @NonNull field
		zeroValue = null;
		          ^
    (see http://t.uber.com/nullaway )
/Users/nima/Developer/NullAwayFixer/Projects/libgdx/gdx/src/com/badlogic/gdx/utils/LongMap.java:266: error: [NullAway] (INDEX= 702) (Covered) assigning @Nullable expression to @NonNull field
		zeroValue = null;
		          ^
    (see http://t.uber.com/nullaway )
/Users/nima/Developer/NullAwayFixer/Projects/libgdx/gdx/src/com/badlogic/gdx/utils/LongMap.java:651: error: [NullAway] (INDEX= 703) (Covered) passing @Nullable parameter 'next()' where @NonNull is required
				array.add(next());
				              ^
    (see http://t.uber.com/nullaway )
/Users/nima/Developer/NullAwayFixer/Projects/libgdx/gdx/src/com/badlogic/gdx/utils/ObjectLongMap.java:83: error: [NullAway] (INDEX= 704) (Covered) initializer method does not guarantee @NonNull fields entries1 (line 65), entries2 (line 65), values1 (line 66), values2 (line 66), keys1 (line 67), keys2 (line 67) are initialized along all control-flow paths (remember to check for exceptions or early returns).
	public ObjectLongMap (int initialCapacity, float loadFactor) {
	       ^
    (see http://t.uber.com/nullaway )
/Users/nima/Developer/NullAwayFixer/Projects/libgdx/gdx/src/com/badlogic/gdx/utils/ObjectLongMap.java:453: error: [NullAway] (INDEX= 705) (Covered) @NonNull field ObjectLongMap$Entry.key not initialized
		public K key;
		         ^
    (see http://t.uber.com/nullaway )
/Users/nima/Developer/NullAwayFixer/Projects/libgdx/gdx/src/com/badlogic/gdx/utils/SharedLibraryLoader.java:68: error: [NullAway] (INDEX= 706) (Covered) initializer method does not guarantee @NonNull field nativesJar (line 66) is initialized along all control-flow paths (remember to check for exceptions or early returns).
	public SharedLibraryLoader () {
	       ^
    (see http://t.uber.com/nullaway )
/Users/nima/Developer/NullAwayFixer/Projects/libgdx/gdx/src/com/badlogic/gdx/utils/SharedLibraryLoader.java:273: error: [NullAway] (INDEX= 707) (Covered) passing @Nullable parameter 'input' where @NonNull is required
				StreamUtils.closeQuietly(input);
				                         ^
    (see http://t.uber.com/nullaway )
/Users/nima/Developer/NullAwayFixer/Projects/libgdx/gdx/src/com/badlogic/gdx/utils/SharedLibraryLoader.java:274: error: [NullAway] (INDEX= 708) (Covered) passing @Nullable parameter 'output' where @NonNull is required
				StreamUtils.closeQuietly(output);
				                         ^
    (see http://t.uber.com/nullaway )
/Users/nima/Developer/NullAwayFixer/Projects/libgdx/gdx/src/com/badlogic/gdx/utils/reflect/ClassReflection.java:252: error: [NullAway] (INDEX= 709) (Covered) returning @Nullable expression from method with @NonNull return type
		return null;
		^
    (see http://t.uber.com/nullaway )
/Users/nima/Developer/NullAwayFixer/Projects/libgdx/gdx/src/com/badlogic/gdx/utils/reflect/ClassReflection.java:273: error: [NullAway] (INDEX= 710) (Covered) returning @Nullable expression from method with @NonNull return type
		return null;
		^
    (see http://t.uber.com/nullaway )
/Users/nima/Developer/NullAwayFixer/Projects/libgdx/gdx/src/com/badlogic/gdx/utils/Queue.java:49: error: [NullAway] (INDEX= 711) (Covered) initializer method does not guarantee @NonNull field iterable (line 41) is initialized along all control-flow paths (remember to check for exceptions or early returns).
	public Queue (int initialSize) {
	       ^
    (see http://t.uber.com/nullaway )
/Users/nima/Developer/NullAwayFixer/Projects/libgdx/gdx/src/com/badlogic/gdx/utils/Queue.java:56: error: [NullAway] (INDEX= 712) (Covered) initializer method does not guarantee @NonNull field iterable (line 41) is initialized along all control-flow paths (remember to check for exceptions or early returns).
	public Queue (int initialSize, Class<T> type) {
	       ^
    (see http://t.uber.com/nullaway )
/Users/nima/Developer/NullAwayFixer/Projects/libgdx/gdx/src/com/badlogic/gdx/utils/Queue.java:507: error: [NullAway] (INDEX= 713) (Covered) initializer method does not guarantee @NonNull fields iterator1 (line 499), iterator2 (line 499) are initialized along all control-flow paths (remember to check for exceptions or early returns).
		public QueueIterable (Queue<T> queue, boolean allowRemove) {
		       ^
    (see http://t.uber.com/nullaway )
/Users/nima/Developer/NullAwayFixer/Projects/libgdx/gdx/src/com/badlogic/gdx/utils/IntIntMap.java:85: error: [NullAway] (INDEX= 714) (Covered) initializer method does not guarantee @NonNull fields entries1 (line 67), entries2 (line 67), values1 (line 68), values2 (line 68), keys1 (line 69), keys2 (line 69) are initialized along all control-flow paths (remember to check for exceptions or early returns).
	public IntIntMap (int initialCapacity, float loadFactor) {
	       ^
    (see http://t.uber.com/nullaway )
/Users/nima/Developer/NullAwayFixer/Projects/libgdx/gdx/src/com/badlogic/gdx/utils/PooledLinkedList.java:36: error: [NullAway] (INDEX= 715) (Covered) initializer method does not guarantee @NonNull fields head (line 28), tail (line 29), iter (line 30), curr (line 31) are initialized along all control-flow paths (remember to check for exceptions or early returns).
	public PooledLinkedList (int maxPoolSize) {
	       ^
    (see http://t.uber.com/nullaway )
/Users/nima/Developer/NullAwayFixer/Projects/libgdx/gdx/src/com/badlogic/gdx/utils/PooledLinkedList.java:23: error: [NullAway] (INDEX= 716) (Covered) @NonNull field PooledLinkedList$Item.payload not initialized
		public T payload;
		         ^
    (see http://t.uber.com/nullaway )
/Users/nima/Developer/NullAwayFixer/Projects/libgdx/gdx/src/com/badlogic/gdx/utils/PooledLinkedList.java:24: error: [NullAway] (INDEX= 717) (Covered) @NonNull field PooledLinkedList$Item.next not initialized
		public Item<T> next;
		               ^
    (see http://t.uber.com/nullaway )
/Users/nima/Developer/NullAwayFixer/Projects/libgdx/gdx/src/com/badlogic/gdx/utils/PooledLinkedList.java:25: error: [NullAway] (INDEX= 718) (Covered) @NonNull field PooledLinkedList$Item.prev not initialized
		public Item<T> prev;
		               ^
    (see http://t.uber.com/nullaway )
/Users/nima/Developer/NullAwayFixer/Projects/libgdx/gdx/src/com/badlogic/gdx/utils/PooledLinkedList.java:49: error: [NullAway] (INDEX= 719) (Covered) assigning @Nullable expression to @NonNull field
		item.next = null;
		          ^
    (see http://t.uber.com/nullaway )
/Users/nima/Developer/NullAwayFixer/Projects/libgdx/gdx/src/com/badlogic/gdx/utils/PooledLinkedList.java:50: error: [NullAway] (INDEX= 720) (Covered) assigning @Nullable expression to @NonNull field
		item.prev = null;
		          ^
    (see http://t.uber.com/nullaway )
/Users/nima/Developer/NullAwayFixer/Projects/libgdx/gdx/src/com/badlogic/gdx/utils/PooledLinkedList.java:70: error: [NullAway] (INDEX= 721) (Covered) assigning @Nullable expression to @NonNull field
		item.prev = null;
		          ^
    (see http://t.uber.com/nullaway )
/Users/nima/Developer/NullAwayFixer/Projects/libgdx/gdx/src/com/badlogic/gdx/utils/PooledLinkedList.java:132: error: [NullAway] (INDEX= 722) (Covered) assigning @Nullable expression to @NonNull field
		curr = null;
		     ^
    (see http://t.uber.com/nullaway )
/Users/nima/Developer/NullAwayFixer/Projects/libgdx/gdx/src/com/badlogic/gdx/utils/PooledLinkedList.java:135: error: [NullAway] (INDEX= 723) (Covered) assigning @Nullable expression to @NonNull field
			head = null;
			     ^
    (see http://t.uber.com/nullaway )
/Users/nima/Developer/NullAwayFixer/Projects/libgdx/gdx/src/com/badlogic/gdx/utils/PooledLinkedList.java:136: error: [NullAway] (INDEX= 724) (Covered) assigning @Nullable expression to @NonNull field
			tail = null;
			     ^
    (see http://t.uber.com/nullaway )
/Users/nima/Developer/NullAwayFixer/Projects/libgdx/gdx/src/com/badlogic/gdx/utils/PooledLinkedList.java:141: error: [NullAway] (INDEX= 725) (Covered) assigning @Nullable expression to @NonNull field
			n.prev = null;
			       ^
    (see http://t.uber.com/nullaway )
/Users/nima/Developer/NullAwayFixer/Projects/libgdx/gdx/src/com/badlogic/gdx/utils/PooledLinkedList.java:147: error: [NullAway] (INDEX= 726) (Covered) assigning @Nullable expression to @NonNull field
			p.next = null;
			       ^
    (see http://t.uber.com/nullaway )
/Users/nima/Developer/NullAwayFixer/Projects/libgdx/gdx/src/com/badlogic/gdx/utils/PooledLinkedList.java:170: error: [NullAway] (INDEX= 727) (Covered) assigning @Nullable expression to @NonNull field
			head = null;
			     ^
    (see http://t.uber.com/nullaway )
/Users/nima/Developer/NullAwayFixer/Projects/libgdx/gdx/src/com/badlogic/gdx/utils/PooledLinkedList.java:171: error: [NullAway] (INDEX= 728) (Covered) assigning @Nullable expression to @NonNull field
			tail = null;
			     ^
    (see http://t.uber.com/nullaway )
/Users/nima/Developer/NullAwayFixer/Projects/libgdx/gdx/src/com/badlogic/gdx/utils/PooledLinkedList.java:174: error: [NullAway] (INDEX= 729) (Covered) assigning @Nullable expression to @NonNull field
			tail.next = null;
			          ^
    (see http://t.uber.com/nullaway )
/Users/nima/Developer/NullAwayFixer/Projects/libgdx/gdx/src/com/badlogic/gdx/math/FloatCounter.java:46: error: [NullAway] (INDEX= 730) (Covered) assigning @Nullable expression to @NonNull field
		mean = (windowSize > 1) ? new WindowedMean(windowSize) : null;
		     ^
    (see http://t.uber.com/nullaway )
/Users/nima/Developer/NullAwayFixer/Projects/libgdx/gdx/src/com/badlogic/gdx/utils/JsonReader.java:658: error: [NullAway] (INDEX= 731) (Covered) @NonNull field root not initialized
	private JsonValue root, current;
	                  ^
    (see http://t.uber.com/nullaway )
/Users/nima/Developer/NullAwayFixer/Projects/libgdx/gdx/src/com/badlogic/gdx/utils/JsonReader.java:658: error: [NullAway] (INDEX= 732) (Covered) @NonNull field current not initialized
	private JsonValue root, current;
	                        ^
    (see http://t.uber.com/nullaway )
/Users/nima/Developer/NullAwayFixer/Projects/libgdx/gdx/src/com/badlogic/gdx/utils/JsonReader.java:201: error: [NullAway] (INDEX= 733) (Covered) passing @Nullable parameter 'name' where @NonNull is required
												bool(name, true);
												     ^
    (see http://t.uber.com/nullaway )
/Users/nima/Developer/NullAwayFixer/Projects/libgdx/gdx/src/com/badlogic/gdx/utils/JsonReader.java:205: error: [NullAway] (INDEX= 734) (Covered) passing @Nullable parameter 'name' where @NonNull is required
												bool(name, false);
												     ^
    (see http://t.uber.com/nullaway )
/Users/nima/Developer/NullAwayFixer/Projects/libgdx/gdx/src/com/badlogic/gdx/utils/JsonReader.java:208: error: [NullAway] (INDEX= 735) (Covered) passing @Nullable parameter 'name' where @NonNull is required
												string(name, null);
												       ^
    (see http://t.uber.com/nullaway )
/Users/nima/Developer/NullAwayFixer/Projects/libgdx/gdx/src/com/badlogic/gdx/utils/JsonReader.java:208: error: [NullAway] (INDEX= 736) (Covered) passing @Nullable parameter 'null' where @NonNull is required
												string(name, null);
												             ^
    (see http://t.uber.com/nullaway )
/Users/nima/Developer/NullAwayFixer/Projects/libgdx/gdx/src/com/badlogic/gdx/utils/JsonReader.java:243: error: [NullAway] (INDEX= 737) (Covered) passing @Nullable parameter 'name' where @NonNull is required
													number(name, Double.parseDouble(value), value);
													       ^
    (see http://t.uber.com/nullaway )
/Users/nima/Developer/NullAwayFixer/Projects/libgdx/gdx/src/com/badlogic/gdx/utils/JsonReader.java:250: error: [NullAway] (INDEX= 738) (Covered) passing @Nullable parameter 'name' where @NonNull is required
													number(name, Long.parseLong(value), value);
													       ^
    (see http://t.uber.com/nullaway )
/Users/nima/Developer/NullAwayFixer/Projects/libgdx/gdx/src/com/badlogic/gdx/utils/JsonReader.java:257: error: [NullAway] (INDEX= 739) (Covered) passing @Nullable parameter 'name' where @NonNull is required
										string(name, value);
										       ^
    (see http://t.uber.com/nullaway )
/Users/nima/Developer/NullAwayFixer/Projects/libgdx/gdx/src/com/badlogic/gdx/utils/JsonReader.java:460: error: [NullAway] (INDEX= 740) (Covered) passing @Nullable parameter 'name' where @NonNull is required
												bool(name, true);
												     ^
    (see http://t.uber.com/nullaway )
/Users/nima/Developer/NullAwayFixer/Projects/libgdx/gdx/src/com/badlogic/gdx/utils/JsonReader.java:464: error: [NullAway] (INDEX= 741) (Covered) passing @Nullable parameter 'name' where @NonNull is required
												bool(name, false);
												     ^
    (see http://t.uber.com/nullaway )
/Users/nima/Developer/NullAwayFixer/Projects/libgdx/gdx/src/com/badlogic/gdx/utils/JsonReader.java:467: error: [NullAway] (INDEX= 742) (Covered) passing @Nullable parameter 'name' where @NonNull is required
												string(name, null);
												       ^
    (see http://t.uber.com/nullaway )
/Users/nima/Developer/NullAwayFixer/Projects/libgdx/gdx/src/com/badlogic/gdx/utils/JsonReader.java:467: error: [NullAway] (INDEX= 743) (Covered) passing @Nullable parameter 'null' where @NonNull is required
												string(name, null);
												             ^
    (see http://t.uber.com/nullaway )
/Users/nima/Developer/NullAwayFixer/Projects/libgdx/gdx/src/com/badlogic/gdx/utils/JsonReader.java:502: error: [NullAway] (INDEX= 744) (Covered) passing @Nullable parameter 'name' where @NonNull is required
													number(name, Double.parseDouble(value), value);
													       ^
    (see http://t.uber.com/nullaway )
/Users/nima/Developer/NullAwayFixer/Projects/libgdx/gdx/src/com/badlogic/gdx/utils/JsonReader.java:509: error: [NullAway] (INDEX= 745) (Covered) passing @Nullable parameter 'name' where @NonNull is required
													number(name, Long.parseLong(value), value);
													       ^
    (see http://t.uber.com/nullaway )
/Users/nima/Developer/NullAwayFixer/Projects/libgdx/gdx/src/com/badlogic/gdx/utils/JsonReader.java:516: error: [NullAway] (INDEX= 746) (Covered) passing @Nullable parameter 'name' where @NonNull is required
										string(name, value);
										       ^
    (see http://t.uber.com/nullaway )
/Users/nima/Developer/NullAwayFixer/Projects/libgdx/gdx/src/com/badlogic/gdx/utils/JsonReader.java:540: error: [NullAway] (INDEX= 747) (Covered) assigning @Nullable expression to @NonNull field
		this.root = null;
		          ^
    (see http://t.uber.com/nullaway )
/Users/nima/Developer/NullAwayFixer/Projects/libgdx/gdx/src/com/badlogic/gdx/utils/JsonReader.java:541: error: [NullAway] (INDEX= 748) (Covered) assigning @Nullable expression to @NonNull field
		current = null;
		        ^
    (see http://t.uber.com/nullaway )
/Users/nima/Developer/NullAwayFixer/Projects/libgdx/gdx/src/com/badlogic/gdx/utils/JsonReader.java:550: error: [NullAway] (INDEX= 749) (Covered) passing @Nullable parameter 'parseRuntimeEx' where @NonNull is required
				+ new String(data, start, p - start) + "*ERROR*" + new String(data, p, Math.min(64, pe - p)), parseRuntimeEx);
				                                                                                              ^
    (see http://t.uber.com/nullaway )
/Users/nima/Developer/NullAwayFixer/Projects/libgdx/gdx/src/com/badlogic/gdx/utils/JsonReader.java:662: error: [NullAway] (INDEX= 750) (Covered) passing @Nullable parameter 'name' where @NonNull is required
		child.setName(name);
		              ^
    (see http://t.uber.com/nullaway )
/Users/nima/Developer/NullAwayFixer/Projects/libgdx/gdx/src/com/badlogic/gdx/utils/JsonReader.java:700: error: [NullAway] (INDEX= 751) (Covered) assigning @Nullable expression to @NonNull field
		current = elements.size > 0 ? elements.peek() : null;
		        ^
    (see http://t.uber.com/nullaway )
/Users/nima/Developer/NullAwayFixer/Projects/libgdx/gdx/src/com/badlogic/gdx/utils/PropertiesUtils.java:247: error: [NullAway] (INDEX= 752) (Covered) passing @Nullable parameter 'entry.value' where @NonNull is required
			dumpString(sb, entry.value, false, escapeUnicode);
			                    ^
    (see http://t.uber.com/nullaway )
/Users/nima/Developer/NullAwayFixer/Projects/libgdx/gdx/src/com/badlogic/gdx/utils/XmlWriter.java:50: error: [NullAway] (INDEX= 753) (Covered) initializer method does not guarantee @NonNull field currentElement (line 45) is initialized along all control-flow paths (remember to check for exceptions or early returns).
	public XmlWriter (Writer writer) {
	       ^
    (see http://t.uber.com/nullaway )
/Users/nima/Developer/NullAwayFixer/Projects/libgdx/gdx/src/com/badlogic/gdx/utils/XmlWriter.java:78: error: [NullAway] (INDEX= 754) (Covered) assigning @Nullable expression to @NonNull field
		currentElement = null;
		               ^
    (see http://t.uber.com/nullaway )
/Users/nima/Developer/NullAwayFixer/Projects/libgdx/gdx/src/com/badlogic/gdx/utils/XmlWriter.java:109: error: [NullAway] (INDEX= 755) (Covered) assigning @Nullable expression to @NonNull field
			currentElement = null;
			               ^
    (see http://t.uber.com/nullaway )
/Users/nima/Developer/NullAwayFixer/Projects/libgdx/gdx/src/com/badlogic/gdx/utils/IntFloatMap.java:87: error: [NullAway] (INDEX= 756) (Covered) initializer method does not guarantee @NonNull fields entries1 (line 68), entries2 (line 68), values1 (line 69), values2 (line 69), keys1 (line 70), keys2 (line 70) are initialized along all control-flow paths (remember to check for exceptions or early returns).
	public IntFloatMap (int initialCapacity, float loadFactor) {
	       ^
    (see http://t.uber.com/nullaway )
/Users/nima/Developer/NullAwayFixer/Projects/libgdx/gdx/src/com/badlogic/gdx/utils/SerializationException.java:24: error: [NullAway] (INDEX= 757) (Covered) initializer method does not guarantee @NonNull field trace (line 22) is initialized along all control-flow paths (remember to check for exceptions or early returns).
	public SerializationException () {
	       ^
    (see http://t.uber.com/nullaway )
/Users/nima/Developer/NullAwayFixer/Projects/libgdx/gdx/src/com/badlogic/gdx/utils/SerializationException.java:28: error: [NullAway] (INDEX= 758) (Covered) initializer method does not guarantee @NonNull field trace (line 22) is initialized along all control-flow paths (remember to check for exceptions or early returns).
	public SerializationException (String message, Throwable cause) {
	       ^
    (see http://t.uber.com/nullaway )
/Users/nima/Developer/NullAwayFixer/Projects/libgdx/gdx/src/com/badlogic/gdx/utils/SerializationException.java:32: error: [NullAway] (INDEX= 759) (Covered) initializer method does not guarantee @NonNull field trace (line 22) is initialized along all control-flow paths (remember to check for exceptions or early returns).
	public SerializationException (String message) {
	       ^
    (see http://t.uber.com/nullaway )
/Users/nima/Developer/NullAwayFixer/Projects/libgdx/gdx/src/com/badlogic/gdx/utils/SerializationException.java:36: error: [NullAway] (INDEX= 760) (Covered) initializer method does not guarantee @NonNull field trace (line 22) is initialized along all control-flow paths (remember to check for exceptions or early returns).
	public SerializationException (Throwable cause) {
	       ^
    (see http://t.uber.com/nullaway )
/Users/nima/Developer/NullAwayFixer/Projects/libgdx/gdx/src/com/badlogic/gdx/utils/SerializationException.java:53: error: [NullAway] (INDEX= 761) (Covered) returning @Nullable expression from method with @NonNull return type
		if (trace == null) return super.getMessage();
		                   ^
    (see http://t.uber.com/nullaway )
/Users/nima/Developer/NullAwayFixer/Projects/libgdx/gdx/src/com/badlogic/gdx/utils/SerializationException.java:55: error: [NullAway] (INDEX= 762) (Covered) passing @Nullable parameter 'super.getMessage()' where @NonNull is required
		sb.append(super.getMessage());
		                          ^
    (see http://t.uber.com/nullaway )
/Users/nima/Developer/NullAwayFixer/Projects/libgdx/gdx/src/com/badlogic/gdx/utils/ReflectionPool.java:39: error: [NullAway] (INDEX= 763) (Covered) assigning @Nullable expression to @NonNull field
		constructor = findConstructor(type);
		            ^
    (see http://t.uber.com/nullaway )
/Users/nima/Developer/NullAwayFixer/Projects/libgdx/gdx/src/com/badlogic/gdx/utils/ReflectionPool.java:46: error: [NullAway] (INDEX= 764) (Covered) passing @Nullable parameter '(Class[])null' where @NonNull is required
			return ClassReflection.getConstructor(type, (Class[])null);
			                                            ^
    (see http://t.uber.com/nullaway )
/Users/nima/Developer/NullAwayFixer/Projects/libgdx/gdx/src/com/badlogic/gdx/utils/ReflectionPool.java:49: error: [NullAway] (INDEX= 765) (Covered) passing @Nullable parameter '(Class[])null' where @NonNull is required
				Constructor constructor = ClassReflection.getDeclaredConstructor(type, (Class[])null);
				                                                                       ^
    (see http://t.uber.com/nullaway )
/Users/nima/Developer/NullAwayFixer/Projects/libgdx/gdx/src/com/badlogic/gdx/utils/ReflectionPool.java:60: error: [NullAway] (INDEX= 766) (Covered) passing @Nullable parameter '(Object[])null' where @NonNull is required
			return (T)constructor.newInstance((Object[])null);
			                                  ^
    (see http://t.uber.com/nullaway )
/Users/nima/Developer/NullAwayFixer/Projects/libgdx/gdx/src/com/badlogic/gdx/utils/compression/rangecoder/Decoder.java:31: error: [NullAway] (INDEX= 767) (Covered) @NonNull field Stream not initialized
	java.io.InputStream Stream;
	                    ^
    (see http://t.uber.com/nullaway )
/Users/nima/Developer/NullAwayFixer/Projects/libgdx/gdx/src/com/badlogic/gdx/utils/compression/rangecoder/Decoder.java:38: error: [NullAway] (INDEX= 768) (Covered) assigning @Nullable expression to @NonNull field
		Stream = null;
		       ^
    (see http://t.uber.com/nullaway )
/Users/nima/Developer/NullAwayFixer/Projects/libgdx/gdx/src/com/badlogic/gdx/utils/compression/rangecoder/Encoder.java:28: error: [NullAway] (INDEX= 769) (Covered) @NonNull field Stream not initialized
	java.io.OutputStream Stream;
	                     ^
    (see http://t.uber.com/nullaway )
/Users/nima/Developer/NullAwayFixer/Projects/libgdx/gdx/src/com/badlogic/gdx/utils/compression/rangecoder/Encoder.java:42: error: [NullAway] (INDEX= 770) (Covered) assigning @Nullable expression to @NonNull field
		Stream = null;
		       ^
    (see http://t.uber.com/nullaway )
/Users/nima/Developer/NullAwayFixer/Projects/libgdx/gdx/src/com/badlogic/gdx/utils/compression/lz/OutWindow.java:8: error: [NullAway] (INDEX= 771) (Covered) @NonNull field _buffer not initialized
	byte[] _buffer;
	       ^
    (see http://t.uber.com/nullaway )
/Users/nima/Developer/NullAwayFixer/Projects/libgdx/gdx/src/com/badlogic/gdx/utils/compression/lz/OutWindow.java:12: error: [NullAway] (INDEX= 772) (Covered) @NonNull field _stream not initialized
	java.io.OutputStream _stream;
	                     ^
    (see http://t.uber.com/nullaway )
/Users/nima/Developer/NullAwayFixer/Projects/libgdx/gdx/src/com/badlogic/gdx/utils/compression/lz/OutWindow.java:28: error: [NullAway] (INDEX= 773) (Covered) assigning @Nullable expression to @NonNull field
		_stream = null;
		        ^
    (see http://t.uber.com/nullaway )
/Users/nima/Developer/NullAwayFixer/Projects/libgdx/gdx/src/com/badlogic/gdx/utils/compression/lz/BinTree.java:12: error: [NullAway] (INDEX= 774) (Covered) @NonNull field _son not initialized
	int[] _son;
	      ^
    (see http://t.uber.com/nullaway )
/Users/nima/Developer/NullAwayFixer/Projects/libgdx/gdx/src/com/badlogic/gdx/utils/compression/lz/BinTree.java:13: error: [NullAway] (INDEX= 775) (Covered) @NonNull field _hash not initialized
	int[] _hash;
	      ^
    (see http://t.uber.com/nullaway )
/Users/nima/Developer/NullAwayFixer/Projects/libgdx/gdx/src/com/badlogic/gdx/utils/compression/lz/InWindow.java:8: error: [NullAway] (INDEX= 776) (Covered) @NonNull field _bufferBase not initialized
	public byte[] _bufferBase; // pointer to buffer with data
	              ^
    (see http://t.uber.com/nullaway )
/Users/nima/Developer/NullAwayFixer/Projects/libgdx/gdx/src/com/badlogic/gdx/utils/compression/lz/InWindow.java:9: error: [NullAway] (INDEX= 777) (Covered) @NonNull field _stream not initialized
	java.io.InputStream _stream;
	                    ^
    (see http://t.uber.com/nullaway )
/Users/nima/Developer/NullAwayFixer/Projects/libgdx/gdx/src/com/badlogic/gdx/utils/compression/lz/InWindow.java:56: error: [NullAway] (INDEX= 778) (Covered) assigning @Nullable expression to @NonNull field
		_bufferBase = null;
		            ^
    (see http://t.uber.com/nullaway )
/Users/nima/Developer/NullAwayFixer/Projects/libgdx/gdx/src/com/badlogic/gdx/utils/compression/lz/InWindow.java:76: error: [NullAway] (INDEX= 779) (Covered) assigning @Nullable expression to @NonNull field
		_stream = null;
		        ^
    (see http://t.uber.com/nullaway )
/Users/nima/Developer/NullAwayFixer/Projects/libgdx/gdx/src/com/badlogic/gdx/utils/compression/Lzma.java:52: error: [NullAway] (INDEX= 780) (Covered) @NonNull field Lzma$CommandLine.InFile not initialized
		public String InFile;
		              ^
    (see http://t.uber.com/nullaway )
/Users/nima/Developer/NullAwayFixer/Projects/libgdx/gdx/src/com/badlogic/gdx/utils/compression/Lzma.java:53: error: [NullAway] (INDEX= 781) (Covered) @NonNull field Lzma$CommandLine.OutFile not initialized
		public String OutFile;
		              ^
    (see http://t.uber.com/nullaway )
/Users/nima/Developer/NullAwayFixer/Projects/libgdx/gdx/src/com/badlogic/gdx/utils/compression/Lzma.java:84: error: [NullAway] (INDEX= 782) (Covered) passing @Nullable parameter 'null' where @NonNull is required
		encoder.Code(in, out, -1, -1, null);
		                              ^
    (see http://t.uber.com/nullaway )
/Users/nima/Developer/NullAwayFixer/Projects/libgdx/gdx/src/com/badlogic/gdx/utils/compression/lzma/Decoder.java:93: error: [NullAway] (INDEX= 783) (Covered) @NonNull field Decoder$LiteralDecoder.m_Coders not initialized
		Decoder2[] m_Coders;
		           ^
    (see http://t.uber.com/nullaway )
/Users/nima/Developer/NullAwayFixer/Projects/libgdx/gdx/src/com/badlogic/gdx/utils/compression/lzma/Encoder.java:360: error: [NullAway] (INDEX= 784) (Covered) initializer method does not guarantee @NonNull field _inStream (line 337) is initialized along all control-flow paths (remember to check for exceptions or early returns).
	public Encoder () {
	       ^
    (see http://t.uber.com/nullaway )
/Users/nima/Developer/NullAwayFixer/Projects/libgdx/gdx/src/com/badlogic/gdx/utils/compression/lzma/Encoder.java:130: error: [NullAway] (INDEX= 785) (Covered) @NonNull field Encoder$LiteralEncoder.m_Coders not initialized
		Encoder2[] m_Coders;
		           ^
    (see http://t.uber.com/nullaway )
/Users/nima/Developer/NullAwayFixer/Projects/libgdx/gdx/src/com/badlogic/gdx/utils/compression/lzma/Encoder.java:286: error: [NullAway] (INDEX= 786) (Covered) assigning @Nullable expression to @NonNull field
	com.badlogic.gdx.utils.compression.lz.BinTree _matchFinder = null;
	                                              ^
    (see http://t.uber.com/nullaway )
/Users/nima/Developer/NullAwayFixer/Projects/libgdx/gdx/src/com/badlogic/gdx/utils/compression/lzma/Encoder.java:954: error: [NullAway] (INDEX= 787) (Covered) assigning @Nullable expression to @NonNull field
			_inStream = null;
			          ^
    (see http://t.uber.com/nullaway )
/Users/nima/Developer/NullAwayFixer/Projects/libgdx/gdx/src/com/badlogic/gdx/utils/compression/lzma/Encoder.java:1221: error: [NullAway] (INDEX= 788) (Covered) assigning @Nullable expression to @NonNull field
			_matchFinder = null;
			             ^
    (see http://t.uber.com/nullaway )
/Users/nima/Developer/NullAwayFixer/Projects/libgdx/gdx/src/com/badlogic/gdx/utils/UBJsonReader.java:47: error: [NullAway] (INDEX= 789) (Covered) passing @Nullable parameter 'din' where @NonNull is required
			StreamUtils.closeQuietly(din);
			                         ^
    (see http://t.uber.com/nullaway )
/Users/nima/Developer/NullAwayFixer/Projects/libgdx/gdx/src/com/badlogic/gdx/utils/UBJsonWriter.java:34: error: [NullAway] (INDEX= 790) (Covered) initializer method does not guarantee @NonNull field current (line 30) is initialized along all control-flow paths (remember to check for exceptions or early returns).
	public UBJsonWriter (OutputStream out) {
	       ^
    (see http://t.uber.com/nullaway )
/Users/nima/Developer/NullAwayFixer/Projects/libgdx/gdx/src/com/badlogic/gdx/utils/UBJsonWriter.java:551: error: [NullAway] (INDEX= 791) (Covered) assigning @Nullable expression to @NonNull field
		current = stack.size == 0 ? null : stack.peek();
		        ^
    (see http://t.uber.com/nullaway )
/Users/nima/Developer/NullAwayFixer/Projects/libgdx/gdx/src/com/badlogic/gdx/utils/GdxBuild.java:33: error: [NullAway] (INDEX= 792) (Covered) passing @Nullable parameter 'null' where @NonNull is required
		new NativeCodeGenerator().generate("src", "bin", JNI_DIR, new String[] {"**/*"}, null);
		                                                                                 ^
    (see http://t.uber.com/nullaway )
/Users/nima/Developer/NullAwayFixer/Projects/libgdx/gdx/src/com/badlogic/gdx/math/EarClippingTriangulator.java:47: error: [NullAway] (INDEX= 793) (Covered) @NonNull field indices not initialized
	private short[] indices;
	                ^
    (see http://t.uber.com/nullaway )
/Users/nima/Developer/NullAwayFixer/Projects/libgdx/gdx/src/com/badlogic/gdx/math/EarClippingTriangulator.java:48: error: [NullAway] (INDEX= 794) (Covered) @NonNull field vertices not initialized
	private float[] vertices;
	                ^
    (see http://t.uber.com/nullaway )
/Users/nima/Developer/NullAwayFixer/Projects/libgdx/gdx/src/com/badlogic/gdx/math/CatmullRomSpline.java:103: error: [NullAway] (INDEX= 795) (Covered) initializer method does not guarantee @NonNull fields controlPoints (line 96), tmp (line 99), tmp2 (line 100), tmp3 (line 101) are initialized along all control-flow paths (remember to check for exceptions or early returns).
	public CatmullRomSpline () {
	       ^
    (see http://t.uber.com/nullaway )
/Users/nima/Developer/NullAwayFixer/Projects/libgdx/gdx/src/com/badlogic/gdx/math/CatmullRomSpline.java:106: error: [NullAway] (INDEX= 796) (Covered) initializer method does not guarantee @NonNull fields controlPoints (line 96), tmp (line 99), tmp2 (line 100), tmp3 (line 101) are initialized along all control-flow paths (remember to check for exceptions or early returns).
	public CatmullRomSpline (final T[] controlPoints, final boolean continuous) {
	       ^
    (see http://t.uber.com/nullaway )
/Users/nima/Developer/NullAwayFixer/Projects/libgdx/gdx/src/com/badlogic/gdx/math/Intersector.java:233: error: [NullAway] (INDEX= 797) (Covered) passing @Nullable parameter 'null' where @NonNull is required
				if (intersectSegments(x1, y1, x2, y2, x3, y3, x4, y4, null)) return true;
				                                                      ^
    (see http://t.uber.com/nullaway )
/Users/nima/Developer/NullAwayFixer/Projects/libgdx/gdx/src/com/badlogic/gdx/math/Intersector.java:989: error: [NullAway] (INDEX= 798) (Covered) passing @Nullable parameter 'null' where @NonNull is required
		if (intersectSegments(startX, startY, endX, endY, rectangle.x, rectangle.y, rectangle.x, rectangleEndY, null)) return true;
		                                                                                                        ^
    (see http://t.uber.com/nullaway )
/Users/nima/Developer/NullAwayFixer/Projects/libgdx/gdx/src/com/badlogic/gdx/math/Intersector.java:991: error: [NullAway] (INDEX= 799) (Covered) passing @Nullable parameter 'null' where @NonNull is required
		if (intersectSegments(startX, startY, endX, endY, rectangle.x, rectangle.y, rectangleEndX, rectangle.y, null)) return true;
		                                                                                                        ^
    (see http://t.uber.com/nullaway )
/Users/nima/Developer/NullAwayFixer/Projects/libgdx/gdx/src/com/badlogic/gdx/math/Intersector.java:993: error: [NullAway] (INDEX= 800) (Covered) passing @Nullable parameter 'null' where @NonNull is required
		if (intersectSegments(startX, startY, endX, endY, rectangleEndX, rectangle.y, rectangleEndX, rectangleEndY, null))
		                                                                                                            ^
    (see http://t.uber.com/nullaway )
/Users/nima/Developer/NullAwayFixer/Projects/libgdx/gdx/src/com/badlogic/gdx/math/Intersector.java:996: error: [NullAway] (INDEX= 801) (Covered) passing @Nullable parameter 'null' where @NonNull is required
		if (intersectSegments(startX, startY, endX, endY, rectangle.x, rectangleEndY, rectangleEndX, rectangleEndY, null))
		                                                                                                            ^
    (see http://t.uber.com/nullaway )
/Users/nima/Developer/NullAwayFixer/Projects/libgdx/gdx/src/com/badlogic/gdx/math/Intersector.java:1124: error: [NullAway] (INDEX= 802) (Covered) passing @Nullable parameter 'null' where @NonNull is required
		return overlapConvexPolygons(p1, p2, null);
		                                     ^
    (see http://t.uber.com/nullaway )
/Users/nima/Developer/NullAwayFixer/Projects/libgdx/gdx/src/com/badlogic/gdx/math/ConvexHull.java:27: error: [NullAway] (INDEX= 803) (Covered) @NonNull field sortedPoints not initialized
	private float[] sortedPoints;
	                ^
    (see http://t.uber.com/nullaway )
/Users/nima/Developer/NullAwayFixer/Projects/libgdx/gdx/src/com/badlogic/gdx/math/Bezier.java:122: error: [NullAway] (INDEX= 804) (Covered) initializer method does not guarantee @NonNull fields tmp (line 118), tmp2 (line 119), tmp3 (line 120) are initialized along all control-flow paths (remember to check for exceptions or early returns).
	public Bezier () {
	       ^
    (see http://t.uber.com/nullaway )
/Users/nima/Developer/NullAwayFixer/Projects/libgdx/gdx/src/com/badlogic/gdx/math/Bezier.java:125: error: [NullAway] (INDEX= 805) (Covered) initializer method does not guarantee @NonNull fields tmp (line 118), tmp2 (line 119), tmp3 (line 120) are initialized along all control-flow paths (remember to check for exceptions or early returns).
	public Bezier (final T... points) {
	       ^
    (see http://t.uber.com/nullaway )
/Users/nima/Developer/NullAwayFixer/Projects/libgdx/gdx/src/com/badlogic/gdx/math/Bezier.java:129: error: [NullAway] (INDEX= 806) (Covered) initializer method does not guarantee @NonNull fields tmp (line 118), tmp2 (line 119), tmp3 (line 120) are initialized along all control-flow paths (remember to check for exceptions or early returns).
	public Bezier (final T[] points, final int offset, final int length) {
	       ^
    (see http://t.uber.com/nullaway )
/Users/nima/Developer/NullAwayFixer/Projects/libgdx/gdx/src/com/badlogic/gdx/math/Bezier.java:133: error: [NullAway] (INDEX= 807) (Covered) initializer method does not guarantee @NonNull fields tmp (line 118), tmp2 (line 119), tmp3 (line 120) are initialized along all control-flow paths (remember to check for exceptions or early returns).
	public Bezier (final Array<T> points, final int offset, final int length) {
	       ^
    (see http://t.uber.com/nullaway )
/Users/nima/Developer/NullAwayFixer/Projects/libgdx/gdx/src/com/badlogic/gdx/math/BSpline.java:178: error: [NullAway] (INDEX= 808) (Covered) initializer method does not guarantee @NonNull fields controlPoints (line 169), knots (line 170), tmp (line 174), tmp2 (line 175), tmp3 (line 176) are initialized along all control-flow paths (remember to check for exceptions or early returns).
	public BSpline () {
	       ^
    (see http://t.uber.com/nullaway )
/Users/nima/Developer/NullAwayFixer/Projects/libgdx/gdx/src/com/badlogic/gdx/math/BSpline.java:181: error: [NullAway] (INDEX= 809) (Covered) initializer method does not guarantee @NonNull fields controlPoints (line 169), knots (line 170), tmp (line 174), tmp2 (line 175), tmp3 (line 176) are initialized along all control-flow paths (remember to check for exceptions or early returns).
	public BSpline (final T[] controlPoints, final int degree, final boolean continuous) {
	       ^
    (see http://t.uber.com/nullaway )
/Users/nima/Developer/NullAwayFixer/Projects/libgdx/gdx/src/com/badlogic/gdx/math/DelaunayTriangulator.java:33: error: [NullAway] (INDEX= 810) (Covered) @NonNull field sortedPoints not initialized
	private float[] sortedPoints;
	                ^
    (see http://t.uber.com/nullaway )
/Users/nima/Developer/NullAwayFixer/Projects/libgdx/gdx/src/com/badlogic/gdx/Gdx.java:29: error: [NullAway] (INDEX= 811) (Covered) @NonNull static field app not initialized
	public static Application app;
	                          ^
    (see http://t.uber.com/nullaway )
/Users/nima/Developer/NullAwayFixer/Projects/libgdx/gdx/src/com/badlogic/gdx/Gdx.java:30: error: [NullAway] (INDEX= 812) (Covered) @NonNull static field graphics not initialized
	public static Graphics graphics;
	                       ^
    (see http://t.uber.com/nullaway )
/Users/nima/Developer/NullAwayFixer/Projects/libgdx/gdx/src/com/badlogic/gdx/Gdx.java:31: error: [NullAway] (INDEX= 813) (Covered) @NonNull static field audio not initialized
	public static Audio audio;
	                    ^
    (see http://t.uber.com/nullaway )
/Users/nima/Developer/NullAwayFixer/Projects/libgdx/gdx/src/com/badlogic/gdx/Gdx.java:32: error: [NullAway] (INDEX= 814) (Covered) @NonNull static field input not initialized
	public static Input input;
	                    ^
    (see http://t.uber.com/nullaway )
/Users/nima/Developer/NullAwayFixer/Projects/libgdx/gdx/src/com/badlogic/gdx/Gdx.java:33: error: [NullAway] (INDEX= 815) (Covered) @NonNull static field files not initialized
	public static Files files;
	                    ^
    (see http://t.uber.com/nullaway )
/Users/nima/Developer/NullAwayFixer/Projects/libgdx/gdx/src/com/badlogic/gdx/Gdx.java:34: error: [NullAway] (INDEX= 816) (Covered) @NonNull static field net not initialized
	public static Net net;
	                  ^
    (see http://t.uber.com/nullaway )
/Users/nima/Developer/NullAwayFixer/Projects/libgdx/gdx/src/com/badlogic/gdx/Gdx.java:36: error: [NullAway] (INDEX= 817) (Covered) @NonNull static field gl not initialized
	public static GL20 gl;
	                   ^
    (see http://t.uber.com/nullaway )
/Users/nima/Developer/NullAwayFixer/Projects/libgdx/gdx/src/com/badlogic/gdx/Gdx.java:37: error: [NullAway] (INDEX= 818) (Covered) @NonNull static field gl20 not initialized
	public static GL20 gl20;
	                   ^
    (see http://t.uber.com/nullaway )
/Users/nima/Developer/NullAwayFixer/Projects/libgdx/gdx/src/com/badlogic/gdx/Gdx.java:38: error: [NullAway] (INDEX= 819) (Covered) @NonNull static field gl30 not initialized
	public static GL30 gl30;
	                   ^
    (see http://t.uber.com/nullaway )
/Users/nima/Developer/NullAwayFixer/Projects/libgdx/gdx/src/com/badlogic/gdx/Game.java:27: error: [NullAway] (INDEX= 820) (Covered) @NonNull field screen not initialized
	protected Screen screen;
	                 ^
    (see http://t.uber.com/nullaway )
/Users/nima/Developer/NullAwayFixer/Projects/libgdx/gdx/src/com/badlogic/gdx/graphics/Colors.java:45: error: [NullAway] (INDEX= 821) (Covered) returning @Nullable expression from method with @NonNull return type
		return map.get(name);
		^
    (see http://t.uber.com/nullaway )
/Users/nima/Developer/NullAwayFixer/Projects/libgdx/gdx/src/com/badlogic/gdx/graphics/Colors.java:56: error: [NullAway] (INDEX= 822) (Covered) returning @Nullable expression from method with @NonNull return type
		return map.put(name, color);
		^
    (see http://t.uber.com/nullaway )
/Users/nima/Developer/NullAwayFixer/Projects/libgdx/gdx/src/com/badlogic/gdx/graphics/glutils/VertexBufferObjectWithVAO.java:153: error: [NullAway] (INDEX= 823) (Covered) passing @Nullable parameter 'null' where @NonNull is required
		bind(shader, null);
		             ^
    (see http://t.uber.com/nullaway )
/Users/nima/Developer/NullAwayFixer/Projects/libgdx/gdx/src/com/badlogic/gdx/graphics/glutils/VertexBufferObjectWithVAO.java:243: error: [NullAway] (INDEX= 824) (Covered) passing @Nullable parameter 'null' where @NonNull is required
		unbind(shader, null);
		               ^
    (see http://t.uber.com/nullaway )
/Users/nima/Developer/NullAwayFixer/Projects/libgdx/gdx/src/com/badlogic/gdx/graphics/glutils/VertexBufferObject.java:65: error: [NullAway] (INDEX= 825) (Covered) initializer method does not guarantee @NonNull fields attributes (line 42), buffer (line 43), byteBuffer (line 44) are initialized along all control-flow paths (remember to check for exceptions or early returns).
	public VertexBufferObject (boolean isStatic, int numVertices, VertexAttributes attributes) {
	       ^
    (see http://t.uber.com/nullaway )
/Users/nima/Developer/NullAwayFixer/Projects/libgdx/gdx/src/com/badlogic/gdx/graphics/glutils/VertexBufferObject.java:74: error: [NullAway] (INDEX= 826) (Covered) initializer method does not guarantee @NonNull fields attributes (line 42), buffer (line 43), byteBuffer (line 44) are initialized along all control-flow paths (remember to check for exceptions or early returns).
	protected VertexBufferObject (int usage, ByteBuffer data, boolean ownsBuffer, VertexAttributes attributes) {
	          ^
    (see http://t.uber.com/nullaway )
/Users/nima/Developer/NullAwayFixer/Projects/libgdx/gdx/src/com/badlogic/gdx/graphics/glutils/VertexBufferObject.java:168: error: [NullAway] (INDEX= 827) (Covered) passing @Nullable parameter 'null' where @NonNull is required
		bind(shader, null);
		             ^
    (see http://t.uber.com/nullaway )
/Users/nima/Developer/NullAwayFixer/Projects/libgdx/gdx/src/com/badlogic/gdx/graphics/glutils/VertexBufferObject.java:213: error: [NullAway] (INDEX= 828) (Covered) passing @Nullable parameter 'null' where @NonNull is required
		unbind(shader, null);
		               ^
    (see http://t.uber.com/nullaway )
/Users/nima/Developer/NullAwayFixer/Projects/libgdx/gdx/src/com/badlogic/gdx/graphics/glutils/InstanceBufferObjectSubData.java:82: error: [NullAway] (INDEX= 829) (Covered) passing @Nullable parameter 'null' where @NonNull is required
		Gdx.gl20.glBufferData(GL20.GL_ARRAY_BUFFER, byteBuffer.capacity(), null, usage);
		                                                                   ^
    (see http://t.uber.com/nullaway )
/Users/nima/Developer/NullAwayFixer/Projects/libgdx/gdx/src/com/badlogic/gdx/graphics/glutils/InstanceBufferObjectSubData.java:120: error: [NullAway] (INDEX= 830) (Covered) passing @Nullable parameter 'null' where @NonNull is required
			Gdx.gl20.glBufferData(GL20.GL_ARRAY_BUFFER, byteBuffer.limit(), null, usage);
			                                                                ^
    (see http://t.uber.com/nullaway )
/Users/nima/Developer/NullAwayFixer/Projects/libgdx/gdx/src/com/badlogic/gdx/graphics/glutils/InstanceBufferObjectSubData.java:198: error: [NullAway] (INDEX= 831) (Covered) passing @Nullable parameter 'null' where @NonNull is required
		bind(shader, null);
		             ^
    (see http://t.uber.com/nullaway )
/Users/nima/Developer/NullAwayFixer/Projects/libgdx/gdx/src/com/badlogic/gdx/graphics/glutils/InstanceBufferObjectSubData.java:248: error: [NullAway] (INDEX= 832) (Covered) passing @Nullable parameter 'null' where @NonNull is required
		unbind(shader, null);
		               ^
    (see http://t.uber.com/nullaway )
/Users/nima/Developer/NullAwayFixer/Projects/libgdx/gdx/src/com/badlogic/gdx/graphics/glutils/GLFrameBuffer.java:84: error: [NullAway] (INDEX= 833) (Covered) initializer method does not guarantee @NonNull field bufferBuilder (line 82) is initialized along all control-flow paths (remember to check for exceptions or early returns).
	GLFrameBuffer () {
	^
    (see http://t.uber.com/nullaway )
/Users/nima/Developer/NullAwayFixer/Projects/libgdx/gdx/src/com/badlogic/gdx/graphics/glutils/GLFrameBuffer.java:406: error: [NullAway] (INDEX= 834) dereferenced expression buffers.get(app) is @Nullable
			builder.append(buffers.get(app).size);
			                               ^
    (see http://t.uber.com/nullaway )
/Users/nima/Developer/NullAwayFixer/Projects/libgdx/gdx/src/com/badlogic/gdx/graphics/glutils/GLFrameBuffer.java:455: error: [NullAway] (INDEX= 835) (Covered) initializer method does not guarantee @NonNull fields stencilRenderBufferSpec (line 447), depthRenderBufferSpec (line 448), packedStencilDepthRenderBufferSpec (line 449) are initialized along all control-flow paths (remember to check for exceptions or early returns).
		public GLFrameBufferBuilder (int width, int height) {
		       ^
    (see http://t.uber.com/nullaway )
/Users/nima/Developer/NullAwayFixer/Projects/libgdx/gdx/src/com/badlogic/gdx/assets/loaders/CubemapLoader.java:40: error: [NullAway] (INDEX= 836) (Covered) @NonNull field CubemapLoader$CubemapLoaderInfo.filename not initialized
		String filename;
		       ^
    (see http://t.uber.com/nullaway )
/Users/nima/Developer/NullAwayFixer/Projects/libgdx/gdx/src/com/badlogic/gdx/assets/loaders/CubemapLoader.java:41: error: [NullAway] (INDEX= 837) (Covered) @NonNull field CubemapLoader$CubemapLoaderInfo.data not initialized
		CubemapData data;
		            ^
    (see http://t.uber.com/nullaway )
/Users/nima/Developer/NullAwayFixer/Projects/libgdx/gdx/src/com/badlogic/gdx/assets/loaders/CubemapLoader.java:42: error: [NullAway] (INDEX= 838) (Covered) @NonNull field CubemapLoader$CubemapLoaderInfo.cubemap not initialized
		Cubemap cubemap;
		        ^
    (see http://t.uber.com/nullaway )
/Users/nima/Developer/NullAwayFixer/Projects/libgdx/gdx/src/com/badlogic/gdx/assets/loaders/CubemapLoader.java:57: error: [NullAway] (INDEX= 839) (Covered) assigning @Nullable expression to @NonNull field
			info.cubemap = null;
			             ^
    (see http://t.uber.com/nullaway )
/Users/nima/Developer/NullAwayFixer/Projects/libgdx/gdx/src/com/badlogic/gdx/assets/loaders/CubemapLoader.java:76: error: [NullAway] (INDEX= 840) (Covered) returning @Nullable expression from method with @NonNull return type
		if (info == null) return null;
		                  ^
    (see http://t.uber.com/nullaway )
/Users/nima/Developer/NullAwayFixer/Projects/libgdx/gdx/src/com/badlogic/gdx/assets/loaders/CubemapLoader.java:92: error: [NullAway] (INDEX= 841) (Covered) returning @Nullable expression from method with @NonNull return type
		return null;
		^
    (see http://t.uber.com/nullaway )
/Users/nima/Developer/NullAwayFixer/Projects/libgdx/gdx/src/com/badlogic/gdx/assets/loaders/CubemapLoader.java:97: error: [NullAway] (INDEX= 842) (Covered) assigning @Nullable expression to @NonNull field
		public Format format = null;
		              ^
    (see http://t.uber.com/nullaway )
/Users/nima/Developer/NullAwayFixer/Projects/libgdx/gdx/src/com/badlogic/gdx/assets/loaders/CubemapLoader.java:99: error: [NullAway] (INDEX= 843) (Covered) assigning @Nullable expression to @NonNull field
		public Cubemap cubemap = null;
		               ^
    (see http://t.uber.com/nullaway )
/Users/nima/Developer/NullAwayFixer/Projects/libgdx/gdx/src/com/badlogic/gdx/assets/loaders/CubemapLoader.java:101: error: [NullAway] (INDEX= 844) (Covered) assigning @Nullable expression to @NonNull field
		public CubemapData cubemapData = null;
		                   ^
    (see http://t.uber.com/nullaway )
/Users/nima/Developer/NullAwayFixer/Projects/libgdx/gdx/src/com/badlogic/gdx/graphics/Cubemap.java:41: error: [NullAway] (INDEX= 845) (Covered) @NonNull static field assetManager not initialized
	private static AssetManager assetManager;
	                            ^
    (see http://t.uber.com/nullaway )
/Users/nima/Developer/NullAwayFixer/Projects/libgdx/gdx/src/com/badlogic/gdx/graphics/Cubemap.java:122: error: [NullAway] (INDEX= 846) (Covered) passing @Nullable parameter 'positiveX == null ? null : new PixmapTextureData(positiveX, null, useMipMaps, false)' where @NonNull is required
		this(positiveX == null ? null : new PixmapTextureData(positiveX, null, useMipMaps, false), negativeX == null ? null
		                       ^
    (see http://t.uber.com/nullaway )
/Users/nima/Developer/NullAwayFixer/Projects/libgdx/gdx/src/com/badlogic/gdx/graphics/Cubemap.java:122: error: [NullAway] (INDEX= 847) (Covered) passing @Nullable parameter 'negativeX == null ? null
		this(positiveX == null ? null : new PixmapTextureData(positiveX, null, useMipMaps, false), negativeX == null ? null
		                                                                                                             ^
  			: new PixmapTextureData(negativeX, null, useMipMaps, false)' where @NonNull is required
    (see http://t.uber.com/nullaway )
/Users/nima/Developer/NullAwayFixer/Projects/libgdx/gdx/src/com/badlogic/gdx/graphics/Cubemap.java:123: error: [NullAway] (INDEX= 848) (Covered) passing @Nullable parameter 'positiveY == null ? null : new PixmapTextureData(positiveY,
			: new PixmapTextureData(negativeX, null, useMipMaps, false), positiveY == null ? null : new PixmapTextureData(positiveY,
			                                                                               ^
  			null, useMipMaps, false)' where @NonNull is required
    (see http://t.uber.com/nullaway )
/Users/nima/Developer/NullAwayFixer/Projects/libgdx/gdx/src/com/badlogic/gdx/graphics/Cubemap.java:124: error: [NullAway] (INDEX= 849) (Covered) passing @Nullable parameter 'negativeY == null ? null : new PixmapTextureData(negativeY, null, useMipMaps, false)' where @NonNull is required
			null, useMipMaps, false), negativeY == null ? null : new PixmapTextureData(negativeY, null, useMipMaps, false),
			                                            ^
    (see http://t.uber.com/nullaway )
/Users/nima/Developer/NullAwayFixer/Projects/libgdx/gdx/src/com/badlogic/gdx/graphics/Cubemap.java:125: error: [NullAway] (INDEX= 850) (Covered) passing @Nullable parameter 'positiveZ == null ? null : new PixmapTextureData(positiveZ, null, useMipMaps, false)' where @NonNull is required
			positiveZ == null ? null : new PixmapTextureData(positiveZ, null, useMipMaps, false), negativeZ == null ? null
			                  ^
    (see http://t.uber.com/nullaway )
/Users/nima/Developer/NullAwayFixer/Projects/libgdx/gdx/src/com/badlogic/gdx/graphics/Cubemap.java:125: error: [NullAway] (INDEX= 851) (Covered) passing @Nullable parameter 'negativeZ == null ? null
			positiveZ == null ? null : new PixmapTextureData(positiveZ, null, useMipMaps, false), negativeZ == null ? null
			                                                                                                        ^
  				: new PixmapTextureData(negativeZ, null, useMipMaps, false)' where @NonNull is required
    (see http://t.uber.com/nullaway )
/Users/nima/Developer/NullAwayFixer/Projects/libgdx/gdx/src/com/badlogic/gdx/graphics/Cubemap.java:122: error: [NullAway] (INDEX= 852) (Covered) passing @Nullable parameter 'null' where @NonNull is required
		this(positiveX == null ? null : new PixmapTextureData(positiveX, null, useMipMaps, false), negativeX == null ? null
		                                                                 ^
    (see http://t.uber.com/nullaway )
/Users/nima/Developer/NullAwayFixer/Projects/libgdx/gdx/src/com/badlogic/gdx/graphics/Cubemap.java:123: error: [NullAway] (INDEX= 853) (Covered) passing @Nullable parameter 'null' where @NonNull is required
			: new PixmapTextureData(negativeX, null, useMipMaps, false), positiveY == null ? null : new PixmapTextureData(positiveY,
			                                   ^
    (see http://t.uber.com/nullaway )
/Users/nima/Developer/NullAwayFixer/Projects/libgdx/gdx/src/com/badlogic/gdx/graphics/Cubemap.java:124: error: [NullAway] (INDEX= 854) (Covered) passing @Nullable parameter 'null' where @NonNull is required
			null, useMipMaps, false), negativeY == null ? null : new PixmapTextureData(negativeY, null, useMipMaps, false),
			^
    (see http://t.uber.com/nullaway )
/Users/nima/Developer/NullAwayFixer/Projects/libgdx/gdx/src/com/badlogic/gdx/graphics/Cubemap.java:124: error: [NullAway] (INDEX= 855) (Covered) passing @Nullable parameter 'null' where @NonNull is required
			null, useMipMaps, false), negativeY == null ? null : new PixmapTextureData(negativeY, null, useMipMaps, false),
			                                                                                      ^
    (see http://t.uber.com/nullaway )
/Users/nima/Developer/NullAwayFixer/Projects/libgdx/gdx/src/com/badlogic/gdx/graphics/Cubemap.java:125: error: [NullAway] (INDEX= 856) (Covered) passing @Nullable parameter 'null' where @NonNull is required
			positiveZ == null ? null : new PixmapTextureData(positiveZ, null, useMipMaps, false), negativeZ == null ? null
			                                                            ^
    (see http://t.uber.com/nullaway )
/Users/nima/Developer/NullAwayFixer/Projects/libgdx/gdx/src/com/badlogic/gdx/graphics/Cubemap.java:126: error: [NullAway] (INDEX= 857) (Covered) passing @Nullable parameter 'null' where @NonNull is required
				: new PixmapTextureData(negativeZ, null, useMipMaps, false));
				                                   ^
    (see http://t.uber.com/nullaway )
/Users/nima/Developer/NullAwayFixer/Projects/libgdx/gdx/src/com/badlogic/gdx/graphics/Cubemap.java:131: error: [NullAway] (INDEX= 858) (Covered) passing @Nullable parameter 'null' where @NonNull is required
		this(new PixmapTextureData(new Pixmap(depth, height, format), null, false, true), new PixmapTextureData(new Pixmap(depth,
		                                                              ^
    (see http://t.uber.com/nullaway )
/Users/nima/Developer/NullAwayFixer/Projects/libgdx/gdx/src/com/badlogic/gdx/graphics/Cubemap.java:132: error: [NullAway] (INDEX= 859) (Covered) passing @Nullable parameter 'null' where @NonNull is required
			height, format), null, false, true), new PixmapTextureData(new Pixmap(width, depth, format), null, false, true),
			                 ^
    (see http://t.uber.com/nullaway )
/Users/nima/Developer/NullAwayFixer/Projects/libgdx/gdx/src/com/badlogic/gdx/graphics/Cubemap.java:132: error: [NullAway] (INDEX= 860) (Covered) passing @Nullable parameter 'null' where @NonNull is required
			height, format), null, false, true), new PixmapTextureData(new Pixmap(width, depth, format), null, false, true),
			                                                                                             ^
    (see http://t.uber.com/nullaway )
/Users/nima/Developer/NullAwayFixer/Projects/libgdx/gdx/src/com/badlogic/gdx/graphics/Cubemap.java:133: error: [NullAway] (INDEX= 861) (Covered) passing @Nullable parameter 'null' where @NonNull is required
			new PixmapTextureData(new Pixmap(width, depth, format), null, false, true), new PixmapTextureData(new Pixmap(width,
			                                                        ^
    (see http://t.uber.com/nullaway )
/Users/nima/Developer/NullAwayFixer/Projects/libgdx/gdx/src/com/badlogic/gdx/graphics/Cubemap.java:134: error: [NullAway] (INDEX= 862) (Covered) passing @Nullable parameter 'null' where @NonNull is required
				height, format), null, false, true), new PixmapTextureData(new Pixmap(width, height, format), null, false, true));
				                 ^
    (see http://t.uber.com/nullaway )
/Users/nima/Developer/NullAwayFixer/Projects/libgdx/gdx/src/com/badlogic/gdx/graphics/Cubemap.java:134: error: [NullAway] (INDEX= 863) (Covered) passing @Nullable parameter 'null' where @NonNull is required
				height, format), null, false, true), new PixmapTextureData(new Pixmap(width, height, format), null, false, true));
				                                                                                              ^
    (see http://t.uber.com/nullaway )
/Users/nima/Developer/NullAwayFixer/Projects/libgdx/gdx/src/com/badlogic/gdx/graphics/Cubemap.java:286: error: [NullAway] (INDEX= 864) dereferenced expression managedCubemaps.get(app) is @Nullable
			builder.append(managedCubemaps.get(app).size);
			                                       ^
    (see http://t.uber.com/nullaway )
/Users/nima/Developer/NullAwayFixer/Projects/libgdx/gdx/src/com/badlogic/gdx/graphics/Cubemap.java:295: error: [NullAway] (INDEX= 865) dereferenced expression managedCubemaps.get(Gdx.app) is @Nullable
		return managedCubemaps.get(Gdx.app).size;
		                                   ^
    (see http://t.uber.com/nullaway )
/Users/nima/Developer/NullAwayFixer/Projects/libgdx/gdx/src/com/badlogic/gdx/graphics/glutils/FacedCubemapData.java:28: error: [NullAway] (INDEX= 866) (Covered) passing @Nullable parameter '(TextureData)null' where @NonNull is required
		this((TextureData)null, (TextureData)null, (TextureData)null, (TextureData)null, (TextureData)null, (TextureData)null);
		     ^
    (see http://t.uber.com/nullaway )
/Users/nima/Developer/NullAwayFixer/Projects/libgdx/gdx/src/com/badlogic/gdx/graphics/glutils/FacedCubemapData.java:28: error: [NullAway] (INDEX= 867) (Covered) passing @Nullable parameter '(TextureData)null' where @NonNull is required
		this((TextureData)null, (TextureData)null, (TextureData)null, (TextureData)null, (TextureData)null, (TextureData)null);
		                        ^
    (see http://t.uber.com/nullaway )
/Users/nima/Developer/NullAwayFixer/Projects/libgdx/gdx/src/com/badlogic/gdx/graphics/glutils/FacedCubemapData.java:28: error: [NullAway] (INDEX= 868) (Covered) passing @Nullable parameter '(TextureData)null' where @NonNull is required
		this((TextureData)null, (TextureData)null, (TextureData)null, (TextureData)null, (TextureData)null, (TextureData)null);
		                                           ^
    (see http://t.uber.com/nullaway )
/Users/nima/Developer/NullAwayFixer/Projects/libgdx/gdx/src/com/badlogic/gdx/graphics/glutils/FacedCubemapData.java:28: error: [NullAway] (INDEX= 869) (Covered) passing @Nullable parameter '(TextureData)null' where @NonNull is required
		this((TextureData)null, (TextureData)null, (TextureData)null, (TextureData)null, (TextureData)null, (TextureData)null);
		                                                              ^
    (see http://t.uber.com/nullaway )
/Users/nima/Developer/NullAwayFixer/Projects/libgdx/gdx/src/com/badlogic/gdx/graphics/glutils/FacedCubemapData.java:28: error: [NullAway] (INDEX= 870) (Covered) passing @Nullable parameter '(TextureData)null' where @NonNull is required
		this((TextureData)null, (TextureData)null, (TextureData)null, (TextureData)null, (TextureData)null, (TextureData)null);
		                                                                                 ^
    (see http://t.uber.com/nullaway )
/Users/nima/Developer/NullAwayFixer/Projects/libgdx/gdx/src/com/badlogic/gdx/graphics/glutils/FacedCubemapData.java:28: error: [NullAway] (INDEX= 871) (Covered) passing @Nullable parameter '(TextureData)null' where @NonNull is required
		this((TextureData)null, (TextureData)null, (TextureData)null, (TextureData)null, (TextureData)null, (TextureData)null);
		                                                                                                    ^
    (see http://t.uber.com/nullaway )
/Users/nima/Developer/NullAwayFixer/Projects/libgdx/gdx/src/com/badlogic/gdx/graphics/glutils/FacedCubemapData.java:58: error: [NullAway] (INDEX= 872) (Covered) passing @Nullable parameter 'positiveX == null ? null : new PixmapTextureData(positiveX, null, useMipMaps, false)' where @NonNull is required
		this(positiveX == null ? null : new PixmapTextureData(positiveX, null, useMipMaps, false), negativeX == null ? null
		                       ^
    (see http://t.uber.com/nullaway )
/Users/nima/Developer/NullAwayFixer/Projects/libgdx/gdx/src/com/badlogic/gdx/graphics/glutils/FacedCubemapData.java:58: error: [NullAway] (INDEX= 873) (Covered) passing @Nullable parameter 'negativeX == null ? null
		this(positiveX == null ? null : new PixmapTextureData(positiveX, null, useMipMaps, false), negativeX == null ? null
		                                                                                                             ^
  			: new PixmapTextureData(negativeX, null, useMipMaps, false)' where @NonNull is required
    (see http://t.uber.com/nullaway )
/Users/nima/Developer/NullAwayFixer/Projects/libgdx/gdx/src/com/badlogic/gdx/graphics/glutils/FacedCubemapData.java:59: error: [NullAway] (INDEX= 874) (Covered) passing @Nullable parameter 'positiveY == null ? null : new PixmapTextureData(positiveY,
			: new PixmapTextureData(negativeX, null, useMipMaps, false), positiveY == null ? null : new PixmapTextureData(positiveY,
			                                                                               ^
  			null, useMipMaps, false)' where @NonNull is required
    (see http://t.uber.com/nullaway )
/Users/nima/Developer/NullAwayFixer/Projects/libgdx/gdx/src/com/badlogic/gdx/graphics/glutils/FacedCubemapData.java:60: error: [NullAway] (INDEX= 875) (Covered) passing @Nullable parameter 'negativeY == null ? null : new PixmapTextureData(negativeY, null, useMipMaps, false)' where @NonNull is required
			null, useMipMaps, false), negativeY == null ? null : new PixmapTextureData(negativeY, null, useMipMaps, false),
			                                            ^
    (see http://t.uber.com/nullaway )
/Users/nima/Developer/NullAwayFixer/Projects/libgdx/gdx/src/com/badlogic/gdx/graphics/glutils/FacedCubemapData.java:61: error: [NullAway] (INDEX= 876) (Covered) passing @Nullable parameter 'positiveZ == null ? null : new PixmapTextureData(positiveZ, null, useMipMaps, false)' where @NonNull is required
			positiveZ == null ? null : new PixmapTextureData(positiveZ, null, useMipMaps, false), negativeZ == null ? null
			                  ^
    (see http://t.uber.com/nullaway )
/Users/nima/Developer/NullAwayFixer/Projects/libgdx/gdx/src/com/badlogic/gdx/graphics/glutils/FacedCubemapData.java:61: error: [NullAway] (INDEX= 877) (Covered) passing @Nullable parameter 'negativeZ == null ? null
			positiveZ == null ? null : new PixmapTextureData(positiveZ, null, useMipMaps, false), negativeZ == null ? null
			                                                                                                        ^
  				: new PixmapTextureData(negativeZ, null, useMipMaps, false)' where @NonNull is required
    (see http://t.uber.com/nullaway )
/Users/nima/Developer/NullAwayFixer/Projects/libgdx/gdx/src/com/badlogic/gdx/graphics/glutils/FacedCubemapData.java:58: error: [NullAway] (INDEX= 878) (Covered) passing @Nullable parameter 'null' where @NonNull is required
		this(positiveX == null ? null : new PixmapTextureData(positiveX, null, useMipMaps, false), negativeX == null ? null
		                                                                 ^
    (see http://t.uber.com/nullaway )
/Users/nima/Developer/NullAwayFixer/Projects/libgdx/gdx/src/com/badlogic/gdx/graphics/glutils/FacedCubemapData.java:59: error: [NullAway] (INDEX= 879) (Covered) passing @Nullable parameter 'null' where @NonNull is required
			: new PixmapTextureData(negativeX, null, useMipMaps, false), positiveY == null ? null : new PixmapTextureData(positiveY,
			                                   ^
    (see http://t.uber.com/nullaway )
/Users/nima/Developer/NullAwayFixer/Projects/libgdx/gdx/src/com/badlogic/gdx/graphics/glutils/FacedCubemapData.java:60: error: [NullAway] (INDEX= 880) (Covered) passing @Nullable parameter 'null' where @NonNull is required
			null, useMipMaps, false), negativeY == null ? null : new PixmapTextureData(negativeY, null, useMipMaps, false),
			^
    (see http://t.uber.com/nullaway )
/Users/nima/Developer/NullAwayFixer/Projects/libgdx/gdx/src/com/badlogic/gdx/graphics/glutils/FacedCubemapData.java:60: error: [NullAway] (INDEX= 881) (Covered) passing @Nullable parameter 'null' where @NonNull is required
			null, useMipMaps, false), negativeY == null ? null : new PixmapTextureData(negativeY, null, useMipMaps, false),
			                                                                                      ^
    (see http://t.uber.com/nullaway )
/Users/nima/Developer/NullAwayFixer/Projects/libgdx/gdx/src/com/badlogic/gdx/graphics/glutils/FacedCubemapData.java:61: error: [NullAway] (INDEX= 882) (Covered) passing @Nullable parameter 'null' where @NonNull is required
			positiveZ == null ? null : new PixmapTextureData(positiveZ, null, useMipMaps, false), negativeZ == null ? null
			                                                            ^
    (see http://t.uber.com/nullaway )
/Users/nima/Developer/NullAwayFixer/Projects/libgdx/gdx/src/com/badlogic/gdx/graphics/glutils/FacedCubemapData.java:62: error: [NullAway] (INDEX= 883) (Covered) passing @Nullable parameter 'null' where @NonNull is required
				: new PixmapTextureData(negativeZ, null, useMipMaps, false));
				                                   ^
    (see http://t.uber.com/nullaway )
/Users/nima/Developer/NullAwayFixer/Projects/libgdx/gdx/src/com/badlogic/gdx/graphics/glutils/FacedCubemapData.java:67: error: [NullAway] (INDEX= 884) (Covered) passing @Nullable parameter 'null' where @NonNull is required
		this(new PixmapTextureData(new Pixmap(depth, height, format), null, false, true), new PixmapTextureData(new Pixmap(depth,
		                                                              ^
    (see http://t.uber.com/nullaway )
/Users/nima/Developer/NullAwayFixer/Projects/libgdx/gdx/src/com/badlogic/gdx/graphics/glutils/FacedCubemapData.java:68: error: [NullAway] (INDEX= 885) (Covered) passing @Nullable parameter 'null' where @NonNull is required
			height, format), null, false, true), new PixmapTextureData(new Pixmap(width, depth, format), null, false, true),
			                 ^
    (see http://t.uber.com/nullaway )
/Users/nima/Developer/NullAwayFixer/Projects/libgdx/gdx/src/com/badlogic/gdx/graphics/glutils/FacedCubemapData.java:68: error: [NullAway] (INDEX= 886) (Covered) passing @Nullable parameter 'null' where @NonNull is required
			height, format), null, false, true), new PixmapTextureData(new Pixmap(width, depth, format), null, false, true),
			                                                                                             ^
    (see http://t.uber.com/nullaway )
/Users/nima/Developer/NullAwayFixer/Projects/libgdx/gdx/src/com/badlogic/gdx/graphics/glutils/FacedCubemapData.java:69: error: [NullAway] (INDEX= 887) (Covered) passing @Nullable parameter 'null' where @NonNull is required
			new PixmapTextureData(new Pixmap(width, depth, format), null, false, true), new PixmapTextureData(new Pixmap(width,
			                                                        ^
    (see http://t.uber.com/nullaway )
/Users/nima/Developer/NullAwayFixer/Projects/libgdx/gdx/src/com/badlogic/gdx/graphics/glutils/FacedCubemapData.java:70: error: [NullAway] (INDEX= 888) (Covered) passing @Nullable parameter 'null' where @NonNull is required
				height, format), null, false, true), new PixmapTextureData(new Pixmap(width, height, format), null, false, true));
				                 ^
    (see http://t.uber.com/nullaway )
/Users/nima/Developer/NullAwayFixer/Projects/libgdx/gdx/src/com/badlogic/gdx/graphics/glutils/FacedCubemapData.java:70: error: [NullAway] (INDEX= 889) (Covered) passing @Nullable parameter 'null' where @NonNull is required
				height, format), null, false, true), new PixmapTextureData(new Pixmap(width, height, format), null, false, true));
				                                                                                              ^
    (see http://t.uber.com/nullaway )
/Users/nima/Developer/NullAwayFixer/Projects/libgdx/gdx/src/com/badlogic/gdx/graphics/glutils/FacedCubemapData.java:106: error: [NullAway] (INDEX= 890) (Covered) passing @Nullable parameter 'null' where @NonNull is required
		data[side.index] = pixmap == null ? null : new PixmapTextureData(pixmap, null, false, false);
		                                                                         ^
    (see http://t.uber.com/nullaway )
/Users/nima/Developer/NullAwayFixer/Projects/libgdx/gdx/src/com/badlogic/gdx/graphics/glutils/ETC1.java:79: error: [NullAway] (INDEX= 891) (Covered) passing @Nullable parameter 'in' where @NonNull is required
				StreamUtils.closeQuietly(in);
				                         ^
    (see http://t.uber.com/nullaway )
/Users/nima/Developer/NullAwayFixer/Projects/libgdx/gdx/src/com/badlogic/gdx/graphics/glutils/ETC1.java:120: error: [NullAway] (INDEX= 892) (Covered) passing @Nullable parameter 'write' where @NonNull is required
				StreamUtils.closeQuietly(write);
				                         ^
    (see http://t.uber.com/nullaway )
/Users/nima/Developer/NullAwayFixer/Projects/libgdx/gdx/src/com/badlogic/gdx/graphics/glutils/GLOnlyTextureData.java:78: error: [NullAway] (INDEX= 893) (Covered) passing @Nullable parameter 'null' where @NonNull is required
		Gdx.gl.glTexImage2D(target, mipLevel, internalFormat, width, height, 0, format, type, null);
		                                                                                      ^
    (see http://t.uber.com/nullaway )
/Users/nima/Developer/NullAwayFixer/Projects/libgdx/gdx/src/com/badlogic/gdx/graphics/glutils/InstanceBufferObject.java:51: error: [NullAway] (INDEX= 894) (Covered) initializer method does not guarantee @NonNull fields attributes (line 38), buffer (line 39), byteBuffer (line 40) are initialized along all control-flow paths (remember to check for exceptions or early returns).
	public InstanceBufferObject (boolean isStatic, int numVertices, VertexAttributes instanceAttributes) {
	       ^
    (see http://t.uber.com/nullaway )
/Users/nima/Developer/NullAwayFixer/Projects/libgdx/gdx/src/com/badlogic/gdx/graphics/glutils/InstanceBufferObject.java:112: error: [NullAway] (INDEX= 895) (Covered) passing @Nullable parameter 'null' where @NonNull is required
			Gdx.gl20.glBufferData(GL20.GL_ARRAY_BUFFER, byteBuffer.limit(), null, usage);
			                                                                ^
    (see http://t.uber.com/nullaway )
/Users/nima/Developer/NullAwayFixer/Projects/libgdx/gdx/src/com/badlogic/gdx/graphics/glutils/InstanceBufferObject.java:184: error: [NullAway] (INDEX= 896) (Covered) passing @Nullable parameter 'null' where @NonNull is required
		bind(shader, null);
		             ^
    (see http://t.uber.com/nullaway )
/Users/nima/Developer/NullAwayFixer/Projects/libgdx/gdx/src/com/badlogic/gdx/graphics/glutils/InstanceBufferObject.java:235: error: [NullAway] (INDEX= 897) (Covered) passing @Nullable parameter 'null' where @NonNull is required
		unbind(shader, null);
		               ^
    (see http://t.uber.com/nullaway )
/Users/nima/Developer/NullAwayFixer/Projects/libgdx/gdx/src/com/badlogic/gdx/graphics/glutils/FileTextureData.java:75: error: [NullAway] (INDEX= 898) (Covered) assigning @Nullable expression to @NonNull field
		this.pixmap = null;
		            ^
    (see http://t.uber.com/nullaway )
/Users/nima/Developer/NullAwayFixer/Projects/libgdx/gdx/src/com/badlogic/gdx/graphics/glutils/FloatTextureData.java:47: error: [NullAway] (INDEX= 899) (Covered) initializer method does not guarantee @NonNull field buffer (line 45) is initialized along all control-flow paths (remember to check for exceptions or early returns).
	public FloatTextureData (int w, int h, int internalFormat, int format, int type, boolean isGpuOnly) {
	       ^
    (see http://t.uber.com/nullaway )
/Users/nima/Developer/NullAwayFixer/Projects/libgdx/gdx/src/com/badlogic/gdx/graphics/glutils/FrameBufferCubemap.java:166: error: [NullAway] (INDEX= 900) (Covered) returning @Nullable expression from method with @NonNull return type
		return currentSide < 0 ? null : cubemapSides [currentSide];
		^
    (see http://t.uber.com/nullaway )
/Users/nima/Developer/NullAwayFixer/Projects/libgdx/gdx/src/com/badlogic/gdx/graphics/glutils/ETC1TextureData.java:40: error: [NullAway] (INDEX= 901) (Covered) initializer method does not guarantee @NonNull field data (line 30) is initialized along all control-flow paths (remember to check for exceptions or early returns).
	public ETC1TextureData (FileHandle file, boolean useMipMaps) {
	       ^
    (see http://t.uber.com/nullaway )
/Users/nima/Developer/NullAwayFixer/Projects/libgdx/gdx/src/com/badlogic/gdx/graphics/glutils/ETC1TextureData.java:45: error: [NullAway] (INDEX= 902) (Covered) initializer method does not guarantee @NonNull field file (line 29) is initialized along all control-flow paths (remember to check for exceptions or early returns).
	public ETC1TextureData (ETC1Data encodedImage, boolean useMipMaps) {
	       ^
    (see http://t.uber.com/nullaway )
/Users/nima/Developer/NullAwayFixer/Projects/libgdx/gdx/src/com/badlogic/gdx/graphics/glutils/ETC1TextureData.java:89: error: [NullAway] (INDEX= 903) (Covered) assigning @Nullable expression to @NonNull field
		data = null;
		     ^
    (see http://t.uber.com/nullaway )
/Users/nima/Developer/NullAwayFixer/Projects/libgdx/gdx/src/com/badlogic/gdx/graphics/glutils/VertexBufferObjectSubData.java:81: error: [NullAway] (INDEX= 904) (Covered) passing @Nullable parameter 'null' where @NonNull is required
		Gdx.gl20.glBufferData(GL20.GL_ARRAY_BUFFER, byteBuffer.capacity(), null, usage);
		                                                                   ^
    (see http://t.uber.com/nullaway )
/Users/nima/Developer/NullAwayFixer/Projects/libgdx/gdx/src/com/badlogic/gdx/graphics/glutils/VertexBufferObjectSubData.java:151: error: [NullAway] (INDEX= 905) (Covered) passing @Nullable parameter 'null' where @NonNull is required
		bind(shader, null);
		             ^
    (see http://t.uber.com/nullaway )
/Users/nima/Developer/NullAwayFixer/Projects/libgdx/gdx/src/com/badlogic/gdx/graphics/glutils/VertexBufferObjectSubData.java:195: error: [NullAway] (INDEX= 906) (Covered) passing @Nullable parameter 'null' where @NonNull is required
		unbind(shader, null);
		               ^
    (see http://t.uber.com/nullaway )
/Users/nima/Developer/NullAwayFixer/Projects/libgdx/gdx/src/com/badlogic/gdx/graphics/glutils/VertexArray.java:99: error: [NullAway] (INDEX= 907) (Covered) passing @Nullable parameter 'null' where @NonNull is required
		bind(shader, null);
		             ^
    (see http://t.uber.com/nullaway )
/Users/nima/Developer/NullAwayFixer/Projects/libgdx/gdx/src/com/badlogic/gdx/graphics/glutils/VertexArray.java:149: error: [NullAway] (INDEX= 908) (Covered) passing @Nullable parameter 'null' where @NonNull is required
		unbind(shader, null);
		               ^
    (see http://t.uber.com/nullaway )
/Users/nima/Developer/NullAwayFixer/Projects/libgdx/gdx/src/com/badlogic/gdx/graphics/glutils/IndexBufferObjectSubData.java:83: error: [NullAway] (INDEX= 909) (Covered) passing @Nullable parameter 'null' where @NonNull is required
		Gdx.gl20.glBufferData(GL20.GL_ELEMENT_ARRAY_BUFFER, byteBuffer.capacity(), null, usage);
		                                                                           ^
    (see http://t.uber.com/nullaway )
/Users/nima/Developer/NullAwayFixer/Projects/libgdx/gdx/src/com/badlogic/gdx/graphics/glutils/KTXTextureData.java:57: error: [NullAway] (INDEX= 910) (Covered) initializer method does not guarantee @NonNull field compressedData (line 52) is initialized along all control-flow paths (remember to check for exceptions or early returns).
	public KTXTextureData (FileHandle file, boolean genMipMaps) {
	       ^
    (see http://t.uber.com/nullaway )
/Users/nima/Developer/NullAwayFixer/Projects/libgdx/gdx/src/com/badlogic/gdx/graphics/glutils/KTXTextureData.java:92: error: [NullAway] (INDEX= 911) (Covered) passing @Nullable parameter 'in' where @NonNull is required
				StreamUtils.closeQuietly(in);
				                         ^
    (see http://t.uber.com/nullaway )
/Users/nima/Developer/NullAwayFixer/Projects/libgdx/gdx/src/com/badlogic/gdx/graphics/glutils/KTXTextureData.java:286: error: [NullAway] (INDEX= 912) (Covered) assigning @Nullable expression to @NonNull field
		compressedData = null;
		               ^
    (see http://t.uber.com/nullaway )
/Users/nima/Developer/NullAwayFixer/Projects/libgdx/gdx/src/com/badlogic/gdx/graphics/glutils/KTXTextureData.java:341: error: [NullAway] (INDEX= 913) (Covered) returning @Nullable expression from method with @NonNull return type
		return null;
		^
    (see http://t.uber.com/nullaway )
/Users/nima/Developer/NullAwayFixer/Projects/libgdx/gdx/src/com/badlogic/gdx/graphics/PixmapIO.java:123: error: [NullAway] (INDEX= 914) (Covered) passing @Nullable parameter 'out' where @NonNull is required
				StreamUtils.closeQuietly(out);
				                         ^
    (see http://t.uber.com/nullaway )
/Users/nima/Developer/NullAwayFixer/Projects/libgdx/gdx/src/com/badlogic/gdx/graphics/PixmapIO.java:156: error: [NullAway] (INDEX= 915) (Covered) passing @Nullable parameter 'in' where @NonNull is required
				StreamUtils.closeQuietly(in);
				                         ^
    (see http://t.uber.com/nullaway )
/Users/nima/Developer/NullAwayFixer/Projects/libgdx/gdx/src/com/badlogic/gdx/graphics/PixmapIO.java:206: error: [NullAway] (INDEX= 916) (Covered) initializer method does not guarantee @NonNull fields lineOutBytes (line 198), curLineBytes (line 198), prevLineBytes (line 198) are initialized along all control-flow paths (remember to check for exceptions or early returns).
		public PNG (int initialBufferSize) {
		       ^
    (see http://t.uber.com/nullaway )
/Users/nima/Developer/NullAwayFixer/Projects/libgdx/gdx/src/com/badlogic/gdx/graphics/g2d/PixmapPacker.java:157: error: [NullAway] (INDEX= 917) (Covered) passing @Nullable parameter 'null' where @NonNull is required
		return pack(null, image);
		            ^
    (see http://t.uber.com/nullaway )
/Users/nima/Developer/NullAwayFixer/Projects/libgdx/gdx/src/com/badlogic/gdx/graphics/g2d/PixmapPacker.java:167: error: [NullAway] (INDEX= 918) (Covered) returning @Nullable expression from method with @NonNull return type
		if (disposed) return null;
		              ^
    (see http://t.uber.com/nullaway )
/Users/nima/Developer/NullAwayFixer/Projects/libgdx/gdx/src/com/badlogic/gdx/graphics/g2d/PixmapPacker.java:302: error: [NullAway] (INDEX= 919) (Covered) returning @Nullable expression from method with @NonNull return type
		return null;
		^
    (see http://t.uber.com/nullaway )
/Users/nima/Developer/NullAwayFixer/Projects/libgdx/gdx/src/com/badlogic/gdx/graphics/g2d/PixmapPacker.java:312: error: [NullAway] (INDEX= 920) (Covered) returning @Nullable expression from method with @NonNull return type
		return null;
		^
    (see http://t.uber.com/nullaway )
/Users/nima/Developer/NullAwayFixer/Projects/libgdx/gdx/src/com/badlogic/gdx/graphics/g2d/PixmapPacker.java:365: error: [NullAway] (INDEX= 921) dereferenced expression rect is @Nullable
					TextureAtlas.AtlasRegion region = new TextureAtlas.AtlasRegion(page.texture, (int)rect.x, (int)rect.y, (int)rect.width, (int)rect.height);
					                                                                                      ^
    (see http://t.uber.com/nullaway )
/Users/nima/Developer/NullAwayFixer/Projects/libgdx/gdx/src/com/badlogic/gdx/graphics/g2d/PixmapPacker.java:475: error: [NullAway] (INDEX= 922) (Covered) initializer method does not guarantee @NonNull field texture (line 470) is initialized along all control-flow paths (remember to check for exceptions or early returns).
		public Page (PixmapPacker packer) {
		       ^
    (see http://t.uber.com/nullaway )
/Users/nima/Developer/NullAwayFixer/Projects/libgdx/gdx/src/com/badlogic/gdx/graphics/g2d/PixmapPacker.java:533: error: [NullAway] (INDEX= 923) (Covered) @NonNull field PixmapPacker$GuillotineStrategy.comparator not initialized
		Comparator<Pixmap> comparator;
		                   ^
    (see http://t.uber.com/nullaway )
/Users/nima/Developer/NullAwayFixer/Projects/libgdx/gdx/src/com/badlogic/gdx/graphics/g2d/PixmapPacker.java:578: error: [NullAway] (INDEX= 924) (Covered) returning @Nullable expression from method with @NonNull return type
				if (node.full) return null;
				               ^
    (see http://t.uber.com/nullaway )
/Users/nima/Developer/NullAwayFixer/Projects/libgdx/gdx/src/com/badlogic/gdx/graphics/g2d/PixmapPacker.java:580: error: [NullAway] (INDEX= 925) (Covered) returning @Nullable expression from method with @NonNull return type
				if (node.rect.width < rect.width || node.rect.height < rect.height) return null;
				                                                                    ^
    (see http://t.uber.com/nullaway )
/Users/nima/Developer/NullAwayFixer/Projects/libgdx/gdx/src/com/badlogic/gdx/graphics/g2d/PixmapPacker.java:614: error: [NullAway] (INDEX= 926) (Covered) @NonNull field PixmapPacker$GuillotineStrategy$Node.leftChild not initialized
			public Node leftChild;
			            ^
    (see http://t.uber.com/nullaway )
/Users/nima/Developer/NullAwayFixer/Projects/libgdx/gdx/src/com/badlogic/gdx/graphics/g2d/PixmapPacker.java:615: error: [NullAway] (INDEX= 927) (Covered) @NonNull field PixmapPacker$GuillotineStrategy$Node.rightChild not initialized
			public Node rightChild;
			            ^
    (see http://t.uber.com/nullaway )
/Users/nima/Developer/NullAwayFixer/Projects/libgdx/gdx/src/com/badlogic/gdx/graphics/g2d/PixmapPacker.java:637: error: [NullAway] (INDEX= 928) (Covered) @NonNull field PixmapPacker$SkylineStrategy.comparator not initialized
		Comparator<Pixmap> comparator;
		                   ^
    (see http://t.uber.com/nullaway )
/Users/nima/Developer/NullAwayFixer/Projects/libgdx/gdx/src/com/badlogic/gdx/graphics/g2d/PixmapPacker.java:738: error: [NullAway] (INDEX= 929) (Covered) returning @Nullable expression from method with @NonNull return type
		if (startX == 0 && endX == 0 && startY == 0 && endY == 0) return null;
		                                                          ^
    (see http://t.uber.com/nullaway )
/Users/nima/Developer/NullAwayFixer/Projects/libgdx/gdx/src/com/badlogic/gdx/graphics/g2d/PixmapPacker.java:779: error: [NullAway] (INDEX= 930) (Covered) returning @Nullable expression from method with @NonNull return type
			return null;
			^
    (see http://t.uber.com/nullaway )
/Users/nima/Developer/NullAwayFixer/Projects/libgdx/gdx/src/com/badlogic/gdx/graphics/g2d/PixmapPacker.java:811: error: [NullAway] (INDEX= 931) (Covered) returning @Nullable expression from method with @NonNull return type
			return null;
			^
    (see http://t.uber.com/nullaway )
/Users/nima/Developer/NullAwayFixer/Projects/libgdx/gdx/src/com/badlogic/gdx/graphics/g2d/PixmapPacker.java:855: error: [NullAway] (INDEX= 932) (Covered) initializer method does not guarantee @NonNull fields splits (line 850), pads (line 851) are initialized along all control-flow paths (remember to check for exceptions or early returns).
		PixmapPackerRectangle (int x, int y, int width, int height) {
		^
    (see http://t.uber.com/nullaway )
/Users/nima/Developer/NullAwayFixer/Projects/libgdx/gdx/src/com/badlogic/gdx/graphics/g2d/PixmapPacker.java:863: error: [NullAway] (INDEX= 933) (Covered) initializer method does not guarantee @NonNull fields splits (line 850), pads (line 851) are initialized along all control-flow paths (remember to check for exceptions or early returns).
		PixmapPackerRectangle (int x, int y, int width, int height, int left, int top, int originalWidth, int originalHeight) {
		^
    (see http://t.uber.com/nullaway )
/Users/nima/Developer/NullAwayFixer/Projects/libgdx/gdx/src/com/badlogic/gdx/graphics/g2d/ParticleEffect.java:45: error: [NullAway] (INDEX= 934) (Covered) initializer method does not guarantee @NonNull field bounds (line 39) is initialized along all control-flow paths (remember to check for exceptions or early returns).
	public ParticleEffect () {
	       ^
    (see http://t.uber.com/nullaway )
/Users/nima/Developer/NullAwayFixer/Projects/libgdx/gdx/src/com/badlogic/gdx/graphics/g2d/ParticleEffect.java:49: error: [NullAway] (INDEX= 935) (Covered) initializer method does not guarantee @NonNull field bounds (line 39) is initialized along all control-flow paths (remember to check for exceptions or early returns).
	public ParticleEffect (ParticleEffect effect) {
	       ^
    (see http://t.uber.com/nullaway )
/Users/nima/Developer/NullAwayFixer/Projects/libgdx/gdx/src/com/badlogic/gdx/graphics/g2d/ParticleEffect.java:140: error: [NullAway] (INDEX= 936) (Covered) returning @Nullable expression from method with @NonNull return type
		return null;
		^
    (see http://t.uber.com/nullaway )
/Users/nima/Developer/NullAwayFixer/Projects/libgdx/gdx/src/com/badlogic/gdx/graphics/g2d/ParticleEffect.java:165: error: [NullAway] (INDEX= 937) (Covered) passing @Nullable parameter 'null' where @NonNull is required
		load(effectFile, atlas, null);
		                        ^
    (see http://t.uber.com/nullaway )
/Users/nima/Developer/NullAwayFixer/Projects/libgdx/gdx/src/com/badlogic/gdx/graphics/g2d/ParticleEffect.java:187: error: [NullAway] (INDEX= 938) (Covered) passing @Nullable parameter 'reader' where @NonNull is required
			StreamUtils.closeQuietly(reader);
			                         ^
    (see http://t.uber.com/nullaway )
/Users/nima/Developer/NullAwayFixer/Projects/libgdx/gdx/src/com/badlogic/gdx/graphics/g2d/ParticleEffect.java:192: error: [NullAway] (INDEX= 939) (Covered) passing @Nullable parameter 'null' where @NonNull is required
		loadEmitterImages(atlas, null);
		                         ^
    (see http://t.uber.com/nullaway )
/Users/nima/Developer/NullAwayFixer/Projects/libgdx/gdx/src/com/badlogic/gdx/graphics/g2d/ParticleEmitter.java:97: error: [NullAway] (INDEX= 940) (Covered) initializer method does not guarantee @NonNull fields xSizeValues (line 61), ySizeValues (line 62), motionValues (line 63), particles (line 68), name (line 71), active (line 74), bounds (line 79) are initialized along all control-flow paths (remember to check for exceptions or early returns).
	public ParticleEmitter () {
	       ^
    (see http://t.uber.com/nullaway )
/Users/nima/Developer/NullAwayFixer/Projects/libgdx/gdx/src/com/badlogic/gdx/graphics/g2d/ParticleEmitter.java:101: error: [NullAway] (INDEX= 941) (Covered) initializer method does not guarantee @NonNull fields xSizeValues (line 61), ySizeValues (line 62), motionValues (line 63), particles (line 68), name (line 71), active (line 74), bounds (line 79) are initialized along all control-flow paths (remember to check for exceptions or early returns).
	public ParticleEmitter (BufferedReader reader) throws IOException {
	       ^
    (see http://t.uber.com/nullaway )
/Users/nima/Developer/NullAwayFixer/Projects/libgdx/gdx/src/com/badlogic/gdx/graphics/g2d/ParticleEmitter.java:106: error: [NullAway] (INDEX= 942) (Covered) initializer method does not guarantee @NonNull fields xSizeValues (line 61), ySizeValues (line 62), motionValues (line 63), particles (line 68), active (line 74), bounds (line 79) are initialized along all control-flow paths (remember to check for exceptions or early returns).
	public ParticleEmitter (ParticleEmitter emitter) {
	       ^
    (see http://t.uber.com/nullaway )
/Users/nima/Developer/NullAwayFixer/Projects/libgdx/gdx/src/com/badlogic/gdx/graphics/g2d/ParticleEmitter.java:411: error: [NullAway] (INDEX= 943) (Covered) passing @Nullable parameter 'sprite' where @NonNull is required
			particles[index] = particle = newParticle(sprite);
			                                          ^
    (see http://t.uber.com/nullaway )
/Users/nima/Developer/NullAwayFixer/Projects/libgdx/gdx/src/com/badlogic/gdx/graphics/g2d/ParticleEmitter.java:414: error: [NullAway] (INDEX= 944) (Covered) passing @Nullable parameter 'sprite' where @NonNull is required
			particle.set(sprite);
			             ^
    (see http://t.uber.com/nullaway )
/Users/nima/Developer/NullAwayFixer/Projects/libgdx/gdx/src/com/badlogic/gdx/graphics/g2d/ParticleEmitter.java:443: error: [NullAway] (INDEX= 945) dereferenced expression sprite is @Nullable
		float spriteWidth = sprite.getWidth();
		                          ^
    (see http://t.uber.com/nullaway )
/Users/nima/Developer/NullAwayFixer/Projects/libgdx/gdx/src/com/badlogic/gdx/graphics/g2d/ParticleEmitter.java:697: error: [NullAway] (INDEX= 946) (Covered) passing @Nullable parameter 'sprite' where @NonNull is required
			particle.setRegion(sprite);
			                   ^
    (see http://t.uber.com/nullaway )
/Users/nima/Developer/NullAwayFixer/Projects/libgdx/gdx/src/com/badlogic/gdx/graphics/g2d/ParticleEmitter.java:698: error: [NullAway] (INDEX= 947) dereferenced expression sprite is @Nullable
			particle.setOrigin(sprite.getOriginX(), sprite.getOriginY());
			                         ^
    (see http://t.uber.com/nullaway )
/Users/nima/Developer/NullAwayFixer/Projects/libgdx/gdx/src/com/badlogic/gdx/graphics/g2d/ParticleEmitter.java:1237: error: [NullAway] (INDEX= 948) (Covered) initializer method does not guarantee @NonNull field tint (line 1234) is initialized along all control-flow paths (remember to check for exceptions or early returns).
		public Particle (Sprite sprite) {
		       ^
    (see http://t.uber.com/nullaway )
/Users/nima/Developer/NullAwayFixer/Projects/libgdx/gdx/src/com/badlogic/gdx/graphics/g2d/CpuSpriteBatch.java:51: error: [NullAway] (INDEX= 949) (Covered) passing @Nullable parameter 'null' where @NonNull is required
		this(size, null);
		           ^
    (see http://t.uber.com/nullaway )
/Users/nima/Developer/NullAwayFixer/Projects/libgdx/gdx/src/com/badlogic/gdx/graphics/g2d/PolygonRegionLoader.java:105: error: [NullAway] (INDEX= 950) (Covered) returning @Nullable expression from method with @NonNull return type
		return null;
		^
    (see http://t.uber.com/nullaway )
/Users/nima/Developer/NullAwayFixer/Projects/libgdx/gdx/src/com/badlogic/gdx/graphics/g2d/Animation.java:58: error: [NullAway] (INDEX= 951) (Covered) initializer method does not guarantee @NonNull field keyFrames (line 45) is initialized along all control-flow paths (remember to check for exceptions or early returns).
	public Animation (float frameDuration, Array<? extends T> keyFrames) {
	       ^
    (see http://t.uber.com/nullaway )
/Users/nima/Developer/NullAwayFixer/Projects/libgdx/gdx/src/com/badlogic/gdx/graphics/g2d/Animation.java:82: error: [NullAway] (INDEX= 952) (Covered) initializer method does not guarantee @NonNull field keyFrames (line 45) is initialized along all control-flow paths (remember to check for exceptions or early returns).
	public Animation (float frameDuration, T... keyFrames) {
	       ^
    (see http://t.uber.com/nullaway )
/Users/nima/Developer/NullAwayFixer/Projects/libgdx/gdx/src/com/badlogic/gdx/graphics/g2d/RepeatablePolygonSprite.java:34: error: [NullAway] (INDEX= 953) (Covered) @NonNull field region not initialized
    private TextureRegion region;
                          ^
    (see http://t.uber.com/nullaway )
/Users/nima/Developer/NullAwayFixer/Projects/libgdx/gdx/src/com/badlogic/gdx/graphics/g2d/RepeatablePolygonSprite.java:114: error: [NullAway] (INDEX= 954) (Covered) passing @Nullable parameter 'null' where @NonNull is required
                    parts.add(null);
                              ^
    (see http://t.uber.com/nullaway )
/Users/nima/Developer/NullAwayFixer/Projects/libgdx/gdx/src/com/badlogic/gdx/graphics/g2d/PolygonSpriteBatch.java:124: error: [NullAway] (INDEX= 955) (Covered) initializer method does not guarantee @NonNull fields lastTexture (line 64), customShader (line 79) are initialized along all control-flow paths (remember to check for exceptions or early returns).
	public PolygonSpriteBatch (int maxVertices, int maxTriangles, ShaderProgram defaultShader) {
	       ^
    (see http://t.uber.com/nullaway )
/Users/nima/Developer/NullAwayFixer/Projects/libgdx/gdx/src/com/badlogic/gdx/graphics/g2d/PolygonSpriteBatch.java:97: error: [NullAway] (INDEX= 956) (Covered) passing @Nullable parameter 'null' where @NonNull is required
		this(2000, null);
		           ^
    (see http://t.uber.com/nullaway )
/Users/nima/Developer/NullAwayFixer/Projects/libgdx/gdx/src/com/badlogic/gdx/graphics/g2d/PolygonSpriteBatch.java:104: error: [NullAway] (INDEX= 957) (Covered) passing @Nullable parameter 'null' where @NonNull is required
		this(size, size * 2, null);
		                     ^
    (see http://t.uber.com/nullaway )
/Users/nima/Developer/NullAwayFixer/Projects/libgdx/gdx/src/com/badlogic/gdx/graphics/g2d/PolygonSpriteBatch.java:169: error: [NullAway] (INDEX= 958) (Covered) assigning @Nullable expression to @NonNull field
		lastTexture = null;
		            ^
    (see http://t.uber.com/nullaway )
/Users/nima/Developer/NullAwayFixer/Projects/libgdx/gdx/src/com/badlogic/gdx/graphics/g2d/PixmapPackerIO.java:98: error: [NullAway] (INDEX= 959) dereferenced expression rect is @Nullable
					writer.write("  xy: " + (int) rect.x + "," + (int) rect.y + "\n");
					                                  ^
    (see http://t.uber.com/nullaway )
/Users/nima/Developer/NullAwayFixer/Projects/libgdx/gdx/src/com/badlogic/gdx/graphics/g2d/PolygonSprite.java:38: error: [NullAway] (INDEX= 960) (Covered) initializer method does not guarantee @NonNull fields region (line 27), vertices (line 33) are initialized along all control-flow paths (remember to check for exceptions or early returns).
	public PolygonSprite (PolygonRegion region) {
	       ^
    (see http://t.uber.com/nullaway )
/Users/nima/Developer/NullAwayFixer/Projects/libgdx/gdx/src/com/badlogic/gdx/graphics/g2d/PolygonSprite.java:45: error: [NullAway] (INDEX= 961) (Covered) initializer method does not guarantee @NonNull fields region (line 27), vertices (line 33) are initialized along all control-flow paths (remember to check for exceptions or early returns).
	public PolygonSprite (PolygonSprite sprite) {
	       ^
    (see http://t.uber.com/nullaway )
/Users/nima/Developer/NullAwayFixer/Projects/libgdx/gdx/src/com/badlogic/gdx/graphics/TextureArray.java:82: error: [NullAway] (INDEX= 962) (Covered) passing @Nullable parameter 'null' where @NonNull is required
		Gdx.gl30.glTexImage3D(GL30.GL_TEXTURE_2D_ARRAY, 0, data.getInternalFormat(), data.getWidth(), data.getHeight(), data.getDepth(), 0, data.getInternalFormat(), data.getGLType(), null);
		                                                                                                                                                                                ^
    (see http://t.uber.com/nullaway )
/Users/nima/Developer/NullAwayFixer/Projects/libgdx/gdx/src/com/badlogic/gdx/graphics/TextureArray.java:148: error: [NullAway] (INDEX= 963) dereferenced expression managedTextureArrays.get(app) is @Nullable
			builder.append(managedTextureArrays.get(app).size);
			                                            ^
    (see http://t.uber.com/nullaway )
/Users/nima/Developer/NullAwayFixer/Projects/libgdx/gdx/src/com/badlogic/gdx/graphics/TextureArray.java:157: error: [NullAway] (INDEX= 964) dereferenced expression managedTextureArrays.get(Gdx.app) is @Nullable
		return managedTextureArrays.get(Gdx.app).size;
		                                        ^
    (see http://t.uber.com/nullaway )
/Users/nima/Developer/NullAwayFixer/Projects/libgdx/gdx/src/com/badlogic/gdx/graphics/g3d/Attributes.java:48: error: [NullAway] (INDEX= 965) (Covered) returning @Nullable expression from method with @NonNull return type
		return null;
		^
    (see http://t.uber.com/nullaway )
/Users/nima/Developer/NullAwayFixer/Projects/libgdx/gdx/src/com/badlogic/gdx/graphics/g3d/Attribute.java:41: error: [NullAway] (INDEX= 966) (Covered) returning @Nullable expression from method with @NonNull return type
		return (idx >= 0 && idx < types.size) ? types.get(idx) : null;
		^
    (see http://t.uber.com/nullaway )
/Users/nima/Developer/NullAwayFixer/Projects/libgdx/gdx/src/com/badlogic/gdx/graphics/g3d/Environment.java:35: error: [NullAway] (INDEX= 967) (Covered) initializer method does not guarantee @NonNull field shadowMap (line 33) is initialized along all control-flow paths (remember to check for exceptions or early returns).
	public Environment () {
	       ^
    (see http://t.uber.com/nullaway )
/Users/nima/Developer/NullAwayFixer/Projects/libgdx/gdx/src/com/badlogic/gdx/graphics/g3d/utils/TextureDescriptor.java:31: error: [NullAway] (INDEX= 968) (Covered) initializer method does not guarantee @NonNull fields minFilter (line 24), magFilter (line 25), uWrap (line 26), vWrap (line 27) are initialized along all control-flow paths (remember to check for exceptions or early returns).
	public TextureDescriptor (final T texture, final Texture.TextureFilter minFilter, final Texture.TextureFilter magFilter,
	       ^
    (see http://t.uber.com/nullaway )
/Users/nima/Developer/NullAwayFixer/Projects/libgdx/gdx/src/com/badlogic/gdx/graphics/g3d/utils/TextureDescriptor.java:40: error: [NullAway] (INDEX= 969) (Covered) initializer method does not guarantee @NonNull fields minFilter (line 24), magFilter (line 25), uWrap (line 26), vWrap (line 27) are initialized along all control-flow paths (remember to check for exceptions or early returns).
	public TextureDescriptor () {
	       ^
    (see http://t.uber.com/nullaway )
/Users/nima/Developer/NullAwayFixer/Projects/libgdx/gdx/src/com/badlogic/gdx/graphics/g3d/utils/TextureDescriptor.java:23: error: [NullAway] (INDEX= 970) (Covered) assigning @Nullable expression to @NonNull field
	public T texture = null;
	         ^
    (see http://t.uber.com/nullaway )
/Users/nima/Developer/NullAwayFixer/Projects/libgdx/gdx/src/com/badlogic/gdx/graphics/g3d/utils/TextureDescriptor.java:37: error: [NullAway] (INDEX= 971) (Covered) passing @Nullable parameter 'null' where @NonNull is required
		this(texture, null, null, null, null);
		              ^
    (see http://t.uber.com/nullaway )
/Users/nima/Developer/NullAwayFixer/Projects/libgdx/gdx/src/com/badlogic/gdx/graphics/g3d/utils/TextureDescriptor.java:37: error: [NullAway] (INDEX= 972) (Covered) passing @Nullable parameter 'null' where @NonNull is required
		this(texture, null, null, null, null);
		                    ^
    (see http://t.uber.com/nullaway )
/Users/nima/Developer/NullAwayFixer/Projects/libgdx/gdx/src/com/badlogic/gdx/graphics/g3d/utils/TextureDescriptor.java:37: error: [NullAway] (INDEX= 973) (Covered) passing @Nullable parameter 'null' where @NonNull is required
		this(texture, null, null, null, null);
		                          ^
    (see http://t.uber.com/nullaway )
/Users/nima/Developer/NullAwayFixer/Projects/libgdx/gdx/src/com/badlogic/gdx/graphics/g3d/utils/TextureDescriptor.java:37: error: [NullAway] (INDEX= 974) (Covered) passing @Nullable parameter 'null' where @NonNull is required
		this(texture, null, null, null, null);
		                                ^
    (see http://t.uber.com/nullaway )
/Users/nima/Developer/NullAwayFixer/Projects/libgdx/gdx/src/com/badlogic/gdx/graphics/g3d/Renderable.java:73: error: [NullAway] (INDEX= 975) (Covered) @NonNull field material not initialized
	public Material material;
	                ^
    (see http://t.uber.com/nullaway )
/Users/nima/Developer/NullAwayFixer/Projects/libgdx/gdx/src/com/badlogic/gdx/graphics/g3d/Renderable.java:77: error: [NullAway] (INDEX= 976) (Covered) @NonNull field environment not initialized
	public Environment environment;
	                   ^
    (see http://t.uber.com/nullaway )
/Users/nima/Developer/NullAwayFixer/Projects/libgdx/gdx/src/com/badlogic/gdx/graphics/g3d/Renderable.java:83: error: [NullAway] (INDEX= 977) (Covered) @NonNull field bones not initialized
	public Matrix4 bones[];
	               ^
    (see http://t.uber.com/nullaway )
/Users/nima/Developer/NullAwayFixer/Projects/libgdx/gdx/src/com/badlogic/gdx/graphics/g3d/Renderable.java:86: error: [NullAway] (INDEX= 978) (Covered) @NonNull field shader not initialized
	public Shader shader;
	              ^
    (see http://t.uber.com/nullaway )
/Users/nima/Developer/NullAwayFixer/Projects/libgdx/gdx/src/com/badlogic/gdx/graphics/g3d/Renderable.java:88: error: [NullAway] (INDEX= 979) (Covered) @NonNull field userData not initialized
	public Object userData;
	              ^
    (see http://t.uber.com/nullaway )
/Users/nima/Developer/NullAwayFixer/Projects/libgdx/gdx/src/com/badlogic/gdx/graphics/g3d/model/MeshPart.java:71: error: [NullAway] (INDEX= 980) (Covered) initializer method does not guarantee @NonNull fields id (line 46), mesh (line 57) are initialized along all control-flow paths (remember to check for exceptions or early returns).
	public MeshPart () {
	       ^
    (see http://t.uber.com/nullaway )
/Users/nima/Developer/NullAwayFixer/Projects/libgdx/gdx/src/com/badlogic/gdx/graphics/g3d/model/MeshPart.java:80: error: [NullAway] (INDEX= 981) (Covered) initializer method does not guarantee @NonNull fields id (line 46), mesh (line 57) are initialized along all control-flow paths (remember to check for exceptions or early returns).
	public MeshPart (final String id, final Mesh mesh, final int offset, final int size, final int type) {
	       ^
    (see http://t.uber.com/nullaway )
/Users/nima/Developer/NullAwayFixer/Projects/libgdx/gdx/src/com/badlogic/gdx/graphics/g3d/model/MeshPart.java:86: error: [NullAway] (INDEX= 982) (Covered) initializer method does not guarantee @NonNull fields id (line 46), mesh (line 57) are initialized along all control-flow paths (remember to check for exceptions or early returns).
	public MeshPart (final MeshPart copyFrom) {
	       ^
    (see http://t.uber.com/nullaway )
/Users/nima/Developer/NullAwayFixer/Projects/libgdx/gdx/src/com/badlogic/gdx/graphics/g3d/ModelInstance.java:127: error: [NullAway] (INDEX= 983) (Covered) initializer method does not guarantee @NonNull field userData (line 57) is initialized along all control-flow paths (remember to check for exceptions or early returns).
	public ModelInstance (final Model model, final Matrix4 transform, final String nodeId, boolean recursive,
	       ^
    (see http://t.uber.com/nullaway )
/Users/nima/Developer/NullAwayFixer/Projects/libgdx/gdx/src/com/badlogic/gdx/graphics/g3d/ModelInstance.java:150: error: [NullAway] (INDEX= 984) (Covered) initializer method does not guarantee @NonNull field userData (line 57) is initialized along all control-flow paths (remember to check for exceptions or early returns).
	public ModelInstance (final Model model, final Matrix4 transform, final String... rootNodeIds) {
	       ^
    (see http://t.uber.com/nullaway )
/Users/nima/Developer/NullAwayFixer/Projects/libgdx/gdx/src/com/badlogic/gdx/graphics/g3d/ModelInstance.java:172: error: [NullAway] (INDEX= 985) (Covered) initializer method does not guarantee @NonNull field userData (line 57) is initialized along all control-flow paths (remember to check for exceptions or early returns).
	public ModelInstance (final Model model, final Matrix4 transform, final Array<String> rootNodeIds, boolean shareKeyframes) {
	       ^
    (see http://t.uber.com/nullaway )
/Users/nima/Developer/NullAwayFixer/Projects/libgdx/gdx/src/com/badlogic/gdx/graphics/g3d/ModelInstance.java:208: error: [NullAway] (INDEX= 986) (Covered) initializer method does not guarantee @NonNull field userData (line 57) is initialized along all control-flow paths (remember to check for exceptions or early returns).
	public ModelInstance (ModelInstance copyFrom, final Matrix4 transform, boolean shareKeyframes) {
	       ^
    (see http://t.uber.com/nullaway )
/Users/nima/Developer/NullAwayFixer/Projects/libgdx/gdx/src/com/badlogic/gdx/graphics/g3d/ModelInstance.java:62: error: [NullAway] (INDEX= 987) (Covered) passing @Nullable parameter '(String[])null' where @NonNull is required
		this(model, (String[])null);
		            ^
    (see http://t.uber.com/nullaway )
/Users/nima/Developer/NullAwayFixer/Projects/libgdx/gdx/src/com/badlogic/gdx/graphics/g3d/ModelInstance.java:69: error: [NullAway] (INDEX= 988) (Covered) passing @Nullable parameter 'null' where @NonNull is required
		this(model, null, nodeId, false, false, mergeTransform);
		            ^
    (see http://t.uber.com/nullaway )
/Users/nima/Developer/NullAwayFixer/Projects/libgdx/gdx/src/com/badlogic/gdx/graphics/g3d/ModelInstance.java:86: error: [NullAway] (INDEX= 989) (Covered) passing @Nullable parameter 'null' where @NonNull is required
		this(model, null, nodeId, true, parentTransform, mergeTransform);
		            ^
    (see http://t.uber.com/nullaway )
/Users/nima/Developer/NullAwayFixer/Projects/libgdx/gdx/src/com/badlogic/gdx/graphics/g3d/ModelInstance.java:107: error: [NullAway] (INDEX= 990) (Covered) passing @Nullable parameter 'null' where @NonNull is required
		this(model, null, nodeId, recursive, parentTransform, mergeTransform);
		            ^
    (see http://t.uber.com/nullaway )
/Users/nima/Developer/NullAwayFixer/Projects/libgdx/gdx/src/com/badlogic/gdx/graphics/g3d/ModelInstance.java:146: error: [NullAway] (INDEX= 991) (Covered) passing @Nullable parameter 'null' where @NonNull is required
		this(model, null, rootNodeIds);
		            ^
    (see http://t.uber.com/nullaway )
/Users/nima/Developer/NullAwayFixer/Projects/libgdx/gdx/src/com/badlogic/gdx/graphics/g3d/ModelInstance.java:163: error: [NullAway] (INDEX= 992) (Covered) passing @Nullable parameter 'null' where @NonNull is required
		this(model, null, rootNodeIds);
		            ^
    (see http://t.uber.com/nullaway )
/Users/nima/Developer/NullAwayFixer/Projects/libgdx/gdx/src/com/badlogic/gdx/graphics/g3d/ModelInstance.java:194: error: [NullAway] (INDEX= 993) (Covered) passing @Nullable parameter '(String[])null' where @NonNull is required
		this(model, transform, (String[])null);
		                       ^
    (see http://t.uber.com/nullaway )
/Users/nima/Developer/NullAwayFixer/Projects/libgdx/gdx/src/com/badlogic/gdx/graphics/g3d/ModelInstance.java:449: error: [NullAway] (INDEX= 994) (Covered) returning @Nullable expression from method with @NonNull return type
		return null;
		^
    (see http://t.uber.com/nullaway )
/Users/nima/Developer/NullAwayFixer/Projects/libgdx/gdx/src/com/badlogic/gdx/graphics/g3d/ModelInstance.java:471: error: [NullAway] (INDEX= 995) (Covered) returning @Nullable expression from method with @NonNull return type
		return null;
		^
    (see http://t.uber.com/nullaway )
/Users/nima/Developer/NullAwayFixer/Projects/libgdx/gdx/src/com/badlogic/gdx/graphics/g3d/model/Node.java:33: error: [NullAway] (INDEX= 996) (Covered) @NonNull field id not initialized
	public String id;
	              ^
    (see http://t.uber.com/nullaway )
/Users/nima/Developer/NullAwayFixer/Projects/libgdx/gdx/src/com/badlogic/gdx/graphics/g3d/model/Node.java:54: error: [NullAway] (INDEX= 997) (Covered) @NonNull field parent not initialized
	protected Node parent;
	               ^
    (see http://t.uber.com/nullaway )
/Users/nima/Developer/NullAwayFixer/Projects/libgdx/gdx/src/com/badlogic/gdx/graphics/g3d/model/Node.java:151: error: [NullAway] (INDEX= 998) (Covered) assigning @Nullable expression to @NonNull field
			parent = null;
			       ^
    (see http://t.uber.com/nullaway )
/Users/nima/Developer/NullAwayFixer/Projects/libgdx/gdx/src/com/badlogic/gdx/graphics/g3d/model/Node.java:236: error: [NullAway] (INDEX= 999) (Covered) assigning @Nullable expression to @NonNull field
		child.parent = null;
		             ^
    (see http://t.uber.com/nullaway )
/Users/nima/Developer/NullAwayFixer/Projects/libgdx/gdx/src/com/badlogic/gdx/graphics/g3d/model/Node.java:312: error: [NullAway] (INDEX= 1000) (Covered) returning @Nullable expression from method with @NonNull return type
		return null;
		^
    (see http://t.uber.com/nullaway )
/Users/nima/Developer/NullAwayFixer/Projects/libgdx/gdx/src/com/badlogic/gdx/graphics/g3d/model/Animation.java:29: error: [NullAway] (INDEX= 1001) (Covered) @NonNull field id not initialized
	public String id;
	              ^
    (see http://t.uber.com/nullaway )
/Users/nima/Developer/NullAwayFixer/Projects/libgdx/gdx/src/com/badlogic/gdx/graphics/g3d/Model.java:172: error: [NullAway] (INDEX= 1002) dereferenced expression e.value is @Nullable
			for (ObjectMap.Entry<String, Matrix4> b : e.value.entries())
			                                                 ^
    (see http://t.uber.com/nullaway )
/Users/nima/Developer/NullAwayFixer/Projects/libgdx/gdx/src/com/badlogic/gdx/graphics/g3d/Model.java:173: error: [NullAway] (INDEX= 1003) (Covered) passing @Nullable parameter 'b.value' where @NonNull is required
				e.key.invBoneBindTransforms.put(getNode(b.key), new Matrix4(b.value).inv());
				                                                             ^
    (see http://t.uber.com/nullaway )
/Users/nima/Developer/NullAwayFixer/Projects/libgdx/gdx/src/com/badlogic/gdx/graphics/g3d/Model.java:298: error: [NullAway] (INDEX= 1004) (Covered) passing @Nullable parameter 'texture' where @NonNull is required
				TextureDescriptor descriptor = new TextureDescriptor(texture);
				                                                     ^
    (see http://t.uber.com/nullaway )
/Users/nima/Developer/NullAwayFixer/Projects/libgdx/gdx/src/com/badlogic/gdx/graphics/g3d/Model.java:299: error: [NullAway] (INDEX= 1005) dereferenced expression texture is @Nullable
				descriptor.minFilter = texture.getMinFilter();
				                              ^
    (see http://t.uber.com/nullaway )
/Users/nima/Developer/NullAwayFixer/Projects/libgdx/gdx/src/com/badlogic/gdx/graphics/g3d/Model.java:412: error: [NullAway] (INDEX= 1006) (Covered) returning @Nullable expression from method with @NonNull return type
		return null;
		^
    (see http://t.uber.com/nullaway )
/Users/nima/Developer/NullAwayFixer/Projects/libgdx/gdx/src/com/badlogic/gdx/graphics/g3d/Model.java:434: error: [NullAway] (INDEX= 1007) (Covered) returning @Nullable expression from method with @NonNull return type
		return null;
		^
    (see http://t.uber.com/nullaway )
/Users/nima/Developer/NullAwayFixer/Projects/libgdx/gdx/src/com/badlogic/gdx/graphics/g3d/model/NodePart.java:45: error: [NullAway] (INDEX= 1008) (Covered) initializer method does not guarantee @NonNull fields meshPart (line 31), material (line 33), invBoneBindTransforms (line 36), bones (line 39) are initialized along all control-flow paths (remember to check for exceptions or early returns).
	public NodePart () {
	       ^
    (see http://t.uber.com/nullaway )
/Users/nima/Developer/NullAwayFixer/Projects/libgdx/gdx/src/com/badlogic/gdx/graphics/g3d/model/NodePart.java:51: error: [NullAway] (INDEX= 1009) (Covered) initializer method does not guarantee @NonNull fields invBoneBindTransforms (line 36), bones (line 39) are initialized along all control-flow paths (remember to check for exceptions or early returns).
	public NodePart (final MeshPart meshPart, final Material material) {
	       ^
    (see http://t.uber.com/nullaway )
/Users/nima/Developer/NullAwayFixer/Projects/libgdx/gdx/src/com/badlogic/gdx/graphics/g3d/model/NodePart.java:79: error: [NullAway] (INDEX= 1010) (Covered) assigning @Nullable expression to @NonNull field
			invBoneBindTransforms = null;
			                      ^
    (see http://t.uber.com/nullaway )
/Users/nima/Developer/NullAwayFixer/Projects/libgdx/gdx/src/com/badlogic/gdx/graphics/g3d/model/NodePart.java:80: error: [NullAway] (INDEX= 1011) (Covered) assigning @Nullable expression to @NonNull field
			bones = null;
			      ^
    (see http://t.uber.com/nullaway )
/Users/nima/Developer/NullAwayFixer/Projects/libgdx/gdx/src/com/badlogic/gdx/graphics/g3d/model/data/ModelData.java:28: error: [NullAway] (INDEX= 1012) (Covered) @NonNull field id not initialized
	public String id;
	              ^
    (see http://t.uber.com/nullaway )
/Users/nima/Developer/NullAwayFixer/Projects/libgdx/gdx/src/com/badlogic/gdx/graphics/g3d/model/data/ModelAnimation.java:22: error: [NullAway] (INDEX= 1013) (Covered) @NonNull field id not initialized
	public String id;
	              ^
    (see http://t.uber.com/nullaway )
/Users/nima/Developer/NullAwayFixer/Projects/libgdx/gdx/src/com/badlogic/gdx/graphics/g3d/model/data/ModelNode.java:23: error: [NullAway] (INDEX= 1014) (Covered) @NonNull field id not initialized
	public String id;
	              ^
    (see http://t.uber.com/nullaway )
/Users/nima/Developer/NullAwayFixer/Projects/libgdx/gdx/src/com/badlogic/gdx/graphics/g3d/model/data/ModelNode.java:24: error: [NullAway] (INDEX= 1015) (Covered) @NonNull field translation not initialized
	public Vector3 translation;
	               ^
    (see http://t.uber.com/nullaway )
/Users/nima/Developer/NullAwayFixer/Projects/libgdx/gdx/src/com/badlogic/gdx/graphics/g3d/model/data/ModelNode.java:25: error: [NullAway] (INDEX= 1016) (Covered) @NonNull field rotation not initialized
	public Quaternion rotation;
	                  ^
    (see http://t.uber.com/nullaway )
/Users/nima/Developer/NullAwayFixer/Projects/libgdx/gdx/src/com/badlogic/gdx/graphics/g3d/model/data/ModelNode.java:26: error: [NullAway] (INDEX= 1017) (Covered) @NonNull field scale not initialized
	public Vector3 scale;
	               ^
    (see http://t.uber.com/nullaway )
/Users/nima/Developer/NullAwayFixer/Projects/libgdx/gdx/src/com/badlogic/gdx/graphics/g3d/model/data/ModelNode.java:27: error: [NullAway] (INDEX= 1018) (Covered) @NonNull field meshId not initialized
	public String meshId;
	              ^
    (see http://t.uber.com/nullaway )
/Users/nima/Developer/NullAwayFixer/Projects/libgdx/gdx/src/com/badlogic/gdx/graphics/g3d/model/data/ModelNode.java:28: error: [NullAway] (INDEX= 1019) (Covered) @NonNull field parts not initialized
	public ModelNodePart[] parts;
	                       ^
    (see http://t.uber.com/nullaway )
/Users/nima/Developer/NullAwayFixer/Projects/libgdx/gdx/src/com/badlogic/gdx/graphics/g3d/model/data/ModelNode.java:29: error: [NullAway] (INDEX= 1020) (Covered) @NonNull field children not initialized
	public ModelNode[] children;
	                   ^
    (see http://t.uber.com/nullaway )
/Users/nima/Developer/NullAwayFixer/Projects/libgdx/gdx/src/com/badlogic/gdx/graphics/g3d/model/data/ModelMesh.java:22: error: [NullAway] (INDEX= 1021) (Covered) @NonNull field id not initialized
	public String id;
	              ^
    (see http://t.uber.com/nullaway )
/Users/nima/Developer/NullAwayFixer/Projects/libgdx/gdx/src/com/badlogic/gdx/graphics/g3d/model/data/ModelMesh.java:23: error: [NullAway] (INDEX= 1022) (Covered) @NonNull field attributes not initialized
	public VertexAttribute[] attributes;
	                         ^
    (see http://t.uber.com/nullaway )
/Users/nima/Developer/NullAwayFixer/Projects/libgdx/gdx/src/com/badlogic/gdx/graphics/g3d/model/data/ModelMesh.java:24: error: [NullAway] (INDEX= 1023) (Covered) @NonNull field vertices not initialized
	public float[] vertices;
	               ^
    (see http://t.uber.com/nullaway )
/Users/nima/Developer/NullAwayFixer/Projects/libgdx/gdx/src/com/badlogic/gdx/graphics/g3d/model/data/ModelMesh.java:25: error: [NullAway] (INDEX= 1024) (Covered) @NonNull field parts not initialized
	public ModelMeshPart[] parts;
	                       ^
    (see http://t.uber.com/nullaway )
/Users/nima/Developer/NullAwayFixer/Projects/libgdx/gdx/src/com/badlogic/gdx/graphics/g3d/model/data/ModelMaterial.java:27: error: [NullAway] (INDEX= 1025) (Covered) @NonNull field id not initialized
	public String id;
	              ^
    (see http://t.uber.com/nullaway )
/Users/nima/Developer/NullAwayFixer/Projects/libgdx/gdx/src/com/badlogic/gdx/graphics/g3d/model/data/ModelMaterial.java:29: error: [NullAway] (INDEX= 1026) (Covered) @NonNull field type not initialized
	public MaterialType type;
	                    ^
    (see http://t.uber.com/nullaway )
/Users/nima/Developer/NullAwayFixer/Projects/libgdx/gdx/src/com/badlogic/gdx/graphics/g3d/model/data/ModelMaterial.java:31: error: [NullAway] (INDEX= 1027) (Covered) @NonNull field ambient not initialized
	public Color ambient;
	             ^
    (see http://t.uber.com/nullaway )
/Users/nima/Developer/NullAwayFixer/Projects/libgdx/gdx/src/com/badlogic/gdx/graphics/g3d/model/data/ModelMaterial.java:32: error: [NullAway] (INDEX= 1028) (Covered) @NonNull field diffuse not initialized
	public Color diffuse;
	             ^
    (see http://t.uber.com/nullaway )
/Users/nima/Developer/NullAwayFixer/Projects/libgdx/gdx/src/com/badlogic/gdx/graphics/g3d/model/data/ModelMaterial.java:33: error: [NullAway] (INDEX= 1029) (Covered) @NonNull field specular not initialized
	public Color specular;
	             ^
    (see http://t.uber.com/nullaway )
/Users/nima/Developer/NullAwayFixer/Projects/libgdx/gdx/src/com/badlogic/gdx/graphics/g3d/model/data/ModelMaterial.java:34: error: [NullAway] (INDEX= 1030) (Covered) @NonNull field emissive not initialized
	public Color emissive;
	             ^
    (see http://t.uber.com/nullaway )
/Users/nima/Developer/NullAwayFixer/Projects/libgdx/gdx/src/com/badlogic/gdx/graphics/g3d/model/data/ModelMaterial.java:35: error: [NullAway] (INDEX= 1031) (Covered) @NonNull field reflection not initialized
	public Color reflection;
	             ^
    (see http://t.uber.com/nullaway )
/Users/nima/Developer/NullAwayFixer/Projects/libgdx/gdx/src/com/badlogic/gdx/graphics/g3d/model/data/ModelMaterial.java:40: error: [NullAway] (INDEX= 1032) (Covered) @NonNull field textures not initialized
	public Array<ModelTexture> textures;
	                           ^
    (see http://t.uber.com/nullaway )
/Users/nima/Developer/NullAwayFixer/Projects/libgdx/gdx/src/com/badlogic/gdx/graphics/g3d/model/data/ModelTexture.java:34: error: [NullAway] (INDEX= 1033) (Covered) @NonNull field id not initialized
	public String id;
	              ^
    (see http://t.uber.com/nullaway )
/Users/nima/Developer/NullAwayFixer/Projects/libgdx/gdx/src/com/badlogic/gdx/graphics/g3d/model/data/ModelTexture.java:35: error: [NullAway] (INDEX= 1034) (Covered) @NonNull field fileName not initialized
	public String fileName;
	              ^
    (see http://t.uber.com/nullaway )
/Users/nima/Developer/NullAwayFixer/Projects/libgdx/gdx/src/com/badlogic/gdx/graphics/g3d/model/data/ModelTexture.java:36: error: [NullAway] (INDEX= 1035) (Covered) @NonNull field uvTranslation not initialized
	public Vector2 uvTranslation;
	               ^
    (see http://t.uber.com/nullaway )
/Users/nima/Developer/NullAwayFixer/Projects/libgdx/gdx/src/com/badlogic/gdx/graphics/g3d/model/data/ModelTexture.java:37: error: [NullAway] (INDEX= 1036) (Covered) @NonNull field uvScaling not initialized
	public Vector2 uvScaling;
	               ^
    (see http://t.uber.com/nullaway )
/Users/nima/Developer/NullAwayFixer/Projects/libgdx/gdx/src/com/badlogic/gdx/graphics/g3d/model/data/ModelMeshPart.java:20: error: [NullAway] (INDEX= 1037) (Covered) @NonNull field id not initialized
	public String id;
	              ^
    (see http://t.uber.com/nullaway )
/Users/nima/Developer/NullAwayFixer/Projects/libgdx/gdx/src/com/badlogic/gdx/graphics/g3d/model/data/ModelMeshPart.java:21: error: [NullAway] (INDEX= 1038) (Covered) @NonNull field indices not initialized
	public short[] indices;
	               ^
    (see http://t.uber.com/nullaway )
/Users/nima/Developer/NullAwayFixer/Projects/libgdx/gdx/src/com/badlogic/gdx/graphics/g3d/model/data/ModelNodePart.java:25: error: [NullAway] (INDEX= 1039) (Covered) @NonNull field materialId not initialized
	public String materialId;
	              ^
    (see http://t.uber.com/nullaway )
/Users/nima/Developer/NullAwayFixer/Projects/libgdx/gdx/src/com/badlogic/gdx/graphics/g3d/model/data/ModelNodePart.java:26: error: [NullAway] (INDEX= 1040) (Covered) @NonNull field meshPartId not initialized
	public String meshPartId;
	              ^
    (see http://t.uber.com/nullaway )
/Users/nima/Developer/NullAwayFixer/Projects/libgdx/gdx/src/com/badlogic/gdx/graphics/g3d/model/data/ModelNodePart.java:27: error: [NullAway] (INDEX= 1041) (Covered) @NonNull field bones not initialized
	public ArrayMap<String, Matrix4> bones;
	                                 ^
    (see http://t.uber.com/nullaway )
/Users/nima/Developer/NullAwayFixer/Projects/libgdx/gdx/src/com/badlogic/gdx/graphics/g3d/model/data/ModelNodePart.java:28: error: [NullAway] (INDEX= 1042) (Covered) @NonNull field uvMapping not initialized
	public int uvMapping[][];
	           ^
    (see http://t.uber.com/nullaway )
/Users/nima/Developer/NullAwayFixer/Projects/libgdx/gdx/src/com/badlogic/gdx/graphics/g3d/model/data/ModelNodeAnimation.java:25: error: [NullAway] (INDEX= 1043) (Covered) @NonNull field nodeId not initialized
	public String nodeId;
	              ^
    (see http://t.uber.com/nullaway )
/Users/nima/Developer/NullAwayFixer/Projects/libgdx/gdx/src/com/badlogic/gdx/graphics/g3d/model/data/ModelNodeAnimation.java:27: error: [NullAway] (INDEX= 1044) (Covered) @NonNull field translation not initialized
	public Array<ModelNodeKeyframe<Vector3>> translation;
	                                         ^
    (see http://t.uber.com/nullaway )
/Users/nima/Developer/NullAwayFixer/Projects/libgdx/gdx/src/com/badlogic/gdx/graphics/g3d/model/data/ModelNodeAnimation.java:29: error: [NullAway] (INDEX= 1045) (Covered) @NonNull field rotation not initialized
	public Array<ModelNodeKeyframe<Quaternion>> rotation;
	                                            ^
    (see http://t.uber.com/nullaway )
/Users/nima/Developer/NullAwayFixer/Projects/libgdx/gdx/src/com/badlogic/gdx/graphics/g3d/model/data/ModelNodeAnimation.java:31: error: [NullAway] (INDEX= 1046) (Covered) @NonNull field scaling not initialized
	public Array<ModelNodeKeyframe<Vector3>> scaling;
	                                         ^
    (see http://t.uber.com/nullaway )
/Users/nima/Developer/NullAwayFixer/Projects/libgdx/gdx/src/com/badlogic/gdx/graphics/g3d/model/data/ModelNodeKeyframe.java:23: error: [NullAway] (INDEX= 1047) (Covered) assigning @Nullable expression to @NonNull field
	public T value = null;
	         ^
    (see http://t.uber.com/nullaway )
/Users/nima/Developer/NullAwayFixer/Projects/libgdx/gdx/src/com/badlogic/gdx/graphics/g3d/model/NodeAnimation.java:29: error: [NullAway] (INDEX= 1048) (Covered) @NonNull field node not initialized
	public Node node;
	            ^
    (see http://t.uber.com/nullaway )
/Users/nima/Developer/NullAwayFixer/Projects/libgdx/gdx/src/com/badlogic/gdx/graphics/g3d/model/NodeAnimation.java:31: error: [NullAway] (INDEX= 1049) (Covered) assigning @Nullable expression to @NonNull field
	public Array<NodeKeyframe<Vector3>> translation = null;
	                                    ^
    (see http://t.uber.com/nullaway )
/Users/nima/Developer/NullAwayFixer/Projects/libgdx/gdx/src/com/badlogic/gdx/graphics/g3d/model/NodeAnimation.java:33: error: [NullAway] (INDEX= 1050) (Covered) assigning @Nullable expression to @NonNull field
	public Array<NodeKeyframe<Quaternion>> rotation = null;
	                                       ^
    (see http://t.uber.com/nullaway )
/Users/nima/Developer/NullAwayFixer/Projects/libgdx/gdx/src/com/badlogic/gdx/graphics/g3d/model/NodeAnimation.java:35: error: [NullAway] (INDEX= 1051) (Covered) assigning @Nullable expression to @NonNull field
	public Array<NodeKeyframe<Vector3>> scaling = null;
	                                    ^
    (see http://t.uber.com/nullaway )
/Users/nima/Developer/NullAwayFixer/Projects/libgdx/gdx/src/com/badlogic/gdx/graphics/g3d/utils/AnimationController.java:136: error: [NullAway] (INDEX= 1052) (Covered) initializer method does not guarantee @NonNull fields current (line 114), queued (line 116), previous (line 120) are initialized along all control-flow paths (remember to check for exceptions or early returns).
	public AnimationController (final ModelInstance target) {
	       ^
    (see http://t.uber.com/nullaway )
/Users/nima/Developer/NullAwayFixer/Projects/libgdx/gdx/src/com/badlogic/gdx/graphics/g3d/utils/AnimationController.java:71: error: [NullAway] (INDEX= 1053) (Covered) initializer method does not guarantee @NonNull fields listener (line 57), animation (line 59) are initialized along all control-flow paths (remember to check for exceptions or early returns).
		protected AnimationDesc () {
		          ^
    (see http://t.uber.com/nullaway )
/Users/nima/Developer/NullAwayFixer/Projects/libgdx/gdx/src/com/badlogic/gdx/graphics/g3d/utils/AnimationController.java:142: error: [NullAway] (INDEX= 1054) (Covered) returning @Nullable expression from method with @NonNull return type
		if (anim == null) return null;
		                  ^
    (see http://t.uber.com/nullaway )
/Users/nima/Developer/NullAwayFixer/Projects/libgdx/gdx/src/com/badlogic/gdx/graphics/g3d/utils/AnimationController.java:156: error: [NullAway] (INDEX= 1055) (Covered) returning @Nullable expression from method with @NonNull return type
		if (id == null) return null;
		                ^
    (see http://t.uber.com/nullaway )
/Users/nima/Developer/NullAwayFixer/Projects/libgdx/gdx/src/com/badlogic/gdx/graphics/g3d/utils/AnimationController.java:174: error: [NullAway] (INDEX= 1056) (Covered) assigning @Nullable expression to @NonNull field
			previous = null;
			         ^
    (see http://t.uber.com/nullaway )
/Users/nima/Developer/NullAwayFixer/Projects/libgdx/gdx/src/com/badlogic/gdx/graphics/g3d/utils/AnimationController.java:185: error: [NullAway] (INDEX= 1057) (Covered) assigning @Nullable expression to @NonNull field
			queued = null;			
			       ^
    (see http://t.uber.com/nullaway )
/Users/nima/Developer/NullAwayFixer/Projects/libgdx/gdx/src/com/badlogic/gdx/graphics/g3d/utils/AnimationController.java:201: error: [NullAway] (INDEX= 1058) (Covered) passing @Nullable parameter 'null' where @NonNull is required
		return setAnimation(id, 1, 1.0f, null);
		                                 ^
    (see http://t.uber.com/nullaway )
/Users/nima/Developer/NullAwayFixer/Projects/libgdx/gdx/src/com/badlogic/gdx/graphics/g3d/utils/AnimationController.java:211: error: [NullAway] (INDEX= 1059) (Covered) passing @Nullable parameter 'null' where @NonNull is required
		return setAnimation(id, loopCount, 1.0f, null);
		                                         ^
    (see http://t.uber.com/nullaway )
/Users/nima/Developer/NullAwayFixer/Projects/libgdx/gdx/src/com/badlogic/gdx/graphics/g3d/utils/AnimationController.java:293: error: [NullAway] (INDEX= 1060) (Covered) passing @Nullable parameter 'null' where @NonNull is required
		return animate(id, 1, 1.0f, null, transitionTime);
		                            ^
    (see http://t.uber.com/nullaway )
/Users/nima/Developer/NullAwayFixer/Projects/libgdx/gdx/src/com/badlogic/gdx/graphics/g3d/utils/BaseAnimationController.java:127: error: [NullAway] (INDEX= 1061) dereferenced expression entry.value is @Nullable
			entry.value.toMatrix4(entry.key.localTransform);
			           ^
    (see http://t.uber.com/nullaway )
/Users/nima/Developer/NullAwayFixer/Projects/libgdx/gdx/src/com/badlogic/gdx/graphics/g3d/utils/BaseAnimationController.java:138: error: [NullAway] (INDEX= 1062) (Covered) passing @Nullable parameter 'null' where @NonNull is required
		applyAnimation(null, null, 1.f, animation, time);
		               ^
    (see http://t.uber.com/nullaway )
/Users/nima/Developer/NullAwayFixer/Projects/libgdx/gdx/src/com/badlogic/gdx/graphics/g3d/utils/BaseAnimationController.java:138: error: [NullAway] (INDEX= 1063) (Covered) passing @Nullable parameter 'null' where @NonNull is required
		applyAnimation(null, null, 1.f, animation, time);
		                     ^
    (see http://t.uber.com/nullaway )
/Users/nima/Developer/NullAwayFixer/Projects/libgdx/gdx/src/com/badlogic/gdx/graphics/g3d/utils/BaseAnimationController.java:289: error: [NullAway] (INDEX= 1064) dereferenced expression e.value is @Nullable
					e.value.lerp(e.key.translation, e.key.rotation, e.key.scale, alpha);
					       ^
    (see http://t.uber.com/nullaway )
/Users/nima/Developer/NullAwayFixer/Projects/libgdx/gdx/src/com/badlogic/gdx/graphics/g3d/utils/MeshPartBuilder.java:227: error: [NullAway] (INDEX= 1065) (Covered) passing @Nullable parameter 'null' where @NonNull is required
			if (other == null) return set(null, null, null, null);
			                              ^
    (see http://t.uber.com/nullaway )
/Users/nima/Developer/NullAwayFixer/Projects/libgdx/gdx/src/com/badlogic/gdx/graphics/g3d/utils/MeshPartBuilder.java:227: error: [NullAway] (INDEX= 1066) (Covered) passing @Nullable parameter 'null' where @NonNull is required
			if (other == null) return set(null, null, null, null);
			                                    ^
    (see http://t.uber.com/nullaway )
/Users/nima/Developer/NullAwayFixer/Projects/libgdx/gdx/src/com/badlogic/gdx/graphics/g3d/utils/MeshPartBuilder.java:227: error: [NullAway] (INDEX= 1067) (Covered) passing @Nullable parameter 'null' where @NonNull is required
			if (other == null) return set(null, null, null, null);
			                                          ^
    (see http://t.uber.com/nullaway )
/Users/nima/Developer/NullAwayFixer/Projects/libgdx/gdx/src/com/badlogic/gdx/graphics/g3d/utils/MeshPartBuilder.java:227: error: [NullAway] (INDEX= 1068) (Covered) passing @Nullable parameter 'null' where @NonNull is required
			if (other == null) return set(null, null, null, null);
			                                                ^
    (see http://t.uber.com/nullaway )
/Users/nima/Developer/NullAwayFixer/Projects/libgdx/gdx/src/com/badlogic/gdx/graphics/g3d/utils/DefaultTextureBinder.java:61: error: [NullAway] (INDEX= 1069) (Covered) initializer method does not guarantee @NonNull field unitsLRU (line 42) is initialized along all control-flow paths (remember to check for exceptions or early returns).
	public DefaultTextureBinder (final int method, final int offset, int count) {
	       ^
    (see http://t.uber.com/nullaway )
/Users/nima/Developer/NullAwayFixer/Projects/libgdx/gdx/src/com/badlogic/gdx/graphics/g3d/utils/DefaultTextureBinder.java:70: error: [NullAway] (INDEX= 1070) (Covered) assigning @Nullable expression to @NonNull field
		this.unitsLRU = (method == LRU) ? new int[count] : null;
		              ^
    (see http://t.uber.com/nullaway )
/Users/nima/Developer/NullAwayFixer/Projects/libgdx/gdx/src/com/badlogic/gdx/graphics/g3d/utils/DefaultTextureBinder.java:106: error: [NullAway] (INDEX= 1071) (Covered) passing @Nullable parameter 'null' where @NonNull is required
		tempDesc.set(texture, null, null, null, null);
		                      ^
    (see http://t.uber.com/nullaway )
/Users/nima/Developer/NullAwayFixer/Projects/libgdx/gdx/src/com/badlogic/gdx/graphics/g3d/utils/DefaultTextureBinder.java:106: error: [NullAway] (INDEX= 1072) (Covered) passing @Nullable parameter 'null' where @NonNull is required
		tempDesc.set(texture, null, null, null, null);
		                            ^
    (see http://t.uber.com/nullaway )
/Users/nima/Developer/NullAwayFixer/Projects/libgdx/gdx/src/com/badlogic/gdx/graphics/g3d/utils/DefaultTextureBinder.java:106: error: [NullAway] (INDEX= 1073) (Covered) passing @Nullable parameter 'null' where @NonNull is required
		tempDesc.set(texture, null, null, null, null);
		                                  ^
    (see http://t.uber.com/nullaway )
/Users/nima/Developer/NullAwayFixer/Projects/libgdx/gdx/src/com/badlogic/gdx/graphics/g3d/utils/DefaultTextureBinder.java:106: error: [NullAway] (INDEX= 1074) (Covered) passing @Nullable parameter 'null' where @NonNull is required
		tempDesc.set(texture, null, null, null, null);
		                                        ^
    (see http://t.uber.com/nullaway )
/Users/nima/Developer/NullAwayFixer/Projects/libgdx/gdx/src/com/badlogic/gdx/graphics/g3d/utils/MeshBuilder.java:72: error: [NullAway] (INDEX= 1075) (Covered) @NonNull field attributes not initialized
	private VertexAttributes attributes;
	                         ^
    (see http://t.uber.com/nullaway )
/Users/nima/Developer/NullAwayFixer/Projects/libgdx/gdx/src/com/badlogic/gdx/graphics/g3d/utils/MeshBuilder.java:102: error: [NullAway] (INDEX= 1076) (Covered) @NonNull field part not initialized
	private MeshPart part;
	                 ^
    (see http://t.uber.com/nullaway )
/Users/nima/Developer/NullAwayFixer/Projects/libgdx/gdx/src/com/badlogic/gdx/graphics/g3d/utils/MeshBuilder.java:113: error: [NullAway] (INDEX= 1077) (Covered) @NonNull field vertex not initialized
	private float[] vertex;
	                ^
    (see http://t.uber.com/nullaway )
/Users/nima/Developer/NullAwayFixer/Projects/libgdx/gdx/src/com/badlogic/gdx/graphics/g3d/utils/MeshBuilder.java:169: error: [NullAway] (INDEX= 1078) (Covered) assigning @Nullable expression to @NonNull field
		this.part = null;
		          ^
    (see http://t.uber.com/nullaway )
/Users/nima/Developer/NullAwayFixer/Projects/libgdx/gdx/src/com/badlogic/gdx/graphics/g3d/utils/MeshBuilder.java:189: error: [NullAway] (INDEX= 1079) (Covered) passing @Nullable parameter 'null' where @NonNull is required
		setColor(null);
		         ^
    (see http://t.uber.com/nullaway )
/Users/nima/Developer/NullAwayFixer/Projects/libgdx/gdx/src/com/badlogic/gdx/graphics/g3d/utils/MeshBuilder.java:190: error: [NullAway] (INDEX= 1080) (Covered) passing @Nullable parameter 'null' where @NonNull is required
		setVertexTransform(null);
		                   ^
    (see http://t.uber.com/nullaway )
/Users/nima/Developer/NullAwayFixer/Projects/libgdx/gdx/src/com/badlogic/gdx/graphics/g3d/utils/MeshBuilder.java:191: error: [NullAway] (INDEX= 1081) (Covered) passing @Nullable parameter 'null' where @NonNull is required
		setUVRange(null);
		           ^
    (see http://t.uber.com/nullaway )
/Users/nima/Developer/NullAwayFixer/Projects/libgdx/gdx/src/com/badlogic/gdx/graphics/g3d/utils/MeshBuilder.java:205: error: [NullAway] (INDEX= 1082) (Covered) assigning @Nullable expression to @NonNull field
			part = null;
			     ^
    (see http://t.uber.com/nullaway )
/Users/nima/Developer/NullAwayFixer/Projects/libgdx/gdx/src/com/badlogic/gdx/graphics/g3d/utils/MeshBuilder.java:230: error: [NullAway] (INDEX= 1083) (Covered) passing @Nullable parameter 'null' where @NonNull is required
		setColor(null);
		         ^
    (see http://t.uber.com/nullaway )
/Users/nima/Developer/NullAwayFixer/Projects/libgdx/gdx/src/com/badlogic/gdx/graphics/g3d/utils/MeshBuilder.java:231: error: [NullAway] (INDEX= 1084) (Covered) passing @Nullable parameter 'null' where @NonNull is required
		setVertexTransform(null);
		                   ^
    (see http://t.uber.com/nullaway )
/Users/nima/Developer/NullAwayFixer/Projects/libgdx/gdx/src/com/badlogic/gdx/graphics/g3d/utils/MeshBuilder.java:232: error: [NullAway] (INDEX= 1085) (Covered) passing @Nullable parameter 'null' where @NonNull is required
		setUVRange(null);
		           ^
    (see http://t.uber.com/nullaway )
/Users/nima/Developer/NullAwayFixer/Projects/libgdx/gdx/src/com/badlogic/gdx/graphics/g3d/utils/MeshBuilder.java:258: error: [NullAway] (INDEX= 1086) (Covered) assigning @Nullable expression to @NonNull field
		attributes = null;
		           ^
    (see http://t.uber.com/nullaway )
/Users/nima/Developer/NullAwayFixer/Projects/libgdx/gdx/src/com/badlogic/gdx/graphics/g3d/utils/MeshBuilder.java:280: error: [NullAway] (INDEX= 1087) (Covered) assigning @Nullable expression to @NonNull field
		this.part = null;
		          ^
    (see http://t.uber.com/nullaway )
/Users/nima/Developer/NullAwayFixer/Projects/libgdx/gdx/src/com/badlogic/gdx/graphics/g3d/utils/MeshBuilder.java:592: error: [NullAway] (INDEX= 1088) (Covered) passing @Nullable parameter 'info.hasPosition ? info.position : null' where @NonNull is required
		return vertex(info.hasPosition ? info.position : null, info.hasNormal ? info.normal : null, info.hasColor ? info.color
		                               ^
    (see http://t.uber.com/nullaway )
/Users/nima/Developer/NullAwayFixer/Projects/libgdx/gdx/src/com/badlogic/gdx/graphics/g3d/utils/MeshBuilder.java:592: error: [NullAway] (INDEX= 1089) (Covered) passing @Nullable parameter 'info.hasNormal ? info.normal : null' where @NonNull is required
		return vertex(info.hasPosition ? info.position : null, info.hasNormal ? info.normal : null, info.hasColor ? info.color
		                                                                      ^
    (see http://t.uber.com/nullaway )
/Users/nima/Developer/NullAwayFixer/Projects/libgdx/gdx/src/com/badlogic/gdx/graphics/g3d/utils/MeshBuilder.java:592: error: [NullAway] (INDEX= 1090) (Covered) passing @Nullable parameter 'info.hasColor ? info.color
		return vertex(info.hasPosition ? info.position : null, info.hasNormal ? info.normal : null, info.hasColor ? info.color
		                                                                                                          ^
  			: null' where @NonNull is required
    (see http://t.uber.com/nullaway )
/Users/nima/Developer/NullAwayFixer/Projects/libgdx/gdx/src/com/badlogic/gdx/graphics/g3d/utils/MeshBuilder.java:593: error: [NullAway] (INDEX= 1091) (Covered) passing @Nullable parameter 'info.hasUV ? info.uv : null' where @NonNull is required
			: null, info.hasUV ? info.uv : null);
			                   ^
    (see http://t.uber.com/nullaway )
/Users/nima/Developer/NullAwayFixer/Projects/libgdx/gdx/src/com/badlogic/gdx/graphics/g3d/utils/MeshBuilder.java:664: error: [NullAway] (INDEX= 1092) (Covered) passing @Nullable parameter 'null' where @NonNull is required
		line(vertTmp1.set(p1, null, null, null), vertTmp2.set(p2, null, null, null));
		                      ^
    (see http://t.uber.com/nullaway )
/Users/nima/Developer/NullAwayFixer/Projects/libgdx/gdx/src/com/badlogic/gdx/graphics/g3d/utils/MeshBuilder.java:664: error: [NullAway] (INDEX= 1093) (Covered) passing @Nullable parameter 'null' where @NonNull is required
		line(vertTmp1.set(p1, null, null, null), vertTmp2.set(p2, null, null, null));
		                            ^
    (see http://t.uber.com/nullaway )
/Users/nima/Developer/NullAwayFixer/Projects/libgdx/gdx/src/com/badlogic/gdx/graphics/g3d/utils/MeshBuilder.java:664: error: [NullAway] (INDEX= 1094) (Covered) passing @Nullable parameter 'null' where @NonNull is required
		line(vertTmp1.set(p1, null, null, null), vertTmp2.set(p2, null, null, null));
		                                  ^
    (see http://t.uber.com/nullaway )
/Users/nima/Developer/NullAwayFixer/Projects/libgdx/gdx/src/com/badlogic/gdx/graphics/g3d/utils/MeshBuilder.java:664: error: [NullAway] (INDEX= 1095) (Covered) passing @Nullable parameter 'null' where @NonNull is required
		line(vertTmp1.set(p1, null, null, null), vertTmp2.set(p2, null, null, null));
		                                                          ^
    (see http://t.uber.com/nullaway )
/Users/nima/Developer/NullAwayFixer/Projects/libgdx/gdx/src/com/badlogic/gdx/graphics/g3d/utils/MeshBuilder.java:664: error: [NullAway] (INDEX= 1096) (Covered) passing @Nullable parameter 'null' where @NonNull is required
		line(vertTmp1.set(p1, null, null, null), vertTmp2.set(p2, null, null, null));
		                                                                ^
    (see http://t.uber.com/nullaway )
/Users/nima/Developer/NullAwayFixer/Projects/libgdx/gdx/src/com/badlogic/gdx/graphics/g3d/utils/MeshBuilder.java:664: error: [NullAway] (INDEX= 1097) (Covered) passing @Nullable parameter 'null' where @NonNull is required
		line(vertTmp1.set(p1, null, null, null), vertTmp2.set(p2, null, null, null));
		                                                                      ^
    (see http://t.uber.com/nullaway )
/Users/nima/Developer/NullAwayFixer/Projects/libgdx/gdx/src/com/badlogic/gdx/graphics/g3d/utils/MeshBuilder.java:669: error: [NullAway] (INDEX= 1098) (Covered) passing @Nullable parameter 'null' where @NonNull is required
		line(vertTmp1.set(null, null, null, null).setPos(x1, y1, z1), vertTmp2.set(null, null, null, null).setPos(x2, y2, z2));
		                  ^
    (see http://t.uber.com/nullaway )
/Users/nima/Developer/NullAwayFixer/Projects/libgdx/gdx/src/com/badlogic/gdx/graphics/g3d/utils/MeshBuilder.java:669: error: [NullAway] (INDEX= 1099) (Covered) passing @Nullable parameter 'null' where @NonNull is required
		line(vertTmp1.set(null, null, null, null).setPos(x1, y1, z1), vertTmp2.set(null, null, null, null).setPos(x2, y2, z2));
		                        ^
    (see http://t.uber.com/nullaway )
/Users/nima/Developer/NullAwayFixer/Projects/libgdx/gdx/src/com/badlogic/gdx/graphics/g3d/utils/MeshBuilder.java:669: error: [NullAway] (INDEX= 1100) (Covered) passing @Nullable parameter 'null' where @NonNull is required
		line(vertTmp1.set(null, null, null, null).setPos(x1, y1, z1), vertTmp2.set(null, null, null, null).setPos(x2, y2, z2));
		                              ^
    (see http://t.uber.com/nullaway )
/Users/nima/Developer/NullAwayFixer/Projects/libgdx/gdx/src/com/badlogic/gdx/graphics/g3d/utils/MeshBuilder.java:669: error: [NullAway] (INDEX= 1101) (Covered) passing @Nullable parameter 'null' where @NonNull is required
		line(vertTmp1.set(null, null, null, null).setPos(x1, y1, z1), vertTmp2.set(null, null, null, null).setPos(x2, y2, z2));
		                                    ^
    (see http://t.uber.com/nullaway )
/Users/nima/Developer/NullAwayFixer/Projects/libgdx/gdx/src/com/badlogic/gdx/graphics/g3d/utils/MeshBuilder.java:669: error: [NullAway] (INDEX= 1102) (Covered) passing @Nullable parameter 'null' where @NonNull is required
		line(vertTmp1.set(null, null, null, null).setPos(x1, y1, z1), vertTmp2.set(null, null, null, null).setPos(x2, y2, z2));
		                                                                           ^
    (see http://t.uber.com/nullaway )
/Users/nima/Developer/NullAwayFixer/Projects/libgdx/gdx/src/com/badlogic/gdx/graphics/g3d/utils/MeshBuilder.java:669: error: [NullAway] (INDEX= 1103) (Covered) passing @Nullable parameter 'null' where @NonNull is required
		line(vertTmp1.set(null, null, null, null).setPos(x1, y1, z1), vertTmp2.set(null, null, null, null).setPos(x2, y2, z2));
		                                                                                 ^
    (see http://t.uber.com/nullaway )
/Users/nima/Developer/NullAwayFixer/Projects/libgdx/gdx/src/com/badlogic/gdx/graphics/g3d/utils/MeshBuilder.java:669: error: [NullAway] (INDEX= 1104) (Covered) passing @Nullable parameter 'null' where @NonNull is required
		line(vertTmp1.set(null, null, null, null).setPos(x1, y1, z1), vertTmp2.set(null, null, null, null).setPos(x2, y2, z2));
		                                                                                       ^
    (see http://t.uber.com/nullaway )
/Users/nima/Developer/NullAwayFixer/Projects/libgdx/gdx/src/com/badlogic/gdx/graphics/g3d/utils/MeshBuilder.java:669: error: [NullAway] (INDEX= 1105) (Covered) passing @Nullable parameter 'null' where @NonNull is required
		line(vertTmp1.set(null, null, null, null).setPos(x1, y1, z1), vertTmp2.set(null, null, null, null).setPos(x2, y2, z2));
		                                                                                             ^
    (see http://t.uber.com/nullaway )
/Users/nima/Developer/NullAwayFixer/Projects/libgdx/gdx/src/com/badlogic/gdx/graphics/g3d/utils/MeshBuilder.java:674: error: [NullAway] (INDEX= 1106) (Covered) passing @Nullable parameter 'null' where @NonNull is required
		line(vertTmp1.set(p1, null, c1, null), vertTmp2.set(p2, null, c2, null));
		                      ^
    (see http://t.uber.com/nullaway )
/Users/nima/Developer/NullAwayFixer/Projects/libgdx/gdx/src/com/badlogic/gdx/graphics/g3d/utils/MeshBuilder.java:674: error: [NullAway] (INDEX= 1107) (Covered) passing @Nullable parameter 'null' where @NonNull is required
		line(vertTmp1.set(p1, null, c1, null), vertTmp2.set(p2, null, c2, null));
		                                ^
    (see http://t.uber.com/nullaway )
/Users/nima/Developer/NullAwayFixer/Projects/libgdx/gdx/src/com/badlogic/gdx/graphics/g3d/utils/MeshBuilder.java:674: error: [NullAway] (INDEX= 1108) (Covered) passing @Nullable parameter 'null' where @NonNull is required
		line(vertTmp1.set(p1, null, c1, null), vertTmp2.set(p2, null, c2, null));
		                                                        ^
    (see http://t.uber.com/nullaway )
/Users/nima/Developer/NullAwayFixer/Projects/libgdx/gdx/src/com/badlogic/gdx/graphics/g3d/utils/MeshBuilder.java:674: error: [NullAway] (INDEX= 1109) (Covered) passing @Nullable parameter 'null' where @NonNull is required
		line(vertTmp1.set(p1, null, c1, null), vertTmp2.set(p2, null, c2, null));
		                                                                  ^
    (see http://t.uber.com/nullaway )
/Users/nima/Developer/NullAwayFixer/Projects/libgdx/gdx/src/com/badlogic/gdx/graphics/g3d/utils/MeshBuilder.java:695: error: [NullAway] (INDEX= 1110) (Covered) passing @Nullable parameter 'null' where @NonNull is required
		triangle(vertTmp1.set(p1, null, null, null), vertTmp2.set(p2, null, null, null), vertTmp3.set(p3, null, null, null));
		                          ^
    (see http://t.uber.com/nullaway )
/Users/nima/Developer/NullAwayFixer/Projects/libgdx/gdx/src/com/badlogic/gdx/graphics/g3d/utils/MeshBuilder.java:695: error: [NullAway] (INDEX= 1111) (Covered) passing @Nullable parameter 'null' where @NonNull is required
		triangle(vertTmp1.set(p1, null, null, null), vertTmp2.set(p2, null, null, null), vertTmp3.set(p3, null, null, null));
		                                ^
    (see http://t.uber.com/nullaway )
/Users/nima/Developer/NullAwayFixer/Projects/libgdx/gdx/src/com/badlogic/gdx/graphics/g3d/utils/MeshBuilder.java:695: error: [NullAway] (INDEX= 1112) (Covered) passing @Nullable parameter 'null' where @NonNull is required
		triangle(vertTmp1.set(p1, null, null, null), vertTmp2.set(p2, null, null, null), vertTmp3.set(p3, null, null, null));
		                                      ^
    (see http://t.uber.com/nullaway )
/Users/nima/Developer/NullAwayFixer/Projects/libgdx/gdx/src/com/badlogic/gdx/graphics/g3d/utils/MeshBuilder.java:695: error: [NullAway] (INDEX= 1113) (Covered) passing @Nullable parameter 'null' where @NonNull is required
		triangle(vertTmp1.set(p1, null, null, null), vertTmp2.set(p2, null, null, null), vertTmp3.set(p3, null, null, null));
		                                                              ^
    (see http://t.uber.com/nullaway )
/Users/nima/Developer/NullAwayFixer/Projects/libgdx/gdx/src/com/badlogic/gdx/graphics/g3d/utils/MeshBuilder.java:695: error: [NullAway] (INDEX= 1114) (Covered) passing @Nullable parameter 'null' where @NonNull is required
		triangle(vertTmp1.set(p1, null, null, null), vertTmp2.set(p2, null, null, null), vertTmp3.set(p3, null, null, null));
		                                                                    ^
    (see http://t.uber.com/nullaway )
/Users/nima/Developer/NullAwayFixer/Projects/libgdx/gdx/src/com/badlogic/gdx/graphics/g3d/utils/MeshBuilder.java:695: error: [NullAway] (INDEX= 1115) (Covered) passing @Nullable parameter 'null' where @NonNull is required
		triangle(vertTmp1.set(p1, null, null, null), vertTmp2.set(p2, null, null, null), vertTmp3.set(p3, null, null, null));
		                                                                          ^
    (see http://t.uber.com/nullaway )
/Users/nima/Developer/NullAwayFixer/Projects/libgdx/gdx/src/com/badlogic/gdx/graphics/g3d/utils/MeshBuilder.java:695: error: [NullAway] (INDEX= 1116) (Covered) passing @Nullable parameter 'null' where @NonNull is required
		triangle(vertTmp1.set(p1, null, null, null), vertTmp2.set(p2, null, null, null), vertTmp3.set(p3, null, null, null));
		                                                                                                  ^
    (see http://t.uber.com/nullaway )
/Users/nima/Developer/NullAwayFixer/Projects/libgdx/gdx/src/com/badlogic/gdx/graphics/g3d/utils/MeshBuilder.java:695: error: [NullAway] (INDEX= 1117) (Covered) passing @Nullable parameter 'null' where @NonNull is required
		triangle(vertTmp1.set(p1, null, null, null), vertTmp2.set(p2, null, null, null), vertTmp3.set(p3, null, null, null));
		                                                                                                        ^
    (see http://t.uber.com/nullaway )
/Users/nima/Developer/NullAwayFixer/Projects/libgdx/gdx/src/com/badlogic/gdx/graphics/g3d/utils/MeshBuilder.java:695: error: [NullAway] (INDEX= 1118) (Covered) passing @Nullable parameter 'null' where @NonNull is required
		triangle(vertTmp1.set(p1, null, null, null), vertTmp2.set(p2, null, null, null), vertTmp3.set(p3, null, null, null));
		                                                                                                              ^
    (see http://t.uber.com/nullaway )
/Users/nima/Developer/NullAwayFixer/Projects/libgdx/gdx/src/com/badlogic/gdx/graphics/g3d/utils/MeshBuilder.java:700: error: [NullAway] (INDEX= 1119) (Covered) passing @Nullable parameter 'null' where @NonNull is required
		triangle(vertTmp1.set(p1, null, c1, null), vertTmp2.set(p2, null, c2, null), vertTmp3.set(p3, null, c3, null));
		                          ^
    (see http://t.uber.com/nullaway )
/Users/nima/Developer/NullAwayFixer/Projects/libgdx/gdx/src/com/badlogic/gdx/graphics/g3d/utils/MeshBuilder.java:700: error: [NullAway] (INDEX= 1120) (Covered) passing @Nullable parameter 'null' where @NonNull is required
		triangle(vertTmp1.set(p1, null, c1, null), vertTmp2.set(p2, null, c2, null), vertTmp3.set(p3, null, c3, null));
		                                    ^
    (see http://t.uber.com/nullaway )
/Users/nima/Developer/NullAwayFixer/Projects/libgdx/gdx/src/com/badlogic/gdx/graphics/g3d/utils/MeshBuilder.java:700: error: [NullAway] (INDEX= 1121) (Covered) passing @Nullable parameter 'null' where @NonNull is required
		triangle(vertTmp1.set(p1, null, c1, null), vertTmp2.set(p2, null, c2, null), vertTmp3.set(p3, null, c3, null));
		                                                            ^
    (see http://t.uber.com/nullaway )
/Users/nima/Developer/NullAwayFixer/Projects/libgdx/gdx/src/com/badlogic/gdx/graphics/g3d/utils/MeshBuilder.java:700: error: [NullAway] (INDEX= 1122) (Covered) passing @Nullable parameter 'null' where @NonNull is required
		triangle(vertTmp1.set(p1, null, c1, null), vertTmp2.set(p2, null, c2, null), vertTmp3.set(p3, null, c3, null));
		                                                                      ^
    (see http://t.uber.com/nullaway )
/Users/nima/Developer/NullAwayFixer/Projects/libgdx/gdx/src/com/badlogic/gdx/graphics/g3d/utils/MeshBuilder.java:700: error: [NullAway] (INDEX= 1123) (Covered) passing @Nullable parameter 'null' where @NonNull is required
		triangle(vertTmp1.set(p1, null, c1, null), vertTmp2.set(p2, null, c2, null), vertTmp3.set(p3, null, c3, null));
		                                                                                              ^
    (see http://t.uber.com/nullaway )
/Users/nima/Developer/NullAwayFixer/Projects/libgdx/gdx/src/com/badlogic/gdx/graphics/g3d/utils/MeshBuilder.java:700: error: [NullAway] (INDEX= 1124) (Covered) passing @Nullable parameter 'null' where @NonNull is required
		triangle(vertTmp1.set(p1, null, c1, null), vertTmp2.set(p2, null, c2, null), vertTmp3.set(p3, null, c3, null));
		                                                                                                        ^
    (see http://t.uber.com/nullaway )
/Users/nima/Developer/NullAwayFixer/Projects/libgdx/gdx/src/com/badlogic/gdx/graphics/g3d/utils/MeshBuilder.java:723: error: [NullAway] (INDEX= 1125) (Covered) passing @Nullable parameter 'null' where @NonNull is required
		rect(vertTmp1.set(corner00, normal, null, null).setUV(0f, 1f), vertTmp2.set(corner10, normal, null, null).setUV(1f, 1f),
		                                    ^
    (see http://t.uber.com/nullaway )
/Users/nima/Developer/NullAwayFixer/Projects/libgdx/gdx/src/com/badlogic/gdx/graphics/g3d/utils/MeshBuilder.java:723: error: [NullAway] (INDEX= 1126) (Covered) passing @Nullable parameter 'null' where @NonNull is required
		rect(vertTmp1.set(corner00, normal, null, null).setUV(0f, 1f), vertTmp2.set(corner10, normal, null, null).setUV(1f, 1f),
		                                          ^
    (see http://t.uber.com/nullaway )
/Users/nima/Developer/NullAwayFixer/Projects/libgdx/gdx/src/com/badlogic/gdx/graphics/g3d/utils/MeshBuilder.java:723: error: [NullAway] (INDEX= 1127) (Covered) passing @Nullable parameter 'null' where @NonNull is required
		rect(vertTmp1.set(corner00, normal, null, null).setUV(0f, 1f), vertTmp2.set(corner10, normal, null, null).setUV(1f, 1f),
		                                                                                              ^
    (see http://t.uber.com/nullaway )
/Users/nima/Developer/NullAwayFixer/Projects/libgdx/gdx/src/com/badlogic/gdx/graphics/g3d/utils/MeshBuilder.java:723: error: [NullAway] (INDEX= 1128) (Covered) passing @Nullable parameter 'null' where @NonNull is required
		rect(vertTmp1.set(corner00, normal, null, null).setUV(0f, 1f), vertTmp2.set(corner10, normal, null, null).setUV(1f, 1f),
		                                                                                                    ^
    (see http://t.uber.com/nullaway )
/Users/nima/Developer/NullAwayFixer/Projects/libgdx/gdx/src/com/badlogic/gdx/graphics/g3d/utils/MeshBuilder.java:724: error: [NullAway] (INDEX= 1129) (Covered) passing @Nullable parameter 'null' where @NonNull is required
			vertTmp3.set(corner11, normal, null, null).setUV(1f, 0f), vertTmp4.set(corner01, normal, null, null).setUV(0f, 0f));
			                               ^
    (see http://t.uber.com/nullaway )
/Users/nima/Developer/NullAwayFixer/Projects/libgdx/gdx/src/com/badlogic/gdx/graphics/g3d/utils/MeshBuilder.java:724: error: [NullAway] (INDEX= 1130) (Covered) passing @Nullable parameter 'null' where @NonNull is required
			vertTmp3.set(corner11, normal, null, null).setUV(1f, 0f), vertTmp4.set(corner01, normal, null, null).setUV(0f, 0f));
			                                     ^
    (see http://t.uber.com/nullaway )
/Users/nima/Developer/NullAwayFixer/Projects/libgdx/gdx/src/com/badlogic/gdx/graphics/g3d/utils/MeshBuilder.java:724: error: [NullAway] (INDEX= 1131) (Covered) passing @Nullable parameter 'null' where @NonNull is required
			vertTmp3.set(corner11, normal, null, null).setUV(1f, 0f), vertTmp4.set(corner01, normal, null, null).setUV(0f, 0f));
			                                                                                         ^
    (see http://t.uber.com/nullaway )
/Users/nima/Developer/NullAwayFixer/Projects/libgdx/gdx/src/com/badlogic/gdx/graphics/g3d/utils/MeshBuilder.java:724: error: [NullAway] (INDEX= 1132) (Covered) passing @Nullable parameter 'null' where @NonNull is required
			vertTmp3.set(corner11, normal, null, null).setUV(1f, 0f), vertTmp4.set(corner01, normal, null, null).setUV(0f, 0f));
			                                                                                               ^
    (see http://t.uber.com/nullaway )
/Users/nima/Developer/NullAwayFixer/Projects/libgdx/gdx/src/com/badlogic/gdx/graphics/g3d/utils/MeshBuilder.java:730: error: [NullAway] (INDEX= 1133) (Covered) passing @Nullable parameter 'null' where @NonNull is required
		rect(vertTmp1.set(null, null, null, null).setPos(x00, y00, z00).setNor(normalX, normalY, normalZ).setUV(0f, 1f), vertTmp2
		                  ^
    (see http://t.uber.com/nullaway )
/Users/nima/Developer/NullAwayFixer/Projects/libgdx/gdx/src/com/badlogic/gdx/graphics/g3d/utils/MeshBuilder.java:730: error: [NullAway] (INDEX= 1134) (Covered) passing @Nullable parameter 'null' where @NonNull is required
		rect(vertTmp1.set(null, null, null, null).setPos(x00, y00, z00).setNor(normalX, normalY, normalZ).setUV(0f, 1f), vertTmp2
		                        ^
    (see http://t.uber.com/nullaway )
/Users/nima/Developer/NullAwayFixer/Projects/libgdx/gdx/src/com/badlogic/gdx/graphics/g3d/utils/MeshBuilder.java:730: error: [NullAway] (INDEX= 1135) (Covered) passing @Nullable parameter 'null' where @NonNull is required
		rect(vertTmp1.set(null, null, null, null).setPos(x00, y00, z00).setNor(normalX, normalY, normalZ).setUV(0f, 1f), vertTmp2
		                              ^
    (see http://t.uber.com/nullaway )
/Users/nima/Developer/NullAwayFixer/Projects/libgdx/gdx/src/com/badlogic/gdx/graphics/g3d/utils/MeshBuilder.java:730: error: [NullAway] (INDEX= 1136) (Covered) passing @Nullable parameter 'null' where @NonNull is required
		rect(vertTmp1.set(null, null, null, null).setPos(x00, y00, z00).setNor(normalX, normalY, normalZ).setUV(0f, 1f), vertTmp2
		                                    ^
    (see http://t.uber.com/nullaway )
/Users/nima/Developer/NullAwayFixer/Projects/libgdx/gdx/src/com/badlogic/gdx/graphics/g3d/utils/MeshBuilder.java:731: error: [NullAway] (INDEX= 1137) (Covered) passing @Nullable parameter 'null' where @NonNull is required
			.set(null, null, null, null).setPos(x10, y10, z10).setNor(normalX, normalY, normalZ).setUV(1f, 1f),
			     ^
    (see http://t.uber.com/nullaway )
/Users/nima/Developer/NullAwayFixer/Projects/libgdx/gdx/src/com/badlogic/gdx/graphics/g3d/utils/MeshBuilder.java:731: error: [NullAway] (INDEX= 1138) (Covered) passing @Nullable parameter 'null' where @NonNull is required
			.set(null, null, null, null).setPos(x10, y10, z10).setNor(normalX, normalY, normalZ).setUV(1f, 1f),
			           ^
    (see http://t.uber.com/nullaway )
/Users/nima/Developer/NullAwayFixer/Projects/libgdx/gdx/src/com/badlogic/gdx/graphics/g3d/utils/MeshBuilder.java:731: error: [NullAway] (INDEX= 1139) (Covered) passing @Nullable parameter 'null' where @NonNull is required
			.set(null, null, null, null).setPos(x10, y10, z10).setNor(normalX, normalY, normalZ).setUV(1f, 1f),
			                 ^
    (see http://t.uber.com/nullaway )
/Users/nima/Developer/NullAwayFixer/Projects/libgdx/gdx/src/com/badlogic/gdx/graphics/g3d/utils/MeshBuilder.java:731: error: [NullAway] (INDEX= 1140) (Covered) passing @Nullable parameter 'null' where @NonNull is required
			.set(null, null, null, null).setPos(x10, y10, z10).setNor(normalX, normalY, normalZ).setUV(1f, 1f),
			                       ^
    (see http://t.uber.com/nullaway )
/Users/nima/Developer/NullAwayFixer/Projects/libgdx/gdx/src/com/badlogic/gdx/graphics/g3d/utils/MeshBuilder.java:732: error: [NullAway] (INDEX= 1141) (Covered) passing @Nullable parameter 'null' where @NonNull is required
			vertTmp3.set(null, null, null, null).setPos(x11, y11, z11).setNor(normalX, normalY, normalZ).setUV(1f, 0f), vertTmp4
			             ^
    (see http://t.uber.com/nullaway )
/Users/nima/Developer/NullAwayFixer/Projects/libgdx/gdx/src/com/badlogic/gdx/graphics/g3d/utils/MeshBuilder.java:732: error: [NullAway] (INDEX= 1142) (Covered) passing @Nullable parameter 'null' where @NonNull is required
			vertTmp3.set(null, null, null, null).setPos(x11, y11, z11).setNor(normalX, normalY, normalZ).setUV(1f, 0f), vertTmp4
			                   ^
    (see http://t.uber.com/nullaway )
/Users/nima/Developer/NullAwayFixer/Projects/libgdx/gdx/src/com/badlogic/gdx/graphics/g3d/utils/MeshBuilder.java:732: error: [NullAway] (INDEX= 1143) (Covered) passing @Nullable parameter 'null' where @NonNull is required
			vertTmp3.set(null, null, null, null).setPos(x11, y11, z11).setNor(normalX, normalY, normalZ).setUV(1f, 0f), vertTmp4
			                         ^
    (see http://t.uber.com/nullaway )
/Users/nima/Developer/NullAwayFixer/Projects/libgdx/gdx/src/com/badlogic/gdx/graphics/g3d/utils/MeshBuilder.java:732: error: [NullAway] (INDEX= 1144) (Covered) passing @Nullable parameter 'null' where @NonNull is required
			vertTmp3.set(null, null, null, null).setPos(x11, y11, z11).setNor(normalX, normalY, normalZ).setUV(1f, 0f), vertTmp4
			                               ^
    (see http://t.uber.com/nullaway )
/Users/nima/Developer/NullAwayFixer/Projects/libgdx/gdx/src/com/badlogic/gdx/graphics/g3d/utils/MeshBuilder.java:733: error: [NullAway] (INDEX= 1145) (Covered) passing @Nullable parameter 'null' where @NonNull is required
				.set(null, null, null, null).setPos(x01, y01, z01).setNor(normalX, normalY, normalZ).setUV(0f, 0f));
				     ^
    (see http://t.uber.com/nullaway )
/Users/nima/Developer/NullAwayFixer/Projects/libgdx/gdx/src/com/badlogic/gdx/graphics/g3d/utils/MeshBuilder.java:733: error: [NullAway] (INDEX= 1146) (Covered) passing @Nullable parameter 'null' where @NonNull is required
				.set(null, null, null, null).setPos(x01, y01, z01).setNor(normalX, normalY, normalZ).setUV(0f, 0f));
				           ^
    (see http://t.uber.com/nullaway )
/Users/nima/Developer/NullAwayFixer/Projects/libgdx/gdx/src/com/badlogic/gdx/graphics/g3d/utils/MeshBuilder.java:733: error: [NullAway] (INDEX= 1147) (Covered) passing @Nullable parameter 'null' where @NonNull is required
				.set(null, null, null, null).setPos(x01, y01, z01).setNor(normalX, normalY, normalZ).setUV(0f, 0f));
				                 ^
    (see http://t.uber.com/nullaway )
/Users/nima/Developer/NullAwayFixer/Projects/libgdx/gdx/src/com/badlogic/gdx/graphics/g3d/utils/MeshBuilder.java:733: error: [NullAway] (INDEX= 1148) (Covered) passing @Nullable parameter 'null' where @NonNull is required
				.set(null, null, null, null).setPos(x01, y01, z01).setNor(normalX, normalY, normalZ).setUV(0f, 0f));
				                       ^
    (see http://t.uber.com/nullaway )
/Users/nima/Developer/NullAwayFixer/Projects/libgdx/gdx/src/com/badlogic/gdx/graphics/g3d/utils/MeshBuilder.java:767: error: [NullAway] (INDEX= 1149) (Covered) assigning @Nullable expression to @NonNull field
	private static IntIntMap indicesMap = null;
	                         ^
    (see http://t.uber.com/nullaway )
/Users/nima/Developer/NullAwayFixer/Projects/libgdx/gdx/src/com/badlogic/gdx/graphics/g3d/utils/DefaultShaderProvider.java:41: error: [NullAway] (INDEX= 1150) (Covered) passing @Nullable parameter 'null' where @NonNull is required
		this(null);
		     ^
    (see http://t.uber.com/nullaway )
/Users/nima/Developer/NullAwayFixer/Projects/libgdx/gdx/src/com/badlogic/gdx/graphics/g3d/shaders/DefaultShader.java:54: error: [NullAway] (INDEX= 1151) (Covered) assigning @Nullable expression to @NonNull field
		public String vertexShader = null;
		              ^
    (see http://t.uber.com/nullaway )
/Users/nima/Developer/NullAwayFixer/Projects/libgdx/gdx/src/com/badlogic/gdx/graphics/g3d/shaders/DefaultShader.java:56: error: [NullAway] (INDEX= 1152) (Covered) assigning @Nullable expression to @NonNull field
		public String fragmentShader = null;
		              ^
    (see http://t.uber.com/nullaway )
/Users/nima/Developer/NullAwayFixer/Projects/libgdx/gdx/src/com/badlogic/gdx/graphics/g3d/shaders/DefaultShader.java:391: error: [NullAway] (INDEX= 1153) (Covered) assigning @Nullable expression to @NonNull field
	private static String defaultVertexShader = null;
	                      ^
    (see http://t.uber.com/nullaway )
/Users/nima/Developer/NullAwayFixer/Projects/libgdx/gdx/src/com/badlogic/gdx/graphics/g3d/shaders/DefaultShader.java:399: error: [NullAway] (INDEX= 1154) (Covered) assigning @Nullable expression to @NonNull field
	private static String defaultFragmentShader = null;
	                      ^
    (see http://t.uber.com/nullaway )
/Users/nima/Developer/NullAwayFixer/Projects/libgdx/gdx/src/com/badlogic/gdx/graphics/g3d/shaders/DefaultShader.java:596: error: [NullAway] (INDEX= 1155) (Covered) assigning @Nullable expression to @NonNull field
		this.program = null;
		             ^
    (see http://t.uber.com/nullaway )
/Users/nima/Developer/NullAwayFixer/Projects/libgdx/gdx/src/com/badlogic/gdx/graphics/g3d/shaders/DefaultShader.java:598: error: [NullAway] (INDEX= 1156) (Covered) assigning @Nullable expression to @NonNull field
		renderable = null;
		           ^
    (see http://t.uber.com/nullaway )
/Users/nima/Developer/NullAwayFixer/Projects/libgdx/gdx/src/com/badlogic/gdx/graphics/g3d/shaders/BaseShader.java:105: error: [NullAway] (INDEX= 1157) (Covered) @NonNull field locations not initialized
	private int locations[];
	            ^
    (see http://t.uber.com/nullaway )
/Users/nima/Developer/NullAwayFixer/Projects/libgdx/gdx/src/com/badlogic/gdx/graphics/g3d/shaders/BaseShader.java:110: error: [NullAway] (INDEX= 1158) (Covered) @NonNull field program not initialized
	public ShaderProgram program;
	                     ^
    (see http://t.uber.com/nullaway )
/Users/nima/Developer/NullAwayFixer/Projects/libgdx/gdx/src/com/badlogic/gdx/graphics/g3d/shaders/BaseShader.java:111: error: [NullAway] (INDEX= 1159) (Covered) @NonNull field context not initialized
	public RenderContext context;
	                     ^
    (see http://t.uber.com/nullaway )
/Users/nima/Developer/NullAwayFixer/Projects/libgdx/gdx/src/com/badlogic/gdx/graphics/g3d/shaders/BaseShader.java:112: error: [NullAway] (INDEX= 1160) (Covered) @NonNull field camera not initialized
	public Camera camera;
	              ^
    (see http://t.uber.com/nullaway )
/Users/nima/Developer/NullAwayFixer/Projects/libgdx/gdx/src/com/badlogic/gdx/graphics/g3d/shaders/BaseShader.java:113: error: [NullAway] (INDEX= 1161) (Covered) @NonNull field currentMesh not initialized
	private Mesh currentMesh;
	             ^
    (see http://t.uber.com/nullaway )
/Users/nima/Developer/NullAwayFixer/Projects/libgdx/gdx/src/com/badlogic/gdx/graphics/g3d/shaders/BaseShader.java:132: error: [NullAway] (INDEX= 1162) (Covered) passing @Nullable parameter 'null' where @NonNull is required
		return register(alias, validator, null);
		                                  ^
    (see http://t.uber.com/nullaway )
/Users/nima/Developer/NullAwayFixer/Projects/libgdx/gdx/src/com/badlogic/gdx/graphics/g3d/shaders/BaseShader.java:136: error: [NullAway] (INDEX= 1163) (Covered) passing @Nullable parameter 'null' where @NonNull is required
		return register(alias, null, setter);
		                       ^
    (see http://t.uber.com/nullaway )
/Users/nima/Developer/NullAwayFixer/Projects/libgdx/gdx/src/com/badlogic/gdx/graphics/g3d/shaders/BaseShader.java:140: error: [NullAway] (INDEX= 1164) (Covered) passing @Nullable parameter 'null' where @NonNull is required
		return register(alias, null, null);
		                       ^
    (see http://t.uber.com/nullaway )
/Users/nima/Developer/NullAwayFixer/Projects/libgdx/gdx/src/com/badlogic/gdx/graphics/g3d/shaders/BaseShader.java:140: error: [NullAway] (INDEX= 1165) (Covered) passing @Nullable parameter 'null' where @NonNull is required
		return register(alias, null, null);
		                             ^
    (see http://t.uber.com/nullaway )
/Users/nima/Developer/NullAwayFixer/Projects/libgdx/gdx/src/com/badlogic/gdx/graphics/g3d/shaders/BaseShader.java:148: error: [NullAway] (INDEX= 1166) (Covered) passing @Nullable parameter 'null' where @NonNull is required
		return register(uniform, null);
		                         ^
    (see http://t.uber.com/nullaway )
/Users/nima/Developer/NullAwayFixer/Projects/libgdx/gdx/src/com/badlogic/gdx/graphics/g3d/shaders/BaseShader.java:188: error: [NullAway] (INDEX= 1167) (Covered) passing @Nullable parameter 'null' where @NonNull is required
				validators.set(i, null);
				                  ^
    (see http://t.uber.com/nullaway )
/Users/nima/Developer/NullAwayFixer/Projects/libgdx/gdx/src/com/badlogic/gdx/graphics/g3d/shaders/BaseShader.java:189: error: [NullAway] (INDEX= 1168) (Covered) passing @Nullable parameter 'null' where @NonNull is required
				setters.set(i, null);
				               ^
    (see http://t.uber.com/nullaway )
/Users/nima/Developer/NullAwayFixer/Projects/libgdx/gdx/src/com/badlogic/gdx/graphics/g3d/shaders/BaseShader.java:208: error: [NullAway] (INDEX= 1169) (Covered) assigning @Nullable expression to @NonNull field
		currentMesh = null;
		            ^
    (see http://t.uber.com/nullaway )
/Users/nima/Developer/NullAwayFixer/Projects/libgdx/gdx/src/com/badlogic/gdx/graphics/g3d/shaders/BaseShader.java:210: error: [NullAway] (INDEX= 1170) (Covered) passing @Nullable parameter 'null' where @NonNull is required
			if (setters.get(u = globalUniforms.get(i)) != null) setters.get(u).set(this, u, null, null);
			                                                                                ^
    (see http://t.uber.com/nullaway )
/Users/nima/Developer/NullAwayFixer/Projects/libgdx/gdx/src/com/badlogic/gdx/graphics/g3d/shaders/BaseShader.java:210: error: [NullAway] (INDEX= 1171) (Covered) passing @Nullable parameter 'null' where @NonNull is required
			if (setters.get(u = globalUniforms.get(i)) != null) setters.get(u).set(this, u, null, null);
			                                                                                      ^
    (see http://t.uber.com/nullaway )
/Users/nima/Developer/NullAwayFixer/Projects/libgdx/gdx/src/com/badlogic/gdx/graphics/g3d/shaders/BaseShader.java:251: error: [NullAway] (INDEX= 1172) (Covered) assigning @Nullable expression to @NonNull field
			currentMesh = null;
			            ^
    (see http://t.uber.com/nullaway )
/Users/nima/Developer/NullAwayFixer/Projects/libgdx/gdx/src/com/badlogic/gdx/graphics/g3d/shaders/BaseShader.java:257: error: [NullAway] (INDEX= 1173) (Covered) assigning @Nullable expression to @NonNull field
		program = null;
		        ^
    (see http://t.uber.com/nullaway )
/Users/nima/Developer/NullAwayFixer/Projects/libgdx/gdx/src/com/badlogic/gdx/graphics/g3d/shaders/BaseShader.java:263: error: [NullAway] (INDEX= 1174) (Covered) assigning @Nullable expression to @NonNull field
		locations = null;
		          ^
    (see http://t.uber.com/nullaway )
/Users/nima/Developer/NullAwayFixer/Projects/libgdx/gdx/src/com/badlogic/gdx/graphics/g3d/utils/DefaultRenderableSorter.java:29: error: [NullAway] (INDEX= 1175) (Covered) @NonNull field camera not initialized
	private Camera camera;
	               ^
    (see http://t.uber.com/nullaway )
/Users/nima/Developer/NullAwayFixer/Projects/libgdx/gdx/src/com/badlogic/gdx/graphics/g3d/utils/shapebuilders/SphereShapeBuilder.java:67: error: [NullAway] (INDEX= 1176) (Covered) passing @Nullable parameter 'null' where @NonNull is required
		VertexInfo curr1 = vertTmp3.set(null, null, null, null);
		                                ^
    (see http://t.uber.com/nullaway )
/Users/nima/Developer/NullAwayFixer/Projects/libgdx/gdx/src/com/badlogic/gdx/graphics/g3d/utils/shapebuilders/SphereShapeBuilder.java:67: error: [NullAway] (INDEX= 1177) (Covered) passing @Nullable parameter 'null' where @NonNull is required
		VertexInfo curr1 = vertTmp3.set(null, null, null, null);
		                                      ^
    (see http://t.uber.com/nullaway )
/Users/nima/Developer/NullAwayFixer/Projects/libgdx/gdx/src/com/badlogic/gdx/graphics/g3d/utils/shapebuilders/SphereShapeBuilder.java:67: error: [NullAway] (INDEX= 1178) (Covered) passing @Nullable parameter 'null' where @NonNull is required
		VertexInfo curr1 = vertTmp3.set(null, null, null, null);
		                                            ^
    (see http://t.uber.com/nullaway )
/Users/nima/Developer/NullAwayFixer/Projects/libgdx/gdx/src/com/badlogic/gdx/graphics/g3d/utils/shapebuilders/SphereShapeBuilder.java:67: error: [NullAway] (INDEX= 1179) (Covered) passing @Nullable parameter 'null' where @NonNull is required
		VertexInfo curr1 = vertTmp3.set(null, null, null, null);
		                                                  ^
    (see http://t.uber.com/nullaway )
/Users/nima/Developer/NullAwayFixer/Projects/libgdx/gdx/src/com/badlogic/gdx/graphics/g3d/utils/shapebuilders/PatchShapeBuilder.java:49: error: [NullAway] (INDEX= 1180) (Covered) passing @Nullable parameter 'null' where @NonNull is required
		build(builder, vertTmp1.set(corner00, normal, null, null).setUV(0f, 1f), vertTmp2.set(corner10, normal, null, null).setUV(1f, 1f),
		                                              ^
    (see http://t.uber.com/nullaway )
/Users/nima/Developer/NullAwayFixer/Projects/libgdx/gdx/src/com/badlogic/gdx/graphics/g3d/utils/shapebuilders/PatchShapeBuilder.java:49: error: [NullAway] (INDEX= 1181) (Covered) passing @Nullable parameter 'null' where @NonNull is required
		build(builder, vertTmp1.set(corner00, normal, null, null).setUV(0f, 1f), vertTmp2.set(corner10, normal, null, null).setUV(1f, 1f),
		                                                    ^
    (see http://t.uber.com/nullaway )
/Users/nima/Developer/NullAwayFixer/Projects/libgdx/gdx/src/com/badlogic/gdx/graphics/g3d/utils/shapebuilders/PatchShapeBuilder.java:49: error: [NullAway] (INDEX= 1182) (Covered) passing @Nullable parameter 'null' where @NonNull is required
		build(builder, vertTmp1.set(corner00, normal, null, null).setUV(0f, 1f), vertTmp2.set(corner10, normal, null, null).setUV(1f, 1f),
		                                                                                                        ^
    (see http://t.uber.com/nullaway )
/Users/nima/Developer/NullAwayFixer/Projects/libgdx/gdx/src/com/badlogic/gdx/graphics/g3d/utils/shapebuilders/PatchShapeBuilder.java:49: error: [NullAway] (INDEX= 1183) (Covered) passing @Nullable parameter 'null' where @NonNull is required
		build(builder, vertTmp1.set(corner00, normal, null, null).setUV(0f, 1f), vertTmp2.set(corner10, normal, null, null).setUV(1f, 1f),
		                                                                                                              ^
    (see http://t.uber.com/nullaway )
/Users/nima/Developer/NullAwayFixer/Projects/libgdx/gdx/src/com/badlogic/gdx/graphics/g3d/utils/shapebuilders/PatchShapeBuilder.java:50: error: [NullAway] (INDEX= 1184) (Covered) passing @Nullable parameter 'null' where @NonNull is required
			vertTmp3.set(corner11, normal, null, null).setUV(1f, 0f), vertTmp4.set(corner01, normal, null, null).setUV(0f, 0f),
			                               ^
    (see http://t.uber.com/nullaway )
/Users/nima/Developer/NullAwayFixer/Projects/libgdx/gdx/src/com/badlogic/gdx/graphics/g3d/utils/shapebuilders/PatchShapeBuilder.java:50: error: [NullAway] (INDEX= 1185) (Covered) passing @Nullable parameter 'null' where @NonNull is required
			vertTmp3.set(corner11, normal, null, null).setUV(1f, 0f), vertTmp4.set(corner01, normal, null, null).setUV(0f, 0f),
			                                     ^
    (see http://t.uber.com/nullaway )
/Users/nima/Developer/NullAwayFixer/Projects/libgdx/gdx/src/com/badlogic/gdx/graphics/g3d/utils/shapebuilders/PatchShapeBuilder.java:50: error: [NullAway] (INDEX= 1186) (Covered) passing @Nullable parameter 'null' where @NonNull is required
			vertTmp3.set(corner11, normal, null, null).setUV(1f, 0f), vertTmp4.set(corner01, normal, null, null).setUV(0f, 0f),
			                                                                                         ^
    (see http://t.uber.com/nullaway )
/Users/nima/Developer/NullAwayFixer/Projects/libgdx/gdx/src/com/badlogic/gdx/graphics/g3d/utils/shapebuilders/PatchShapeBuilder.java:50: error: [NullAway] (INDEX= 1187) (Covered) passing @Nullable parameter 'null' where @NonNull is required
			vertTmp3.set(corner11, normal, null, null).setUV(1f, 0f), vertTmp4.set(corner01, normal, null, null).setUV(0f, 0f),
			                                                                                               ^
    (see http://t.uber.com/nullaway )
/Users/nima/Developer/NullAwayFixer/Projects/libgdx/gdx/src/com/badlogic/gdx/graphics/g3d/utils/shapebuilders/PatchShapeBuilder.java:57: error: [NullAway] (INDEX= 1188) (Covered) passing @Nullable parameter 'null' where @NonNull is required
		build(builder, vertTmp1.set(null).setPos(x00, y00, z00).setNor(normalX, normalY, normalZ).setUV(0f, 1f),
		                            ^
    (see http://t.uber.com/nullaway )
/Users/nima/Developer/NullAwayFixer/Projects/libgdx/gdx/src/com/badlogic/gdx/graphics/g3d/utils/shapebuilders/PatchShapeBuilder.java:58: error: [NullAway] (INDEX= 1189) (Covered) passing @Nullable parameter 'null' where @NonNull is required
			vertTmp2.set(null).setPos(x10, y10, z10).setNor(normalX, normalY, normalZ).setUV(1f, 1f),
			             ^
    (see http://t.uber.com/nullaway )
/Users/nima/Developer/NullAwayFixer/Projects/libgdx/gdx/src/com/badlogic/gdx/graphics/g3d/utils/shapebuilders/PatchShapeBuilder.java:59: error: [NullAway] (INDEX= 1190) (Covered) passing @Nullable parameter 'null' where @NonNull is required
			vertTmp3.set(null).setPos(x11, y11, z11).setNor(normalX, normalY, normalZ).setUV(1f, 0f),
			             ^
    (see http://t.uber.com/nullaway )
/Users/nima/Developer/NullAwayFixer/Projects/libgdx/gdx/src/com/badlogic/gdx/graphics/g3d/utils/shapebuilders/PatchShapeBuilder.java:60: error: [NullAway] (INDEX= 1191) (Covered) passing @Nullable parameter 'null' where @NonNull is required
			vertTmp4.set(null).setPos(x01, y01, z01).setNor(normalX, normalY, normalZ).setUV(0f, 0f), divisionsU, divisionsV);
			             ^
    (see http://t.uber.com/nullaway )
/Users/nima/Developer/NullAwayFixer/Projects/libgdx/gdx/src/com/badlogic/gdx/graphics/g3d/utils/shapebuilders/CylinderShapeBuilder.java:48: error: [NullAway] (INDEX= 1192) (Covered) passing @Nullable parameter 'null' where @NonNull is required
		VertexInfo curr1 = vertTmp3.set(null, null, null, null);
		                                ^
    (see http://t.uber.com/nullaway )
/Users/nima/Developer/NullAwayFixer/Projects/libgdx/gdx/src/com/badlogic/gdx/graphics/g3d/utils/shapebuilders/CylinderShapeBuilder.java:48: error: [NullAway] (INDEX= 1193) (Covered) passing @Nullable parameter 'null' where @NonNull is required
		VertexInfo curr1 = vertTmp3.set(null, null, null, null);
		                                      ^
    (see http://t.uber.com/nullaway )
/Users/nima/Developer/NullAwayFixer/Projects/libgdx/gdx/src/com/badlogic/gdx/graphics/g3d/utils/shapebuilders/CylinderShapeBuilder.java:48: error: [NullAway] (INDEX= 1194) (Covered) passing @Nullable parameter 'null' where @NonNull is required
		VertexInfo curr1 = vertTmp3.set(null, null, null, null);
		                                            ^
    (see http://t.uber.com/nullaway )
/Users/nima/Developer/NullAwayFixer/Projects/libgdx/gdx/src/com/badlogic/gdx/graphics/g3d/utils/shapebuilders/CylinderShapeBuilder.java:48: error: [NullAway] (INDEX= 1195) (Covered) passing @Nullable parameter 'null' where @NonNull is required
		VertexInfo curr1 = vertTmp3.set(null, null, null, null);
		                                                  ^
    (see http://t.uber.com/nullaway )
/Users/nima/Developer/NullAwayFixer/Projects/libgdx/gdx/src/com/badlogic/gdx/graphics/g3d/utils/shapebuilders/CylinderShapeBuilder.java:50: error: [NullAway] (INDEX= 1196) (Covered) passing @Nullable parameter 'null' where @NonNull is required
		VertexInfo curr2 = vertTmp4.set(null, null, null, null);
		                                ^
    (see http://t.uber.com/nullaway )
/Users/nima/Developer/NullAwayFixer/Projects/libgdx/gdx/src/com/badlogic/gdx/graphics/g3d/utils/shapebuilders/CylinderShapeBuilder.java:50: error: [NullAway] (INDEX= 1197) (Covered) passing @Nullable parameter 'null' where @NonNull is required
		VertexInfo curr2 = vertTmp4.set(null, null, null, null);
		                                      ^
    (see http://t.uber.com/nullaway )
/Users/nima/Developer/NullAwayFixer/Projects/libgdx/gdx/src/com/badlogic/gdx/graphics/g3d/utils/shapebuilders/CylinderShapeBuilder.java:50: error: [NullAway] (INDEX= 1198) (Covered) passing @Nullable parameter 'null' where @NonNull is required
		VertexInfo curr2 = vertTmp4.set(null, null, null, null);
		                                            ^
    (see http://t.uber.com/nullaway )
/Users/nima/Developer/NullAwayFixer/Projects/libgdx/gdx/src/com/badlogic/gdx/graphics/g3d/utils/shapebuilders/CylinderShapeBuilder.java:50: error: [NullAway] (INDEX= 1199) (Covered) passing @Nullable parameter 'null' where @NonNull is required
		VertexInfo curr2 = vertTmp4.set(null, null, null, null);
		                                                  ^
    (see http://t.uber.com/nullaway )
/Users/nima/Developer/NullAwayFixer/Projects/libgdx/gdx/src/com/badlogic/gdx/graphics/g3d/utils/shapebuilders/BoxShapeBuilder.java:78: error: [NullAway] (INDEX= 1200) (Covered) passing @Nullable parameter 'null' where @NonNull is required
			build(builder, vertTmp1.set(corner000, null, null, null), vertTmp2.set(corner010, null, null, null),
			                                       ^
    (see http://t.uber.com/nullaway )
/Users/nima/Developer/NullAwayFixer/Projects/libgdx/gdx/src/com/badlogic/gdx/graphics/g3d/utils/shapebuilders/BoxShapeBuilder.java:78: error: [NullAway] (INDEX= 1201) (Covered) passing @Nullable parameter 'null' where @NonNull is required
			build(builder, vertTmp1.set(corner000, null, null, null), vertTmp2.set(corner010, null, null, null),
			                                             ^
    (see http://t.uber.com/nullaway )
/Users/nima/Developer/NullAwayFixer/Projects/libgdx/gdx/src/com/badlogic/gdx/graphics/g3d/utils/shapebuilders/BoxShapeBuilder.java:78: error: [NullAway] (INDEX= 1202) (Covered) passing @Nullable parameter 'null' where @NonNull is required
			build(builder, vertTmp1.set(corner000, null, null, null), vertTmp2.set(corner010, null, null, null),
			                                                   ^
    (see http://t.uber.com/nullaway )
/Users/nima/Developer/NullAwayFixer/Projects/libgdx/gdx/src/com/badlogic/gdx/graphics/g3d/utils/shapebuilders/BoxShapeBuilder.java:78: error: [NullAway] (INDEX= 1203) (Covered) passing @Nullable parameter 'null' where @NonNull is required
			build(builder, vertTmp1.set(corner000, null, null, null), vertTmp2.set(corner010, null, null, null),
			                                                                                  ^
    (see http://t.uber.com/nullaway )
/Users/nima/Developer/NullAwayFixer/Projects/libgdx/gdx/src/com/badlogic/gdx/graphics/g3d/utils/shapebuilders/BoxShapeBuilder.java:78: error: [NullAway] (INDEX= 1204) (Covered) passing @Nullable parameter 'null' where @NonNull is required
			build(builder, vertTmp1.set(corner000, null, null, null), vertTmp2.set(corner010, null, null, null),
			                                                                                        ^
    (see http://t.uber.com/nullaway )
/Users/nima/Developer/NullAwayFixer/Projects/libgdx/gdx/src/com/badlogic/gdx/graphics/g3d/utils/shapebuilders/BoxShapeBuilder.java:78: error: [NullAway] (INDEX= 1205) (Covered) passing @Nullable parameter 'null' where @NonNull is required
			build(builder, vertTmp1.set(corner000, null, null, null), vertTmp2.set(corner010, null, null, null),
			                                                                                              ^
    (see http://t.uber.com/nullaway )
/Users/nima/Developer/NullAwayFixer/Projects/libgdx/gdx/src/com/badlogic/gdx/graphics/g3d/utils/shapebuilders/BoxShapeBuilder.java:79: error: [NullAway] (INDEX= 1206) (Covered) passing @Nullable parameter 'null' where @NonNull is required
				vertTmp3.set(corner100, null, null, null), vertTmp4.set(corner110, null, null, null),
				                        ^
    (see http://t.uber.com/nullaway )
/Users/nima/Developer/NullAwayFixer/Projects/libgdx/gdx/src/com/badlogic/gdx/graphics/g3d/utils/shapebuilders/BoxShapeBuilder.java:79: error: [NullAway] (INDEX= 1207) (Covered) passing @Nullable parameter 'null' where @NonNull is required
				vertTmp3.set(corner100, null, null, null), vertTmp4.set(corner110, null, null, null),
				                              ^
    (see http://t.uber.com/nullaway )
/Users/nima/Developer/NullAwayFixer/Projects/libgdx/gdx/src/com/badlogic/gdx/graphics/g3d/utils/shapebuilders/BoxShapeBuilder.java:79: error: [NullAway] (INDEX= 1208) (Covered) passing @Nullable parameter 'null' where @NonNull is required
				vertTmp3.set(corner100, null, null, null), vertTmp4.set(corner110, null, null, null),
				                                    ^
    (see http://t.uber.com/nullaway )
/Users/nima/Developer/NullAwayFixer/Projects/libgdx/gdx/src/com/badlogic/gdx/graphics/g3d/utils/shapebuilders/BoxShapeBuilder.java:79: error: [NullAway] (INDEX= 1209) (Covered) passing @Nullable parameter 'null' where @NonNull is required
				vertTmp3.set(corner100, null, null, null), vertTmp4.set(corner110, null, null, null),
				                                                                   ^
    (see http://t.uber.com/nullaway )
/Users/nima/Developer/NullAwayFixer/Projects/libgdx/gdx/src/com/badlogic/gdx/graphics/g3d/utils/shapebuilders/BoxShapeBuilder.java:79: error: [NullAway] (INDEX= 1210) (Covered) passing @Nullable parameter 'null' where @NonNull is required
				vertTmp3.set(corner100, null, null, null), vertTmp4.set(corner110, null, null, null),
				                                                                         ^
    (see http://t.uber.com/nullaway )
/Users/nima/Developer/NullAwayFixer/Projects/libgdx/gdx/src/com/badlogic/gdx/graphics/g3d/utils/shapebuilders/BoxShapeBuilder.java:79: error: [NullAway] (INDEX= 1211) (Covered) passing @Nullable parameter 'null' where @NonNull is required
				vertTmp3.set(corner100, null, null, null), vertTmp4.set(corner110, null, null, null),
				                                                                               ^
    (see http://t.uber.com/nullaway )
/Users/nima/Developer/NullAwayFixer/Projects/libgdx/gdx/src/com/badlogic/gdx/graphics/g3d/utils/shapebuilders/BoxShapeBuilder.java:80: error: [NullAway] (INDEX= 1212) (Covered) passing @Nullable parameter 'null' where @NonNull is required
				vertTmp5.set(corner001, null, null, null), vertTmp6.set(corner011, null, null, null),
				                        ^
    (see http://t.uber.com/nullaway )
/Users/nima/Developer/NullAwayFixer/Projects/libgdx/gdx/src/com/badlogic/gdx/graphics/g3d/utils/shapebuilders/BoxShapeBuilder.java:80: error: [NullAway] (INDEX= 1213) (Covered) passing @Nullable parameter 'null' where @NonNull is required
				vertTmp5.set(corner001, null, null, null), vertTmp6.set(corner011, null, null, null),
				                              ^
    (see http://t.uber.com/nullaway )
/Users/nima/Developer/NullAwayFixer/Projects/libgdx/gdx/src/com/badlogic/gdx/graphics/g3d/utils/shapebuilders/BoxShapeBuilder.java:80: error: [NullAway] (INDEX= 1214) (Covered) passing @Nullable parameter 'null' where @NonNull is required
				vertTmp5.set(corner001, null, null, null), vertTmp6.set(corner011, null, null, null),
				                                    ^
    (see http://t.uber.com/nullaway )
/Users/nima/Developer/NullAwayFixer/Projects/libgdx/gdx/src/com/badlogic/gdx/graphics/g3d/utils/shapebuilders/BoxShapeBuilder.java:80: error: [NullAway] (INDEX= 1215) (Covered) passing @Nullable parameter 'null' where @NonNull is required
				vertTmp5.set(corner001, null, null, null), vertTmp6.set(corner011, null, null, null),
				                                                                   ^
    (see http://t.uber.com/nullaway )
/Users/nima/Developer/NullAwayFixer/Projects/libgdx/gdx/src/com/badlogic/gdx/graphics/g3d/utils/shapebuilders/BoxShapeBuilder.java:80: error: [NullAway] (INDEX= 1216) (Covered) passing @Nullable parameter 'null' where @NonNull is required
				vertTmp5.set(corner001, null, null, null), vertTmp6.set(corner011, null, null, null),
				                                                                         ^
    (see http://t.uber.com/nullaway )
/Users/nima/Developer/NullAwayFixer/Projects/libgdx/gdx/src/com/badlogic/gdx/graphics/g3d/utils/shapebuilders/BoxShapeBuilder.java:80: error: [NullAway] (INDEX= 1217) (Covered) passing @Nullable parameter 'null' where @NonNull is required
				vertTmp5.set(corner001, null, null, null), vertTmp6.set(corner011, null, null, null),
				                                                                               ^
    (see http://t.uber.com/nullaway )
/Users/nima/Developer/NullAwayFixer/Projects/libgdx/gdx/src/com/badlogic/gdx/graphics/g3d/utils/shapebuilders/BoxShapeBuilder.java:81: error: [NullAway] (INDEX= 1218) (Covered) passing @Nullable parameter 'null' where @NonNull is required
				vertTmp7.set(corner101, null, null, null), vertTmp8.set(corner111, null, null, null));
				                        ^
    (see http://t.uber.com/nullaway )
/Users/nima/Developer/NullAwayFixer/Projects/libgdx/gdx/src/com/badlogic/gdx/graphics/g3d/utils/shapebuilders/BoxShapeBuilder.java:81: error: [NullAway] (INDEX= 1219) (Covered) passing @Nullable parameter 'null' where @NonNull is required
				vertTmp7.set(corner101, null, null, null), vertTmp8.set(corner111, null, null, null));
				                              ^
    (see http://t.uber.com/nullaway )
/Users/nima/Developer/NullAwayFixer/Projects/libgdx/gdx/src/com/badlogic/gdx/graphics/g3d/utils/shapebuilders/BoxShapeBuilder.java:81: error: [NullAway] (INDEX= 1220) (Covered) passing @Nullable parameter 'null' where @NonNull is required
				vertTmp7.set(corner101, null, null, null), vertTmp8.set(corner111, null, null, null));
				                                    ^
    (see http://t.uber.com/nullaway )
/Users/nima/Developer/NullAwayFixer/Projects/libgdx/gdx/src/com/badlogic/gdx/graphics/g3d/utils/shapebuilders/BoxShapeBuilder.java:81: error: [NullAway] (INDEX= 1221) (Covered) passing @Nullable parameter 'null' where @NonNull is required
				vertTmp7.set(corner101, null, null, null), vertTmp8.set(corner111, null, null, null));
				                                                                   ^
    (see http://t.uber.com/nullaway )
/Users/nima/Developer/NullAwayFixer/Projects/libgdx/gdx/src/com/badlogic/gdx/graphics/g3d/utils/shapebuilders/BoxShapeBuilder.java:81: error: [NullAway] (INDEX= 1222) (Covered) passing @Nullable parameter 'null' where @NonNull is required
				vertTmp7.set(corner101, null, null, null), vertTmp8.set(corner111, null, null, null));
				                                                                         ^
    (see http://t.uber.com/nullaway )
/Users/nima/Developer/NullAwayFixer/Projects/libgdx/gdx/src/com/badlogic/gdx/graphics/g3d/utils/shapebuilders/BoxShapeBuilder.java:81: error: [NullAway] (INDEX= 1223) (Covered) passing @Nullable parameter 'null' where @NonNull is required
				vertTmp7.set(corner101, null, null, null), vertTmp8.set(corner111, null, null, null));
				                                                                               ^
    (see http://t.uber.com/nullaway )
/Users/nima/Developer/NullAwayFixer/Projects/libgdx/gdx/src/com/badlogic/gdx/graphics/g3d/utils/shapebuilders/EllipseShapeBuilder.java:184: error: [NullAway] (INDEX= 1224) (Covered) passing @Nullable parameter 'null' where @NonNull is required
		VertexInfo currIn = vertTmp3.set(null, null, null, null);
		                                 ^
    (see http://t.uber.com/nullaway )
/Users/nima/Developer/NullAwayFixer/Projects/libgdx/gdx/src/com/badlogic/gdx/graphics/g3d/utils/shapebuilders/EllipseShapeBuilder.java:184: error: [NullAway] (INDEX= 1225) (Covered) passing @Nullable parameter 'null' where @NonNull is required
		VertexInfo currIn = vertTmp3.set(null, null, null, null);
		                                       ^
    (see http://t.uber.com/nullaway )
/Users/nima/Developer/NullAwayFixer/Projects/libgdx/gdx/src/com/badlogic/gdx/graphics/g3d/utils/shapebuilders/EllipseShapeBuilder.java:184: error: [NullAway] (INDEX= 1226) (Covered) passing @Nullable parameter 'null' where @NonNull is required
		VertexInfo currIn = vertTmp3.set(null, null, null, null);
		                                             ^
    (see http://t.uber.com/nullaway )
/Users/nima/Developer/NullAwayFixer/Projects/libgdx/gdx/src/com/badlogic/gdx/graphics/g3d/utils/shapebuilders/EllipseShapeBuilder.java:184: error: [NullAway] (INDEX= 1227) (Covered) passing @Nullable parameter 'null' where @NonNull is required
		VertexInfo currIn = vertTmp3.set(null, null, null, null);
		                                                   ^
    (see http://t.uber.com/nullaway )
/Users/nima/Developer/NullAwayFixer/Projects/libgdx/gdx/src/com/badlogic/gdx/graphics/g3d/utils/shapebuilders/EllipseShapeBuilder.java:189: error: [NullAway] (INDEX= 1228) (Covered) passing @Nullable parameter 'null' where @NonNull is required
		VertexInfo currEx = vertTmp4.set(null, null, null, null);
		                                 ^
    (see http://t.uber.com/nullaway )
/Users/nima/Developer/NullAwayFixer/Projects/libgdx/gdx/src/com/badlogic/gdx/graphics/g3d/utils/shapebuilders/EllipseShapeBuilder.java:189: error: [NullAway] (INDEX= 1229) (Covered) passing @Nullable parameter 'null' where @NonNull is required
		VertexInfo currEx = vertTmp4.set(null, null, null, null);
		                                       ^
    (see http://t.uber.com/nullaway )
/Users/nima/Developer/NullAwayFixer/Projects/libgdx/gdx/src/com/badlogic/gdx/graphics/g3d/utils/shapebuilders/EllipseShapeBuilder.java:189: error: [NullAway] (INDEX= 1230) (Covered) passing @Nullable parameter 'null' where @NonNull is required
		VertexInfo currEx = vertTmp4.set(null, null, null, null);
		                                             ^
    (see http://t.uber.com/nullaway )
/Users/nima/Developer/NullAwayFixer/Projects/libgdx/gdx/src/com/badlogic/gdx/graphics/g3d/utils/shapebuilders/EllipseShapeBuilder.java:189: error: [NullAway] (INDEX= 1231) (Covered) passing @Nullable parameter 'null' where @NonNull is required
		VertexInfo currEx = vertTmp4.set(null, null, null, null);
		                                                   ^
    (see http://t.uber.com/nullaway )
/Users/nima/Developer/NullAwayFixer/Projects/libgdx/gdx/src/com/badlogic/gdx/graphics/g3d/utils/shapebuilders/ConeShapeBuilder.java:49: error: [NullAway] (INDEX= 1232) (Covered) passing @Nullable parameter 'null' where @NonNull is required
		VertexInfo curr1 = vertTmp3.set(null, null, null, null);
		                                ^
    (see http://t.uber.com/nullaway )
/Users/nima/Developer/NullAwayFixer/Projects/libgdx/gdx/src/com/badlogic/gdx/graphics/g3d/utils/shapebuilders/ConeShapeBuilder.java:49: error: [NullAway] (INDEX= 1233) (Covered) passing @Nullable parameter 'null' where @NonNull is required
		VertexInfo curr1 = vertTmp3.set(null, null, null, null);
		                                      ^
    (see http://t.uber.com/nullaway )
/Users/nima/Developer/NullAwayFixer/Projects/libgdx/gdx/src/com/badlogic/gdx/graphics/g3d/utils/shapebuilders/ConeShapeBuilder.java:49: error: [NullAway] (INDEX= 1234) (Covered) passing @Nullable parameter 'null' where @NonNull is required
		VertexInfo curr1 = vertTmp3.set(null, null, null, null);
		                                            ^
    (see http://t.uber.com/nullaway )
/Users/nima/Developer/NullAwayFixer/Projects/libgdx/gdx/src/com/badlogic/gdx/graphics/g3d/utils/shapebuilders/ConeShapeBuilder.java:49: error: [NullAway] (INDEX= 1235) (Covered) passing @Nullable parameter 'null' where @NonNull is required
		VertexInfo curr1 = vertTmp3.set(null, null, null, null);
		                                                  ^
    (see http://t.uber.com/nullaway )
/Users/nima/Developer/NullAwayFixer/Projects/libgdx/gdx/src/com/badlogic/gdx/graphics/g3d/utils/shapebuilders/ConeShapeBuilder.java:51: error: [NullAway] (INDEX= 1236) (Covered) passing @Nullable parameter 'null' where @NonNull is required
		VertexInfo curr2 = vertTmp4.set(null, null, null, null).setPos(0, hh, 0).setNor(0, 1, 0).setUV(0.5f, 0);
		                                ^
    (see http://t.uber.com/nullaway )
/Users/nima/Developer/NullAwayFixer/Projects/libgdx/gdx/src/com/badlogic/gdx/graphics/g3d/utils/shapebuilders/ConeShapeBuilder.java:51: error: [NullAway] (INDEX= 1237) (Covered) passing @Nullable parameter 'null' where @NonNull is required
		VertexInfo curr2 = vertTmp4.set(null, null, null, null).setPos(0, hh, 0).setNor(0, 1, 0).setUV(0.5f, 0);
		                                      ^
    (see http://t.uber.com/nullaway )
/Users/nima/Developer/NullAwayFixer/Projects/libgdx/gdx/src/com/badlogic/gdx/graphics/g3d/utils/shapebuilders/ConeShapeBuilder.java:51: error: [NullAway] (INDEX= 1238) (Covered) passing @Nullable parameter 'null' where @NonNull is required
		VertexInfo curr2 = vertTmp4.set(null, null, null, null).setPos(0, hh, 0).setNor(0, 1, 0).setUV(0.5f, 0);
		                                            ^
    (see http://t.uber.com/nullaway )
/Users/nima/Developer/NullAwayFixer/Projects/libgdx/gdx/src/com/badlogic/gdx/graphics/g3d/utils/shapebuilders/ConeShapeBuilder.java:51: error: [NullAway] (INDEX= 1239) (Covered) passing @Nullable parameter 'null' where @NonNull is required
		VertexInfo curr2 = vertTmp4.set(null, null, null, null).setPos(0, hh, 0).setNor(0, 1, 0).setUV(0.5f, 0);
		                                                  ^
    (see http://t.uber.com/nullaway )
/Users/nima/Developer/NullAwayFixer/Projects/libgdx/gdx/src/com/badlogic/gdx/graphics/g3d/utils/shapebuilders/RenderableShapeBuilder.java:54: error: [NullAway] (INDEX= 1240) (Covered) @NonNull static field indices not initialized
	private static short[] indices;
	                       ^
    (see http://t.uber.com/nullaway )
/Users/nima/Developer/NullAwayFixer/Projects/libgdx/gdx/src/com/badlogic/gdx/graphics/g3d/utils/shapebuilders/RenderableShapeBuilder.java:55: error: [NullAway] (INDEX= 1241) (Covered) @NonNull static field vertices not initialized
	private static float[] vertices;
	                       ^
    (see http://t.uber.com/nullaway )
/Users/nima/Developer/NullAwayFixer/Projects/libgdx/gdx/src/com/badlogic/gdx/graphics/g3d/utils/shapebuilders/RenderableShapeBuilder.java:45: error: [NullAway] (INDEX= 1242) (Covered) assigning @Nullable expression to @NonNull field
			renderable.environment = null;
			                       ^
    (see http://t.uber.com/nullaway )
/Users/nima/Developer/NullAwayFixer/Projects/libgdx/gdx/src/com/badlogic/gdx/graphics/g3d/utils/shapebuilders/RenderableShapeBuilder.java:46: error: [NullAway] (INDEX= 1243) (Covered) assigning @Nullable expression to @NonNull field
			renderable.material = null;
			                    ^
    (see http://t.uber.com/nullaway )
/Users/nima/Developer/NullAwayFixer/Projects/libgdx/gdx/src/com/badlogic/gdx/graphics/g3d/utils/shapebuilders/RenderableShapeBuilder.java:47: error: [NullAway] (INDEX= 1244) (Covered) passing @Nullable parameter 'null' where @NonNull is required
			renderable.meshPart.set("", null, 0, 0, 0);
			                            ^
    (see http://t.uber.com/nullaway )
/Users/nima/Developer/NullAwayFixer/Projects/libgdx/gdx/src/com/badlogic/gdx/graphics/g3d/utils/shapebuilders/RenderableShapeBuilder.java:48: error: [NullAway] (INDEX= 1245) (Covered) assigning @Nullable expression to @NonNull field
			renderable.shader = null;
			                  ^
    (see http://t.uber.com/nullaway )
/Users/nima/Developer/NullAwayFixer/Projects/libgdx/gdx/src/com/badlogic/gdx/graphics/g3d/utils/shapebuilders/RenderableShapeBuilder.java:49: error: [NullAway] (INDEX= 1246) (Covered) assigning @Nullable expression to @NonNull field
			renderable.userData = null;
			                    ^
    (see http://t.uber.com/nullaway )
/Users/nima/Developer/NullAwayFixer/Projects/libgdx/gdx/src/com/badlogic/gdx/graphics/g3d/utils/ModelBuilder.java:43: error: [NullAway] (INDEX= 1247) (Covered) @NonNull field model not initialized
	private Model model;
	              ^
    (see http://t.uber.com/nullaway )
/Users/nima/Developer/NullAwayFixer/Projects/libgdx/gdx/src/com/badlogic/gdx/graphics/g3d/utils/ModelBuilder.java:45: error: [NullAway] (INDEX= 1248) (Covered) @NonNull field node not initialized
	private Node node;
	             ^
    (see http://t.uber.com/nullaway )
/Users/nima/Developer/NullAwayFixer/Projects/libgdx/gdx/src/com/badlogic/gdx/graphics/g3d/utils/ModelBuilder.java:63: error: [NullAway] (INDEX= 1249) (Covered) assigning @Nullable expression to @NonNull field
		node = null;
		     ^
    (see http://t.uber.com/nullaway )
/Users/nima/Developer/NullAwayFixer/Projects/libgdx/gdx/src/com/badlogic/gdx/graphics/g3d/utils/ModelBuilder.java:74: error: [NullAway] (INDEX= 1250) (Covered) assigning @Nullable expression to @NonNull field
		model = null;
		      ^
    (see http://t.uber.com/nullaway )
/Users/nima/Developer/NullAwayFixer/Projects/libgdx/gdx/src/com/badlogic/gdx/graphics/g3d/utils/ModelBuilder.java:86: error: [NullAway] (INDEX= 1251) (Covered) assigning @Nullable expression to @NonNull field
			node = null;
			     ^
    (see http://t.uber.com/nullaway )
/Users/nima/Developer/NullAwayFixer/Projects/libgdx/gdx/src/com/badlogic/gdx/graphics/g3d/utils/CameraInputController.java:78: error: [NullAway] (INDEX= 1252) (Covered) @NonNull field CameraInputController$CameraGestureListener.controller not initialized
		public CameraInputController controller;
		                             ^
    (see http://t.uber.com/nullaway )
/Users/nima/Developer/NullAwayFixer/Projects/libgdx/gdx/src/com/badlogic/gdx/graphics/g3d/utils/DepthShaderProvider.java:41: error: [NullAway] (INDEX= 1253) (Covered) passing @Nullable parameter 'null' where @NonNull is required
		this(null);
		     ^
    (see http://t.uber.com/nullaway )
/Users/nima/Developer/NullAwayFixer/Projects/libgdx/gdx/src/com/badlogic/gdx/graphics/g3d/shaders/DepthShader.java:47: error: [NullAway] (INDEX= 1254) (Covered) assigning @Nullable expression to @NonNull field
	private static String defaultVertexShader = null;
	                      ^
    (see http://t.uber.com/nullaway )
/Users/nima/Developer/NullAwayFixer/Projects/libgdx/gdx/src/com/badlogic/gdx/graphics/g3d/shaders/DepthShader.java:55: error: [NullAway] (INDEX= 1255) (Covered) assigning @Nullable expression to @NonNull field
	private static String defaultFragmentShader = null;
	                      ^
    (see http://t.uber.com/nullaway )
/Users/nima/Developer/NullAwayFixer/Projects/libgdx/gdx/src/com/badlogic/gdx/graphics/g3d/particles/ParallelArray.java:193: error: [NullAway] (INDEX= 1256) (Covered) passing @Nullable parameter 'null' where @NonNull is required
		return addChannel(channelDescriptor, null);
		                                     ^
    (see http://t.uber.com/nullaway )
/Users/nima/Developer/NullAwayFixer/Projects/libgdx/gdx/src/com/badlogic/gdx/graphics/g3d/particles/ParallelArray.java:263: error: [NullAway] (INDEX= 1257) (Covered) returning @Nullable expression from method with @NonNull return type
		return null;
		^
    (see http://t.uber.com/nullaway )
/Users/nima/Developer/NullAwayFixer/Projects/libgdx/gdx/src/com/badlogic/gdx/graphics/g3d/particles/ParticleChannels.java:38: error: [NullAway] (INDEX= 1258) (Covered) @NonNull static field ParticleChannels$TextureRegionInitializer.instance not initialized
		private static TextureRegionInitializer instance;
		                                        ^
    (see http://t.uber.com/nullaway )
/Users/nima/Developer/NullAwayFixer/Projects/libgdx/gdx/src/com/badlogic/gdx/graphics/g3d/particles/ParticleChannels.java:59: error: [NullAway] (INDEX= 1259) (Covered) @NonNull static field ParticleChannels$ColorInitializer.instance not initialized
		private static ColorInitializer instance;
		                                ^
    (see http://t.uber.com/nullaway )
/Users/nima/Developer/NullAwayFixer/Projects/libgdx/gdx/src/com/badlogic/gdx/graphics/g3d/particles/ParticleChannels.java:73: error: [NullAway] (INDEX= 1260) (Covered) @NonNull static field ParticleChannels$ScaleInitializer.instance not initialized
		private static ScaleInitializer instance;
		                                ^
    (see http://t.uber.com/nullaway )
/Users/nima/Developer/NullAwayFixer/Projects/libgdx/gdx/src/com/badlogic/gdx/graphics/g3d/particles/ParticleChannels.java:87: error: [NullAway] (INDEX= 1261) (Covered) @NonNull static field ParticleChannels$Rotation2dInitializer.instance not initialized
		private static Rotation2dInitializer instance;
		                                     ^
    (see http://t.uber.com/nullaway )
/Users/nima/Developer/NullAwayFixer/Projects/libgdx/gdx/src/com/badlogic/gdx/graphics/g3d/particles/ParticleChannels.java:104: error: [NullAway] (INDEX= 1262) (Covered) @NonNull static field ParticleChannels$Rotation3dInitializer.instance not initialized
		private static Rotation3dInitializer instance;
		                                     ^
    (see http://t.uber.com/nullaway )
/Users/nima/Developer/NullAwayFixer/Projects/libgdx/gdx/src/com/badlogic/gdx/graphics/g3d/particles/renderers/ParticleControllerRenderer.java:31: error: [NullAway] (INDEX= 1263) (Covered) initializer method does not guarantee @NonNull fields batch (line 28), renderData (line 29) are initialized along all control-flow paths (remember to check for exceptions or early returns).
	protected ParticleControllerRenderer () {
	          ^
    (see http://t.uber.com/nullaway )
/Users/nima/Developer/NullAwayFixer/Projects/libgdx/gdx/src/com/badlogic/gdx/graphics/g3d/particles/renderers/ParticleControllerRenderer.java:34: error: [NullAway] (INDEX= 1264) (Covered) initializer method does not guarantee @NonNull field batch (line 28) is initialized along all control-flow paths (remember to check for exceptions or early returns).
	protected ParticleControllerRenderer (D renderData) {
	          ^
    (see http://t.uber.com/nullaway )
/Users/nima/Developer/NullAwayFixer/Projects/libgdx/gdx/src/com/badlogic/gdx/graphics/g3d/particles/ParticleControllerComponent.java:37: error: [NullAway] (INDEX= 1265) (Covered) @NonNull field controller not initialized
	protected ParticleController controller;
	                             ^
    (see http://t.uber.com/nullaway )
/Users/nima/Developer/NullAwayFixer/Projects/libgdx/gdx/src/com/badlogic/gdx/graphics/g3d/particles/ResourceData.java:151: error: [NullAway] (INDEX= 1266) (Covered) initializer method does not guarantee @NonNull field resource (line 149) is initialized along all control-flow paths (remember to check for exceptions or early returns).
	public ResourceData () {
	       ^
    (see http://t.uber.com/nullaway )
/Users/nima/Developer/NullAwayFixer/Projects/libgdx/gdx/src/com/badlogic/gdx/graphics/g3d/particles/ResourceData.java:59: error: [NullAway] (INDEX= 1267) (Covered) initializer method does not guarantee @NonNull field resources (line 57) is initialized along all control-flow paths (remember to check for exceptions or early returns).
		public SaveData () {
		       ^
    (see http://t.uber.com/nullaway )
/Users/nima/Developer/NullAwayFixer/Projects/libgdx/gdx/src/com/badlogic/gdx/graphics/g3d/particles/ResourceData.java:86: error: [NullAway] (INDEX= 1268) (Covered) returning @Nullable expression from method with @NonNull return type
			if (loadIndex == assets.size) return null;
			                              ^
    (see http://t.uber.com/nullaway )
/Users/nima/Developer/NullAwayFixer/Projects/libgdx/gdx/src/com/badlogic/gdx/graphics/g3d/particles/ResourceData.java:92: error: [NullAway] (INDEX= 1269) (Covered) returning @Nullable expression from method with @NonNull return type
			return (K)data.get(key);
			^
    (see http://t.uber.com/nullaway )
/Users/nima/Developer/NullAwayFixer/Projects/libgdx/gdx/src/com/badlogic/gdx/graphics/g3d/particles/ResourceData.java:113: error: [NullAway] (INDEX= 1270) (Covered) initializer method does not guarantee @NonNull fields filename (line 110), type (line 111) are initialized along all control-flow paths (remember to check for exceptions or early returns).
		public AssetData () {
		       ^
    (see http://t.uber.com/nullaway )
/Users/nima/Developer/NullAwayFixer/Projects/libgdx/gdx/src/com/badlogic/gdx/graphics/g3d/particles/ResourceData.java:208: error: [NullAway] (INDEX= 1271) (Covered) returning @Nullable expression from method with @NonNull return type
		return uniqueData.get(key);
		^
    (see http://t.uber.com/nullaway )
/Users/nima/Developer/NullAwayFixer/Projects/libgdx/gdx/src/com/badlogic/gdx/graphics/g3d/particles/ResourceData.java:216: error: [NullAway] (INDEX= 1272) (Covered) passing @Nullable parameter 'null' where @NonNull is required
		json.writeValue("resource", resource, null);
		                                      ^
    (see http://t.uber.com/nullaway )
/Users/nima/Developer/NullAwayFixer/Projects/libgdx/gdx/src/com/badlogic/gdx/graphics/g3d/particles/ResourceData.java:223: error: [NullAway] (INDEX= 1273) dereferenced expression entry.value is @Nullable
			entry.value.resources = this;
			           ^
    (see http://t.uber.com/nullaway )
/Users/nima/Developer/NullAwayFixer/Projects/libgdx/gdx/src/com/badlogic/gdx/graphics/g3d/particles/ResourceData.java:232: error: [NullAway] (INDEX= 1274) (Covered) passing @Nullable parameter 'null' where @NonNull is required
		resource = json.readValue("resource", null, jsonData);
		                                      ^
    (see http://t.uber.com/nullaway )
/Users/nima/Developer/NullAwayFixer/Projects/libgdx/gdx/src/com/badlogic/gdx/graphics/g3d/particles/renderers/PointSpriteControllerRenderData.java:24: error: [NullAway] (INDEX= 1275) (Covered) @NonNull field regionChannel not initialized
	public FloatChannel regionChannel, colorChannel, scaleChannel, rotationChannel;
	                    ^
    (see http://t.uber.com/nullaway )
/Users/nima/Developer/NullAwayFixer/Projects/libgdx/gdx/src/com/badlogic/gdx/graphics/g3d/particles/renderers/PointSpriteControllerRenderData.java:24: error: [NullAway] (INDEX= 1276) (Covered) @NonNull field colorChannel not initialized
	public FloatChannel regionChannel, colorChannel, scaleChannel, rotationChannel;
	                                   ^
    (see http://t.uber.com/nullaway )
/Users/nima/Developer/NullAwayFixer/Projects/libgdx/gdx/src/com/badlogic/gdx/graphics/g3d/particles/renderers/PointSpriteControllerRenderData.java:24: error: [NullAway] (INDEX= 1277) (Covered) @NonNull field scaleChannel not initialized
	public FloatChannel regionChannel, colorChannel, scaleChannel, rotationChannel;
	                                                 ^
    (see http://t.uber.com/nullaway )
/Users/nima/Developer/NullAwayFixer/Projects/libgdx/gdx/src/com/badlogic/gdx/graphics/g3d/particles/renderers/PointSpriteControllerRenderData.java:24: error: [NullAway] (INDEX= 1278) (Covered) @NonNull field rotationChannel not initialized
	public FloatChannel regionChannel, colorChannel, scaleChannel, rotationChannel;
	                                                               ^
    (see http://t.uber.com/nullaway )
/Users/nima/Developer/NullAwayFixer/Projects/libgdx/gdx/src/com/badlogic/gdx/graphics/g3d/particles/renderers/ParticleControllerRenderData.java:25: error: [NullAway] (INDEX= 1279) (Covered) @NonNull field controller not initialized
	public ParticleController controller;
	                          ^
    (see http://t.uber.com/nullaway )
/Users/nima/Developer/NullAwayFixer/Projects/libgdx/gdx/src/com/badlogic/gdx/graphics/g3d/particles/renderers/ParticleControllerRenderData.java:26: error: [NullAway] (INDEX= 1280) (Covered) @NonNull field positionChannel not initialized
	public FloatChannel positionChannel;
	                    ^
    (see http://t.uber.com/nullaway )
/Users/nima/Developer/NullAwayFixer/Projects/libgdx/gdx/src/com/badlogic/gdx/graphics/g3d/particles/ParticleShader.java:215: error: [NullAway] (INDEX= 1281) (Covered) initializer method does not guarantee @NonNull field currentMaterial (line 305) is initialized along all control-flow paths (remember to check for exceptions or early returns).
	public ParticleShader (final Renderable renderable, final Config config, final ShaderProgram shaderProgram) {
	       ^
    (see http://t.uber.com/nullaway )
/Users/nima/Developer/NullAwayFixer/Projects/libgdx/gdx/src/com/badlogic/gdx/graphics/g3d/particles/ParticleShader.java:54: error: [NullAway] (INDEX= 1282) (Covered) assigning @Nullable expression to @NonNull field
		public String vertexShader = null;
		              ^
    (see http://t.uber.com/nullaway )
/Users/nima/Developer/NullAwayFixer/Projects/libgdx/gdx/src/com/badlogic/gdx/graphics/g3d/particles/ParticleShader.java:56: error: [NullAway] (INDEX= 1283) (Covered) assigning @Nullable expression to @NonNull field
		public String fragmentShader = null;
		              ^
    (see http://t.uber.com/nullaway )
/Users/nima/Developer/NullAwayFixer/Projects/libgdx/gdx/src/com/badlogic/gdx/graphics/g3d/particles/ParticleShader.java:87: error: [NullAway] (INDEX= 1284) (Covered) assigning @Nullable expression to @NonNull field
	private static String defaultVertexShader = null;
	                      ^
    (see http://t.uber.com/nullaway )
/Users/nima/Developer/NullAwayFixer/Projects/libgdx/gdx/src/com/badlogic/gdx/graphics/g3d/particles/ParticleShader.java:95: error: [NullAway] (INDEX= 1285) (Covered) assigning @Nullable expression to @NonNull field
	private static String defaultFragmentShader = null;
	                      ^
    (see http://t.uber.com/nullaway )
/Users/nima/Developer/NullAwayFixer/Projects/libgdx/gdx/src/com/badlogic/gdx/graphics/g3d/particles/ParticleShader.java:242: error: [NullAway] (INDEX= 1286) (Covered) assigning @Nullable expression to @NonNull field
		this.program = null;
		             ^
    (see http://t.uber.com/nullaway )
/Users/nima/Developer/NullAwayFixer/Projects/libgdx/gdx/src/com/badlogic/gdx/graphics/g3d/particles/ParticleShader.java:244: error: [NullAway] (INDEX= 1287) (Covered) assigning @Nullable expression to @NonNull field
		renderable = null;
		           ^
    (see http://t.uber.com/nullaway )
/Users/nima/Developer/NullAwayFixer/Projects/libgdx/gdx/src/com/badlogic/gdx/graphics/g3d/particles/ParticleShader.java:301: error: [NullAway] (INDEX= 1288) (Covered) assigning @Nullable expression to @NonNull field
		currentMaterial = null;
		                ^
    (see http://t.uber.com/nullaway )
/Users/nima/Developer/NullAwayFixer/Projects/libgdx/gdx/src/com/badlogic/gdx/graphics/g3d/particles/batches/PointSpriteParticleBatch.java:80: error: [NullAway] (INDEX= 1289) (Covered) initializer method does not guarantee @NonNull field vertices (line 69) is initialized along all control-flow paths (remember to check for exceptions or early returns).
	public PointSpriteParticleBatch (int capacity, ParticleShader.Config shaderConfig) {
	       ^
    (see http://t.uber.com/nullaway )
/Users/nima/Developer/NullAwayFixer/Projects/libgdx/gdx/src/com/badlogic/gdx/graphics/g3d/particles/batches/PointSpriteParticleBatch.java:87: error: [NullAway] (INDEX= 1290) read of @NonNull field renderable before initialization
		renderable.shader = new ParticleShader(renderable, shaderConfig);
		^
    (see http://t.uber.com/nullaway )
/Users/nima/Developer/NullAwayFixer/Projects/libgdx/gdx/src/com/badlogic/gdx/graphics/g3d/particles/batches/PointSpriteParticleBatch.java:87: error: [NullAway] (INDEX= 1291) read of @NonNull field renderable before initialization
		renderable.shader = new ParticleShader(renderable, shaderConfig);
		                                       ^
    (see http://t.uber.com/nullaway )
/Users/nima/Developer/NullAwayFixer/Projects/libgdx/gdx/src/com/badlogic/gdx/graphics/g3d/particles/batches/PointSpriteParticleBatch.java:88: error: [NullAway] (INDEX= 1292) read of @NonNull field renderable before initialization
		renderable.shader.init();
		^
    (see http://t.uber.com/nullaway )
/Users/nima/Developer/NullAwayFixer/Projects/libgdx/gdx/src/com/badlogic/gdx/graphics/g3d/particles/batches/PointSpriteParticleBatch.java:103: error: [NullAway] (INDEX= 1293) (Covered) passing @Nullable parameter '(Texture)null' where @NonNull is required
			new DepthTestAttribute(GL20.GL_LEQUAL, false), TextureAttribute.createDiffuse((Texture)null));
			                                                                              ^
    (see http://t.uber.com/nullaway )
/Users/nima/Developer/NullAwayFixer/Projects/libgdx/gdx/src/com/badlogic/gdx/graphics/g3d/particles/batches/BufferedParticleBatch.java:32: error: [NullAway] (INDEX= 1294) (Covered) initializer method does not guarantee @NonNull field camera (line 30) is initialized along all control-flow paths (remember to check for exceptions or early returns).
	protected BufferedParticleBatch (Class<T> type) {
	          ^
    (see http://t.uber.com/nullaway )
/Users/nima/Developer/NullAwayFixer/Projects/libgdx/gdx/src/com/badlogic/gdx/graphics/g3d/particles/ParticleController.java:70: error: [NullAway] (INDEX= 1295) (Covered) initializer method does not guarantee @NonNull fields name (line 43), emitter (line 46), renderer (line 52), particles (line 55), particleChannels (line 56), boundingBox (line 65) are initialized along all control-flow paths (remember to check for exceptions or early returns).
	public ParticleController () {
	       ^
    (see http://t.uber.com/nullaway )
/Users/nima/Developer/NullAwayFixer/Projects/libgdx/gdx/src/com/badlogic/gdx/graphics/g3d/particles/ParticleController.java:290: error: [NullAway] (INDEX= 1296) (Covered) returning @Nullable expression from method with @NonNull return type
		return index > -1 ? (K)influencers.get(index) : null;
		^
    (see http://t.uber.com/nullaway )
/Users/nima/Developer/NullAwayFixer/Projects/libgdx/gdx/src/com/badlogic/gdx/graphics/g3d/particles/ParticleSorter.java:147: error: [NullAway] (INDEX= 1297) (Covered) @NonNull field camera not initialized
	protected Camera camera;
	                 ^
    (see http://t.uber.com/nullaway )
/Users/nima/Developer/NullAwayFixer/Projects/libgdx/gdx/src/com/badlogic/gdx/graphics/g3d/particles/ParticleSorter.java:33: error: [NullAway] (INDEX= 1298) (Covered) @NonNull field ParticleSorter$None.indices not initialized
		int[] indices;
		      ^
    (see http://t.uber.com/nullaway )
/Users/nima/Developer/NullAwayFixer/Projects/libgdx/gdx/src/com/badlogic/gdx/graphics/g3d/particles/ParticleSorter.java:53: error: [NullAway] (INDEX= 1299) (Covered) @NonNull field ParticleSorter$Distance.distances not initialized
		private float[] distances;
		                ^
    (see http://t.uber.com/nullaway )
/Users/nima/Developer/NullAwayFixer/Projects/libgdx/gdx/src/com/badlogic/gdx/graphics/g3d/particles/ParticleSorter.java:54: error: [NullAway] (INDEX= 1300) (Covered) @NonNull field ParticleSorter$Distance.particleIndices not initialized
		private int[] particleIndices, particleOffsets;
		              ^
    (see http://t.uber.com/nullaway )
/Users/nima/Developer/NullAwayFixer/Projects/libgdx/gdx/src/com/badlogic/gdx/graphics/g3d/particles/ParticleSorter.java:54: error: [NullAway] (INDEX= 1301) (Covered) @NonNull field ParticleSorter$Distance.particleOffsets not initialized
		private int[] particleIndices, particleOffsets;
		                               ^
    (see http://t.uber.com/nullaway )
/Users/nima/Developer/NullAwayFixer/Projects/libgdx/gdx/src/com/badlogic/gdx/graphics/g3d/particles/renderers/BillboardControllerRenderData.java:24: error: [NullAway] (INDEX= 1302) (Covered) @NonNull field regionChannel not initialized
	public FloatChannel regionChannel, colorChannel, scaleChannel, rotationChannel;
	                    ^
    (see http://t.uber.com/nullaway )
/Users/nima/Developer/NullAwayFixer/Projects/libgdx/gdx/src/com/badlogic/gdx/graphics/g3d/particles/renderers/BillboardControllerRenderData.java:24: error: [NullAway] (INDEX= 1303) (Covered) @NonNull field colorChannel not initialized
	public FloatChannel regionChannel, colorChannel, scaleChannel, rotationChannel;
	                                   ^
    (see http://t.uber.com/nullaway )
/Users/nima/Developer/NullAwayFixer/Projects/libgdx/gdx/src/com/badlogic/gdx/graphics/g3d/particles/renderers/BillboardControllerRenderData.java:24: error: [NullAway] (INDEX= 1304) (Covered) @NonNull field scaleChannel not initialized
	public FloatChannel regionChannel, colorChannel, scaleChannel, rotationChannel;
	                                                 ^
    (see http://t.uber.com/nullaway )
/Users/nima/Developer/NullAwayFixer/Projects/libgdx/gdx/src/com/badlogic/gdx/graphics/g3d/particles/renderers/BillboardControllerRenderData.java:24: error: [NullAway] (INDEX= 1305) (Covered) @NonNull field rotationChannel not initialized
	public FloatChannel regionChannel, colorChannel, scaleChannel, rotationChannel;
	                                                               ^
    (see http://t.uber.com/nullaway )
/Users/nima/Developer/NullAwayFixer/Projects/libgdx/gdx/src/com/badlogic/gdx/graphics/g3d/particles/renderers/ModelInstanceControllerRenderData.java:26: error: [NullAway] (INDEX= 1306) (Covered) @NonNull field modelInstanceChannel not initialized
	public ObjectChannel<ModelInstance> modelInstanceChannel;
	                                    ^
    (see http://t.uber.com/nullaway )
/Users/nima/Developer/NullAwayFixer/Projects/libgdx/gdx/src/com/badlogic/gdx/graphics/g3d/particles/renderers/ModelInstanceControllerRenderData.java:27: error: [NullAway] (INDEX= 1307) (Covered) @NonNull field colorChannel not initialized
	public FloatChannel colorChannel, scaleChannel, rotationChannel;
	                    ^
    (see http://t.uber.com/nullaway )
/Users/nima/Developer/NullAwayFixer/Projects/libgdx/gdx/src/com/badlogic/gdx/graphics/g3d/particles/renderers/ModelInstanceControllerRenderData.java:27: error: [NullAway] (INDEX= 1308) (Covered) @NonNull field scaleChannel not initialized
	public FloatChannel colorChannel, scaleChannel, rotationChannel;
	                                  ^
    (see http://t.uber.com/nullaway )
/Users/nima/Developer/NullAwayFixer/Projects/libgdx/gdx/src/com/badlogic/gdx/graphics/g3d/particles/renderers/ModelInstanceControllerRenderData.java:27: error: [NullAway] (INDEX= 1309) (Covered) @NonNull field rotationChannel not initialized
	public FloatChannel colorChannel, scaleChannel, rotationChannel;
	                                                ^
    (see http://t.uber.com/nullaway )
/Users/nima/Developer/NullAwayFixer/Projects/libgdx/gdx/src/com/badlogic/gdx/graphics/g3d/particles/renderers/ParticleControllerControllerRenderer.java:32: error: [NullAway] (INDEX= 1310) (Covered) @NonNull field controllerChannel not initialized
	ObjectChannel<ParticleController> controllerChannel;
	                                  ^
    (see http://t.uber.com/nullaway )
/Users/nima/Developer/NullAwayFixer/Projects/libgdx/gdx/src/com/badlogic/gdx/graphics/g3d/particles/batches/BillboardParticleBatch.java:135: error: [NullAway] (INDEX= 1311) (Covered) initializer method does not guarantee @NonNull fields vertices (line 118), currentAttributes (line 121), texture (line 124), shader (line 127) are initialized along all control-flow paths (remember to check for exceptions or early returns).
	public BillboardParticleBatch (AlignMode mode, boolean useGPU, int capacity, BlendingAttribute blendingAttribute,
	       ^
    (see http://t.uber.com/nullaway )
/Users/nima/Developer/NullAwayFixer/Projects/libgdx/gdx/src/com/badlogic/gdx/graphics/g3d/particles/batches/BillboardParticleBatch.java:104: error: [NullAway] (INDEX= 1312) (Covered) initializer method does not guarantee @NonNull field mode (line 113) is initialized along all control-flow paths (remember to check for exceptions or early returns).
		public Config () {
		       ^
    (see http://t.uber.com/nullaway )
/Users/nima/Developer/NullAwayFixer/Projects/libgdx/gdx/src/com/badlogic/gdx/graphics/g3d/particles/batches/BillboardParticleBatch.java:155: error: [NullAway] (INDEX= 1313) (Covered) passing @Nullable parameter 'null' where @NonNull is required
		this(mode, useGPU, capacity, null, null);
		                             ^
    (see http://t.uber.com/nullaway )
/Users/nima/Developer/NullAwayFixer/Projects/libgdx/gdx/src/com/badlogic/gdx/graphics/g3d/particles/batches/BillboardParticleBatch.java:155: error: [NullAway] (INDEX= 1314) (Covered) passing @Nullable parameter 'null' where @NonNull is required
		this(mode, useGPU, capacity, null, null);
		                                   ^
    (see http://t.uber.com/nullaway )
/Users/nima/Developer/NullAwayFixer/Projects/libgdx/gdx/src/com/badlogic/gdx/graphics/g3d/attributes/BlendingAttribute.java:44: error: [NullAway] (INDEX= 1315) (Covered) passing @Nullable parameter 'null' where @NonNull is required
		this(null);
		     ^
    (see http://t.uber.com/nullaway )
/Users/nima/Developer/NullAwayFixer/Projects/libgdx/gdx/src/com/badlogic/gdx/graphics/g3d/particles/values/MeshSpawnShapeValue.java:66: error: [NullAway] (INDEX= 1316) (Covered) initializer method does not guarantee @NonNull fields mesh (line 62), model (line 64) are initialized along all control-flow paths (remember to check for exceptions or early returns).
	public MeshSpawnShapeValue (MeshSpawnShapeValue value) {
	       ^
    (see http://t.uber.com/nullaway )
/Users/nima/Developer/NullAwayFixer/Projects/libgdx/gdx/src/com/badlogic/gdx/graphics/g3d/particles/values/MeshSpawnShapeValue.java:70: error: [NullAway] (INDEX= 1317) (Covered) initializer method does not guarantee @NonNull fields mesh (line 62), model (line 64) are initialized along all control-flow paths (remember to check for exceptions or early returns).
	public MeshSpawnShapeValue () {
	       ^
    (see http://t.uber.com/nullaway )
/Users/nima/Developer/NullAwayFixer/Projects/libgdx/gdx/src/com/badlogic/gdx/graphics/g3d/particles/values/MeshSpawnShapeValue.java:88: error: [NullAway] (INDEX= 1318) (Covered) passing @Nullable parameter 'null' where @NonNull is required
		this.setMesh(mesh, null);
		                   ^
    (see http://t.uber.com/nullaway )
/Users/nima/Developer/NullAwayFixer/Projects/libgdx/gdx/src/com/badlogic/gdx/graphics/g3d/particles/values/UnweightedMeshSpawnShapeValue.java:32: error: [NullAway] (INDEX= 1319) (Covered) initializer method does not guarantee @NonNull fields vertices (line 28), indices (line 29) are initialized along all control-flow paths (remember to check for exceptions or early returns).
	public UnweightedMeshSpawnShapeValue (UnweightedMeshSpawnShapeValue value) {
	       ^
    (see http://t.uber.com/nullaway )
/Users/nima/Developer/NullAwayFixer/Projects/libgdx/gdx/src/com/badlogic/gdx/graphics/g3d/particles/values/UnweightedMeshSpawnShapeValue.java:37: error: [NullAway] (INDEX= 1320) (Covered) initializer method does not guarantee @NonNull fields vertices (line 28), indices (line 29) are initialized along all control-flow paths (remember to check for exceptions or early returns).
	public UnweightedMeshSpawnShapeValue () {
	       ^
    (see http://t.uber.com/nullaway )
/Users/nima/Developer/NullAwayFixer/Projects/libgdx/gdx/src/com/badlogic/gdx/graphics/g3d/particles/values/UnweightedMeshSpawnShapeValue.java:51: error: [NullAway] (INDEX= 1321) (Covered) assigning @Nullable expression to @NonNull field
			indices = null;
			        ^
    (see http://t.uber.com/nullaway )
/Users/nima/Developer/NullAwayFixer/Projects/libgdx/gdx/src/com/badlogic/gdx/graphics/g3d/particles/ParticleEffectLoader.java:130: error: [NullAway] (INDEX= 1322) dereferenced expression effectData is @Nullable
		effectData.resource.load(manager, effectData);
		          ^
    (see http://t.uber.com/nullaway )
/Users/nima/Developer/NullAwayFixer/Projects/libgdx/gdx/src/com/badlogic/gdx/graphics/g3d/particles/ParticleEffectLoader.java:146: error: [NullAway] (INDEX= 1323) (Covered) returning @Nullable expression from method with @NonNull return type
		return null;
		^
    (see http://t.uber.com/nullaway )
/Users/nima/Developer/NullAwayFixer/Projects/libgdx/gdx/src/com/badlogic/gdx/graphics/g3d/particles/ParticleEffect.java:35: error: [NullAway] (INDEX= 1324) (Covered) initializer method does not guarantee @NonNull field bounds (line 33) is initialized along all control-flow paths (remember to check for exceptions or early returns).
	public ParticleEffect () {
	       ^
    (see http://t.uber.com/nullaway )
/Users/nima/Developer/NullAwayFixer/Projects/libgdx/gdx/src/com/badlogic/gdx/graphics/g3d/particles/ParticleEffect.java:39: error: [NullAway] (INDEX= 1325) (Covered) initializer method does not guarantee @NonNull field bounds (line 33) is initialized along all control-flow paths (remember to check for exceptions or early returns).
	public ParticleEffect (ParticleEffect effect) {
	       ^
    (see http://t.uber.com/nullaway )
/Users/nima/Developer/NullAwayFixer/Projects/libgdx/gdx/src/com/badlogic/gdx/graphics/g3d/particles/ParticleEffect.java:45: error: [NullAway] (INDEX= 1326) (Covered) initializer method does not guarantee @NonNull field bounds (line 33) is initialized along all control-flow paths (remember to check for exceptions or early returns).
	public ParticleEffect (ParticleController... emitters) {
	       ^
    (see http://t.uber.com/nullaway )
/Users/nima/Developer/NullAwayFixer/Projects/libgdx/gdx/src/com/badlogic/gdx/graphics/g3d/particles/ParticleEffect.java:143: error: [NullAway] (INDEX= 1327) (Covered) returning @Nullable expression from method with @NonNull return type
		return null;
		^
    (see http://t.uber.com/nullaway )
/Users/nima/Developer/NullAwayFixer/Projects/libgdx/gdx/src/com/badlogic/gdx/graphics/g3d/particles/influencers/ColorInfluencer.java:133: error: [NullAway] (INDEX= 1328) (Covered) @NonNull field colorChannel not initialized
	FloatChannel colorChannel;
	             ^
    (see http://t.uber.com/nullaway )
/Users/nima/Developer/NullAwayFixer/Projects/libgdx/gdx/src/com/badlogic/gdx/graphics/g3d/particles/influencers/ColorInfluencer.java:33: error: [NullAway] (INDEX= 1329) (Covered) @NonNull field ColorInfluencer$Random.colorChannel not initialized
		FloatChannel colorChannel;
		             ^
    (see http://t.uber.com/nullaway )
/Users/nima/Developer/NullAwayFixer/Projects/libgdx/gdx/src/com/badlogic/gdx/graphics/g3d/particles/influencers/ColorInfluencer.java:63: error: [NullAway] (INDEX= 1330) (Covered) initializer method does not guarantee @NonNull fields alphaInterpolationChannel (line 58), lifeChannel (line 59) are initialized along all control-flow paths (remember to check for exceptions or early returns).
		public Single () {
		       ^
    (see http://t.uber.com/nullaway )
/Users/nima/Developer/NullAwayFixer/Projects/libgdx/gdx/src/com/badlogic/gdx/graphics/g3d/particles/influencers/DynamicsInfluencer.java:36: error: [NullAway] (INDEX= 1331) (Covered) initializer method does not guarantee @NonNull fields accellerationChannel (line 33), positionChannel (line 33), previousPositionChannel (line 33), rotationChannel (line 33), angularVelocityChannel (line 33) are initialized along all control-flow paths (remember to check for exceptions or early returns).
	public DynamicsInfluencer () {
	       ^
    (see http://t.uber.com/nullaway )
/Users/nima/Developer/NullAwayFixer/Projects/libgdx/gdx/src/com/badlogic/gdx/graphics/g3d/particles/influencers/DynamicsInfluencer.java:40: error: [NullAway] (INDEX= 1332) (Covered) initializer method does not guarantee @NonNull fields accellerationChannel (line 33), positionChannel (line 33), previousPositionChannel (line 33), rotationChannel (line 33), angularVelocityChannel (line 33) are initialized along all control-flow paths (remember to check for exceptions or early returns).
	public DynamicsInfluencer (DynamicsModifier... velocities) {
	       ^
    (see http://t.uber.com/nullaway )
/Users/nima/Developer/NullAwayFixer/Projects/libgdx/gdx/src/com/badlogic/gdx/graphics/g3d/particles/influencers/DynamicsModifier.java:487: error: [NullAway] (INDEX= 1333) (Covered) initializer method does not guarantee @NonNull field lifeChannel (line 485) is initialized along all control-flow paths (remember to check for exceptions or early returns).
	public DynamicsModifier () {
	       ^
    (see http://t.uber.com/nullaway )
/Users/nima/Developer/NullAwayFixer/Projects/libgdx/gdx/src/com/badlogic/gdx/graphics/g3d/particles/influencers/DynamicsModifier.java:490: error: [NullAway] (INDEX= 1334) (Covered) initializer method does not guarantee @NonNull field lifeChannel (line 485) is initialized along all control-flow paths (remember to check for exceptions or early returns).
	public DynamicsModifier (DynamicsModifier modifier) {
	       ^
    (see http://t.uber.com/nullaway )
/Users/nima/Developer/NullAwayFixer/Projects/libgdx/gdx/src/com/badlogic/gdx/graphics/g3d/particles/influencers/DynamicsModifier.java:41: error: [NullAway] (INDEX= 1335) (Covered) initializer method does not guarantee @NonNull fields rotationChannel (line 39), accellerationChannel (line 39) are initialized along all control-flow paths (remember to check for exceptions or early returns).
		public FaceDirection () {
		       ^
    (see http://t.uber.com/nullaway )
/Users/nima/Developer/NullAwayFixer/Projects/libgdx/gdx/src/com/badlogic/gdx/graphics/g3d/particles/influencers/DynamicsModifier.java:44: error: [NullAway] (INDEX= 1336) (Covered) initializer method does not guarantee @NonNull fields rotationChannel (line 39), accellerationChannel (line 39) are initialized along all control-flow paths (remember to check for exceptions or early returns).
		public FaceDirection (FaceDirection rotation) {
		       ^
    (see http://t.uber.com/nullaway )
/Users/nima/Developer/NullAwayFixer/Projects/libgdx/gdx/src/com/badlogic/gdx/graphics/g3d/particles/influencers/DynamicsModifier.java:80: error: [NullAway] (INDEX= 1337) (Covered) initializer method does not guarantee @NonNull field strengthChannel (line 77) is initialized along all control-flow paths (remember to check for exceptions or early returns).
		public Strength () {
		       ^
    (see http://t.uber.com/nullaway )
/Users/nima/Developer/NullAwayFixer/Projects/libgdx/gdx/src/com/badlogic/gdx/graphics/g3d/particles/influencers/DynamicsModifier.java:84: error: [NullAway] (INDEX= 1338) (Covered) initializer method does not guarantee @NonNull field strengthChannel (line 77) is initialized along all control-flow paths (remember to check for exceptions or early returns).
		public Strength (Strength rotation) {
		       ^
    (see http://t.uber.com/nullaway )
/Users/nima/Developer/NullAwayFixer/Projects/libgdx/gdx/src/com/badlogic/gdx/graphics/g3d/particles/influencers/DynamicsModifier.java:129: error: [NullAway] (INDEX= 1339) (Covered) initializer method does not guarantee @NonNull field angularChannel (line 123) is initialized along all control-flow paths (remember to check for exceptions or early returns).
		public Angular () {
		       ^
    (see http://t.uber.com/nullaway )
/Users/nima/Developer/NullAwayFixer/Projects/libgdx/gdx/src/com/badlogic/gdx/graphics/g3d/particles/influencers/DynamicsModifier.java:134: error: [NullAway] (INDEX= 1340) (Covered) initializer method does not guarantee @NonNull field angularChannel (line 123) is initialized along all control-flow paths (remember to check for exceptions or early returns).
		public Angular (Angular value) {
		       ^
    (see http://t.uber.com/nullaway )
/Users/nima/Developer/NullAwayFixer/Projects/libgdx/gdx/src/com/badlogic/gdx/graphics/g3d/particles/influencers/DynamicsModifier.java:189: error: [NullAway] (INDEX= 1341) (Covered) initializer method does not guarantee @NonNull field rotationalVelocity2dChannel (line 187) is initialized along all control-flow paths (remember to check for exceptions or early returns).
		public Rotational2D () {
		       ^
    (see http://t.uber.com/nullaway )
/Users/nima/Developer/NullAwayFixer/Projects/libgdx/gdx/src/com/badlogic/gdx/graphics/g3d/particles/influencers/DynamicsModifier.java:192: error: [NullAway] (INDEX= 1342) (Covered) initializer method does not guarantee @NonNull field rotationalVelocity2dChannel (line 187) is initialized along all control-flow paths (remember to check for exceptions or early returns).
		public Rotational2D (Rotational2D rotation) {
		       ^
    (see http://t.uber.com/nullaway )
/Users/nima/Developer/NullAwayFixer/Projects/libgdx/gdx/src/com/badlogic/gdx/graphics/g3d/particles/influencers/DynamicsModifier.java:221: error: [NullAway] (INDEX= 1343) (Covered) initializer method does not guarantee @NonNull fields rotationChannel (line 219), rotationalForceChannel (line 219) are initialized along all control-flow paths (remember to check for exceptions or early returns).
		public Rotational3D () {
		       ^
    (see http://t.uber.com/nullaway )
/Users/nima/Developer/NullAwayFixer/Projects/libgdx/gdx/src/com/badlogic/gdx/graphics/g3d/particles/influencers/DynamicsModifier.java:224: error: [NullAway] (INDEX= 1344) (Covered) initializer method does not guarantee @NonNull fields rotationChannel (line 219), rotationalForceChannel (line 219) are initialized along all control-flow paths (remember to check for exceptions or early returns).
		public Rotational3D (Rotational3D rotation) {
		       ^
    (see http://t.uber.com/nullaway )
/Users/nima/Developer/NullAwayFixer/Projects/libgdx/gdx/src/com/badlogic/gdx/graphics/g3d/particles/influencers/DynamicsModifier.java:296: error: [NullAway] (INDEX= 1345) (Covered) initializer method does not guarantee @NonNull fields accelerationChannel (line 293), positionChannel (line 294) are initialized along all control-flow paths (remember to check for exceptions or early returns).
		public CentripetalAcceleration () {
		       ^
    (see http://t.uber.com/nullaway )
/Users/nima/Developer/NullAwayFixer/Projects/libgdx/gdx/src/com/badlogic/gdx/graphics/g3d/particles/influencers/DynamicsModifier.java:299: error: [NullAway] (INDEX= 1346) (Covered) initializer method does not guarantee @NonNull fields accelerationChannel (line 293), positionChannel (line 294) are initialized along all control-flow paths (remember to check for exceptions or early returns).
		public CentripetalAcceleration (CentripetalAcceleration rotation) {
		       ^
    (see http://t.uber.com/nullaway )
/Users/nima/Developer/NullAwayFixer/Projects/libgdx/gdx/src/com/badlogic/gdx/graphics/g3d/particles/influencers/DynamicsModifier.java:345: error: [NullAway] (INDEX= 1347) (Covered) initializer method does not guarantee @NonNull field directionalVelocityChannel (line 343) is initialized along all control-flow paths (remember to check for exceptions or early returns).
		public PolarAcceleration () {
		       ^
    (see http://t.uber.com/nullaway )
/Users/nima/Developer/NullAwayFixer/Projects/libgdx/gdx/src/com/badlogic/gdx/graphics/g3d/particles/influencers/DynamicsModifier.java:348: error: [NullAway] (INDEX= 1348) (Covered) initializer method does not guarantee @NonNull field directionalVelocityChannel (line 343) is initialized along all control-flow paths (remember to check for exceptions or early returns).
		public PolarAcceleration (PolarAcceleration rotation) {
		       ^
    (see http://t.uber.com/nullaway )
/Users/nima/Developer/NullAwayFixer/Projects/libgdx/gdx/src/com/badlogic/gdx/graphics/g3d/particles/influencers/DynamicsModifier.java:395: error: [NullAway] (INDEX= 1349) (Covered) initializer method does not guarantee @NonNull fields directionalVelocityChannel (line 393), positionChannel (line 393) are initialized along all control-flow paths (remember to check for exceptions or early returns).
		public TangentialAcceleration () {
		       ^
    (see http://t.uber.com/nullaway )
/Users/nima/Developer/NullAwayFixer/Projects/libgdx/gdx/src/com/badlogic/gdx/graphics/g3d/particles/influencers/DynamicsModifier.java:398: error: [NullAway] (INDEX= 1350) (Covered) initializer method does not guarantee @NonNull fields directionalVelocityChannel (line 393), positionChannel (line 393) are initialized along all control-flow paths (remember to check for exceptions or early returns).
		public TangentialAcceleration (TangentialAcceleration rotation) {
		       ^
    (see http://t.uber.com/nullaway )
/Users/nima/Developer/NullAwayFixer/Projects/libgdx/gdx/src/com/badlogic/gdx/graphics/g3d/particles/influencers/DynamicsModifier.java:450: error: [NullAway] (INDEX= 1351) (Covered) initializer method does not guarantee @NonNull field accelerationChannel (line 448) is initialized along all control-flow paths (remember to check for exceptions or early returns).
		public BrownianAcceleration () {
		       ^
    (see http://t.uber.com/nullaway )
/Users/nima/Developer/NullAwayFixer/Projects/libgdx/gdx/src/com/badlogic/gdx/graphics/g3d/particles/influencers/DynamicsModifier.java:453: error: [NullAway] (INDEX= 1352) (Covered) initializer method does not guarantee @NonNull field accelerationChannel (line 448) is initialized along all control-flow paths (remember to check for exceptions or early returns).
		public BrownianAcceleration (BrownianAcceleration rotation) {
		       ^
    (see http://t.uber.com/nullaway )
/Users/nima/Developer/NullAwayFixer/Projects/libgdx/gdx/src/com/badlogic/gdx/graphics/g3d/particles/influencers/SpawnInfluencer.java:36: error: [NullAway] (INDEX= 1353) (Covered) initializer method does not guarantee @NonNull fields positionChannel (line 33), rotationChannel (line 34) are initialized along all control-flow paths (remember to check for exceptions or early returns).
	public SpawnInfluencer () {
	       ^
    (see http://t.uber.com/nullaway )
/Users/nima/Developer/NullAwayFixer/Projects/libgdx/gdx/src/com/badlogic/gdx/graphics/g3d/particles/influencers/SpawnInfluencer.java:40: error: [NullAway] (INDEX= 1354) (Covered) initializer method does not guarantee @NonNull fields positionChannel (line 33), rotationChannel (line 34) are initialized along all control-flow paths (remember to check for exceptions or early returns).
	public SpawnInfluencer (SpawnShapeValue spawnShapeValue) {
	       ^
    (see http://t.uber.com/nullaway )
/Users/nima/Developer/NullAwayFixer/Projects/libgdx/gdx/src/com/badlogic/gdx/graphics/g3d/particles/influencers/SpawnInfluencer.java:44: error: [NullAway] (INDEX= 1355) (Covered) initializer method does not guarantee @NonNull fields positionChannel (line 33), rotationChannel (line 34) are initialized along all control-flow paths (remember to check for exceptions or early returns).
	public SpawnInfluencer (SpawnInfluencer source) {
	       ^
    (see http://t.uber.com/nullaway )
/Users/nima/Developer/NullAwayFixer/Projects/libgdx/gdx/src/com/badlogic/gdx/graphics/g3d/particles/influencers/ModelInfluencer.java:121: error: [NullAway] (INDEX= 1356) (Covered) initializer method does not guarantee @NonNull field modelChannel (line 119) is initialized along all control-flow paths (remember to check for exceptions or early returns).
	public ModelInfluencer () {
	       ^
    (see http://t.uber.com/nullaway )
/Users/nima/Developer/NullAwayFixer/Projects/libgdx/gdx/src/com/badlogic/gdx/graphics/g3d/particles/influencers/ModelInfluencer.java:125: error: [NullAway] (INDEX= 1357) (Covered) initializer method does not guarantee @NonNull field modelChannel (line 119) is initialized along all control-flow paths (remember to check for exceptions or early returns).
	public ModelInfluencer (Model... models) {
	       ^
    (see http://t.uber.com/nullaway )
/Users/nima/Developer/NullAwayFixer/Projects/libgdx/gdx/src/com/badlogic/gdx/graphics/g3d/particles/influencers/ModelInfluencer.java:71: error: [NullAway] (INDEX= 1358) (Covered) passing @Nullable parameter 'models.random()' where @NonNull is required
				return new ModelInstance(models.random());
				                                      ^
    (see http://t.uber.com/nullaway )
/Users/nima/Developer/NullAwayFixer/Projects/libgdx/gdx/src/com/badlogic/gdx/graphics/g3d/particles/influencers/ParticleControllerInfluencer.java:165: error: [NullAway] (INDEX= 1359) (Covered) initializer method does not guarantee @NonNull field particleControllerChannel (line 163) is initialized along all control-flow paths (remember to check for exceptions or early returns).
	public ParticleControllerInfluencer () {
	       ^
    (see http://t.uber.com/nullaway )
/Users/nima/Developer/NullAwayFixer/Projects/libgdx/gdx/src/com/badlogic/gdx/graphics/g3d/particles/influencers/ParticleControllerInfluencer.java:169: error: [NullAway] (INDEX= 1360) (Covered) initializer method does not guarantee @NonNull field particleControllerChannel (line 163) is initialized along all control-flow paths (remember to check for exceptions or early returns).
	public ParticleControllerInfluencer (ParticleController... templates) {
	       ^
    (see http://t.uber.com/nullaway )
/Users/nima/Developer/NullAwayFixer/Projects/libgdx/gdx/src/com/badlogic/gdx/graphics/g3d/particles/influencers/ParticleControllerInfluencer.java:90: error: [NullAway] (INDEX= 1361) dereferenced expression templates.random() is @Nullable
				ParticleController controller = templates.random().copy();
				                                                  ^
    (see http://t.uber.com/nullaway )
/Users/nima/Developer/NullAwayFixer/Projects/libgdx/gdx/src/com/badlogic/gdx/graphics/g3d/particles/influencers/SimpleInfluencer.java:35: error: [NullAway] (INDEX= 1362) (Covered) initializer method does not guarantee @NonNull fields valueChannel (line 32), interpolationChannel (line 32), lifeChannel (line 32), valueChannelDescriptor (line 33) are initialized along all control-flow paths (remember to check for exceptions or early returns).
	public SimpleInfluencer () {
	       ^
    (see http://t.uber.com/nullaway )
/Users/nima/Developer/NullAwayFixer/Projects/libgdx/gdx/src/com/badlogic/gdx/graphics/g3d/particles/influencers/RegionInfluencer.java:205: error: [NullAway] (INDEX= 1363) (Covered) initializer method does not guarantee @NonNull fields regionChannel (line 202), atlasName (line 203) are initialized along all control-flow paths (remember to check for exceptions or early returns).
	public RegionInfluencer (int regionsCount) {
	       ^
    (see http://t.uber.com/nullaway )
/Users/nima/Developer/NullAwayFixer/Projects/libgdx/gdx/src/com/badlogic/gdx/graphics/g3d/particles/influencers/RegionInfluencer.java:219: error: [NullAway] (INDEX= 1364) (Covered) initializer method does not guarantee @NonNull fields regionChannel (line 202), atlasName (line 203) are initialized along all control-flow paths (remember to check for exceptions or early returns).
	public RegionInfluencer (TextureRegion... regions) {
	       ^
    (see http://t.uber.com/nullaway )
/Users/nima/Developer/NullAwayFixer/Projects/libgdx/gdx/src/com/badlogic/gdx/graphics/g3d/particles/influencers/RegionInfluencer.java:91: error: [NullAway] (INDEX= 1365) dereferenced expression region is @Nullable
				regionChannel.data[i + ParticleChannels.UOffset] = region.u;
				                                                         ^
    (see http://t.uber.com/nullaway )
/Users/nima/Developer/NullAwayFixer/Projects/libgdx/gdx/src/com/badlogic/gdx/graphics/g3d/particles/influencers/RegionInfluencer.java:111: error: [NullAway] (INDEX= 1366) (Covered) initializer method does not guarantee @NonNull field lifeChannel (line 109) is initialized along all control-flow paths (remember to check for exceptions or early returns).
		public Animated () {
		       ^
    (see http://t.uber.com/nullaway )
/Users/nima/Developer/NullAwayFixer/Projects/libgdx/gdx/src/com/badlogic/gdx/graphics/g3d/particles/influencers/RegionInfluencer.java:114: error: [NullAway] (INDEX= 1367) (Covered) initializer method does not guarantee @NonNull field lifeChannel (line 109) is initialized along all control-flow paths (remember to check for exceptions or early returns).
		public Animated (Animated regionInfluencer) {
		       ^
    (see http://t.uber.com/nullaway )
/Users/nima/Developer/NullAwayFixer/Projects/libgdx/gdx/src/com/badlogic/gdx/graphics/g3d/particles/influencers/RegionInfluencer.java:118: error: [NullAway] (INDEX= 1368) (Covered) initializer method does not guarantee @NonNull field lifeChannel (line 109) is initialized along all control-flow paths (remember to check for exceptions or early returns).
		public Animated (TextureRegion textureRegion) {
		       ^
    (see http://t.uber.com/nullaway )
/Users/nima/Developer/NullAwayFixer/Projects/libgdx/gdx/src/com/badlogic/gdx/graphics/g3d/particles/influencers/RegionInfluencer.java:122: error: [NullAway] (INDEX= 1369) (Covered) initializer method does not guarantee @NonNull field lifeChannel (line 109) is initialized along all control-flow paths (remember to check for exceptions or early returns).
		public Animated (Texture texture) {
		       ^
    (see http://t.uber.com/nullaway )
/Users/nima/Developer/NullAwayFixer/Projects/libgdx/gdx/src/com/badlogic/gdx/graphics/g3d/particles/influencers/RegionInfluencer.java:158: error: [NullAway] (INDEX= 1370) (Covered) initializer method does not guarantee @NonNull field imageName (line 156) is initialized along all control-flow paths (remember to check for exceptions or early returns).
		public AspectTextureRegion () {
		       ^
    (see http://t.uber.com/nullaway )
/Users/nima/Developer/NullAwayFixer/Projects/libgdx/gdx/src/com/badlogic/gdx/graphics/g3d/particles/influencers/RegionInfluencer.java:161: error: [NullAway] (INDEX= 1371) (Covered) initializer method does not guarantee @NonNull field imageName (line 156) is initialized along all control-flow paths (remember to check for exceptions or early returns).
		public AspectTextureRegion (AspectTextureRegion aspectTextureRegion) {
		       ^
    (see http://t.uber.com/nullaway )
/Users/nima/Developer/NullAwayFixer/Projects/libgdx/gdx/src/com/badlogic/gdx/graphics/g3d/particles/influencers/RegionInfluencer.java:165: error: [NullAway] (INDEX= 1372) (Covered) initializer method does not guarantee @NonNull field imageName (line 156) is initialized along all control-flow paths (remember to check for exceptions or early returns).
		public AspectTextureRegion (TextureRegion region) {
		       ^
    (see http://t.uber.com/nullaway )
/Users/nima/Developer/NullAwayFixer/Projects/libgdx/gdx/src/com/badlogic/gdx/graphics/g3d/particles/influencers/RegionInfluencer.java:220: error: [NullAway] (INDEX= 1373) (Covered) passing @Nullable parameter 'null' where @NonNull is required
		setAtlasName(null);
		             ^
    (see http://t.uber.com/nullaway )
/Users/nima/Developer/NullAwayFixer/Projects/libgdx/gdx/src/com/badlogic/gdx/graphics/g3d/particles/influencers/RegionInfluencer.java:247: error: [NullAway] (INDEX= 1374) (Covered) assigning @Nullable expression to @NonNull field
		atlasName = null;
		          ^
    (see http://t.uber.com/nullaway )
/Users/nima/Developer/NullAwayFixer/Projects/libgdx/gdx/src/com/badlogic/gdx/graphics/g3d/particles/influencers/ParticleControllerFinalizerInfluencer.java:33: error: [NullAway] (INDEX= 1375) (Covered) initializer method does not guarantee @NonNull fields positionChannel (line 29), scaleChannel (line 29), rotationChannel (line 29), controllerChannel (line 30) are initialized along all control-flow paths (remember to check for exceptions or early returns).
	public ParticleControllerFinalizerInfluencer () {
	       ^
    (see http://t.uber.com/nullaway )
/Users/nima/Developer/NullAwayFixer/Projects/libgdx/gdx/src/com/badlogic/gdx/graphics/g3d/particles/emitters/RegularEmitter.java:53: error: [NullAway] (INDEX= 1376) (Covered) initializer method does not guarantee @NonNull field lifeChannel (line 51) is initialized along all control-flow paths (remember to check for exceptions or early returns).
	public RegularEmitter () {
	       ^
    (see http://t.uber.com/nullaway )
/Users/nima/Developer/NullAwayFixer/Projects/libgdx/gdx/src/com/badlogic/gdx/graphics/g3d/particles/ParticleSystem.java:29: error: [NullAway] (INDEX= 1377) (Covered) @NonNull static field instance not initialized
	private static ParticleSystem instance;
	                              ^
    (see http://t.uber.com/nullaway )
/Users/nima/Developer/NullAwayFixer/Projects/libgdx/gdx/src/com/badlogic/gdx/graphics/g3d/ModelBatch.java:79: error: [NullAway] (INDEX= 1378) (Covered) initializer method does not guarantee @NonNull field camera (line 63) is initialized along all control-flow paths (remember to check for exceptions or early returns).
	public ModelBatch (final RenderContext context, final ShaderProvider shaderProvider, final RenderableSorter sorter) {
	       ^
    (see http://t.uber.com/nullaway )
/Users/nima/Developer/NullAwayFixer/Projects/libgdx/gdx/src/com/badlogic/gdx/graphics/g3d/ModelBatch.java:54: error: [NullAway] (INDEX= 1379) (Covered) assigning @Nullable expression to @NonNull field
			renderable.environment = null;
			                       ^
    (see http://t.uber.com/nullaway )
/Users/nima/Developer/NullAwayFixer/Projects/libgdx/gdx/src/com/badlogic/gdx/graphics/g3d/ModelBatch.java:55: error: [NullAway] (INDEX= 1380) (Covered) assigning @Nullable expression to @NonNull field
			renderable.material = null;
			                    ^
    (see http://t.uber.com/nullaway )
/Users/nima/Developer/NullAwayFixer/Projects/libgdx/gdx/src/com/badlogic/gdx/graphics/g3d/ModelBatch.java:56: error: [NullAway] (INDEX= 1381) (Covered) passing @Nullable parameter 'null' where @NonNull is required
			renderable.meshPart.set("", null, 0, 0, 0);
			                            ^
    (see http://t.uber.com/nullaway )
/Users/nima/Developer/NullAwayFixer/Projects/libgdx/gdx/src/com/badlogic/gdx/graphics/g3d/ModelBatch.java:57: error: [NullAway] (INDEX= 1382) (Covered) assigning @Nullable expression to @NonNull field
			renderable.shader = null;
			                  ^
    (see http://t.uber.com/nullaway )
/Users/nima/Developer/NullAwayFixer/Projects/libgdx/gdx/src/com/badlogic/gdx/graphics/g3d/ModelBatch.java:58: error: [NullAway] (INDEX= 1383) (Covered) assigning @Nullable expression to @NonNull field
			renderable.userData = null;
			                    ^
    (see http://t.uber.com/nullaway )
/Users/nima/Developer/NullAwayFixer/Projects/libgdx/gdx/src/com/badlogic/gdx/graphics/g3d/ModelBatch.java:90: error: [NullAway] (INDEX= 1384) (Covered) passing @Nullable parameter 'null' where @NonNull is required
		this(context, shaderProvider, null);
		                              ^
    (see http://t.uber.com/nullaway )
/Users/nima/Developer/NullAwayFixer/Projects/libgdx/gdx/src/com/badlogic/gdx/graphics/g3d/ModelBatch.java:97: error: [NullAway] (INDEX= 1385) (Covered) passing @Nullable parameter 'null' where @NonNull is required
		this(context, null, sorter);
		              ^
    (see http://t.uber.com/nullaway )
/Users/nima/Developer/NullAwayFixer/Projects/libgdx/gdx/src/com/badlogic/gdx/graphics/g3d/ModelBatch.java:103: error: [NullAway] (INDEX= 1386) (Covered) passing @Nullable parameter 'null' where @NonNull is required
		this(context, null, null);
		              ^
    (see http://t.uber.com/nullaway )
/Users/nima/Developer/NullAwayFixer/Projects/libgdx/gdx/src/com/badlogic/gdx/graphics/g3d/ModelBatch.java:103: error: [NullAway] (INDEX= 1387) (Covered) passing @Nullable parameter 'null' where @NonNull is required
		this(context, null, null);
		                    ^
    (see http://t.uber.com/nullaway )
/Users/nima/Developer/NullAwayFixer/Projects/libgdx/gdx/src/com/badlogic/gdx/graphics/g3d/ModelBatch.java:110: error: [NullAway] (INDEX= 1388) (Covered) passing @Nullable parameter 'null' where @NonNull is required
		this(null, shaderProvider, sorter);
		     ^
    (see http://t.uber.com/nullaway )
/Users/nima/Developer/NullAwayFixer/Projects/libgdx/gdx/src/com/badlogic/gdx/graphics/g3d/ModelBatch.java:116: error: [NullAway] (INDEX= 1389) (Covered) passing @Nullable parameter 'null' where @NonNull is required
		this(null, null, sorter);
		     ^
    (see http://t.uber.com/nullaway )
/Users/nima/Developer/NullAwayFixer/Projects/libgdx/gdx/src/com/badlogic/gdx/graphics/g3d/ModelBatch.java:116: error: [NullAway] (INDEX= 1390) (Covered) passing @Nullable parameter 'null' where @NonNull is required
		this(null, null, sorter);
		           ^
    (see http://t.uber.com/nullaway )
/Users/nima/Developer/NullAwayFixer/Projects/libgdx/gdx/src/com/badlogic/gdx/graphics/g3d/ModelBatch.java:122: error: [NullAway] (INDEX= 1391) (Covered) passing @Nullable parameter 'null' where @NonNull is required
		this(null, shaderProvider, null);
		     ^
    (see http://t.uber.com/nullaway )
/Users/nima/Developer/NullAwayFixer/Projects/libgdx/gdx/src/com/badlogic/gdx/graphics/g3d/ModelBatch.java:122: error: [NullAway] (INDEX= 1392) (Covered) passing @Nullable parameter 'null' where @NonNull is required
		this(null, shaderProvider, null);
		                           ^
    (see http://t.uber.com/nullaway )
/Users/nima/Developer/NullAwayFixer/Projects/libgdx/gdx/src/com/badlogic/gdx/graphics/g3d/ModelBatch.java:130: error: [NullAway] (INDEX= 1393) (Covered) passing @Nullable parameter 'null' where @NonNull is required
		this(null, new DefaultShaderProvider(vertexShader, fragmentShader), null);
		     ^
    (see http://t.uber.com/nullaway )
/Users/nima/Developer/NullAwayFixer/Projects/libgdx/gdx/src/com/badlogic/gdx/graphics/g3d/ModelBatch.java:130: error: [NullAway] (INDEX= 1394) (Covered) passing @Nullable parameter 'null' where @NonNull is required
		this(null, new DefaultShaderProvider(vertexShader, fragmentShader), null);
		                                                                    ^
    (see http://t.uber.com/nullaway )
/Users/nima/Developer/NullAwayFixer/Projects/libgdx/gdx/src/com/badlogic/gdx/graphics/g3d/ModelBatch.java:138: error: [NullAway] (INDEX= 1395) (Covered) passing @Nullable parameter 'null' where @NonNull is required
		this(null, new DefaultShaderProvider(vertexShader, fragmentShader), null);
		     ^
    (see http://t.uber.com/nullaway )
/Users/nima/Developer/NullAwayFixer/Projects/libgdx/gdx/src/com/badlogic/gdx/graphics/g3d/ModelBatch.java:138: error: [NullAway] (INDEX= 1396) (Covered) passing @Nullable parameter 'null' where @NonNull is required
		this(null, new DefaultShaderProvider(vertexShader, fragmentShader), null);
		                                                                    ^
    (see http://t.uber.com/nullaway )
/Users/nima/Developer/NullAwayFixer/Projects/libgdx/gdx/src/com/badlogic/gdx/graphics/g3d/ModelBatch.java:143: error: [NullAway] (INDEX= 1397) (Covered) passing @Nullable parameter 'null' where @NonNull is required
		this(null, null, null);
		     ^
    (see http://t.uber.com/nullaway )
/Users/nima/Developer/NullAwayFixer/Projects/libgdx/gdx/src/com/badlogic/gdx/graphics/g3d/ModelBatch.java:143: error: [NullAway] (INDEX= 1398) (Covered) passing @Nullable parameter 'null' where @NonNull is required
		this(null, null, null);
		           ^
    (see http://t.uber.com/nullaway )
/Users/nima/Developer/NullAwayFixer/Projects/libgdx/gdx/src/com/badlogic/gdx/graphics/g3d/ModelBatch.java:143: error: [NullAway] (INDEX= 1399) (Covered) passing @Nullable parameter 'null' where @NonNull is required
		this(null, null, null);
		                 ^
    (see http://t.uber.com/nullaway )
/Users/nima/Developer/NullAwayFixer/Projects/libgdx/gdx/src/com/badlogic/gdx/graphics/g3d/ModelBatch.java:220: error: [NullAway] (INDEX= 1400) (Covered) assigning @Nullable expression to @NonNull field
		camera = null;
		       ^
    (see http://t.uber.com/nullaway )
/Users/nima/Developer/NullAwayFixer/Projects/libgdx/gdx/src/com/badlogic/gdx/graphics/g3d/ModelCache.java:198: error: [NullAway] (INDEX= 1401) (Covered) initializer method does not guarantee @NonNull field camera (line 186) is initialized along all control-flow paths (remember to check for exceptions or early returns).
	public ModelCache (RenderableSorter sorter, MeshPool meshPool) {
	       ^
    (see http://t.uber.com/nullaway )
/Users/nima/Developer/NullAwayFixer/Projects/libgdx/gdx/src/com/badlogic/gdx/graphics/g3d/ModelCache.java:209: error: [NullAway] (INDEX= 1402) (Covered) passing @Nullable parameter 'null' where @NonNull is required
		begin(null);
		      ^
    (see http://t.uber.com/nullaway )
/Users/nima/Developer/NullAwayFixer/Projects/libgdx/gdx/src/com/badlogic/gdx/graphics/g3d/ModelCache.java:231: error: [NullAway] (INDEX= 1403) (Covered) assigning @Nullable expression to @NonNull field
		result.bones = null;
		             ^
    (see http://t.uber.com/nullaway )
/Users/nima/Developer/NullAwayFixer/Projects/libgdx/gdx/src/com/badlogic/gdx/graphics/g3d/ModelCache.java:232: error: [NullAway] (INDEX= 1404) (Covered) assigning @Nullable expression to @NonNull field
		result.environment = null;
		                   ^
    (see http://t.uber.com/nullaway )
/Users/nima/Developer/NullAwayFixer/Projects/libgdx/gdx/src/com/badlogic/gdx/graphics/g3d/ModelCache.java:234: error: [NullAway] (INDEX= 1405) (Covered) assigning @Nullable expression to @NonNull field
		result.meshPart.mesh = null;
		                     ^
    (see http://t.uber.com/nullaway )
/Users/nima/Developer/NullAwayFixer/Projects/libgdx/gdx/src/com/badlogic/gdx/graphics/g3d/ModelCache.java:241: error: [NullAway] (INDEX= 1406) (Covered) assigning @Nullable expression to @NonNull field
		result.shader = null;
		              ^
    (see http://t.uber.com/nullaway )
/Users/nima/Developer/NullAwayFixer/Projects/libgdx/gdx/src/com/badlogic/gdx/graphics/g3d/ModelCache.java:242: error: [NullAway] (INDEX= 1407) (Covered) assigning @Nullable expression to @NonNull field
		result.userData = null;
		                ^
    (see http://t.uber.com/nullaway )
/Users/nima/Developer/NullAwayFixer/Projects/libgdx/gdx/src/com/badlogic/gdx/graphics/g3d/ModelCache.java:348: error: [NullAway] (INDEX= 1408) (Covered) assigning @Nullable expression to @NonNull field
			r.shader = null;
			         ^
    (see http://t.uber.com/nullaway )
/Users/nima/Developer/NullAwayFixer/Projects/libgdx/gdx/src/com/badlogic/gdx/graphics/g3d/ModelCache.java:349: error: [NullAway] (INDEX= 1409) (Covered) assigning @Nullable expression to @NonNull field
			r.environment = null;
			              ^
    (see http://t.uber.com/nullaway )
/Users/nima/Developer/NullAwayFixer/Projects/libgdx/gdx/src/com/badlogic/gdx/graphics/g3d/loader/G3dModelLoader.java:51: error: [NullAway] (INDEX= 1410) (Covered) passing @Nullable parameter 'null' where @NonNull is required
		this(reader, null);
		             ^
    (see http://t.uber.com/nullaway )
/Users/nima/Developer/NullAwayFixer/Projects/libgdx/gdx/src/com/badlogic/gdx/graphics/g3d/loader/G3dModelLoader.java:100: error: [NullAway] (INDEX= 1411) (Covered) passing @Nullable parameter 'null' where @NonNull is required
					String partId = meshPart.getString("id", null);
					                                         ^
    (see http://t.uber.com/nullaway )
/Users/nima/Developer/NullAwayFixer/Projects/libgdx/gdx/src/com/badlogic/gdx/graphics/g3d/loader/G3dModelLoader.java:111: error: [NullAway] (INDEX= 1412) (Covered) passing @Nullable parameter 'null' where @NonNull is required
					String type = meshPart.getString("type", null);
					                                         ^
    (see http://t.uber.com/nullaway )
/Users/nima/Developer/NullAwayFixer/Projects/libgdx/gdx/src/com/badlogic/gdx/graphics/g3d/loader/G3dModelLoader.java:183: error: [NullAway] (INDEX= 1413) (Covered) passing @Nullable parameter 'null' where @NonNull is required
				String id = material.getString("id", null);
				                                     ^
    (see http://t.uber.com/nullaway )
/Users/nima/Developer/NullAwayFixer/Projects/libgdx/gdx/src/com/badlogic/gdx/graphics/g3d/loader/G3dModelLoader.java:210: error: [NullAway] (INDEX= 1414) (Covered) passing @Nullable parameter 'null' where @NonNull is required
						String textureId = texture.getString("id", null);
						                                           ^
    (see http://t.uber.com/nullaway )
/Users/nima/Developer/NullAwayFixer/Projects/libgdx/gdx/src/com/badlogic/gdx/graphics/g3d/loader/G3dModelLoader.java:214: error: [NullAway] (INDEX= 1415) (Covered) passing @Nullable parameter 'null' where @NonNull is required
						String fileName = texture.getString("filename", null);
						                                                ^
    (see http://t.uber.com/nullaway )
/Users/nima/Developer/NullAwayFixer/Projects/libgdx/gdx/src/com/badlogic/gdx/graphics/g3d/loader/G3dModelLoader.java:222: error: [NullAway] (INDEX= 1416) (Covered) passing @Nullable parameter 'null' where @NonNull is required
						String textureType = texture.getString("type", null);
						                                               ^
    (see http://t.uber.com/nullaway )
/Users/nima/Developer/NullAwayFixer/Projects/libgdx/gdx/src/com/badlogic/gdx/graphics/g3d/loader/G3dModelLoader.java:293: error: [NullAway] (INDEX= 1417) (Covered) passing @Nullable parameter 'null' where @NonNull is required
		String id = json.getString("id", null);
		                                 ^
    (see http://t.uber.com/nullaway )
/Users/nima/Developer/NullAwayFixer/Projects/libgdx/gdx/src/com/badlogic/gdx/graphics/g3d/loader/G3dModelLoader.java:299: error: [NullAway] (INDEX= 1418) (Covered) assigning @Nullable expression to @NonNull field
		jsonNode.translation = translation == null ? null : new Vector3(translation.getFloat(0), translation.getFloat(1),
		                     ^
    (see http://t.uber.com/nullaway )
/Users/nima/Developer/NullAwayFixer/Projects/libgdx/gdx/src/com/badlogic/gdx/graphics/g3d/loader/G3dModelLoader.java:304: error: [NullAway] (INDEX= 1419) (Covered) assigning @Nullable expression to @NonNull field
		jsonNode.rotation = rotation == null ? null : new Quaternion(rotation.getFloat(0), rotation.getFloat(1),
		                  ^
    (see http://t.uber.com/nullaway )
/Users/nima/Developer/NullAwayFixer/Projects/libgdx/gdx/src/com/badlogic/gdx/graphics/g3d/loader/G3dModelLoader.java:309: error: [NullAway] (INDEX= 1420) (Covered) assigning @Nullable expression to @NonNull field
		jsonNode.scale = scale == null ? null : new Vector3(scale.getFloat(0), scale.getFloat(1), scale.getFloat(2));
		               ^
    (see http://t.uber.com/nullaway )
/Users/nima/Developer/NullAwayFixer/Projects/libgdx/gdx/src/com/badlogic/gdx/graphics/g3d/loader/G3dModelLoader.java:311: error: [NullAway] (INDEX= 1421) (Covered) passing @Nullable parameter 'null' where @NonNull is required
		String meshId = json.getString("mesh", null);
		                                       ^
    (see http://t.uber.com/nullaway )
/Users/nima/Developer/NullAwayFixer/Projects/libgdx/gdx/src/com/badlogic/gdx/graphics/g3d/loader/G3dModelLoader.java:321: error: [NullAway] (INDEX= 1422) (Covered) passing @Nullable parameter 'null' where @NonNull is required
				String meshPartId = material.getString("meshpartid", null);
				                                                     ^
    (see http://t.uber.com/nullaway )
/Users/nima/Developer/NullAwayFixer/Projects/libgdx/gdx/src/com/badlogic/gdx/graphics/g3d/loader/G3dModelLoader.java:322: error: [NullAway] (INDEX= 1423) (Covered) passing @Nullable parameter 'null' where @NonNull is required
				String materialId = material.getString("materialid", null);
				                                                     ^
    (see http://t.uber.com/nullaway )
/Users/nima/Developer/NullAwayFixer/Projects/libgdx/gdx/src/com/badlogic/gdx/graphics/g3d/loader/G3dModelLoader.java:334: error: [NullAway] (INDEX= 1424) (Covered) passing @Nullable parameter 'null' where @NonNull is required
						String nodeId = bone.getString("node", null);
						                                       ^
    (see http://t.uber.com/nullaway )
/Users/nima/Developer/NullAwayFixer/Projects/libgdx/gdx/src/com/badlogic/gdx/assets/loaders/ModelLoader.java:48: error: [NullAway] (INDEX= 1425) (Covered) passing @Nullable parameter 'null' where @NonNull is required
		return loadModelData(fileHandle, null);
		                                 ^
    (see http://t.uber.com/nullaway )
/Users/nima/Developer/NullAwayFixer/Projects/libgdx/gdx/src/com/badlogic/gdx/assets/loaders/ModelLoader.java:54: error: [NullAway] (INDEX= 1426) (Covered) returning @Nullable expression from method with @NonNull return type
		return data == null ? null : new Model(data, textureProvider);
		^
    (see http://t.uber.com/nullaway )
/Users/nima/Developer/NullAwayFixer/Projects/libgdx/gdx/src/com/badlogic/gdx/assets/loaders/ModelLoader.java:64: error: [NullAway] (INDEX= 1427) (Covered) passing @Nullable parameter 'null' where @NonNull is required
		return loadModel(fileHandle, textureProvider, null);
		                                              ^
    (see http://t.uber.com/nullaway )
/Users/nima/Developer/NullAwayFixer/Projects/libgdx/gdx/src/com/badlogic/gdx/assets/loaders/ModelLoader.java:69: error: [NullAway] (INDEX= 1428) (Covered) passing @Nullable parameter 'null' where @NonNull is required
		return loadModel(fileHandle, new TextureProvider.FileTextureProvider(), null);
		                                                                        ^
    (see http://t.uber.com/nullaway )
/Users/nima/Developer/NullAwayFixer/Projects/libgdx/gdx/src/com/badlogic/gdx/assets/loaders/ModelLoader.java:113: error: [NullAway] (INDEX= 1429) (Covered) returning @Nullable expression from method with @NonNull return type
		if (data == null) return null;
		                  ^
    (see http://t.uber.com/nullaway )
/Users/nima/Developer/NullAwayFixer/Projects/libgdx/gdx/src/com/badlogic/gdx/graphics/g3d/loader/ObjLoader.java:86: error: [NullAway] (INDEX= 1430) (Covered) passing @Nullable parameter 'null' where @NonNull is required
		this(null);
		     ^
    (see http://t.uber.com/nullaway )
/Users/nima/Developer/NullAwayFixer/Projects/libgdx/gdx/src/com/badlogic/gdx/graphics/g3d/loader/ObjLoader.java:185: error: [NullAway] (INDEX= 1431) (Covered) returning @Nullable expression from method with @NonNull return type
			return null;
			^
    (see http://t.uber.com/nullaway )
/Users/nima/Developer/NullAwayFixer/Projects/libgdx/gdx/src/com/badlogic/gdx/graphics/g3d/loader/ObjLoader.java:197: error: [NullAway] (INDEX= 1432) (Covered) returning @Nullable expression from method with @NonNull return type
		if (groups.size < 1) return null;
		                     ^
    (see http://t.uber.com/nullaway )
/Users/nima/Developer/NullAwayFixer/Projects/libgdx/gdx/src/com/badlogic/gdx/graphics/g3d/environment/DirectionalShadowLight.java:112: error: [NullAway] (INDEX= 1433) (Covered) assigning @Nullable expression to @NonNull field
		fbo = null;
		    ^
    (see http://t.uber.com/nullaway )
/Users/nima/Developer/NullAwayFixer/Projects/libgdx/gdx/src/com/badlogic/gdx/graphics/g3d/decals/Decal.java:55: error: [NullAway] (INDEX= 1434) (Covered) assigning @Nullable expression to @NonNull field
	public Vector2 transformationOffset = null;
	               ^
    (see http://t.uber.com/nullaway )
/Users/nima/Developer/NullAwayFixer/Projects/libgdx/gdx/src/com/badlogic/gdx/graphics/g3d/decals/DecalMaterial.java:25: error: [NullAway] (INDEX= 1435) (Covered) @NonNull field textureRegion not initialized
	protected TextureRegion textureRegion;
	                        ^
    (see http://t.uber.com/nullaway )
/Users/nima/Developer/NullAwayFixer/Projects/libgdx/gdx/src/com/badlogic/gdx/graphics/g3d/decals/SimpleOrthoGroupStrategy.java:120: error: [NullAway] (INDEX= 1436) (Covered) returning @Nullable expression from method with @NonNull return type
		return null;
		^
    (see http://t.uber.com/nullaway )
/Users/nima/Developer/NullAwayFixer/Projects/libgdx/gdx/src/com/badlogic/gdx/graphics/g3d/decals/PluggableGroupStrategy.java:48: error: [NullAway] (INDEX= 1437) (Covered) returning @Nullable expression from method with @NonNull return type
		return plugs.remove(group);
		^
    (see http://t.uber.com/nullaway )
/Users/nima/Developer/NullAwayFixer/Projects/libgdx/gdx/src/com/badlogic/gdx/graphics/g3d/decals/DecalBatch.java:74: error: [NullAway] (INDEX= 1438) (Covered) initializer method does not guarantee @NonNull fields vertices (line 52), mesh (line 53), groupStrategy (line 56) are initialized along all control-flow paths (remember to check for exceptions or early returns).
	public DecalBatch (int size, GroupStrategy groupStrategy) {
	       ^
    (see http://t.uber.com/nullaway )
/Users/nima/Developer/NullAwayFixer/Projects/libgdx/gdx/src/com/badlogic/gdx/graphics/g3d/decals/DecalBatch.java:201: error: [NullAway] (INDEX= 1439) (Covered) assigning @Nullable expression to @NonNull field
		vertices = null;
		         ^
    (see http://t.uber.com/nullaway )
/Users/nima/Developer/NullAwayFixer/Projects/libgdx/gdx/src/com/badlogic/gdx/assets/loaders/SoundLoader.java:33: error: [NullAway] (INDEX= 1440) (Covered) initializer method does not guarantee @NonNull field sound (line 31) is initialized along all control-flow paths (remember to check for exceptions or early returns).
	public SoundLoader (FileHandleResolver resolver) {
	       ^
    (see http://t.uber.com/nullaway )
/Users/nima/Developer/NullAwayFixer/Projects/libgdx/gdx/src/com/badlogic/gdx/assets/loaders/SoundLoader.java:54: error: [NullAway] (INDEX= 1441) (Covered) assigning @Nullable expression to @NonNull field
		this.sound = null;
		           ^
    (see http://t.uber.com/nullaway )
/Users/nima/Developer/NullAwayFixer/Projects/libgdx/gdx/src/com/badlogic/gdx/assets/loaders/SoundLoader.java:60: error: [NullAway] (INDEX= 1442) (Covered) returning @Nullable expression from method with @NonNull return type
		return null;
		^
    (see http://t.uber.com/nullaway )
/Users/nima/Developer/NullAwayFixer/Projects/libgdx/gdx/src/com/badlogic/gdx/assets/loaders/TextureAtlasLoader.java:35: error: [NullAway] (INDEX= 1443) (Covered) initializer method does not guarantee @NonNull field data (line 39) is initialized along all control-flow paths (remember to check for exceptions or early returns).
	public TextureAtlasLoader (FileHandleResolver resolver) {
	       ^
    (see http://t.uber.com/nullaway )
/Users/nima/Developer/NullAwayFixer/Projects/libgdx/gdx/src/com/badlogic/gdx/assets/loaders/TextureAtlasLoader.java:49: error: [NullAway] (INDEX= 1444) (Covered) assigning @Nullable expression to @NonNull field
 		data = null;
 		     ^
    (see http://t.uber.com/nullaway )
/Users/nima/Developer/NullAwayFixer/Projects/libgdx/gdx/src/com/badlogic/gdx/assets/loaders/SkinLoader.java:72: error: [NullAway] (INDEX= 1445) (Covered) passing @Nullable parameter 'entry.value' where @NonNull is required
				skin.add(entry.key, entry.value);
				                         ^
    (see http://t.uber.com/nullaway )
/Users/nima/Developer/NullAwayFixer/Projects/libgdx/gdx/src/com/badlogic/gdx/assets/loaders/SkinLoader.java:91: error: [NullAway] (INDEX= 1446) (Covered) passing @Nullable parameter 'null' where @NonNull is required
			this(null, null);
			     ^
    (see http://t.uber.com/nullaway )
/Users/nima/Developer/NullAwayFixer/Projects/libgdx/gdx/src/com/badlogic/gdx/assets/loaders/SkinLoader.java:91: error: [NullAway] (INDEX= 1447) (Covered) passing @Nullable parameter 'null' where @NonNull is required
			this(null, null);
			           ^
    (see http://t.uber.com/nullaway )
/Users/nima/Developer/NullAwayFixer/Projects/libgdx/gdx/src/com/badlogic/gdx/assets/loaders/SkinLoader.java:95: error: [NullAway] (INDEX= 1448) (Covered) passing @Nullable parameter 'null' where @NonNull is required
			this(null, resources);
			     ^
    (see http://t.uber.com/nullaway )
/Users/nima/Developer/NullAwayFixer/Projects/libgdx/gdx/src/com/badlogic/gdx/assets/loaders/SkinLoader.java:99: error: [NullAway] (INDEX= 1449) (Covered) passing @Nullable parameter 'null' where @NonNull is required
			this(textureAtlasPath, null);
			                       ^
    (see http://t.uber.com/nullaway )
/Users/nima/Developer/NullAwayFixer/Projects/libgdx/gdx/src/com/badlogic/gdx/assets/loaders/ParticleEffectLoader.java:54: error: [NullAway] (INDEX= 1450) (Covered) returning @Nullable expression from method with @NonNull return type
		return deps;
		^
    (see http://t.uber.com/nullaway )
/Users/nima/Developer/NullAwayFixer/Projects/libgdx/gdx/src/com/badlogic/gdx/assets/loaders/ParticleEffectLoader.java:61: error: [NullAway] (INDEX= 1451) (Covered) @NonNull field ParticleEffectLoader$ParticleEffectParameter.atlasFile not initialized
		public String atlasFile;
		              ^
    (see http://t.uber.com/nullaway )
/Users/nima/Developer/NullAwayFixer/Projects/libgdx/gdx/src/com/badlogic/gdx/assets/loaders/ParticleEffectLoader.java:63: error: [NullAway] (INDEX= 1452) (Covered) @NonNull field ParticleEffectLoader$ParticleEffectParameter.atlasPrefix not initialized
		public String atlasPrefix;
		              ^
    (see http://t.uber.com/nullaway )
/Users/nima/Developer/NullAwayFixer/Projects/libgdx/gdx/src/com/badlogic/gdx/assets/loaders/ParticleEffectLoader.java:65: error: [NullAway] (INDEX= 1453) (Covered) @NonNull field ParticleEffectLoader$ParticleEffectParameter.imagesDir not initialized
		public FileHandle imagesDir;
		                  ^
    (see http://t.uber.com/nullaway )
/Users/nima/Developer/NullAwayFixer/Projects/libgdx/gdx/src/com/badlogic/gdx/assets/loaders/ShaderProgramLoader.java:54: error: [NullAway] (INDEX= 1454) (Covered) returning @Nullable expression from method with @NonNull return type
		return null;
		^
    (see http://t.uber.com/nullaway )
/Users/nima/Developer/NullAwayFixer/Projects/libgdx/gdx/src/com/badlogic/gdx/assets/loaders/ShaderProgramLoader.java:94: error: [NullAway] (INDEX= 1455) (Covered) @NonNull field ShaderProgramLoader$ShaderProgramParameter.vertexFile not initialized
		public String vertexFile;
		              ^
    (see http://t.uber.com/nullaway )
/Users/nima/Developer/NullAwayFixer/Projects/libgdx/gdx/src/com/badlogic/gdx/assets/loaders/ShaderProgramLoader.java:97: error: [NullAway] (INDEX= 1456) (Covered) @NonNull field ShaderProgramLoader$ShaderProgramParameter.fragmentFile not initialized
		public String fragmentFile;
		              ^
    (see http://t.uber.com/nullaway )
/Users/nima/Developer/NullAwayFixer/Projects/libgdx/gdx/src/com/badlogic/gdx/assets/loaders/ShaderProgramLoader.java:102: error: [NullAway] (INDEX= 1457) (Covered) @NonNull field ShaderProgramLoader$ShaderProgramParameter.prependVertexCode not initialized
		public String prependVertexCode;
		              ^
    (see http://t.uber.com/nullaway )
/Users/nima/Developer/NullAwayFixer/Projects/libgdx/gdx/src/com/badlogic/gdx/assets/loaders/ShaderProgramLoader.java:105: error: [NullAway] (INDEX= 1458) (Covered) @NonNull field ShaderProgramLoader$ShaderProgramParameter.prependFragmentCode not initialized
		public String prependFragmentCode;
		              ^
    (see http://t.uber.com/nullaway )
/Users/nima/Developer/NullAwayFixer/Projects/libgdx/gdx/src/com/badlogic/gdx/assets/loaders/PixmapLoader.java:29: error: [NullAway] (INDEX= 1459) (Covered) initializer method does not guarantee @NonNull field pixmap (line 33) is initialized along all control-flow paths (remember to check for exceptions or early returns).
	public PixmapLoader (FileHandleResolver resolver) {
	       ^
    (see http://t.uber.com/nullaway )
/Users/nima/Developer/NullAwayFixer/Projects/libgdx/gdx/src/com/badlogic/gdx/assets/loaders/PixmapLoader.java:37: error: [NullAway] (INDEX= 1460) (Covered) assigning @Nullable expression to @NonNull field
		pixmap = null;
		       ^
    (see http://t.uber.com/nullaway )
/Users/nima/Developer/NullAwayFixer/Projects/libgdx/gdx/src/com/badlogic/gdx/assets/loaders/PixmapLoader.java:44: error: [NullAway] (INDEX= 1461) (Covered) assigning @Nullable expression to @NonNull field
		this.pixmap = null;
		            ^
    (see http://t.uber.com/nullaway )
/Users/nima/Developer/NullAwayFixer/Projects/libgdx/gdx/src/com/badlogic/gdx/assets/loaders/PixmapLoader.java:50: error: [NullAway] (INDEX= 1462) (Covered) returning @Nullable expression from method with @NonNull return type
		return null;
		^
    (see http://t.uber.com/nullaway )
/Users/nima/Developer/NullAwayFixer/Projects/libgdx/gdx/src/com/badlogic/gdx/assets/loaders/MusicLoader.java:33: error: [NullAway] (INDEX= 1463) (Covered) initializer method does not guarantee @NonNull field music (line 31) is initialized along all control-flow paths (remember to check for exceptions or early returns).
	public MusicLoader (FileHandleResolver resolver) {
	       ^
    (see http://t.uber.com/nullaway )
/Users/nima/Developer/NullAwayFixer/Projects/libgdx/gdx/src/com/badlogic/gdx/assets/loaders/MusicLoader.java:54: error: [NullAway] (INDEX= 1464) (Covered) assigning @Nullable expression to @NonNull field
		this.music = null;
		           ^
    (see http://t.uber.com/nullaway )
/Users/nima/Developer/NullAwayFixer/Projects/libgdx/gdx/src/com/badlogic/gdx/assets/loaders/MusicLoader.java:60: error: [NullAway] (INDEX= 1465) (Covered) returning @Nullable expression from method with @NonNull return type
		return null;
		^
    (see http://t.uber.com/nullaway )
/Users/nima/Developer/NullAwayFixer/Projects/libgdx/gdx/src/com/badlogic/gdx/assets/loaders/I18NBundleLoader.java:47: error: [NullAway] (INDEX= 1466) (Covered) initializer method does not guarantee @NonNull field bundle (line 51) is initialized along all control-flow paths (remember to check for exceptions or early returns).
	public I18NBundleLoader (FileHandleResolver resolver) {
	       ^
    (see http://t.uber.com/nullaway )
/Users/nima/Developer/NullAwayFixer/Projects/libgdx/gdx/src/com/badlogic/gdx/assets/loaders/I18NBundleLoader.java:55: error: [NullAway] (INDEX= 1467) (Covered) assigning @Nullable expression to @NonNull field
		this.bundle = null;
		            ^
    (see http://t.uber.com/nullaway )
/Users/nima/Developer/NullAwayFixer/Projects/libgdx/gdx/src/com/badlogic/gdx/assets/loaders/I18NBundleLoader.java:75: error: [NullAway] (INDEX= 1468) (Covered) assigning @Nullable expression to @NonNull field
		this.bundle = null;
		            ^
    (see http://t.uber.com/nullaway )
/Users/nima/Developer/NullAwayFixer/Projects/libgdx/gdx/src/com/badlogic/gdx/assets/loaders/I18NBundleLoader.java:81: error: [NullAway] (INDEX= 1469) (Covered) returning @Nullable expression from method with @NonNull return type
		return null;
		^
    (see http://t.uber.com/nullaway )
/Users/nima/Developer/NullAwayFixer/Projects/libgdx/gdx/src/com/badlogic/gdx/assets/loaders/I18NBundleLoader.java:89: error: [NullAway] (INDEX= 1470) (Covered) passing @Nullable parameter 'null' where @NonNull is required
			this(null, null);
			     ^
    (see http://t.uber.com/nullaway )
/Users/nima/Developer/NullAwayFixer/Projects/libgdx/gdx/src/com/badlogic/gdx/assets/loaders/I18NBundleLoader.java:89: error: [NullAway] (INDEX= 1471) (Covered) passing @Nullable parameter 'null' where @NonNull is required
			this(null, null);
			           ^
    (see http://t.uber.com/nullaway )
/Users/nima/Developer/NullAwayFixer/Projects/libgdx/gdx/src/com/badlogic/gdx/assets/loaders/I18NBundleLoader.java:93: error: [NullAway] (INDEX= 1472) (Covered) passing @Nullable parameter 'null' where @NonNull is required
			this(locale, null);
			             ^
    (see http://t.uber.com/nullaway )
/Users/nima/Developer/NullAwayFixer/Projects/libgdx/gdx/src/com/badlogic/gdx/assets/loaders/BitmapFontLoader.java:40: error: [NullAway] (INDEX= 1473) (Covered) initializer method does not guarantee @NonNull field data (line 44) is initialized along all control-flow paths (remember to check for exceptions or early returns).
	public BitmapFontLoader (FileHandleResolver resolver) {
	       ^
    (see http://t.uber.com/nullaway )
/Users/nima/Developer/NullAwayFixer/Projects/libgdx/gdx/src/com/badlogic/gdx/assets/loaders/BitmapFontLoader.java:120: error: [NullAway] (INDEX= 1474) (Covered) assigning @Nullable expression to @NonNull field
		public BitmapFontData bitmapFontData = null;
		                      ^
    (see http://t.uber.com/nullaway )
/Users/nima/Developer/NullAwayFixer/Projects/libgdx/gdx/src/com/badlogic/gdx/assets/loaders/BitmapFontLoader.java:124: error: [NullAway] (INDEX= 1475) (Covered) assigning @Nullable expression to @NonNull field
		public String atlasName = null;
		              ^
    (see http://t.uber.com/nullaway )
Note: Some input files use or override a deprecated API.
Note: Recompile with -Xlint:deprecation for details.
Note: Some input files use unchecked or unsafe operations.
Note: Recompile with -Xlint:unchecked for details.
1476 errors
1 warning

FAILURE: Build failed with an exception.

* What went wrong:
Execution failed for task ':gdx:compileJava'.
> Compilation failed; see the compiler error output for details.

* Try:
Run with --stacktrace option to get the stack trace. Run with --info or --debug option to get more log output. Run with --scan to get full insights.

* Get more help at https://help.gradle.org

BUILD FAILED in 7s
